Output: mysql_measurements_5000k.jsonl
Datasets: ['phys05', 'phys095', 'phys10']  rows=5000000
Already measured: 0
Server: 10.4.28-MariaDB  buffer_pool=134217728

=== dataset phys05 ===
  generated in 8.6s
  loaded in 49.5s
  34 queries
    none                 eq_v902                seqscan      (ALL        )   2048.40 ms est=       500 act=       515
    none                 eq_v1138               seqscan      (ALL        )   2047.40 ms est=       500 act=       485
    none                 eq_v1346               seqscan      (ALL        )   2046.50 ms est=       505 act=       475
    none                 eq_v1457               seqscan      (ALL        )   2058.65 ms est=       495 act=       420
    none                 eq_v2642               seqscan      (ALL        )   2073.85 ms est=       500 act=       495
    none                 eq_v4944               seqscan      (ALL        )   2076.65 ms est=       500 act=       585
    none                 eq_v8910               seqscan      (ALL        )   2043.20 ms est=       500 act=       505
    none                 eq_v8954               seqscan      (ALL        )   2048.00 ms est=       500 act=       525
    none                 range_1e-05            seqscan      (ALL        )   2089.85 ms est=       495 act=       420
    none                 tsrange_1e-05          seqscan      (ALL        )   2051.90 ms est=     39060 act=        50
    none                 range_0.0001           seqscan      (ALL        )   2051.65 ms est=       500 act=       500
    none                 tsrange_0.0001         seqscan      (ALL        )   2052.55 ms est=     39060 act=       500
    none                 range_0.001            seqscan      (ALL        )   2066.30 ms est=     39060 act=      5000
    none                 tsrange_0.001          seqscan      (ALL        )   2059.60 ms est=     39060 act=      5000
    none                 range_0.01             seqscan      (ALL        )   2060.30 ms est=     78125 act=     50000
    none                 tsrange_0.01           seqscan      (ALL        )   2064.70 ms est=     78125 act=     50000
    none                 range_0.05             seqscan      (ALL        )   2066.80 ms est=    273440 act=    250000
    none                 tsrange_0.05           seqscan      (ALL        )   2097.45 ms est=    273440 act=    250000
    none                 range_0.1              seqscan      (ALL        )   2101.15 ms est=    546900 act=    500000
    none                 tsrange_0.1            seqscan      (ALL        )   2071.55 ms est=    507800 act=    500000
    none                 range_0.2              seqscan      (ALL        )   2133.55 ms est=   1054700 act=   1000000
    none                 tsrange_0.2            seqscan      (ALL        )   2112.10 ms est=   1015600 act=   1000000
    none                 range_0.5              seqscan      (ALL        )   2179.95 ms est=   2539050 act=   2500000
    none                 tsrange_0.5            seqscan      (ALL        )   2161.75 ms est=   2500000 act=   2500000
    none                 conj_dep_a48           seqscan      (ALL        )   2100.50 ms est=       300 act=       520
    none                 conj_indep_a48         seqscan      (ALL        )   2088.55 ms est=       300 act=       540
    none                 conj_dep_a73           seqscan      (ALL        )   2085.95 ms est=       300 act=       505
    none                 conj_indep_a73         seqscan      (ALL        )   2081.40 ms est=       300 act=       490
    none                 conj_dep_a79           seqscan      (ALL        )   2075.65 ms est=       300 act=       540
    none                 conj_indep_a79         seqscan      (ALL        )   2081.15 ms est=       300 act=       515
    none                 conj_dep_a81           seqscan      (ALL        )   2085.55 ms est=       605 act=       480
    none                 conj_indep_a81         seqscan      (ALL        )   2067.05 ms est=       605 act=       495
    none                 conj_dep_a83           seqscan      (ALL        )   2067.85 ms est=       300 act=       495
    none                 conj_indep_a83         seqscan      (ALL        )   2063.00 ms est=       300 act=       495
    btree_skew           eq_v902                indexscan    (ref        )      0.71 ms est=       513 act=       513
    btree_skew           eq_v1138               indexscan    (ref        )      0.73 ms est=       487 act=       487
    btree_skew           eq_v1346               indexscan    (ref        )      0.68 ms est=       476 act=       476
    btree_skew           eq_v1457               indexscan    (ref        )      0.58 ms est=       418 act=       418
    btree_skew           eq_v2642               indexscan    (ref        )      0.70 ms est=       496 act=       496
    btree_skew           eq_v4944               indexscan    (ref        )      0.87 ms est=       584 act=       584
    btree_skew           eq_v8910               indexscan    (ref        )      0.84 ms est=       504 act=       504
    btree_skew           eq_v8954               indexscan    (ref        )      0.75 ms est=       524 act=       524
    btree_skew           range_1e-05            indexscan    (ref        )      0.47 ms est=       418 act=       418
    btree_skew           range_0.0001           indexscan    (ref        )      0.80 ms est=       500 act=       500
    btree_skew           range_0.001            indexscan    (range      )    846.21 ms est=      5000 act=      5000
    btree_skew           range_0.01             indexscan    (range      )   8123.35 ms est=     95644 act=     50000
    btree_skew           range_0.05             indexscan    (range      )  40652.50 ms est=    476332 act=    250000
    btree_skew           range_0.1              seqscan      (ALL        )   2131.05 ms est=   1007500 act=    500000
    btree_skew           range_0.2              seqscan      (ALL        )   2156.80 ms est=   2036950 act=   1000000
    btree_skew           range_0.5              seqscan      (ALL        )   2180.70 ms est=   2420200 act=   2500000
    btree_a_b_separate   conj_dep_a48           bitmapscan   (index_merge)     22.60 ms est=      2100 act=       518
    btree_a_b_separate   conj_indep_a48         bitmapscan   (index_merge)     22.53 ms est=      1857 act=       538
    btree_a_b_separate   conj_dep_a73           bitmapscan   (index_merge)     22.93 ms est=      2004 act=       503
    btree_a_b_separate   conj_indep_a73         bitmapscan   (index_merge)     22.88 ms est=      1859 act=       490
    btree_a_b_separate   conj_dep_a79           bitmapscan   (index_merge)     22.52 ms est=      1883 act=       538
    btree_a_b_separate   conj_indep_a79         bitmapscan   (index_merge)     23.32 ms est=      1916 act=       514
    btree_a_b_separate   conj_dep_a81           bitmapscan   (index_merge)     22.79 ms est=      1839 act=       479
    btree_a_b_separate   conj_indep_a81         bitmapscan   (index_merge)     23.21 ms est=      1942 act=       493
    btree_a_b_separate   conj_dep_a83           bitmapscan   (index_merge)     22.55 ms est=      1993 act=       497
    btree_a_b_separate   conj_indep_a83         bitmapscan   (index_merge)     22.71 ms est=      2018 act=       497
    btree_ab_composite   conj_dep_a48           indexscan    (ref        )      0.82 ms est=       518 act=       518
    btree_ab_composite   conj_indep_a48         indexscan    (ref        )      0.74 ms est=       538 act=       538
    btree_ab_composite   conj_dep_a73           indexscan    (ref        )      0.75 ms est=       503 act=       503
    btree_ab_composite   conj_indep_a73         indexscan    (ref        )      0.70 ms est=       490 act=       490
    btree_ab_composite   conj_dep_a79           indexscan    (ref        )      0.78 ms est=       538 act=       538
    btree_ab_composite   conj_indep_a79         indexscan    (ref        )      0.84 ms est=       514 act=       514
    btree_ab_composite   conj_dep_a81           indexscan    (ref        )      0.73 ms est=       479 act=       479
    btree_ab_composite   conj_indep_a81         indexscan    (ref        )      0.79 ms est=       493 act=       493
    btree_ab_composite   conj_dep_a83           indexscan    (ref        )      0.71 ms est=       497 act=       497
    btree_ab_composite   conj_indep_a83         indexscan    (ref        )      0.72 ms est=       497 act=       497
    btree_ts             tsrange_1e-05          indexscan    (range      )      0.07 ms est=        50 act=        50
    btree_ts             tsrange_0.0001         indexscan    (range      )      0.60 ms est=       500 act=       500
    btree_ts             tsrange_0.001          indexscan    (range      )      6.87 ms est=      5000 act=      5000
    btree_ts             tsrange_0.01           indexscan    (range      )   4141.50 ms est=     98518 act=     50000
    btree_ts             tsrange_0.05           indexscan    (range      )  21364.00 ms est=    504054 act=    250000
    btree_ts             tsrange_0.1            seqscan      (ALL        )   2230.55 ms est=   1021750 act=    500000
    btree_ts             tsrange_0.2            seqscan      (ALL        )   2243.95 ms est=   2093200 act=   1000000
    btree_ts             tsrange_0.5            seqscan      (ALL        )   2275.75 ms est=   2420200 act=   2500000
    all_no_brin          eq_v902                indexscan    (ref        )      0.73 ms est=       513 act=       513
    all_no_brin          eq_v1138               indexscan    (ref        )      0.69 ms est=       487 act=       487
    all_no_brin          eq_v1346               indexscan    (ref        )      0.71 ms est=       476 act=       476
    all_no_brin          eq_v1457               indexscan    (ref        )      0.65 ms est=       418 act=       418
    all_no_brin          eq_v2642               indexscan    (ref        )      0.71 ms est=       496 act=       496
    all_no_brin          eq_v4944               indexscan    (ref        )      0.83 ms est=       584 act=       584
    all_no_brin          eq_v8910               indexscan    (ref        )      0.83 ms est=       504 act=       504
    all_no_brin          eq_v8954               indexscan    (ref        )      0.76 ms est=       524 act=       524
    all_no_brin          range_1e-05            indexscan    (ref        )      0.53 ms est=       418 act=       418
    all_no_brin          tsrange_1e-05          indexscan    (range      )      0.09 ms est=        50 act=        50
    all_no_brin          range_0.0001           indexscan    (ref        )      0.84 ms est=       500 act=       500
    all_no_brin          tsrange_0.0001         indexscan    (range      )      0.66 ms est=       500 act=       500
    all_no_brin          range_0.001            indexscan    (range      )    844.03 ms est=      5000 act=      5000
    all_no_brin          tsrange_0.001          indexscan    (range      )      7.75 ms est=      5000 act=      5000
    all_no_brin          range_0.01             indexscan    (range      )   9942.35 ms est=     95644 act=     50000
    all_no_brin          tsrange_0.01           indexscan    (range      )   5342.15 ms est=     98518 act=     50000
    all_no_brin          range_0.05             indexscan    (range      )  51673.00 ms est=    476332 act=    250000
    all_no_brin          tsrange_0.05           indexscan    (range      )  26884.50 ms est=    504054 act=    250000
    all_no_brin          range_0.1              seqscan      (ALL        )   2243.40 ms est=   1007500 act=    500000
    all_no_brin          tsrange_0.1            seqscan      (ALL        )   2232.60 ms est=   1021750 act=    500000
    all_no_brin          range_0.2              seqscan      (ALL        )   2260.40 ms est=   2036950 act=   1000000
    all_no_brin          tsrange_0.2            seqscan      (ALL        )   2247.20 ms est=   2093200 act=   1000000
    all_no_brin          range_0.5              seqscan      (ALL        )   2286.10 ms est=   2420200 act=   2500000
    all_no_brin          tsrange_0.5            seqscan      (ALL        )   2274.45 ms est=   2420200 act=   2500000
    all_no_brin          conj_dep_a48           indexscan    (ref        )      0.87 ms est=       518 act=       518
    all_no_brin          conj_indep_a48         indexscan    (ref        )      0.99 ms est=       538 act=       538
    all_no_brin          conj_dep_a73           indexscan    (ref        )      0.80 ms est=       503 act=       503
    all_no_brin          conj_indep_a73         indexscan    (ref        )      1.64 ms est=       490 act=       490
    all_no_brin          conj_dep_a79           indexscan    (ref        )      0.91 ms est=       538 act=       538
    all_no_brin          conj_indep_a79         indexscan    (ref        )      1.13 ms est=       514 act=       514
    all_no_brin          conj_dep_a81           indexscan    (ref        )      0.88 ms est=       479 act=       479
    all_no_brin          conj_indep_a81         indexscan    (ref        )      1.76 ms est=       493 act=       493
    all_no_brin          conj_dep_a83           indexscan    (ref        )      0.90 ms est=       497 act=       497
    all_no_brin          conj_indep_a83         indexscan    (ref        )      0.81 ms est=       497 act=       497
  112 new measurements

=== dataset phys095 ===
  generated in 7.8s
  loaded in 44.4s
  34 queries
    none                 eq_v902                seqscan      (ALL        )   1950.45 ms est=       500 act=       515
    none                 eq_v1138               seqscan      (ALL        )   1956.60 ms est=       500 act=       485
    none                 eq_v1346               seqscan      (ALL        )   1955.30 ms est=       505 act=       475
    none                 eq_v1457               seqscan      (ALL        )   1962.60 ms est=       495 act=       420
    none                 eq_v2642               seqscan      (ALL        )   1972.80 ms est=       500 act=       495
    none                 eq_v4944               seqscan      (ALL        )   1993.30 ms est=       500 act=       585
    none                 eq_v8910               seqscan      (ALL        )   1957.50 ms est=       500 act=       505
    none                 eq_v8954               seqscan      (ALL        )   1953.95 ms est=       500 act=       525
    none                 range_1e-05            seqscan      (ALL        )   1992.20 ms est=       495 act=       420
    none                 tsrange_1e-05          seqscan      (ALL        )   1967.90 ms est=     39060 act=        50
    none                 range_0.0001           seqscan      (ALL        )   2023.10 ms est=       500 act=       500
    none                 tsrange_0.0001         seqscan      (ALL        )   1978.20 ms est=     39060 act=       500
    none                 range_0.001            seqscan      (ALL        )   1976.40 ms est=     39060 act=      5000
    none                 tsrange_0.001          seqscan      (ALL        )   1975.75 ms est=     39060 act=      5000
    none                 range_0.01             seqscan      (ALL        )   1974.55 ms est=     78125 act=     50000
    none                 tsrange_0.01           seqscan      (ALL        )   1976.45 ms est=     78125 act=     50000
    none                 range_0.05             seqscan      (ALL        )   1990.50 ms est=    273440 act=    250000
    none                 tsrange_0.05           seqscan      (ALL        )   1978.05 ms est=    273440 act=    250000
    none                 range_0.1              seqscan      (ALL        )   2018.70 ms est=    546900 act=    500000
    none                 tsrange_0.1            seqscan      (ALL        )   1996.35 ms est=    507800 act=    500000
    none                 range_0.2              seqscan      (ALL        )   2045.55 ms est=   1054700 act=   1000000
    none                 tsrange_0.2            seqscan      (ALL        )   2005.15 ms est=   1015600 act=   1000000
    none                 range_0.5              seqscan      (ALL        )   2107.95 ms est=   2539050 act=   2500000
    none                 tsrange_0.5            seqscan      (ALL        )   2056.40 ms est=   2500000 act=   2500000
    none                 conj_dep_a48           seqscan      (ALL        )   2012.60 ms est=       300 act=       520
    none                 conj_indep_a48         seqscan      (ALL        )   2018.00 ms est=       300 act=       540
    none                 conj_dep_a73           seqscan      (ALL        )   1992.70 ms est=       300 act=       505
    none                 conj_indep_a73         seqscan      (ALL        )   2001.85 ms est=       300 act=       490
    none                 conj_dep_a79           seqscan      (ALL        )   1998.10 ms est=       300 act=       540
    none                 conj_indep_a79         seqscan      (ALL        )   1992.45 ms est=       300 act=       515
    none                 conj_dep_a81           seqscan      (ALL        )   1982.50 ms est=       605 act=       480
    none                 conj_indep_a81         seqscan      (ALL        )   1985.00 ms est=       605 act=       495
    none                 conj_dep_a83           seqscan      (ALL        )   1999.30 ms est=       300 act=       495
    none                 conj_indep_a83         seqscan      (ALL        )   1988.40 ms est=       300 act=       495
    btree_skew           eq_v902                indexscan    (ref        )      1.05 ms est=       513 act=       513
    btree_skew           eq_v1138               indexscan    (ref        )      0.74 ms est=       487 act=       487
    btree_skew           eq_v1346               indexscan    (ref        )      0.68 ms est=       476 act=       476
    btree_skew           eq_v1457               indexscan    (ref        )      0.85 ms est=       418 act=       418
    btree_skew           eq_v2642               indexscan    (ref        )      1.77 ms est=       496 act=       496
    btree_skew           eq_v4944               indexscan    (ref        )      0.89 ms est=       584 act=       584
    btree_skew           eq_v8910               indexscan    (ref        )      0.91 ms est=       504 act=       504
    btree_skew           eq_v8954               indexscan    (ref        )      0.98 ms est=       524 act=       524
    btree_skew           range_1e-05            indexscan    (ref        )      0.51 ms est=       418 act=       418
    btree_skew           range_0.0001           indexscan    (ref        )      1.07 ms est=       500 act=       500
    btree_skew           range_0.001            indexscan    (range      )    980.33 ms est=      5000 act=      5000
    btree_skew           range_0.01             indexscan    (range      )   9500.00 ms est=     95644 act=     50000
    btree_skew           range_0.05             indexscan    (range      )  47085.00 ms est=    476332 act=    250000
    btree_skew           range_0.1              seqscan      (ALL        )   2254.90 ms est=   1007500 act=    500000
    btree_skew           range_0.2              seqscan      (ALL        )   2278.95 ms est=   2036950 act=   1000000
    btree_skew           range_0.5              seqscan      (ALL        )   2302.70 ms est=   2420200 act=   2500000
    btree_a_b_separate   conj_dep_a48           bitmapscan   (index_merge)     23.17 ms est=      2100 act=       518
    btree_a_b_separate   conj_indep_a48         bitmapscan   (index_merge)     22.93 ms est=      1857 act=       538
    btree_a_b_separate   conj_dep_a73           bitmapscan   (index_merge)     23.10 ms est=      2004 act=       503
    btree_a_b_separate   conj_indep_a73         bitmapscan   (index_merge)     23.33 ms est=      1859 act=       490
    btree_a_b_separate   conj_dep_a79           bitmapscan   (index_merge)     22.51 ms est=      1883 act=       538
    btree_a_b_separate   conj_indep_a79         bitmapscan   (index_merge)     23.15 ms est=      1916 act=       514
    btree_a_b_separate   conj_dep_a81           bitmapscan   (index_merge)     24.31 ms est=      1839 act=       479
    btree_a_b_separate   conj_indep_a81         bitmapscan   (index_merge)     22.96 ms est=      1942 act=       493
    btree_a_b_separate   conj_dep_a83           bitmapscan   (index_merge)     22.42 ms est=      1993 act=       497
    btree_a_b_separate   conj_indep_a83         bitmapscan   (index_merge)     22.43 ms est=      2018 act=       497
    btree_ab_composite   conj_dep_a48           indexscan    (ref        )      1.21 ms est=       518 act=       518
    btree_ab_composite   conj_indep_a48         indexscan    (ref        )      0.95 ms est=       538 act=       538
    btree_ab_composite   conj_dep_a73           indexscan    (ref        )      0.94 ms est=       503 act=       503
    btree_ab_composite   conj_indep_a73         indexscan    (ref        )      0.95 ms est=       490 act=       490
    btree_ab_composite   conj_dep_a79           indexscan    (ref        )      0.89 ms est=       538 act=       538
    btree_ab_composite   conj_indep_a79         indexscan    (ref        )      0.74 ms est=       514 act=       514
    btree_ab_composite   conj_dep_a81           indexscan    (ref        )      1.06 ms est=       479 act=       479
    btree_ab_composite   conj_indep_a81         indexscan    (ref        )      0.76 ms est=       493 act=       493
    btree_ab_composite   conj_dep_a83           indexscan    (ref        )      0.86 ms est=       497 act=       497
    btree_ab_composite   conj_indep_a83         indexscan    (ref        )      0.76 ms est=       497 act=       497
    btree_ts             tsrange_1e-05          indexscan    (range      )      0.04 ms est=        50 act=        50
    btree_ts             tsrange_0.0001         indexscan    (range      )      0.33 ms est=       500 act=       500
    btree_ts             tsrange_0.001          indexscan    (range      )      3.32 ms est=      5000 act=      5000
    btree_ts             tsrange_0.01           indexscan    (range      )     34.28 ms est=     98518 act=     50000
    btree_ts             tsrange_0.05           indexscan    (range      )   2310.15 ms est=    504054 act=    250000
    btree_ts             tsrange_0.1            seqscan      (ALL        )   2055.95 ms est=   1021750 act=    500000
    btree_ts             tsrange_0.2            seqscan      (ALL        )   2067.10 ms est=   2093200 act=   1000000
    btree_ts             tsrange_0.5            seqscan      (ALL        )   2102.90 ms est=   2420200 act=   2500000
    all_no_brin          eq_v902                indexscan    (ref        )      1.10 ms est=       513 act=       513
    all_no_brin          eq_v1138               indexscan    (ref        )      1.07 ms est=       487 act=       487
    all_no_brin          eq_v1346               indexscan    (ref        )      0.89 ms est=       476 act=       476
    all_no_brin          eq_v1457               indexscan    (ref        )      0.77 ms est=       418 act=       418
    all_no_brin          eq_v2642               indexscan    (ref        )      0.80 ms est=       496 act=       496
    all_no_brin          eq_v4944               indexscan    (ref        )      1.02 ms est=       584 act=       584
    all_no_brin          eq_v8910               indexscan    (ref        )      1.34 ms est=       504 act=       504
    all_no_brin          eq_v8954               indexscan    (ref        )      1.03 ms est=       524 act=       524
    all_no_brin          range_1e-05            indexscan    (ref        )      0.55 ms est=       418 act=       418
    all_no_brin          tsrange_1e-05          indexscan    (range      )      0.04 ms est=        50 act=        50
    all_no_brin          range_0.0001           indexscan    (ref        )      0.97 ms est=       500 act=       500
    all_no_brin          tsrange_0.0001         indexscan    (range      )      0.36 ms est=       500 act=       500
    all_no_brin          range_0.001            indexscan    (range      )    984.28 ms est=      5000 act=      5000
    all_no_brin          tsrange_0.001          indexscan    (range      )      3.43 ms est=      5000 act=      5000
    all_no_brin          range_0.01             indexscan    (range      )   9628.40 ms est=     95644 act=     50000
    all_no_brin          tsrange_0.01           indexscan    (range      )     47.31 ms est=     98518 act=     50000
    all_no_brin          range_0.05             indexscan    (range      )  48999.50 ms est=    476332 act=    250000
    all_no_brin          tsrange_0.05           indexscan    (range      )   2637.30 ms est=    504054 act=    250000
    all_no_brin          range_0.1              seqscan      (ALL        )   2178.25 ms est=   1007500 act=    500000
    all_no_brin          tsrange_0.1            seqscan      (ALL        )   2167.25 ms est=   1021750 act=    500000
    all_no_brin          range_0.2              seqscan      (ALL        )   2195.90 ms est=   2036950 act=   1000000
    all_no_brin          tsrange_0.2            seqscan      (ALL        )   2177.00 ms est=   2093200 act=   1000000
    all_no_brin          range_0.5              seqscan      (ALL        )   2220.30 ms est=   2420200 act=   2500000
    all_no_brin          tsrange_0.5            seqscan      (ALL        )   2199.65 ms est=   2420200 act=   2500000
    all_no_brin          conj_dep_a48           indexscan    (ref        )      0.97 ms est=       518 act=       518
    all_no_brin          conj_indep_a48         indexscan    (ref        )      1.58 ms est=       538 act=       538
    all_no_brin          conj_dep_a73           indexscan    (ref        )      0.78 ms est=       503 act=       503
    all_no_brin          conj_indep_a73         indexscan    (ref        )      0.79 ms est=       490 act=       490
    all_no_brin          conj_dep_a79           indexscan    (ref        )      0.88 ms est=       538 act=       538
    all_no_brin          conj_indep_a79         indexscan    (ref        )      0.92 ms est=       514 act=       514
    all_no_brin          conj_dep_a81           indexscan    (ref        )      0.93 ms est=       479 act=       479
    all_no_brin          conj_indep_a81         indexscan    (ref        )      0.96 ms est=       493 act=       493
    all_no_brin          conj_dep_a83           indexscan    (ref        )      0.78 ms est=       497 act=       497
    all_no_brin          conj_indep_a83         indexscan    (ref        )      0.84 ms est=       497 act=       497
  112 new measurements

=== dataset phys10 ===
  generated in 7.7s
  loaded in 39.8s
  34 queries
    none                 eq_v902                seqscan      (ALL        )   2008.55 ms est=       500 act=       515
    none                 eq_v1138               seqscan      (ALL        )   2006.40 ms est=       500 act=       485
    none                 eq_v1346               seqscan      (ALL        )   2008.65 ms est=       505 act=       475
    none                 eq_v1457               seqscan      (ALL        )   2011.85 ms est=       495 act=       420
    none                 eq_v2642               seqscan      (ALL        )   2021.45 ms est=       500 act=       495
    none                 eq_v4944               seqscan      (ALL        )   2033.95 ms est=       500 act=       585
    none                 eq_v8910               seqscan      (ALL        )   2007.10 ms est=       500 act=       505
    none                 eq_v8954               seqscan      (ALL        )   2009.50 ms est=       500 act=       525
    none                 range_1e-05            seqscan      (ALL        )   2029.10 ms est=       495 act=       420
    none                 tsrange_1e-05          seqscan      (ALL        )   2012.55 ms est=     39060 act=        50
    none                 range_0.0001           seqscan      (ALL        )   2024.65 ms est=       500 act=       500
    none                 tsrange_0.0001         seqscan      (ALL        )   2009.50 ms est=     39060 act=       500
    none                 range_0.001            seqscan      (ALL        )   2014.05 ms est=     39060 act=      5000
    none                 tsrange_0.001          seqscan      (ALL        )   2015.65 ms est=     39060 act=      5000
    none                 range_0.01             seqscan      (ALL        )   2014.65 ms est=     78125 act=     50000
    none                 tsrange_0.01           seqscan      (ALL        )   2019.30 ms est=     78125 act=     50000
    none                 range_0.05             seqscan      (ALL        )   2034.10 ms est=    273440 act=    250000
    none                 tsrange_0.05           seqscan      (ALL        )   2019.20 ms est=    273440 act=    250000
    none                 range_0.1              seqscan      (ALL        )   2049.40 ms est=    546900 act=    500000
    none                 tsrange_0.1            seqscan      (ALL        )   2029.05 ms est=    507800 act=    500000
    none                 range_0.2              seqscan      (ALL        )   2087.30 ms est=   1054700 act=   1000000
    none                 tsrange_0.2            seqscan      (ALL        )   2041.45 ms est=   1015600 act=   1000000
    none                 range_0.5              seqscan      (ALL        )   2140.30 ms est=   2539050 act=   2500000
    none                 tsrange_0.5            seqscan      (ALL        )   2087.20 ms est=   2500000 act=   2500000
    none                 conj_dep_a48           seqscan      (ALL        )   2071.85 ms est=       300 act=       520
    none                 conj_indep_a48         seqscan      (ALL        )   2057.10 ms est=       300 act=       540
    none                 conj_dep_a73           seqscan      (ALL        )   2045.00 ms est=       300 act=       505
    none                 conj_indep_a73         seqscan      (ALL        )   2039.20 ms est=       300 act=       490
    none                 conj_dep_a79           seqscan      (ALL        )   2032.80 ms est=       300 act=       540
    none                 conj_indep_a79         seqscan      (ALL        )   2041.05 ms est=       300 act=       515
    none                 conj_dep_a81           seqscan      (ALL        )   2033.65 ms est=       605 act=       480
    none                 conj_indep_a81         seqscan      (ALL        )   2032.10 ms est=       605 act=       495
    none                 conj_dep_a83           seqscan      (ALL        )   2028.40 ms est=       300 act=       495
    none                 conj_indep_a83         seqscan      (ALL        )   2032.70 ms est=       300 act=       495
    btree_skew           eq_v902                indexscan    (ref        )      0.96 ms est=       513 act=       513
    btree_skew           eq_v1138               indexscan    (ref        )      1.04 ms est=       487 act=       487
    btree_skew           eq_v1346               indexscan    (ref        )      0.91 ms est=       476 act=       476
    btree_skew           eq_v1457               indexscan    (ref        )      1.40 ms est=       418 act=       418
    btree_skew           eq_v2642               indexscan    (ref        )      0.92 ms est=       496 act=       496
    btree_skew           eq_v4944               indexscan    (ref        )      1.29 ms est=       584 act=       584
    btree_skew           eq_v8910               indexscan    (ref        )      0.97 ms est=       504 act=       504
    btree_skew           eq_v8954               indexscan    (ref        )      0.80 ms est=       524 act=       524
    btree_skew           range_1e-05            indexscan    (ref        )      0.54 ms est=       418 act=       418
    btree_skew           range_0.0001           indexscan    (ref        )      0.75 ms est=       500 act=       500
    btree_skew           range_0.001            indexscan    (range      )   1100.90 ms est=      5000 act=      5000
    btree_skew           range_0.01             indexscan    (range      )  10831.50 ms est=     95644 act=     50000
    btree_skew           range_0.05             indexscan    (range      )  54164.00 ms est=    476332 act=    250000
    btree_skew           range_0.1              seqscan      (ALL        )   2188.70 ms est=   1007500 act=    500000
    btree_skew           range_0.2              seqscan      (ALL        )   2209.10 ms est=   2036950 act=   1000000
    btree_skew           range_0.5              seqscan      (ALL        )   2237.30 ms est=   2420200 act=   2500000
    btree_a_b_separate   conj_dep_a48           bitmapscan   (index_merge)     22.94 ms est=      2100 act=       518
    btree_a_b_separate   conj_indep_a48         bitmapscan   (index_merge)     22.99 ms est=      1857 act=       538
    btree_a_b_separate   conj_dep_a73           bitmapscan   (index_merge)     23.28 ms est=      2004 act=       503
    btree_a_b_separate   conj_indep_a73         bitmapscan   (index_merge)     22.96 ms est=      1859 act=       490
    btree_a_b_separate   conj_dep_a79           bitmapscan   (index_merge)     22.60 ms est=      1883 act=       538
    btree_a_b_separate   conj_indep_a79         bitmapscan   (index_merge)     23.49 ms est=      1916 act=       514
    btree_a_b_separate   conj_dep_a81           bitmapscan   (index_merge)     22.88 ms est=      1839 act=       479
    btree_a_b_separate   conj_indep_a81         bitmapscan   (index_merge)     23.12 ms est=      1942 act=       493
    btree_a_b_separate   conj_dep_a83           bitmapscan   (index_merge)     22.42 ms est=      1993 act=       497
    btree_a_b_separate   conj_indep_a83         bitmapscan   (index_merge)     22.20 ms est=      2018 act=       497
    btree_ab_composite   conj_dep_a48           indexscan    (ref        )      1.47 ms est=       518 act=       518
    btree_ab_composite   conj_indep_a48         indexscan    (ref        )      0.95 ms est=       538 act=       538
    btree_ab_composite   conj_dep_a73           indexscan    (ref        )      1.06 ms est=       503 act=       503
    btree_ab_composite   conj_indep_a73         indexscan    (ref        )      1.41 ms est=       490 act=       490
    btree_ab_composite   conj_dep_a79           indexscan    (ref        )      1.86 ms est=       538 act=       538
    btree_ab_composite   conj_indep_a79         indexscan    (ref        )      0.90 ms est=       514 act=       514
    btree_ab_composite   conj_dep_a81           indexscan    (ref        )      0.72 ms est=       479 act=       479
    btree_ab_composite   conj_indep_a81         indexscan    (ref        )      0.93 ms est=       493 act=       493
    btree_ab_composite   conj_dep_a83           indexscan    (ref        )      1.61 ms est=       497 act=       497
    btree_ab_composite   conj_indep_a83         indexscan    (ref        )      0.75 ms est=       497 act=       497
    btree_ts             tsrange_1e-05          indexscan    (range      )      0.03 ms est=        50 act=        50
    btree_ts             tsrange_0.0001         indexscan    (range      )      0.28 ms est=       500 act=       500
    btree_ts             tsrange_0.001          indexscan    (range      )      2.73 ms est=      5000 act=      5000
    btree_ts             tsrange_0.01           indexscan    (range      )     28.41 ms est=     98518 act=     50000
    btree_ts             tsrange_0.05           indexscan    (range      )    161.34 ms est=    504054 act=    250000
    btree_ts             tsrange_0.1            seqscan      (ALL        )   1741.65 ms est=   1021750 act=    500000
    btree_ts             tsrange_0.2            seqscan      (ALL        )   1767.05 ms est=   2093200 act=   1000000
    btree_ts             tsrange_0.5            seqscan      (ALL        )   1802.90 ms est=   2420200 act=   2500000
    all_no_brin          eq_v902                indexscan    (ref        )      1.61 ms est=       513 act=       513
    all_no_brin          eq_v1138               indexscan    (ref        )      0.90 ms est=       487 act=       487
    all_no_brin          eq_v1346               indexscan    (ref        )      0.71 ms est=       476 act=       476
    all_no_brin          eq_v1457               indexscan    (ref        )      1.06 ms est=       418 act=       418
    all_no_brin          eq_v2642               indexscan    (ref        )      0.93 ms est=       496 act=       496
    all_no_brin          eq_v4944               indexscan    (ref        )      0.91 ms est=       584 act=       584
    all_no_brin          eq_v8910               indexscan    (ref        )      0.79 ms est=       504 act=       504
    all_no_brin          eq_v8954               indexscan    (ref        )      0.90 ms est=       524 act=       524
    all_no_brin          range_1e-05            indexscan    (ref        )      0.50 ms est=       418 act=       418
    all_no_brin          tsrange_1e-05          indexscan    (range      )      0.04 ms est=        50 act=        50
    all_no_brin          range_0.0001           indexscan    (ref        )      0.90 ms est=       500 act=       500
    all_no_brin          tsrange_0.0001         indexscan    (range      )      0.32 ms est=       500 act=       500
    all_no_brin          range_0.001            indexscan    (range      )   1110.25 ms est=      5000 act=      5000
    all_no_brin          tsrange_0.001          indexscan    (range      )      3.03 ms est=      5000 act=      5000
    all_no_brin          range_0.01             indexscan    (range      )  11317.00 ms est=     95644 act=     50000
    all_no_brin          tsrange_0.01           indexscan    (range      )     34.14 ms est=     98518 act=     50000
    all_no_brin          range_0.05             indexscan    (range      )  56516.50 ms est=    476332 act=    250000
    all_no_brin          tsrange_0.05           indexscan    (range      )    201.31 ms est=    504054 act=    250000
    all_no_brin          range_0.1              seqscan      (ALL        )   2180.85 ms est=   1007500 act=    500000
    all_no_brin          tsrange_0.1            seqscan      (ALL        )   2175.00 ms est=   1021750 act=    500000
    all_no_brin          range_0.2              seqscan      (ALL        )   2200.55 ms est=   2036950 act=   1000000
    all_no_brin          tsrange_0.2            seqscan      (ALL        )   2183.00 ms est=   2093200 act=   1000000
    all_no_brin          range_0.5              seqscan      (ALL        )   2230.50 ms est=   2420200 act=   2500000
    all_no_brin          tsrange_0.5            seqscan      (ALL        )   2202.80 ms est=   2420200 act=   2500000
    all_no_brin          conj_dep_a48           indexscan    (ref        )      1.00 ms est=       518 act=       518
    all_no_brin          conj_indep_a48         indexscan    (ref        )      0.95 ms est=       538 act=       538
    all_no_brin          conj_dep_a73           indexscan    (ref        )      1.13 ms est=       503 act=       503
    all_no_brin          conj_indep_a73         indexscan    (ref        )      0.80 ms est=       490 act=       490
    all_no_brin          conj_dep_a79           indexscan    (ref        )      1.31 ms est=       538 act=       538
    all_no_brin          conj_indep_a79         indexscan    (ref        )      0.94 ms est=       514 act=       514
    all_no_brin          conj_dep_a81           indexscan    (ref        )      0.74 ms est=       479 act=       479
    all_no_brin          conj_indep_a81         indexscan    (ref        )      0.87 ms est=       493 act=       493
    all_no_brin          conj_dep_a83           indexscan    (ref        )      0.75 ms est=       497 act=       497
    all_no_brin          conj_indep_a83         indexscan    (ref        )      0.82 ms est=       497 act=       497
  112 new measurements

Done -> G:\codes\Ass\DTMS\research\results\raw\mysql_measurements_5000k.jsonl
