Output: mysql_measurements_10m.jsonl
Datasets: ['baseline', 'skew05', 'skew10', 'skew15', 'dep025', 'dep05', 'dep075', 'dep10', 'phys05', 'phys095', 'phys10']  rows=10000000
Already measured: 0
Server: 10.4.28-MariaDB  buffer_pool=134217728

=== dataset baseline ===
  generated in 17.2s
  loaded in 94.1s
  34 queries
    none                 eq_v133                seqscan      (ALL        )   3767.15 ms est=      1000 act=       990
    none                 eq_v735                seqscan      (ALL        )   3783.35 ms est=      1000 act=      1010
    none                 eq_v1500               seqscan      (ALL        )   3794.45 ms est=      1000 act=       870
    none                 eq_v2926               seqscan      (ALL        )   3826.80 ms est=       990 act=      1020
    none                 eq_v4207               seqscan      (ALL        )   3846.70 ms est=      1000 act=      1030
    none                 eq_v4963               seqscan      (ALL        )   3847.50 ms est=      1000 act=       980
    none                 eq_v7235               seqscan      (ALL        )   3819.45 ms est=      1000 act=      1130
    none                 eq_v8682               seqscan      (ALL        )   3789.45 ms est=      1000 act=       970
    none                 range_1e-05            seqscan      (ALL        )   3843.95 ms est=      1000 act=       870
    none                 tsrange_1e-05          seqscan      (ALL        )   3813.15 ms est=     78120 act=       100
    none                 range_0.0001           seqscan      (ALL        )   3803.90 ms est=      1000 act=      1000
    none                 tsrange_0.0001         seqscan      (ALL        )   3807.45 ms est=     78120 act=      1000
    none                 range_0.001            seqscan      (ALL        )   3818.50 ms est=     78120 act=     10000
    none                 tsrange_0.001          seqscan      (ALL        )   3808.95 ms est=     78120 act=     10000
    none                 range_0.01             seqscan      (ALL        )   3825.50 ms est=    156250 act=    100000
    none                 tsrange_0.01           seqscan      (ALL        )   3818.30 ms est=    156250 act=    100000
    none                 range_0.05             seqscan      (ALL        )   3897.15 ms est=    625000 act=    500000
    none                 tsrange_0.05           seqscan      (ALL        )   3842.60 ms est=    546880 act=    500000
    none                 range_0.1              seqscan      (ALL        )   3893.40 ms est=   1093800 act=   1000000
    none                 tsrange_0.1            seqscan      (ALL        )   3868.80 ms est=   1015600 act=   1000000
    none                 range_0.2              seqscan      (ALL        )   3926.25 ms est=   2109400 act=   2000000
    none                 tsrange_0.2            seqscan      (ALL        )   3913.30 ms est=   2031200 act=   2000000
    none                 range_0.5              seqscan      (ALL        )   4062.25 ms est=   5078100 act=   5000000
    none                 tsrange_0.5            seqscan      (ALL        )   4053.90 ms est=   5000000 act=   5000000
    none                 conj_dep_a18           seqscan      (ALL        )   3846.10 ms est=       600 act=      1000
    none                 conj_indep_a18         seqscan      (ALL        )   3846.25 ms est=      1210 act=       970
    none                 conj_dep_a50           seqscan      (ALL        )   3890.95 ms est=      2440 act=      1090
    none                 conj_indep_a50         seqscan      (ALL        )   3899.20 ms est=      2440 act=      1050
    none                 conj_dep_a67           seqscan      (ALL        )   3917.20 ms est=      1210 act=       990
    none                 conj_indep_a67         seqscan      (ALL        )   3879.10 ms est=      1210 act=      1020
    none                 conj_dep_a71           seqscan      (ALL        )   3864.60 ms est=      1210 act=       930
    none                 conj_indep_a71         seqscan      (ALL        )   3862.40 ms est=      1210 act=      1000
    none                 conj_dep_a85           seqscan      (ALL        )   3839.60 ms est=      1210 act=      1010
    none                 conj_indep_a85         seqscan      (ALL        )   3838.80 ms est=      1210 act=       970
    btree_skew           eq_v133                indexscan    (ref        )      1.47 ms est=       994 act=       994
    btree_skew           eq_v735                indexscan    (ref        )      1.61 ms est=      1006 act=      1006
    btree_skew           eq_v1500               indexscan    (ref        )      1.29 ms est=       867 act=       867
    btree_skew           eq_v2926               indexscan    (ref        )      1.57 ms est=      1018 act=      1018
    btree_skew           eq_v4207               indexscan    (ref        )      1.69 ms est=      1034 act=      1034
    btree_skew           eq_v4963               indexscan    (ref        )      1.48 ms est=       982 act=       982
    btree_skew           eq_v7235               indexscan    (ref        )      1.67 ms est=      1129 act=      1129
    btree_skew           eq_v8682               indexscan    (ref        )      3.21 ms est=       966 act=       966
    btree_skew           range_1e-05            indexscan    (ref        )      1.37 ms est=       867 act=       867
    btree_skew           range_0.0001           indexscan    (ref        )      1.58 ms est=      1000 act=      1000
    btree_skew           range_0.001            indexscan    (range      )   2262.30 ms est=     10000 act=     10000
    btree_skew           range_0.01             indexscan    (range      )  22463.50 ms est=    205276 act=    100000
    btree_skew           range_0.05             indexscan    (range      ) 113342.50 ms est=   1007500 act=    500000
    btree_skew           range_0.1              seqscan      (ALL        )   3985.50 ms est=   2036900 act=   1000000
    btree_skew           range_0.2              seqscan      (ALL        )   4008.30 ms est=   4155400 act=   2000000
    btree_skew           range_0.5              seqscan      (ALL        )   4112.00 ms est=   4965300 act=   5000000
    btree_a_b_separate   conj_dep_a18           bitmapscan   (index_merge)     44.34 ms est=      3927 act=       997
    btree_a_b_separate   conj_indep_a18         bitmapscan   (index_merge)     47.34 ms est=      4226 act=       971
    btree_a_b_separate   conj_dep_a50           bitmapscan   (index_merge)     44.79 ms est=      3881 act=      1085
    btree_a_b_separate   conj_indep_a50         bitmapscan   (index_merge)     47.44 ms est=      4027 act=      1054
    btree_a_b_separate   conj_dep_a67           bitmapscan   (index_merge)     44.27 ms est=      3755 act=       992
    btree_a_b_separate   conj_indep_a67         bitmapscan   (index_merge)     47.01 ms est=      3871 act=      1022
    btree_a_b_separate   conj_dep_a71           bitmapscan   (index_merge)     46.05 ms est=      3846 act=       927
    btree_a_b_separate   conj_indep_a71         bitmapscan   (index_merge)     45.15 ms est=      3958 act=       996
    btree_a_b_separate   conj_dep_a85           bitmapscan   (index_merge)     46.39 ms est=      3427 act=      1009
    btree_a_b_separate   conj_indep_a85         bitmapscan   (index_merge)     47.61 ms est=      3479 act=       973
    btree_ab_composite   conj_dep_a18           indexscan    (ref        )      1.47 ms est=       997 act=       997
    btree_ab_composite   conj_indep_a18         indexscan    (ref        )      1.44 ms est=       971 act=       971
    btree_ab_composite   conj_dep_a50           indexscan    (ref        )      1.80 ms est=      1085 act=      1085
    btree_ab_composite   conj_indep_a50         indexscan    (ref        )      1.64 ms est=      1054 act=      1054
    btree_ab_composite   conj_dep_a67           indexscan    (ref        )      1.50 ms est=       992 act=       992
    btree_ab_composite   conj_indep_a67         indexscan    (ref        )      2.04 ms est=      1022 act=      1022
    btree_ab_composite   conj_dep_a71           indexscan    (ref        )      1.46 ms est=       927 act=       927
    btree_ab_composite   conj_indep_a71         indexscan    (ref        )      1.80 ms est=       996 act=       996
    btree_ab_composite   conj_dep_a85           indexscan    (ref        )      1.50 ms est=      1009 act=      1009
    btree_ab_composite   conj_indep_a85         indexscan    (ref        )      1.46 ms est=       973 act=       973
    btree_ts             tsrange_1e-05          indexscan    (range      )      0.26 ms est=       100 act=       100
    btree_ts             tsrange_0.0001         indexscan    (range      )      1.57 ms est=      1000 act=      1000
    btree_ts             tsrange_0.001          indexscan    (range      )   1993.70 ms est=     18332 act=     10000
    btree_ts             tsrange_0.01           indexscan    (range      )  21399.00 ms est=    199182 act=    100000
    btree_ts             tsrange_0.05           indexscan    (range      ) 108544.50 ms est=   1021774 act=    500000
    btree_ts             tsrange_0.1            seqscan      (ALL        )   3984.15 ms est=   2093200 act=   1000000
    btree_ts             tsrange_0.2            seqscan      (ALL        )   4024.95 ms est=   4380100 act=   2000000
    btree_ts             tsrange_0.5            seqscan      (ALL        )   4138.85 ms est=   4840300 act=   5000000
    all_no_brin          eq_v133                indexscan    (ref        )      1.45 ms est=       994 act=       994
    all_no_brin          eq_v735                indexscan    (ref        )      1.46 ms est=      1006 act=      1006
    all_no_brin          eq_v1500               indexscan    (ref        )      2.08 ms est=       867 act=       867
    all_no_brin          eq_v2926               indexscan    (ref        )      1.72 ms est=      1018 act=      1018
    all_no_brin          eq_v4207               indexscan    (ref        )      1.63 ms est=      1034 act=      1034
    all_no_brin          eq_v4963               indexscan    (ref        )      1.52 ms est=       982 act=       982
    all_no_brin          eq_v7235               indexscan    (ref        )      1.70 ms est=      1129 act=      1129
    all_no_brin          eq_v8682               indexscan    (ref        )      2.41 ms est=       966 act=       966
    all_no_brin          range_1e-05            indexscan    (ref        )      1.33 ms est=       867 act=       867
    all_no_brin          tsrange_1e-05          indexscan    (range      )      0.18 ms est=       100 act=       100
    all_no_brin          range_0.0001           indexscan    (ref        )      1.66 ms est=      1000 act=      1000
    all_no_brin          tsrange_0.0001         indexscan    (range      )      1.50 ms est=      1000 act=      1000
    all_no_brin          range_0.001            indexscan    (range      )   2247.30 ms est=     10000 act=     10000
    all_no_brin          tsrange_0.001          indexscan    (range      )   2284.15 ms est=     18332 act=     10000
    all_no_brin          range_0.01             indexscan    (range      )  22499.50 ms est=    205276 act=    100000
    all_no_brin          tsrange_0.01           indexscan    (range      )  22474.00 ms est=    199182 act=    100000
    all_no_brin          range_0.05             indexscan    (range      ) 113470.00 ms est=   1007500 act=    500000
    all_no_brin          tsrange_0.05           indexscan    (range      ) 113294.50 ms est=   1021774 act=    500000
    all_no_brin          range_0.1              seqscan      (ALL        )   4076.95 ms est=   2036900 act=   1000000
    all_no_brin          tsrange_0.1            seqscan      (ALL        )   4046.10 ms est=   2093200 act=   1000000
    all_no_brin          range_0.2              seqscan      (ALL        )   4095.55 ms est=   4155400 act=   2000000
    all_no_brin          tsrange_0.2            seqscan      (ALL        )   4087.50 ms est=   4380100 act=   2000000
    all_no_brin          range_0.5              seqscan      (ALL        )   4190.15 ms est=   4840300 act=   5000000
    all_no_brin          tsrange_0.5            seqscan      (ALL        )   4186.45 ms est=   4840300 act=   5000000
    all_no_brin          conj_dep_a18           indexscan    (ref        )      1.80 ms est=       997 act=       997
    all_no_brin          conj_indep_a18         indexscan    (ref        )      1.49 ms est=       971 act=       971
    all_no_brin          conj_dep_a50           indexscan    (ref        )      2.11 ms est=      1085 act=      1085
    all_no_brin          conj_indep_a50         indexscan    (ref        )      1.76 ms est=      1054 act=      1054
    all_no_brin          conj_dep_a67           indexscan    (ref        )      2.11 ms est=       992 act=       992
    all_no_brin          conj_indep_a67         indexscan    (ref        )      1.77 ms est=      1022 act=      1022
    all_no_brin          conj_dep_a71           indexscan    (ref        )      2.09 ms est=       927 act=       927
    all_no_brin          conj_indep_a71         indexscan    (ref        )      2.33 ms est=       996 act=       996
    all_no_brin          conj_dep_a85           indexscan    (ref        )      1.80 ms est=      1009 act=      1009
    all_no_brin          conj_indep_a85         indexscan    (ref        )      1.52 ms est=       973 act=       973
  112 new measurements

=== dataset skew05 ===
  generated in 18.3s
  loaded in 101.8s
  34 queries
    none                 eq_v1                  seqscan      (ALL        )   3729.40 ms est=     85330 act=     50250
    none                 eq_v1403               seqscan      (ALL        )   3806.65 ms est=      1350 act=      1340
    none                 eq_v2838               seqscan      (ALL        )   3817.60 ms est=       950 act=       940
    none                 eq_v3861               seqscan      (ALL        )   3805.10 ms est=       810 act=       770
    none                 eq_v6044               seqscan      (ALL        )   3778.15 ms est=       650 act=       670
    none                 eq_v8085               seqscan      (ALL        )   3753.20 ms est=       570 act=       600
    none                 eq_v8326               seqscan      (ALL        )   3755.10 ms est=       550 act=       550
    none                 eq_v9997               seqscan      (ALL        )   3730.50 ms est=       260 act=       440
    none                 range_1e-05            seqscan      (ALL        )   3772.00 ms est=       260 act=       440
    none                 tsrange_1e-05          seqscan      (ALL        )   3777.45 ms est=     78120 act=       100
    none                 range_0.0001           seqscan      (ALL        )   3853.35 ms est=      1030 act=      1000
    none                 tsrange_0.0001         seqscan      (ALL        )   3775.35 ms est=     78120 act=      1000
    none                 range_0.001            seqscan      (ALL        )   3846.05 ms est=     78120 act=     10000
    none                 tsrange_0.001          seqscan      (ALL        )   3783.20 ms est=     78120 act=     10000
    none                 range_0.01             seqscan      (ALL        )   3839.90 ms est=    156250 act=    100000
    none                 tsrange_0.01           seqscan      (ALL        )   3794.85 ms est=    156250 act=    100000
    none                 range_0.05             seqscan      (ALL        )   3854.95 ms est=    546880 act=    500000
    none                 tsrange_0.05           seqscan      (ALL        )   3798.15 ms est=    546880 act=    500000
    none                 range_0.1              seqscan      (ALL        )   3892.20 ms est=   1093800 act=   1000000
    none                 tsrange_0.1            seqscan      (ALL        )   3819.10 ms est=   1015600 act=   1000000
    none                 range_0.2              seqscan      (ALL        )   3946.20 ms est=   2109400 act=   2000000
    none                 tsrange_0.2            seqscan      (ALL        )   3878.35 ms est=   2031200 act=   2000000
    none                 range_0.5              seqscan      (ALL        )   4038.60 ms est=   5078100 act=   5000000
    none                 tsrange_0.5            seqscan      (ALL        )   4026.80 ms est=   5000000 act=   5000000
    none                 conj_dep_a18           seqscan      (ALL        )   3808.10 ms est=       600 act=      1010
    none                 conj_indep_a18         seqscan      (ALL        )   3841.70 ms est=       600 act=       950
    none                 conj_dep_a51           seqscan      (ALL        )   3939.05 ms est=       600 act=      1030
    none                 conj_indep_a51         seqscan      (ALL        )   3924.80 ms est=       600 act=       960
    none                 conj_dep_a62           seqscan      (ALL        )   3911.45 ms est=      1210 act=       990
    none                 conj_indep_a62         seqscan      (ALL        )   3928.10 ms est=      1210 act=      1010
    none                 conj_dep_a77           seqscan      (ALL        )   3874.55 ms est=       600 act=      1010
    none                 conj_indep_a77         seqscan      (ALL        )   3880.00 ms est=       600 act=      1000
    none                 conj_dep_a79           seqscan      (ALL        )   3878.70 ms est=       600 act=      1020
    none                 conj_indep_a79         seqscan      (ALL        )   3879.65 ms est=       600 act=       930
    btree_skew           eq_v1                  indexscan    (ref        )   8274.60 ms est=    105532 act=     50248
    btree_skew           eq_v1403               indexscan    (ref        )      2.17 ms est=      1336 act=      1336
    btree_skew           eq_v2838               indexscan    (ref        )      1.40 ms est=       944 act=       944
    btree_skew           eq_v3861               indexscan    (ref        )      1.14 ms est=       771 act=       771
    btree_skew           eq_v6044               indexscan    (ref        )      1.38 ms est=       667 act=       667
    btree_skew           eq_v8085               indexscan    (ref        )      0.94 ms est=       597 act=       597
    btree_skew           eq_v8326               indexscan    (ref        )      0.81 ms est=       546 act=       546
    btree_skew           eq_v9997               indexscan    (ref        )      0.65 ms est=       436 act=       436
    btree_skew           range_1e-05            indexscan    (ref        )      0.47 ms est=       436 act=       436
    btree_skew           range_0.0001           indexscan    (ref        )      1.57 ms est=      1000 act=      1000
    btree_skew           range_0.001            indexscan    (range      )   2268.40 ms est=     10000 act=     10000
    btree_skew           range_0.01             indexscan    (range      )  22718.50 ms est=    187548 act=    100000
    btree_skew           range_0.05             indexscan    (range      ) 113675.50 ms est=   1007500 act=    500000
    btree_skew           range_0.1              seqscan      (ALL        )   3856.25 ms est=   2036900 act=   1000000
    btree_skew           range_0.2              seqscan      (ALL        )   3913.50 ms est=   4155400 act=   2000000
    btree_skew           range_0.5              seqscan      (ALL        )   4001.10 ms est=   4965300 act=   5000000
    btree_a_b_separate   conj_dep_a18           bitmapscan   (index_merge)     46.09 ms est=      4079 act=      1013
    btree_a_b_separate   conj_indep_a18         bitmapscan   (index_merge)     47.49 ms est=      4195 act=       948
    btree_a_b_separate   conj_dep_a51           bitmapscan   (index_merge)     46.11 ms est=      4370 act=      1033
    btree_a_b_separate   conj_indep_a51         bitmapscan   (index_merge)     47.08 ms est=      4202 act=       960
    btree_a_b_separate   conj_dep_a62           bitmapscan   (index_merge)     48.42 ms est=      3911 act=       986
    btree_a_b_separate   conj_indep_a62         bitmapscan   (index_merge)     45.86 ms est=      3898 act=      1011
    btree_a_b_separate   conj_dep_a77           bitmapscan   (index_merge)     48.61 ms est=      3729 act=      1008
    btree_a_b_separate   conj_indep_a77         bitmapscan   (index_merge)     46.97 ms est=      3698 act=       997
    btree_a_b_separate   conj_dep_a79           bitmapscan   (index_merge)     47.57 ms est=      3915 act=      1018
    btree_a_b_separate   conj_indep_a79         bitmapscan   (index_merge)     46.68 ms est=      3463 act=       935
    btree_ab_composite   conj_dep_a18           indexscan    (ref        )      2.23 ms est=      1013 act=      1013
    btree_ab_composite   conj_indep_a18         indexscan    (ref        )      1.47 ms est=       948 act=       948
    btree_ab_composite   conj_dep_a51           indexscan    (ref        )      1.65 ms est=      1033 act=      1033
    btree_ab_composite   conj_indep_a51         indexscan    (ref        )      1.61 ms est=       960 act=       960
    btree_ab_composite   conj_dep_a62           indexscan    (ref        )      1.47 ms est=       986 act=       986
    btree_ab_composite   conj_indep_a62         indexscan    (ref        )      1.64 ms est=      1011 act=      1011
    btree_ab_composite   conj_dep_a77           indexscan    (ref        )      1.60 ms est=      1008 act=      1008
    btree_ab_composite   conj_indep_a77         indexscan    (ref        )      1.70 ms est=       997 act=       997
    btree_ab_composite   conj_dep_a79           indexscan    (ref        )      1.56 ms est=      1018 act=      1018
    btree_ab_composite   conj_indep_a79         indexscan    (ref        )      1.39 ms est=       935 act=       935
    btree_ts             tsrange_1e-05          indexscan    (range      )      0.40 ms est=       100 act=       100
    btree_ts             tsrange_0.0001         indexscan    (range      )      1.52 ms est=      1000 act=      1000
    btree_ts             tsrange_0.001          indexscan    (range      )   2038.45 ms est=     18332 act=     10000
    btree_ts             tsrange_0.01           indexscan    (range      )  21568.50 ms est=    199182 act=    100000
    btree_ts             tsrange_0.05           indexscan    (range      ) 109134.50 ms est=   1021774 act=    500000
    btree_ts             tsrange_0.1            seqscan      (ALL        )   3920.20 ms est=   2093200 act=   1000000
    btree_ts             tsrange_0.2            seqscan      (ALL        )   3965.25 ms est=   4380100 act=   2000000
    btree_ts             tsrange_0.5            seqscan      (ALL        )   4077.60 ms est=   4840300 act=   5000000
    all_no_brin          eq_v1                  indexscan    (ref        )   8170.70 ms est=    105532 act=     50248
    all_no_brin          eq_v1403               indexscan    (ref        )      2.46 ms est=      1336 act=      1336
    all_no_brin          eq_v2838               indexscan    (ref        )      1.82 ms est=       944 act=       944
    all_no_brin          eq_v3861               indexscan    (ref        )      1.66 ms est=       771 act=       771
    all_no_brin          eq_v6044               indexscan    (ref        )      1.89 ms est=       667 act=       667
    all_no_brin          eq_v8085               indexscan    (ref        )      1.64 ms est=       597 act=       597
    all_no_brin          eq_v8326               indexscan    (ref        )      0.96 ms est=       546 act=       546
    all_no_brin          eq_v9997               indexscan    (ref        )      0.93 ms est=       436 act=       436
    all_no_brin          range_1e-05            indexscan    (ref        )      0.49 ms est=       436 act=       436
    all_no_brin          tsrange_1e-05          indexscan    (range      )      0.19 ms est=       100 act=       100
    all_no_brin          range_0.0001           indexscan    (ref        )      1.71 ms est=      1000 act=      1000
    all_no_brin          tsrange_0.0001         indexscan    (range      )      1.89 ms est=      1000 act=      1000
    all_no_brin          range_0.001            indexscan    (range      )   2214.65 ms est=     10000 act=     10000
    all_no_brin          tsrange_0.001          indexscan    (range      )   2259.50 ms est=     18332 act=     10000
    all_no_brin          range_0.01             indexscan    (range      )  22525.50 ms est=    187548 act=    100000
    all_no_brin          tsrange_0.01           indexscan    (range      )  22490.50 ms est=    199182 act=    100000
    all_no_brin          range_0.05             indexscan    (range      ) 113260.00 ms est=   1007500 act=    500000
    all_no_brin          tsrange_0.05           indexscan    (range      ) 114116.50 ms est=   1021774 act=    500000
    all_no_brin          range_0.1              seqscan      (ALL        )   3928.90 ms est=   2036900 act=   1000000
    all_no_brin          tsrange_0.1            seqscan      (ALL        )   3874.00 ms est=   2093200 act=   1000000
    all_no_brin          range_0.2              seqscan      (ALL        )   3980.10 ms est=   4155400 act=   2000000
    all_no_brin          tsrange_0.2            seqscan      (ALL        )   3929.20 ms est=   4380100 act=   2000000
    all_no_brin          range_0.5              seqscan      (ALL        )   4081.95 ms est=   4840300 act=   5000000
    all_no_brin          tsrange_0.5            seqscan      (ALL        )   4058.65 ms est=   4840300 act=   5000000
    all_no_brin          conj_dep_a18           indexscan    (ref        )      1.60 ms est=      1013 act=      1013
    all_no_brin          conj_indep_a18         indexscan    (ref        )      1.57 ms est=       948 act=       948
    all_no_brin          conj_dep_a51           indexscan    (ref        )      1.72 ms est=      1033 act=      1033
    all_no_brin          conj_indep_a51         indexscan    (ref        )      1.65 ms est=       960 act=       960
    all_no_brin          conj_dep_a62           indexscan    (ref        )      1.53 ms est=       986 act=       986
    all_no_brin          conj_indep_a62         indexscan    (ref        )      1.63 ms est=      1011 act=      1011
    all_no_brin          conj_dep_a77           indexscan    (ref        )      1.65 ms est=      1008 act=      1008
    all_no_brin          conj_indep_a77         indexscan    (ref        )      1.70 ms est=       997 act=       997
    all_no_brin          conj_dep_a79           indexscan    (ref        )      1.74 ms est=      1018 act=      1018
    all_no_brin          conj_indep_a79         indexscan    (ref        )      1.44 ms est=       935 act=       935
  112 new measurements

=== dataset skew10 ===
  generated in 18.4s
  loaded in 103.2s
  34 queries
    none                 eq_v1                  seqscan      (ALL        )   3768.50 ms est=   1015600 act=   1021300
    none                 eq_v1466               seqscan      (ALL        )   3814.75 ms est=       720 act=       710
    none                 eq_v2945               seqscan      (ALL        )   3811.30 ms est=       360 act=       360
    none                 eq_v4270               seqscan      (ALL        )   3787.50 ms est=       250 act=       240
    none                 eq_v5810               seqscan      (ALL        )   3784.30 ms est=       180 act=       180
    none                 eq_v7194               seqscan      (ALL        )   3784.65 ms est=       140 act=       140
    none                 eq_v7543               seqscan      (ALL        )   3784.80 ms est=       130 act=       120
    none                 eq_v9984               seqscan      (ALL        )   3778.15 ms est=        55 act=        73
    none                 range_1e-05            seqscan      (ALL        )   3803.60 ms est=       120 act=       100
    none                 tsrange_1e-05          seqscan      (ALL        )   3811.85 ms est=     78120 act=       100
    none                 range_0.0001           seqscan      (ALL        )   3854.95 ms est=       960 act=      1000
    none                 tsrange_0.0001         seqscan      (ALL        )   3813.70 ms est=     78120 act=      1000
    none                 range_0.001            seqscan      (ALL        )   3860.70 ms est=     78120 act=     10000
    none                 tsrange_0.001          seqscan      (ALL        )   3814.55 ms est=     78120 act=     10000
    none                 range_0.01             seqscan      (ALL        )   3873.20 ms est=    156250 act=    100000
    none                 tsrange_0.01           seqscan      (ALL        )   3823.70 ms est=    156250 act=    100000
    none                 range_0.05             seqscan      (ALL        )   3884.80 ms est=    546880 act=    500000
    none                 tsrange_0.05           seqscan      (ALL        )   3841.50 ms est=    546880 act=    500000
    none                 range_0.1              seqscan      (ALL        )   3902.40 ms est=   1093800 act=   1000000
    none                 tsrange_0.1            seqscan      (ALL        )   3893.45 ms est=   1015600 act=   1000000
    none                 range_0.2              seqscan      (ALL        )   3951.00 ms est=   2031200 act=   2000000
    none                 tsrange_0.2            seqscan      (ALL        )   3923.55 ms est=   2031200 act=   2000000
    none                 range_0.5              seqscan      (ALL        )   4060.20 ms est=   5078100 act=   5000000
    none                 tsrange_0.5            seqscan      (ALL        )   4043.40 ms est=   5000000 act=   5000000
    none                 conj_dep_a18           seqscan      (ALL        )   3851.30 ms est=       600 act=      1010
    none                 conj_indep_a18         seqscan      (ALL        )   3845.20 ms est=       600 act=       950
    none                 conj_dep_a51           seqscan      (ALL        )   3898.75 ms est=       600 act=      1030
    none                 conj_indep_a51         seqscan      (ALL        )   3903.60 ms est=       600 act=       960
    none                 conj_dep_a62           seqscan      (ALL        )   3884.55 ms est=      1210 act=       990
    none                 conj_indep_a62         seqscan      (ALL        )   3885.10 ms est=      1210 act=      1010
    none                 conj_dep_a77           seqscan      (ALL        )   3859.00 ms est=       600 act=      1010
    none                 conj_indep_a77         seqscan      (ALL        )   3854.10 ms est=       600 act=      1000
    none                 conj_dep_a79           seqscan      (ALL        )   3857.45 ms est=       600 act=      1020
    none                 conj_indep_a79         seqscan      (ALL        )   3851.00 ms est=       600 act=       930
    btree_skew           eq_v1                  indexscan    (ref        )  12867.50 ms est=   2137680 act=   1020000
    btree_skew           eq_v1466               indexscan    (ref        )      1.10 ms est=       713 act=       713
    btree_skew           eq_v2945               indexscan    (ref        )      0.52 ms est=       358 act=       358
    btree_skew           eq_v4270               indexscan    (ref        )      0.37 ms est=       240 act=       240
    btree_skew           eq_v5810               indexscan    (ref        )      0.40 ms est=       179 act=       179
    btree_skew           eq_v7194               indexscan    (ref        )      0.21 ms est=       144 act=       144
    btree_skew           eq_v7543               indexscan    (ref        )      0.18 ms est=       120 act=       120
    btree_skew           eq_v9984               indexscan    (ref        )      0.11 ms est=        73 act=        73
    btree_skew           range_1e-05            indexscan    (ref        )      0.15 ms est=       100 act=       100
    btree_skew           range_0.0001           indexscan    (ref        )      1.63 ms est=      1000 act=      1000
    btree_skew           range_0.001            indexscan    (range      )   2185.35 ms est=     17998 act=     10000
    btree_skew           range_0.01             indexscan    (range      )  21900.50 ms est=    205276 act=    100000
    btree_skew           range_0.05             indexscan    (range      ) 108827.50 ms est=   1007500 act=    500000
    btree_skew           range_0.1              seqscan      (ALL        )   3910.10 ms est=   2036900 act=   1000000
    btree_skew           range_0.2              seqscan      (ALL        )   3943.00 ms est=   4155400 act=   2000000
    btree_skew           range_0.5              seqscan      (ALL        )   4056.25 ms est=   4840300 act=   5000000
    btree_a_b_separate   conj_dep_a18           bitmapscan   (index_merge)     46.02 ms est=      4079 act=      1013
    btree_a_b_separate   conj_indep_a18         bitmapscan   (index_merge)     46.95 ms est=      4195 act=       948
    btree_a_b_separate   conj_dep_a51           bitmapscan   (index_merge)     45.73 ms est=      4370 act=      1033
    btree_a_b_separate   conj_indep_a51         bitmapscan   (index_merge)     47.14 ms est=      4202 act=       960
    btree_a_b_separate   conj_dep_a62           bitmapscan   (index_merge)     48.42 ms est=      3911 act=       986
    btree_a_b_separate   conj_indep_a62         bitmapscan   (index_merge)     45.86 ms est=      3898 act=      1011
    btree_a_b_separate   conj_dep_a77           bitmapscan   (index_merge)     48.63 ms est=      3729 act=      1008
    btree_a_b_separate   conj_indep_a77         bitmapscan   (index_merge)     46.89 ms est=      3698 act=       997
    btree_a_b_separate   conj_dep_a79           bitmapscan   (index_merge)     48.76 ms est=      3915 act=      1018
    btree_a_b_separate   conj_indep_a79         bitmapscan   (index_merge)     47.38 ms est=      3463 act=       935
    btree_ab_composite   conj_dep_a18           indexscan    (ref        )      1.57 ms est=      1013 act=      1013
    btree_ab_composite   conj_indep_a18         indexscan    (ref        )      1.43 ms est=       948 act=       948
    btree_ab_composite   conj_dep_a51           indexscan    (ref        )      1.61 ms est=      1033 act=      1033
    btree_ab_composite   conj_indep_a51         indexscan    (ref        )      1.39 ms est=       960 act=       960
    btree_ab_composite   conj_dep_a62           indexscan    (ref        )      1.63 ms est=       986 act=       986
    btree_ab_composite   conj_indep_a62         indexscan    (ref        )      1.56 ms est=      1011 act=      1011
    btree_ab_composite   conj_dep_a77           indexscan    (ref        )      1.63 ms est=      1008 act=      1008
    btree_ab_composite   conj_indep_a77         indexscan    (ref        )      1.50 ms est=       997 act=       997
    btree_ab_composite   conj_dep_a79           indexscan    (ref        )      1.58 ms est=      1018 act=      1018
    btree_ab_composite   conj_indep_a79         indexscan    (ref        )      1.63 ms est=       935 act=       935
    btree_ts             tsrange_1e-05          indexscan    (range      )      0.37 ms est=       100 act=       100
    btree_ts             tsrange_0.0001         indexscan    (range      )      1.51 ms est=      1000 act=      1000
    btree_ts             tsrange_0.001          indexscan    (range      )   2030.35 ms est=     18332 act=     10000
    btree_ts             tsrange_0.01           indexscan    (range      )  21585.50 ms est=    199182 act=    100000
    btree_ts             tsrange_0.05           indexscan    (range      ) 109570.00 ms est=   1021774 act=    500000
    btree_ts             tsrange_0.1            seqscan      (ALL        )   4012.30 ms est=   2093200 act=   1000000
    btree_ts             tsrange_0.2            seqscan      (ALL        )   4046.40 ms est=   4380100 act=   2000000
    btree_ts             tsrange_0.5            seqscan      (ALL        )   4139.05 ms est=   4840300 act=   5000000
    all_no_brin          eq_v1                  indexscan    (ref        )  12266.50 ms est=   2137680 act=   1020000
    all_no_brin          eq_v1466               indexscan    (ref        )      1.18 ms est=       713 act=       713
    all_no_brin          eq_v2945               indexscan    (ref        )      0.52 ms est=       358 act=       358
    all_no_brin          eq_v4270               indexscan    (ref        )      0.37 ms est=       240 act=       240
    all_no_brin          eq_v5810               indexscan    (ref        )      0.26 ms est=       179 act=       179
    all_no_brin          eq_v7194               indexscan    (ref        )      0.21 ms est=       144 act=       144
    all_no_brin          eq_v7543               indexscan    (ref        )      0.18 ms est=       120 act=       120
    all_no_brin          eq_v9984               indexscan    (ref        )      0.11 ms est=        73 act=        73
    all_no_brin          range_1e-05            indexscan    (ref        )      0.17 ms est=       100 act=       100
    all_no_brin          tsrange_1e-05          indexscan    (range      )      0.17 ms est=       100 act=       100
    all_no_brin          range_0.0001           indexscan    (ref        )      1.60 ms est=      1000 act=      1000
    all_no_brin          tsrange_0.0001         indexscan    (range      )      1.59 ms est=      1000 act=      1000
    all_no_brin          range_0.001            indexscan    (range      )   2198.70 ms est=     17998 act=     10000
    all_no_brin          tsrange_0.001          indexscan    (range      )   2191.15 ms est=     18332 act=     10000
    all_no_brin          range_0.01             indexscan    (range      )  21844.00 ms est=    205276 act=    100000
    all_no_brin          tsrange_0.01           indexscan    (range      )  21896.00 ms est=    199182 act=    100000
    all_no_brin          range_0.05             indexscan    (range      ) 109069.50 ms est=   1007500 act=    500000
    all_no_brin          tsrange_0.05           indexscan    (range      ) 110140.00 ms est=   1021774 act=    500000
    all_no_brin          range_0.1              seqscan      (ALL        )   3884.30 ms est=   2036900 act=   1000000
    all_no_brin          tsrange_0.1            seqscan      (ALL        )   3848.90 ms est=   2093200 act=   1000000
    all_no_brin          range_0.2              seqscan      (ALL        )   3913.35 ms est=   4155400 act=   2000000
    all_no_brin          tsrange_0.2            seqscan      (ALL        )   3890.00 ms est=   4380100 act=   2000000
    all_no_brin          range_0.5              seqscan      (ALL        )   4016.95 ms est=   4965300 act=   5000000
    all_no_brin          tsrange_0.5            seqscan      (ALL        )   4001.90 ms est=   4965300 act=   5000000
    all_no_brin          conj_dep_a18           indexscan    (ref        )      1.70 ms est=      1013 act=      1013
    all_no_brin          conj_indep_a18         indexscan    (ref        )      1.61 ms est=       948 act=       948
    all_no_brin          conj_dep_a51           indexscan    (ref        )      1.73 ms est=      1033 act=      1033
    all_no_brin          conj_indep_a51         indexscan    (ref        )      1.52 ms est=       960 act=       960
    all_no_brin          conj_dep_a62           indexscan    (ref        )      1.84 ms est=       986 act=       986
    all_no_brin          conj_indep_a62         indexscan    (ref        )      1.85 ms est=      1011 act=      1011
    all_no_brin          conj_dep_a77           indexscan    (ref        )      1.57 ms est=      1008 act=      1008
    all_no_brin          conj_indep_a77         indexscan    (ref        )      1.64 ms est=       997 act=       997
    all_no_brin          conj_dep_a79           indexscan    (ref        )      2.76 ms est=      1018 act=      1018
    all_no_brin          conj_indep_a79         indexscan    (ref        )      1.61 ms est=       935 act=       935
  112 new measurements

=== dataset skew15 ===
  generated in 18.0s
  loaded in 88.2s
  34 queries
    none                 eq_v1                  seqscan      (ALL        )   3829.00 ms est=   3828100 act=   3858200
    none                 eq_v1444               seqscan      (ALL        )   3623.90 ms est=         9 act=        72
    none                 eq_v2984               seqscan      (ALL        )   3625.60 ms est=         9 act=        25
    none                 eq_v3574               seqscan      (ALL        )   3619.35 ms est=         9 act=        14
    none                 eq_v4246               seqscan      (ALL        )   3622.40 ms est=         9 act=         9
    none                 eq_v7747               seqscan      (ALL        )   3633.10 ms est=         9 act=         7
    none                 eq_v9756               seqscan      (ALL        )   3620.80 ms est=         9 act=         4
    none                 eq_v9962               seqscan      (ALL        )   3638.70 ms est=         9 act=         1
    none                 range_1e-05            seqscan      (ALL        )   3667.20 ms est=       160 act=       100
    none                 tsrange_1e-05          seqscan      (ALL        )   3676.75 ms est=     78120 act=       100
    none                 range_0.0001           seqscan      (ALL        )   3667.00 ms est=     78120 act=      1000
    none                 tsrange_0.0001         seqscan      (ALL        )   3670.20 ms est=     78120 act=      1000
    none                 range_0.001            seqscan      (ALL        )   3664.85 ms est=     78120 act=     10000
    none                 tsrange_0.001          seqscan      (ALL        )   3673.40 ms est=     78120 act=     10000
    none                 range_0.01             seqscan      (ALL        )   3676.85 ms est=    156250 act=    100000
    none                 tsrange_0.01           seqscan      (ALL        )   3683.25 ms est=    156250 act=    100000
    none                 range_0.05             seqscan      (ALL        )   3698.90 ms est=    468750 act=    500000
    none                 tsrange_0.05           seqscan      (ALL        )   3702.85 ms est=    546880 act=    500000
    none                 range_0.1              seqscan      (ALL        )   3732.95 ms est=   1093800 act=   1000000
    none                 tsrange_0.1            seqscan      (ALL        )   3718.75 ms est=   1015600 act=   1000000
    none                 range_0.2              seqscan      (ALL        )   3778.30 ms est=   1953100 act=   2000000
    none                 tsrange_0.2            seqscan      (ALL        )   3775.40 ms est=   2031200 act=   2000000
    none                 range_0.5              seqscan      (ALL        )   3928.80 ms est=   5078100 act=   5005600
    none                 tsrange_0.5            seqscan      (ALL        )   3924.55 ms est=   5000000 act=   5000000
    none                 conj_dep_a18           seqscan      (ALL        )   3713.85 ms est=       600 act=      1010
    none                 conj_indep_a18         seqscan      (ALL        )   3712.45 ms est=       600 act=       950
    none                 conj_dep_a51           seqscan      (ALL        )   3765.05 ms est=       600 act=      1030
    none                 conj_indep_a51         seqscan      (ALL        )   3766.10 ms est=       600 act=       960
    none                 conj_dep_a62           seqscan      (ALL        )   3745.15 ms est=      1210 act=       990
    none                 conj_indep_a62         seqscan      (ALL        )   3739.35 ms est=      1210 act=      1010
    none                 conj_dep_a77           seqscan      (ALL        )   3754.50 ms est=       600 act=      1010
    none                 conj_indep_a77         seqscan      (ALL        )   3769.35 ms est=       600 act=      1000
    none                 conj_dep_a79           seqscan      (ALL        )   3763.70 ms est=       600 act=      1020
    none                 conj_indep_a79         seqscan      (ALL        )   3762.60 ms est=       600 act=       930
    btree_skew           eq_v1                  indexscan    (ref        )  20253.00 ms est=   4965317 act=   3860000
    btree_skew           eq_v1444               indexscan    (ref        )      0.11 ms est=        72 act=        72
    btree_skew           eq_v2984               indexscan    (ref        )      0.04 ms est=        25 act=        25
    btree_skew           eq_v3574               indexscan    (ref        )      0.02 ms est=        14 act=        14
    btree_skew           eq_v4246               indexscan    (ref        )      0.02 ms est=         9 act=         9
    btree_skew           eq_v7747               indexscan    (ref        )      0.01 ms est=         7 act=         7
    btree_skew           eq_v9756               indexscan    (ref        )      0.01 ms est=         4 act=         4
    btree_skew           eq_v9962               indexscan    (ref        )      0.01 ms est=         1 act=         1
    btree_skew           range_1e-05            indexscan    (ref        )      0.16 ms est=       100 act=       100
    btree_skew           range_0.0001           indexscan    (range      )      1.96 ms est=      1000 act=      1000
    btree_skew           range_0.001            indexscan    (range      )   2038.40 ms est=     17998 act=     10000
    btree_skew           range_0.01             indexscan    (range      )  21465.00 ms est=    205276 act=    100000
    btree_skew           range_0.05             indexscan    (range      ) 109383.00 ms est=   1007500 act=    500000
    btree_skew           range_0.1              seqscan      (ALL        )   3924.40 ms est=   2036900 act=   1000000
    btree_skew           range_0.2              seqscan      (ALL        )   3959.50 ms est=   4156900 act=   2000000
    btree_skew           range_0.5              seqscan      (ALL        )   4139.80 ms est=   4965300 act=   5005600
    btree_a_b_separate   conj_dep_a18           bitmapscan   (index_merge)     45.42 ms est=      4079 act=      1013
    btree_a_b_separate   conj_indep_a18         bitmapscan   (index_merge)     47.01 ms est=      4195 act=       948
    btree_a_b_separate   conj_dep_a51           bitmapscan   (index_merge)     45.12 ms est=      4370 act=      1033
    btree_a_b_separate   conj_indep_a51         bitmapscan   (index_merge)     47.18 ms est=      4202 act=       960
    btree_a_b_separate   conj_dep_a62           bitmapscan   (index_merge)     45.74 ms est=      3911 act=       986
    btree_a_b_separate   conj_indep_a62         bitmapscan   (index_merge)     44.29 ms est=      3898 act=      1011
    btree_a_b_separate   conj_dep_a77           bitmapscan   (index_merge)     45.76 ms est=      3729 act=      1008
    btree_a_b_separate   conj_indep_a77         bitmapscan   (index_merge)     47.84 ms est=      3698 act=       997
    btree_a_b_separate   conj_dep_a79           bitmapscan   (index_merge)     46.16 ms est=      3915 act=      1018
    btree_a_b_separate   conj_indep_a79         bitmapscan   (index_merge)     47.49 ms est=      3463 act=       935
    btree_ab_composite   conj_dep_a18           indexscan    (ref        )      1.53 ms est=      1013 act=      1013
    btree_ab_composite   conj_indep_a18         indexscan    (ref        )      1.54 ms est=       948 act=       948
    btree_ab_composite   conj_dep_a51           indexscan    (ref        )      1.66 ms est=      1033 act=      1033
    btree_ab_composite   conj_indep_a51         indexscan    (ref        )      1.49 ms est=       960 act=       960
    btree_ab_composite   conj_dep_a62           indexscan    (ref        )      1.49 ms est=       986 act=       986
    btree_ab_composite   conj_indep_a62         indexscan    (ref        )      1.57 ms est=      1011 act=      1011
    btree_ab_composite   conj_dep_a77           indexscan    (ref        )      1.61 ms est=      1008 act=      1008
    btree_ab_composite   conj_indep_a77         indexscan    (ref        )      1.49 ms est=       997 act=       997
    btree_ab_composite   conj_dep_a79           indexscan    (ref        )      1.53 ms est=      1018 act=      1018
    btree_ab_composite   conj_indep_a79         indexscan    (ref        )      1.42 ms est=       935 act=       935
    btree_ts             tsrange_1e-05          indexscan    (range      )      0.39 ms est=       100 act=       100
    btree_ts             tsrange_0.0001         indexscan    (range      )      1.52 ms est=      1000 act=      1000
    btree_ts             tsrange_0.001          indexscan    (range      )   2086.30 ms est=     18332 act=     10000
    btree_ts             tsrange_0.01           indexscan    (range      )  17920.50 ms est=    199182 act=    100000
