Output tag: 1m  ->  measurements_1m.jsonl
Datasets: ['skew05', 'skew10', 'skew15']  rows=1000000
Already measured: 1744 records
Server: PostgreSQL 17.1 on x86_64-windows, compiled by msvc-19.41.34123, 64-bit

=== dataset skew05 ===
  generated in 1.7s -> t_skew05.csv
  loaded in 1.2s
  ts correlation: designed=0.0 realised=0.0024 pg_stats=-0.0037232959
  34 queries
    none                 ext=0 eq_v1                  seqscan            68.36 ms est=      4333 act=      4978
    none                 ext=0 eq_v1224               seqscan            68.23 ms est=        96 act=       134
    none                 ext=0 eq_v2331               seqscan            67.88 ms est=        96 act=        96
    none                 ext=0 eq_v2536               seqscan            66.83 ms est=        96 act=        78
    none                 ext=0 eq_v7565               seqscan            66.67 ms est=        96 act=        68
    none                 ext=0 eq_v7901               seqscan            66.13 ms est=        96 act=        60
    none                 ext=0 eq_v9214               seqscan            66.14 ms est=        96 act=        53
    none                 ext=0 eq_v9606               seqscan            65.46 ms est=        96 act=        32
    none                 ext=0 range_1e-05            seqscan            64.51 ms est=        96 act=        32
    none                 ext=0 tsrange_1e-05          seqscan            76.96 ms est=         1 act=        10
    none                 ext=0 range_0.0001           seqscan            69.77 ms est=        96 act=       100
    none                 ext=0 tsrange_0.0001         seqscan            76.37 ms est=         2 act=       100
    none                 ext=0 range_0.001            seqscan            68.65 ms est=      1019 act=      1000
    none                 ext=0 tsrange_0.001          seqscan            74.44 ms est=       799 act=      1000
    none                 ext=0 range_0.01             seqscan            67.74 ms est=     10056 act=     10000
    none                 ext=0 tsrange_0.01           seqscan            74.01 ms est=      9273 act=     10000
    none                 ext=0 range_0.05             seqscan            66.21 ms est=     47083 act=     50000
    none                 ext=0 tsrange_0.05           seqscan            72.65 ms est=     49489 act=     50000
    none                 ext=0 range_0.1              seqscan            66.56 ms est=     99880 act=    100000
    none                 ext=0 tsrange_0.1            seqscan            72.38 ms est=     97556 act=    100000
    none                 ext=0 range_0.2              seqscan            67.22 ms est=    199274 act=    200000
    none                 ext=0 tsrange_0.2            seqscan            73.74 ms est=    198868 act=    200000
    none                 ext=0 range_0.5              seqscan            71.97 ms est=    498146 act=    500000
    none                 ext=0 tsrange_0.5            seqscan            78.27 ms est=    498929 act=    500000
    none                 ext=0 conj_dep_a7            seqscan            60.02 ms est=       112 act=        96
    none                 ext=0 conj_indep_a7          seqscan            59.24 ms est=       105 act=       109
    none                 ext=0 conj_dep_a44           seqscan            64.16 ms est=        96 act=        85
    none                 ext=0 conj_indep_a44         seqscan            59.78 ms est=        97 act=        97
    none                 ext=0 conj_dep_a46           seqscan            58.98 ms est=        94 act=        91
    none                 ext=0 conj_indep_a46         seqscan            58.39 ms est=       102 act=        93
    none                 ext=0 conj_dep_a70           seqscan            58.02 ms est=       105 act=        93
    none                 ext=0 conj_indep_a70         seqscan            56.56 ms est=       111 act=       111
    none                 ext=0 conj_dep_a80           seqscan            56.97 ms est=        96 act=        85
    none                 ext=0 conj_indep_a80         seqscan            56.86 ms est=        91 act=       102
    btree_skew           ext=0 eq_v1                  bitmapscan          2.23 ms est=      5667 act=      4978
    btree_skew           ext=0 eq_v1224               bitmapscan          0.04 ms est=        95 act=       134
    btree_skew           ext=0 eq_v2331               bitmapscan          0.03 ms est=        95 act=        96
    btree_skew           ext=0 eq_v2536               bitmapscan          0.05 ms est=        95 act=        78
    btree_skew           ext=0 eq_v7565               bitmapscan          0.03 ms est=        95 act=        68
    btree_skew           ext=0 eq_v7901               bitmapscan          0.02 ms est=        95 act=        60
    btree_skew           ext=0 eq_v9214               bitmapscan          0.02 ms est=        95 act=        53
    btree_skew           ext=0 eq_v9606               bitmapscan          0.02 ms est=        95 act=        32
    btree_skew           ext=0 range_1e-05            bitmapscan          0.02 ms est=        95 act=        32
    btree_skew           ext=0 range_0.0001           bitmapscan          0.03 ms est=        95 act=       100
    btree_skew           ext=0 range_0.001            bitmapscan          0.41 ms est=       932 act=      1000
    btree_skew           ext=0 range_0.01             bitmapscan          4.33 ms est=      9911 act=     10000
    btree_skew           ext=0 range_0.05             bitmapscan         11.81 ms est=     45716 act=     50000
    btree_skew           ext=0 range_0.1              bitmapscan         16.45 ms est=     99109 act=    100000
    btree_skew           ext=0 range_0.2              bitmapscan         25.14 ms est=    200588 act=    200000
    btree_skew           ext=0 range_0.5              bitmapscan         40.20 ms est=    496428 act=    500000
    hash_skew            ext=0 eq_v1                  bitmapscan          2.70 ms est=      4867 act=      4978
    hash_skew            ext=0 eq_v1224               bitmapscan          0.07 ms est=        95 act=       134
    hash_skew            ext=0 eq_v2331               bitmapscan          0.06 ms est=        95 act=        96
    hash_skew            ext=0 eq_v2536               bitmapscan          0.04 ms est=        95 act=        78
    hash_skew            ext=0 eq_v7565               bitmapscan          0.03 ms est=        95 act=        68
    hash_skew            ext=0 eq_v7901               bitmapscan          0.02 ms est=        95 act=        60
    hash_skew            ext=0 eq_v9214               bitmapscan          0.04 ms est=        95 act=        53
    hash_skew            ext=0 eq_v9606               bitmapscan          0.02 ms est=        95 act=        32
    brin_skew            ext=0 eq_v1                  seqscan            44.75 ms est=      5367 act=      4978
    brin_skew            ext=0 eq_v1224               seqscan            44.49 ms est=        96 act=       134
    brin_skew            ext=0 eq_v2331               seqscan            43.72 ms est=        96 act=        96
    brin_skew            ext=0 eq_v2536               seqscan            43.50 ms est=        96 act=        78
    brin_skew            ext=0 eq_v7565               seqscan            43.78 ms est=        96 act=        68
    brin_skew            ext=0 eq_v7901               seqscan            42.37 ms est=        96 act=        60
    brin_skew            ext=0 eq_v9214               seqscan            41.93 ms est=        96 act=        53
    brin_skew            ext=0 eq_v9606               seqscan            40.59 ms est=        96 act=        32
    brin_skew            ext=0 range_1e-05            seqscan            40.80 ms est=        96 act=        32
    brin_skew            ext=0 range_0.0001           seqscan            47.74 ms est=        96 act=       100
    brin_skew            ext=0 range_0.001            seqscan            46.45 ms est=       964 act=      1000
    brin_skew            ext=0 range_0.01             seqscan            46.73 ms est=      9985 act=     10000
    brin_skew            ext=0 range_0.05             seqscan            48.28 ms est=     48123 act=     50000
    brin_skew            ext=0 range_0.1              seqscan            48.33 ms est=     98250 act=    100000
    brin_skew            ext=0 range_0.2              seqscan            49.68 ms est=    197797 act=    200000
    brin_skew            ext=0 range_0.5              seqscan            54.45 ms est=    500390 act=    500000
    btree_a_b_separate   ext=0 conj_dep_a7            bitmapscan          1.93 ms est=        85 act=        96
    btree_a_b_separate   ext=0 conj_indep_a7          bitmapscan          1.90 ms est=        92 act=       109
    btree_a_b_separate   ext=0 conj_dep_a44           bitmapscan          1.93 ms est=       107 act=        85
    btree_a_b_separate   ext=0 conj_indep_a44         bitmapscan          1.92 ms est=       101 act=        97
    btree_a_b_separate   ext=0 conj_dep_a46           bitmapscan          2.15 ms est=        87 act=        91
    btree_a_b_separate   ext=0 conj_indep_a46         bitmapscan          2.22 ms est=        82 act=        93
    btree_a_b_separate   ext=0 conj_dep_a70           bitmapscan          2.11 ms est=       111 act=        93
    btree_a_b_separate   ext=0 conj_indep_a70         bitmapscan          2.17 ms est=       103 act=       111
    btree_a_b_separate   ext=0 conj_dep_a80           bitmapscan          2.18 ms est=       110 act=        85
    btree_a_b_separate   ext=0 conj_indep_a80         bitmapscan          2.28 ms est=       117 act=       102
    btree_ab_composite   ext=0 conj_dep_a7            bitmapscan          0.04 ms est=       103 act=        96
    btree_ab_composite   ext=0 conj_indep_a7          bitmapscan          0.04 ms est=        87 act=       109
    btree_ab_composite   ext=0 conj_dep_a44           bitmapscan          0.03 ms est=        86 act=        85
    btree_ab_composite   ext=0 conj_indep_a44         bitmapscan          0.04 ms est=        91 act=        97
    btree_ab_composite   ext=0 conj_dep_a46           bitmapscan          0.04 ms est=        91 act=        91
    btree_ab_composite   ext=0 conj_indep_a46         bitmapscan          0.03 ms est=        93 act=        93
    btree_ab_composite   ext=0 conj_dep_a70           bitmapscan          0.04 ms est=       105 act=        93
    btree_ab_composite   ext=0 conj_indep_a70         bitmapscan          0.04 ms est=        98 act=       111
    btree_ab_composite   ext=0 conj_dep_a80           bitmapscan          0.03 ms est=       112 act=        85
    btree_ab_composite   ext=0 conj_indep_a80         bitmapscan          0.03 ms est=       118 act=       102
    btree_ts             ext=0 tsrange_1e-05          bitmapscan          0.02 ms est=         9 act=        10
    btree_ts             ext=0 tsrange_0.0001         bitmapscan          0.04 ms est=       120 act=       100
    btree_ts             ext=0 tsrange_0.001          bitmapscan          0.35 ms est=      1061 act=      1000
    btree_ts             ext=0 tsrange_0.01           bitmapscan          4.47 ms est=     10928 act=     10000
    btree_ts             ext=0 tsrange_0.05           bitmapscan         11.86 ms est=     50870 act=     50000
    btree_ts             ext=0 tsrange_0.1            bitmapscan         16.56 ms est=     97959 act=    100000
    btree_ts             ext=0 tsrange_0.2            bitmapscan         26.63 ms est=    197476 act=    200000
    btree_ts             ext=0 tsrange_0.5            seqscan            59.51 ms est=    498273 act=    500000
    brin_ts              ext=0 tsrange_1e-05          seqscan            50.03 ms est=         1 act=        10
    brin_ts              ext=0 tsrange_0.0001         seqscan            50.24 ms est=         1 act=       100
    brin_ts              ext=0 tsrange_0.001          seqscan            50.03 ms est=       884 act=      1000
    brin_ts              ext=0 tsrange_0.01           seqscan            49.73 ms est=     10240 act=     10000
    brin_ts              ext=0 tsrange_0.05           seqscan            50.46 ms est=     48423 act=     50000
    brin_ts              ext=0 tsrange_0.1            seqscan            51.62 ms est=     97312 act=    100000
    brin_ts              ext=0 tsrange_0.2            seqscan            53.38 ms est=    195960 act=    200000
    brin_ts              ext=0 tsrange_0.5            seqscan            58.95 ms est=    498502 act=    500000
    all                  ext=0 eq_v1                  indexscan           0.96 ms est=      5100 act=      4978
    all                  ext=0 eq_v1224               bitmapscan          0.07 ms est=        95 act=       134
    all                  ext=0 eq_v2331               bitmapscan          0.04 ms est=        95 act=        96
    all                  ext=0 eq_v2536               bitmapscan          0.04 ms est=        95 act=        78
    all                  ext=0 eq_v7565               bitmapscan          0.03 ms est=        95 act=        68
    all                  ext=0 eq_v7901               bitmapscan          0.03 ms est=        95 act=        60
    all                  ext=0 eq_v9214               bitmapscan          0.02 ms est=        95 act=        53
    all                  ext=0 eq_v9606               bitmapscan          0.02 ms est=        95 act=        32
    all                  ext=0 range_1e-05            bitmapscan          0.02 ms est=        95 act=        32
    all                  ext=0 tsrange_1e-05          bitmapscan          0.01 ms est=         9 act=        10
    all                  ext=0 range_0.0001           bitmapscan          0.05 ms est=        95 act=       100
    all                  ext=0 tsrange_0.0001         bitmapscan          0.04 ms est=       112 act=       100
    all                  ext=0 range_0.001            bitmapscan          0.39 ms est=      1000 act=      1000
    all                  ext=0 tsrange_0.001          indexscan           0.21 ms est=       984 act=      1000
    all                  ext=0 range_0.01             seqscan            44.42 ms est=      9700 act=     10000
    all                  ext=0 tsrange_0.01           seqscan            50.01 ms est=     10264 act=     10000
    all                  ext=0 range_0.05             seqscan            43.78 ms est=     48638 act=     50000
    all                  ext=0 tsrange_0.05           seqscan            50.33 ms est=     52125 act=     50000
    all                  ext=0 range_0.1              seqscan            45.82 ms est=    102781 act=    100000
    all                  ext=0 tsrange_0.1            seqscan            51.44 ms est=    103465 act=    100000
    all                  ext=0 range_0.2              seqscan            47.23 ms est=    203110 act=    200000
    all                  ext=0 tsrange_0.2            seqscan            52.77 ms est=    204674 act=    200000
    all                  ext=0 range_0.5              seqscan            52.36 ms est=    494949 act=    500000
    all                  ext=0 tsrange_0.5            seqscan            58.67 ms est=    508212 act=    500000
    all                  ext=0 conj_dep_a7            bitmapscan          0.03 ms est=        97 act=        96
    all                  ext=0 conj_indep_a7          bitmapscan          0.04 ms est=        99 act=       109
    all                  ext=0 conj_dep_a44           bitmapscan          0.04 ms est=        84 act=        85
    all                  ext=0 conj_indep_a44         bitmapscan          0.03 ms est=        92 act=        97
    all                  ext=0 conj_dep_a46           bitmapscan          0.03 ms est=        86 act=        91
    all                  ext=0 conj_indep_a46         bitmapscan          0.03 ms est=        97 act=        93
    all                  ext=0 conj_dep_a70           bitmapscan          0.04 ms est=       117 act=        93
    all                  ext=0 conj_indep_a70         bitmapscan          0.05 ms est=       102 act=       111
    all                  ext=0 conj_dep_a80           bitmapscan          0.03 ms est=       101 act=        85
    all                  ext=0 conj_indep_a80         bitmapscan          0.04 ms est=       105 act=       102
    all_no_brin          ext=0 eq_v1                  bitmapscan          1.80 ms est=      5067 act=      4978
    all_no_brin          ext=0 eq_v1224               bitmapscan          0.05 ms est=        96 act=       134
    all_no_brin          ext=0 eq_v2331               bitmapscan          0.04 ms est=        96 act=        96
    all_no_brin          ext=0 eq_v2536               bitmapscan          0.04 ms est=        96 act=        78
    all_no_brin          ext=0 eq_v7565               bitmapscan          0.03 ms est=        96 act=        68
    all_no_brin          ext=0 eq_v7901               bitmapscan          0.02 ms est=        96 act=        60
    all_no_brin          ext=0 eq_v9214               bitmapscan          0.02 ms est=        96 act=        53
    all_no_brin          ext=0 eq_v9606               bitmapscan          0.02 ms est=        96 act=        32
    all_no_brin          ext=0 range_1e-05            bitmapscan          0.02 ms est=        96 act=        32
    all_no_brin          ext=0 tsrange_1e-05          bitmapscan          0.01 ms est=         8 act=        10
    all_no_brin          ext=0 range_0.0001           bitmapscan          0.04 ms est=        96 act=       100
    all_no_brin          ext=0 tsrange_0.0001         bitmapscan          0.04 ms est=       103 act=       100
    all_no_brin          ext=0 range_0.001            bitmapscan          0.36 ms est=       931 act=      1000
    all_no_brin          ext=0 tsrange_0.001          bitmapscan          0.34 ms est=       910 act=      1000
    all_no_brin          ext=0 range_0.01             bitmapscan          4.11 ms est=      9413 act=     10000
    all_no_brin          ext=0 tsrange_0.01           bitmapscan          4.44 ms est=      9483 act=     10000
    all_no_brin          ext=0 range_0.05             bitmapscan         11.01 ms est=     46884 act=     50000
    all_no_brin          ext=0 tsrange_0.05           bitmapscan         11.87 ms est=     49580 act=     50000
    all_no_brin          ext=0 range_0.1              bitmapscan         15.77 ms est=     98367 act=    100000
    all_no_brin          ext=0 tsrange_0.1            bitmapscan         16.52 ms est=    100180 act=    100000
    all_no_brin          ext=0 range_0.2              bitmapscan         23.49 ms est=    200011 act=    200000
    all_no_brin          ext=0 tsrange_0.2            bitmapscan         25.33 ms est=    200677 act=    200000
    all_no_brin          ext=0 range_0.5              bitmapscan         39.32 ms est=    497499 act=    500000
    all_no_brin          ext=0 tsrange_0.5            seqscan            58.89 ms est=    500804 act=    500000
    all_no_brin          ext=0 conj_dep_a7            bitmapscan          0.04 ms est=        92 act=        96
    all_no_brin          ext=0 conj_indep_a7          bitmapscan          0.05 ms est=       102 act=       109
    all_no_brin          ext=0 conj_dep_a44           bitmapscan          0.03 ms est=        84 act=        85
    all_no_brin          ext=0 conj_indep_a44         bitmapscan          0.03 ms est=        92 act=        97
    all_no_brin          ext=0 conj_dep_a46           bitmapscan          0.04 ms est=       105 act=        91
    all_no_brin          ext=0 conj_indep_a46         bitmapscan          0.03 ms est=       101 act=        93
    all_no_brin          ext=0 conj_dep_a70           bitmapscan          0.03 ms est=       105 act=        93
    all_no_brin          ext=0 conj_indep_a70         bitmapscan          0.04 ms est=       102 act=       111
    all_no_brin          ext=0 conj_dep_a80           bitmapscan          0.03 ms est=       109 act=        85
    all_no_brin          ext=0 conj_indep_a80         bitmapscan          0.03 ms est=        97 act=       102
    all                  ext=1 conj_dep_a7            bitmapscan          0.04 ms est=       101 act=        96
    all                  ext=1 conj_indep_a7          bitmapscan          0.04 ms est=       104 act=       109
    all                  ext=1 conj_dep_a44           bitmapscan          0.04 ms est=        87 act=        85
    all                  ext=1 conj_indep_a44         bitmapscan          0.05 ms est=        83 act=        97
    all                  ext=1 conj_dep_a46           bitmapscan          0.04 ms est=        98 act=        91
    all                  ext=1 conj_indep_a46         bitmapscan          0.04 ms est=       111 act=        93
    all                  ext=1 conj_dep_a70           bitmapscan          0.03 ms est=        92 act=        93
    all                  ext=1 conj_indep_a70         bitmapscan          0.04 ms est=       100 act=       111
    all                  ext=1 conj_dep_a80           bitmapscan          0.04 ms est=        91 act=        85
    all                  ext=1 conj_indep_a80         bitmapscan          0.04 ms est=        90 act=       102
    none                 ext=1 conj_dep_a7            seqscan            45.26 ms est=        82 act=        96
    none                 ext=1 conj_indep_a7          seqscan            45.62 ms est=        89 act=       109
    none                 ext=1 conj_dep_a44           seqscan            43.95 ms est=        99 act=        85
    none                 ext=1 conj_indep_a44         seqscan            43.17 ms est=        99 act=        97
    none                 ext=1 conj_dep_a46           seqscan            42.19 ms est=        91 act=        91
    none                 ext=1 conj_indep_a46         seqscan            42.29 ms est=        97 act=        93
    none                 ext=1 conj_dep_a70           seqscan            42.58 ms est=        90 act=        93
    none                 ext=1 conj_indep_a70         seqscan            42.03 ms est=        94 act=       111
    none                 ext=1 conj_dep_a80           seqscan            41.80 ms est=       115 act=        85
    none                 ext=1 conj_indep_a80         seqscan            42.23 ms est=       101 act=       102
    btree_a_b_separate   ext=1 conj_dep_a7            bitmapscan          1.87 ms est=        92 act=        96
    btree_a_b_separate   ext=1 conj_indep_a7          bitmapscan          1.87 ms est=        92 act=       109
    btree_a_b_separate   ext=1 conj_dep_a44           bitmapscan          1.87 ms est=        98 act=        85
    btree_a_b_separate   ext=1 conj_indep_a44         bitmapscan          1.86 ms est=       107 act=        97
    btree_a_b_separate   ext=1 conj_dep_a46           bitmapscan          1.97 ms est=       108 act=        91
    btree_a_b_separate   ext=1 conj_indep_a46         bitmapscan          1.96 ms est=       117 act=        93
    btree_a_b_separate   ext=1 conj_dep_a70           bitmapscan          1.89 ms est=        90 act=        93
    btree_a_b_separate   ext=1 conj_indep_a70         bitmapscan          1.90 ms est=       102 act=       111
    btree_a_b_separate   ext=1 conj_dep_a80           bitmapscan          1.91 ms est=        95 act=        85
    btree_a_b_separate   ext=1 conj_indep_a80         bitmapscan          1.92 ms est=       112 act=       102
    btree_ab_composite   ext=1 conj_dep_a7            bitmapscan          0.03 ms est=       103 act=        96
    btree_ab_composite   ext=1 conj_indep_a7          bitmapscan          0.05 ms est=       117 act=       109
    btree_ab_composite   ext=1 conj_dep_a44           bitmapscan          0.04 ms est=        94 act=        85
    btree_ab_composite   ext=1 conj_indep_a44         bitmapscan          0.04 ms est=        95 act=        97
    btree_ab_composite   ext=1 conj_dep_a46           bitmapscan          0.04 ms est=        94 act=        91
    btree_ab_composite   ext=1 conj_indep_a46         bitmapscan          0.04 ms est=        96 act=        93
    btree_ab_composite   ext=1 conj_dep_a70           bitmapscan          0.03 ms est=        94 act=        93
    btree_ab_composite   ext=1 conj_indep_a70         bitmapscan          0.04 ms est=        96 act=       111
    btree_ab_composite   ext=1 conj_dep_a80           bitmapscan          0.04 ms est=        96 act=        85
    btree_ab_composite   ext=1 conj_indep_a80         bitmapscan          0.04 ms est=       107 act=       102
  218 new measurements
  dropped t_skew05

=== dataset skew10 ===
  generated in 1.6s -> t_skew10.csv
  loaded in 1.2s
  ts correlation: designed=0.0 realised=0.0024 pg_stats=0.01361477
  34 queries
    none                 ext=0 eq_v1                  seqscan            69.94 ms est=    100833 act=    101636
    none                 ext=0 eq_v1609               seqscan            67.45 ms est=        81 act=        72
    none                 ext=0 eq_v2716               seqscan            66.91 ms est=        81 act=        37
    none                 ext=0 eq_v4914               seqscan            67.00 ms est=        81 act=        18
    none                 ext=0 eq_v5779               seqscan            66.46 ms est=        81 act=        11
    none                 ext=0 eq_v6444               seqscan            64.73 ms est=        81 act=        24
    none                 ext=0 eq_v7309               seqscan            65.13 ms est=        81 act=        15
    none                 ext=0 eq_v9630               seqscan            64.02 ms est=        81 act=         2
    none                 ext=0 range_1e-05            seqscan            64.33 ms est=        81 act=        10
    none                 ext=0 tsrange_1e-05          seqscan            75.63 ms est=         1 act=        10
    none                 ext=0 range_0.0001           seqscan            65.25 ms est=        81 act=       100
    none                 ext=0 tsrange_0.0001         seqscan            75.46 ms est=         1 act=       100
    none                 ext=0 range_0.001            seqscan            66.55 ms est=       712 act=      1000
    none                 ext=0 tsrange_0.001          seqscan            74.03 ms est=       875 act=      1000
    none                 ext=0 range_0.01             seqscan            64.58 ms est=      9865 act=     10000
    none                 ext=0 tsrange_0.01           seqscan            73.05 ms est=     10232 act=     10000
    none                 ext=0 range_0.05             seqscan            65.19 ms est=     48461 act=     50000
    none                 ext=0 tsrange_0.05           seqscan            71.84 ms est=     48691 act=     50000
    none                 ext=0 range_0.1              seqscan            65.83 ms est=     98906 act=    100000
    none                 ext=0 tsrange_0.1            seqscan            73.44 ms est=     95448 act=    100000
    none                 ext=0 range_0.2              seqscan            66.04 ms est=    202727 act=    200000
    none                 ext=0 tsrange_0.2            seqscan            71.84 ms est=    194148 act=    200000
    none                 ext=0 range_0.5              seqscan            69.28 ms est=    504354 act=    500000
    none                 ext=0 tsrange_0.5            seqscan            77.72 ms est=    498034 act=    500000
    none                 ext=0 conj_dep_a7            seqscan            59.79 ms est=        96 act=        96
    none                 ext=0 conj_indep_a7          seqscan            59.19 ms est=        88 act=       109
    none                 ext=0 conj_dep_a44           seqscan            58.86 ms est=        83 act=        85
    none                 ext=0 conj_indep_a44         seqscan            58.57 ms est=        89 act=        97
    none                 ext=0 conj_dep_a46           seqscan            57.40 ms est=        85 act=        91
    none                 ext=0 conj_indep_a46         seqscan            57.12 ms est=        99 act=        93
    none                 ext=0 conj_dep_a70           seqscan            56.82 ms est=        90 act=        93
    none                 ext=0 conj_indep_a70         seqscan            56.03 ms est=        81 act=       111
    none                 ext=0 conj_dep_a80           seqscan            55.62 ms est=        92 act=        85
    none                 ext=0 conj_indep_a80         seqscan            55.12 ms est=        86 act=       102
    btree_skew           ext=0 eq_v1                  bitmapscan         14.38 ms est=    105233 act=    101636
    btree_skew           ext=0 eq_v1609               bitmapscan          0.03 ms est=        82 act=        72
    btree_skew           ext=0 eq_v2716               bitmapscan          0.02 ms est=        82 act=        37
    btree_skew           ext=0 eq_v4914               bitmapscan          0.01 ms est=        82 act=        18
    btree_skew           ext=0 eq_v5779               bitmapscan          0.02 ms est=        82 act=        11
    btree_skew           ext=0 eq_v6444               bitmapscan          0.02 ms est=        82 act=        24
    btree_skew           ext=0 eq_v7309               bitmapscan          0.02 ms est=        82 act=        15
    btree_skew           ext=0 eq_v9630               bitmapscan          0.01 ms est=        82 act=         2
    btree_skew           ext=0 range_1e-05            bitmapscan          0.01 ms est=        82 act=        10
    btree_skew           ext=0 range_0.0001           bitmapscan          0.04 ms est=        82 act=       100
    btree_skew           ext=0 range_0.001            bitmapscan          0.33 ms est=       802 act=      1000
    btree_skew           ext=0 range_0.01             bitmapscan          3.80 ms est=      9957 act=     10000
    btree_skew           ext=0 range_0.05             bitmapscan         10.81 ms est=     48500 act=     50000
    btree_skew           ext=0 range_0.1              bitmapscan         15.08 ms est=     95691 act=    100000
    btree_skew           ext=0 range_0.2              bitmapscan         22.42 ms est=    196949 act=    200000
    btree_skew           ext=0 range_0.5              bitmapscan         38.20 ms est=    498188 act=    500000
    hash_skew            ext=0 eq_v1                  bitmapscan         17.39 ms est=    102567 act=    101636
    hash_skew            ext=0 eq_v1609               bitmapscan          0.04 ms est=        81 act=        72
    hash_skew            ext=0 eq_v2716               bitmapscan          0.02 ms est=        81 act=        37
    hash_skew            ext=0 eq_v4914               bitmapscan          0.01 ms est=        81 act=        18
    hash_skew            ext=0 eq_v5779               bitmapscan          0.01 ms est=        81 act=        11
    hash_skew            ext=0 eq_v6444               bitmapscan          0.02 ms est=        81 act=        24
    hash_skew            ext=0 eq_v7309               bitmapscan          0.01 ms est=        81 act=        15
    hash_skew            ext=0 eq_v9630               bitmapscan          0.01 ms est=        81 act=         2
    brin_skew            ext=0 eq_v1                  seqscan            41.80 ms est=    102933 act=    101636
    brin_skew            ext=0 eq_v1609               seqscan            39.95 ms est=        82 act=        72
    brin_skew            ext=0 eq_v2716               seqscan            40.19 ms est=        82 act=        37
    brin_skew            ext=0 eq_v4914               seqscan            40.02 ms est=        82 act=        18
    brin_skew            ext=0 eq_v5779               seqscan            39.91 ms est=        82 act=        11
    brin_skew            ext=0 eq_v6444               seqscan            40.74 ms est=        82 act=        24
    brin_skew            ext=0 eq_v7309               seqscan            39.85 ms est=        82 act=        15
    brin_skew            ext=0 eq_v9630               seqscan            40.23 ms est=        82 act=         2
    brin_skew            ext=0 range_1e-05            seqscan            41.14 ms est=        82 act=        10
    brin_skew            ext=0 range_0.0001           seqscan            43.53 ms est=        82 act=       100
    brin_skew            ext=0 range_0.001            seqscan            44.95 ms est=       700 act=      1000
    brin_skew            ext=0 range_0.01             seqscan            44.87 ms est=     10339 act=     10000
    brin_skew            ext=0 range_0.05             seqscan            47.24 ms est=     49797 act=     50000
    brin_skew            ext=0 range_0.1              seqscan            48.40 ms est=    101284 act=    100000
    brin_skew            ext=0 range_0.2              seqscan            49.66 ms est=    198777 act=    200000
    brin_skew            ext=0 range_0.5              seqscan            53.17 ms est=    500408 act=    500000
    btree_a_b_separate   ext=0 conj_dep_a7            bitmapscan          1.87 ms est=       109 act=        96
    btree_a_b_separate   ext=0 conj_indep_a7          bitmapscan          1.96 ms est=       114 act=       109
    btree_a_b_separate   ext=0 conj_dep_a44           bitmapscan          1.86 ms est=        94 act=        85
    btree_a_b_separate   ext=0 conj_indep_a44         bitmapscan          1.87 ms est=       103 act=        97
    btree_a_b_separate   ext=0 conj_dep_a46           bitmapscan          1.95 ms est=        96 act=        91
    btree_a_b_separate   ext=0 conj_indep_a46         bitmapscan          2.02 ms est=       102 act=        93
    btree_a_b_separate   ext=0 conj_dep_a70           bitmapscan          1.92 ms est=        98 act=        93
    btree_a_b_separate   ext=0 conj_indep_a70         bitmapscan          1.89 ms est=        98 act=       111
    btree_a_b_separate   ext=0 conj_dep_a80           bitmapscan          1.93 ms est=        89 act=        85
    btree_a_b_separate   ext=0 conj_indep_a80         bitmapscan          2.00 ms est=        97 act=       102
    btree_ab_composite   ext=0 conj_dep_a7            bitmapscan          0.04 ms est=        91 act=        96
    btree_ab_composite   ext=0 conj_indep_a7          bitmapscan          0.04 ms est=        92 act=       109
    btree_ab_composite   ext=0 conj_dep_a44           bitmapscan          0.03 ms est=       104 act=        85
    btree_ab_composite   ext=0 conj_indep_a44         bitmapscan          0.03 ms est=       104 act=        97
    btree_ab_composite   ext=0 conj_dep_a46           bitmapscan          0.04 ms est=       100 act=        91
    btree_ab_composite   ext=0 conj_indep_a46         bitmapscan          0.03 ms est=        94 act=        93
    btree_ab_composite   ext=0 conj_dep_a70           bitmapscan          0.03 ms est=        97 act=        93
    btree_ab_composite   ext=0 conj_indep_a70         bitmapscan          0.05 ms est=        97 act=       111
    btree_ab_composite   ext=0 conj_dep_a80           bitmapscan          0.03 ms est=       106 act=        85
    btree_ab_composite   ext=0 conj_indep_a80         bitmapscan          0.04 ms est=       103 act=       102
    btree_ts             ext=0 tsrange_1e-05          bitmapscan          0.01 ms est=         9 act=        10
    btree_ts             ext=0 tsrange_0.0001         bitmapscan          0.03 ms est=       121 act=       100
    btree_ts             ext=0 tsrange_0.001          bitmapscan          0.38 ms est=      1067 act=      1000
    btree_ts             ext=0 tsrange_0.01           bitmapscan          3.82 ms est=     10948 act=     10000
    btree_ts             ext=0 tsrange_0.05           bitmapscan         10.97 ms est=     51662 act=     50000
    btree_ts             ext=0 tsrange_0.1            bitmapscan         15.98 ms est=    100129 act=    100000
    btree_ts             ext=0 tsrange_0.2            bitmapscan         24.28 ms est=    200366 act=    200000
    btree_ts             ext=0 tsrange_0.5            seqscan            61.59 ms est=    500361 act=    500000
    brin_ts              ext=0 tsrange_1e-05          seqscan            52.89 ms est=         1 act=        10
    brin_ts              ext=0 tsrange_0.0001         seqscan            52.14 ms est=        11 act=       100
    brin_ts              ext=0 tsrange_0.001          seqscan            52.66 ms est=       923 act=      1000
    brin_ts              ext=0 tsrange_0.01           seqscan            53.00 ms est=     10542 act=     10000
    brin_ts              ext=0 tsrange_0.05           seqscan            52.82 ms est=     51251 act=     50000
    brin_ts              ext=0 tsrange_0.1            seqscan            53.88 ms est=    101913 act=    100000
    brin_ts              ext=0 tsrange_0.2            seqscan            56.30 ms est=    199639 act=    200000
    brin_ts              ext=0 tsrange_0.5            seqscan            61.64 ms est=    495100 act=    500000
    all                  ext=0 eq_v1                  seqscan            45.65 ms est=     98967 act=    101636
    all                  ext=0 eq_v1609               bitmapscan          0.03 ms est=        82 act=        72
    all                  ext=0 eq_v2716               bitmapscan          0.02 ms est=        82 act=        37
    all                  ext=0 eq_v4914               bitmapscan          0.02 ms est=        82 act=        18
    all                  ext=0 eq_v5779               bitmapscan          0.01 ms est=        82 act=        11
    all                  ext=0 eq_v6444               bitmapscan          0.02 ms est=        82 act=        24
    all                  ext=0 eq_v7309               bitmapscan          0.02 ms est=        82 act=        15
    all                  ext=0 eq_v9630               bitmapscan          0.01 ms est=        82 act=         2
    all                  ext=0 range_1e-05            bitmapscan          0.01 ms est=        82 act=        10
    all                  ext=0 tsrange_1e-05          bitmapscan          0.01 ms est=         8 act=        10
    all                  ext=0 range_0.0001           bitmapscan          0.03 ms est=        82 act=       100
    all                  ext=0 tsrange_0.0001         bitmapscan          0.03 ms est=       102 act=       100
    all                  ext=0 range_0.001            bitmapscan          0.46 ms est=       867 act=      1000
    all                  ext=0 tsrange_0.001          indexscan           0.19 ms est=       897 act=      1000
    all                  ext=0 range_0.01             bitmapscan         55.23 ms est=     10062 act=     10000
    all                  ext=0 tsrange_0.01           indexscan           2.37 ms est=      9351 act=     10000
    all                  ext=0 range_0.05             seqscan            46.85 ms est=     49307 act=     50000
    all                  ext=0 tsrange_0.05           seqscan            52.70 ms est=     48175 act=     50000
    all                  ext=0 range_0.1              seqscan            48.59 ms est=     98182 act=    100000
    all                  ext=0 tsrange_0.1            seqscan            54.21 ms est=     98242 act=    100000
    all                  ext=0 range_0.2              seqscan            50.09 ms est=    201563 act=    200000
    all                  ext=0 tsrange_0.2            seqscan            55.96 ms est=    199775 act=    200000
    all                  ext=0 range_0.5              seqscan            53.76 ms est=    502353 act=    500000
    all                  ext=0 tsrange_0.5            seqscan            61.58 ms est=    495633 act=    500000
    all                  ext=0 conj_dep_a7            bitmapscan          0.04 ms est=        81 act=        96
    all                  ext=0 conj_indep_a7          bitmapscan          0.04 ms est=        89 act=       109
    all                  ext=0 conj_dep_a44           bitmapscan          0.03 ms est=        97 act=        85
    all                  ext=0 conj_indep_a44         bitmapscan          0.03 ms est=       107 act=        97
    all                  ext=0 conj_dep_a46           bitmapscan          0.03 ms est=       110 act=        91
    all                  ext=0 conj_indep_a46         bitmapscan          0.03 ms est=       117 act=        93
    all                  ext=0 conj_dep_a70           bitmapscan          0.03 ms est=       100 act=        93
    all                  ext=0 conj_indep_a70         bitmapscan          0.04 ms est=       106 act=       111
    all                  ext=0 conj_dep_a80           bitmapscan          0.03 ms est=       103 act=        85
    all                  ext=0 conj_indep_a80         bitmapscan          0.05 ms est=       105 act=       102
    all_no_brin          ext=0 eq_v1                  bitmapscan         14.56 ms est=    101600 act=    101636
    all_no_brin          ext=0 eq_v1609               bitmapscan          0.03 ms est=        81 act=        72
    all_no_brin          ext=0 eq_v2716               bitmapscan          0.03 ms est=        81 act=        37
    all_no_brin          ext=0 eq_v4914               bitmapscan          0.01 ms est=        81 act=        18
    all_no_brin          ext=0 eq_v5779               bitmapscan          0.01 ms est=        81 act=        11
    all_no_brin          ext=0 eq_v6444               bitmapscan          0.02 ms est=        81 act=        24
    all_no_brin          ext=0 eq_v7309               bitmapscan          0.01 ms est=        81 act=        15
    all_no_brin          ext=0 eq_v9630               bitmapscan          0.01 ms est=        81 act=         2
    all_no_brin          ext=0 range_1e-05            bitmapscan          0.01 ms est=        81 act=        10
    all_no_brin          ext=0 tsrange_1e-05          bitmapscan          0.01 ms est=         8 act=        10
    all_no_brin          ext=0 range_0.0001           bitmapscan          0.04 ms est=        81 act=       100
    all_no_brin          ext=0 tsrange_0.0001         bitmapscan          0.04 ms est=       111 act=       100
    all_no_brin          ext=0 range_0.001            bitmapscan          0.35 ms est=       708 act=      1000
    all_no_brin          ext=0 tsrange_0.001          bitmapscan          0.36 ms est=       974 act=      1000
    all_no_brin          ext=0 range_0.01             bitmapscan          3.75 ms est=     10031 act=     10000
    all_no_brin          ext=0 tsrange_0.01           bitmapscan          3.97 ms est=     10158 act=     10000
    all_no_brin          ext=0 range_0.05             bitmapscan         11.03 ms est=     49512 act=     50000
    all_no_brin          ext=0 tsrange_0.05           bitmapscan         11.51 ms est=     50001 act=     50000
    all_no_brin          ext=0 range_0.1              bitmapscan         15.28 ms est=     97363 act=    100000
    all_no_brin          ext=0 tsrange_0.1            bitmapscan         16.18 ms est=    100945 act=    100000
    all_no_brin          ext=0 range_0.2              bitmapscan         22.76 ms est=    199834 act=    200000
    all_no_brin          ext=0 tsrange_0.2            bitmapscan         24.42 ms est=    198452 act=    200000
    all_no_brin          ext=0 range_0.5              bitmapscan         38.88 ms est=    499249 act=    500000
    all_no_brin          ext=0 tsrange_0.5            seqscan            62.30 ms est=    503057 act=    500000
    all_no_brin          ext=0 conj_dep_a7            bitmapscan          0.05 ms est=        99 act=        96
    all_no_brin          ext=0 conj_indep_a7          bitmapscan          0.04 ms est=        97 act=       109
    all_no_brin          ext=0 conj_dep_a44           bitmapscan          0.03 ms est=       106 act=        85
    all_no_brin          ext=0 conj_indep_a44         bitmapscan          0.04 ms est=       107 act=        97
    all_no_brin          ext=0 conj_dep_a46           bitmapscan          0.03 ms est=       111 act=        91
    all_no_brin          ext=0 conj_indep_a46         bitmapscan          0.03 ms est=       100 act=        93
    all_no_brin          ext=0 conj_dep_a70           bitmapscan          0.03 ms est=        94 act=        93
    all_no_brin          ext=0 conj_indep_a70         bitmapscan          0.04 ms est=        99 act=       111
    all_no_brin          ext=0 conj_dep_a80           bitmapscan          0.03 ms est=       107 act=        85
    all_no_brin          ext=0 conj_indep_a80         bitmapscan          0.03 ms est=       104 act=       102
    all                  ext=1 conj_dep_a7            bitmapscan          0.04 ms est=        91 act=        96
    all                  ext=1 conj_indep_a7          bitmapscan          0.05 ms est=        93 act=       109
    all                  ext=1 conj_dep_a44           bitmapscan          0.03 ms est=        84 act=        85
    all                  ext=1 conj_indep_a44         bitmapscan          0.04 ms est=        87 act=        97
    all                  ext=1 conj_dep_a46           bitmapscan          0.03 ms est=       107 act=        91
    all                  ext=1 conj_indep_a46         bitmapscan          0.03 ms est=       108 act=        93
    all                  ext=1 conj_dep_a70           bitmapscan          0.03 ms est=        88 act=        93
    all                  ext=1 conj_indep_a70         bitmapscan          0.04 ms est=        97 act=       111
    all                  ext=1 conj_dep_a80           bitmapscan          0.03 ms est=       101 act=        85
    all                  ext=1 conj_indep_a80         bitmapscan          0.06 ms est=       102 act=       102
    none                 ext=1 conj_dep_a7            seqscan            49.89 ms est=       105 act=        96
    none                 ext=1 conj_indep_a7          seqscan            49.21 ms est=        94 act=       109
    none                 ext=1 conj_dep_a44           seqscan            48.34 ms est=        98 act=        85
    none                 ext=1 conj_indep_a44         seqscan            47.66 ms est=       104 act=        97
    none                 ext=1 conj_dep_a46           seqscan            47.07 ms est=        96 act=        91
    none                 ext=1 conj_indep_a46         seqscan            46.95 ms est=       108 act=        93
    none                 ext=1 conj_dep_a70           seqscan            45.70 ms est=        91 act=        93
    none                 ext=1 conj_indep_a70         seqscan            45.50 ms est=        86 act=       111
    none                 ext=1 conj_dep_a80           seqscan            44.92 ms est=       100 act=        85
    none                 ext=1 conj_indep_a80         seqscan            45.55 ms est=        98 act=       102
    btree_a_b_separate   ext=1 conj_dep_a7            bitmapscan          1.88 ms est=       113 act=        96
    btree_a_b_separate   ext=1 conj_indep_a7          bitmapscan          1.89 ms est=       115 act=       109
    btree_a_b_separate   ext=1 conj_dep_a44           bitmapscan          1.91 ms est=        92 act=        85
    btree_a_b_separate   ext=1 conj_indep_a44         bitmapscan          1.83 ms est=        99 act=        97
    btree_a_b_separate   ext=1 conj_dep_a46           bitmapscan          1.76 ms est=       106 act=        91
    btree_a_b_separate   ext=1 conj_indep_a46         bitmapscan          1.84 ms est=       103 act=        93
    btree_a_b_separate   ext=1 conj_dep_a70           bitmapscan          1.88 ms est=        98 act=        93
    btree_a_b_separate   ext=1 conj_indep_a70         bitmapscan          1.78 ms est=       100 act=       111
    btree_a_b_separate   ext=1 conj_dep_a80           bitmapscan          1.87 ms est=       108 act=        85
    btree_a_b_separate   ext=1 conj_indep_a80         bitmapscan          1.95 ms est=       100 act=       102
    btree_ab_composite   ext=1 conj_dep_a7            bitmapscan          0.05 ms est=        86 act=        96
    btree_ab_composite   ext=1 conj_indep_a7          bitmapscan          0.03 ms est=        73 act=       109
    btree_ab_composite   ext=1 conj_dep_a44           bitmapscan          0.03 ms est=        87 act=        85
    btree_ab_composite   ext=1 conj_indep_a44         bitmapscan          0.04 ms est=        86 act=        97
    btree_ab_composite   ext=1 conj_dep_a46           bitmapscan          0.04 ms est=        95 act=        91
    btree_ab_composite   ext=1 conj_indep_a46         bitmapscan          0.04 ms est=        92 act=        93
    btree_ab_composite   ext=1 conj_dep_a70           bitmapscan          0.03 ms est=       102 act=        93
    btree_ab_composite   ext=1 conj_indep_a70         bitmapscan          0.05 ms est=       112 act=       111
    btree_ab_composite   ext=1 conj_dep_a80           bitmapscan          0.03 ms est=       104 act=        85
    btree_ab_composite   ext=1 conj_indep_a80         bitmapscan          0.03 ms est=       106 act=       102
  218 new measurements
  dropped t_skew10

=== dataset skew15 ===
  generated in 1.6s -> t_skew15.csv
  loaded in 1.2s
  ts correlation: designed=0.0 realised=0.0024 pg_stats=-0.009419238
  34 queries
    none                 ext=0 eq_v1                  seqscan            74.98 ms est=    382733 act=    385122
    none                 ext=0 eq_v1442               seqscan            67.68 ms est=        63 act=        13
    none                 ext=0 eq_v1801               seqscan            68.37 ms est=        63 act=         5
    none                 ext=0 eq_v2707               seqscan            67.39 ms est=        63 act=         1
    none                 ext=0 eq_v4170               seqscan            66.25 ms est=        63 act=         3
    none                 ext=0 eq_v5884               seqscan            66.45 ms est=        63 act=         2
    none                 ext=0 eq_v7275               seqscan            67.53 ms est=        63 act=         1
    none                 ext=0 eq_v9896               seqscan            67.75 ms est=        63 act=         1
    none                 ext=0 range_1e-05            seqscan            65.37 ms est=        63 act=        10
    none                 ext=0 tsrange_1e-05          seqscan            78.50 ms est=         1 act=        10
    none                 ext=0 range_0.0001           seqscan            65.14 ms est=        63 act=       100
    none                 ext=0 tsrange_0.0001         seqscan            78.06 ms est=        13 act=       100
    none                 ext=0 range_0.001            seqscan            61.83 ms est=       777 act=      1000
    none                 ext=0 tsrange_0.001          seqscan            73.95 ms est=       896 act=      1000
    none                 ext=0 range_0.01             seqscan            61.02 ms est=     10126 act=     10000
    none                 ext=0 tsrange_0.01           seqscan            72.75 ms est=     10295 act=     10000
    none                 ext=0 range_0.05             seqscan            61.00 ms est=     47571 act=     50000
    none                 ext=0 tsrange_0.05           seqscan            76.37 ms est=     50656 act=     50000
    none                 ext=0 range_0.1              seqscan            60.99 ms est=     97444 act=    100000
    none                 ext=0 tsrange_0.1            seqscan            72.85 ms est=     99461 act=    100000
    none                 ext=0 range_0.2              seqscan            65.88 ms est=    196996 act=    200000
    none                 ext=0 tsrange_0.2            seqscan            76.75 ms est=    201111 act=    200000
    none                 ext=0 range_0.5              seqscan            73.27 ms est=    503367 act=    499843
