Output tag: 1500k  ->  measurements_1500k.jsonl
Datasets: ['phys05', 'phys095', 'phys10']  rows=1500000
Already measured: 0 records
Server: PostgreSQL 17.1 on x86_64-windows, compiled by msvc-19.41.34123, 64-bit

=== dataset phys05 ===
  generated in 2.5s -> t_phys05.csv
  loaded in 1.8s
  ts correlation: designed=0.5 realised=0.4982 pg_stats=0.495318
  34 queries
    none                 ext=0 eq_v432                seqscan           109.44 ms est=       149 act=       137
    none                 ext=0 eq_v1062               seqscan           108.61 ms est=       149 act=       143
    none                 ext=0 eq_v3726               seqscan           108.19 ms est=       149 act=       152
    none                 ext=0 eq_v5105               seqscan           107.30 ms est=       149 act=       163
    none                 ext=0 eq_v6157               seqscan           110.29 ms est=       149 act=       199
    none                 ext=0 eq_v6696               seqscan           105.81 ms est=       149 act=       148
    none                 ext=0 eq_v6922               seqscan           106.75 ms est=       149 act=       157
    none                 ext=0 eq_v8442               seqscan           104.86 ms est=       149 act=       105
    none                 ext=0 range_1e-05            seqscan           106.60 ms est=       149 act=       105
    none                 ext=0 tsrange_1e-05          seqscan           124.31 ms est=         1 act=        15
    none                 ext=0 range_0.0001           seqscan           114.31 ms est=       149 act=       150
    none                 ext=0 tsrange_0.0001         seqscan           125.16 ms est=         1 act=       150
    none                 ext=0 range_0.001            seqscan           110.76 ms est=      1457 act=      1500
    none                 ext=0 tsrange_0.001          seqscan           119.76 ms est=      1247 act=      1500
    none                 ext=0 range_0.01             seqscan           107.21 ms est=     14742 act=     15000
    none                 ext=0 tsrange_0.01           seqscan           114.06 ms est=     14204 act=     15000
    none                 ext=0 range_0.05             seqscan           102.03 ms est=     74465 act=     75000
    none                 ext=0 tsrange_0.05           seqscan           111.71 ms est=     74304 act=     75000
    none                 ext=0 range_0.1              seqscan           103.71 ms est=    146678 act=    150000
    none                 ext=0 tsrange_0.1            seqscan           113.52 ms est=    149994 act=    150000
    none                 ext=0 range_0.2              seqscan           104.91 ms est=    300029 act=    300000
    none                 ext=0 tsrange_0.2            seqscan           113.11 ms est=    301487 act=    300000
    none                 ext=0 range_0.5              seqscan           112.27 ms est=    750028 act=    750000
    none                 ext=0 tsrange_0.5            seqscan           119.94 ms est=    748253 act=    750000
    none                 ext=0 conj_dep_a33           seqscan            94.85 ms est=       183 act=       140
    none                 ext=0 conj_indep_a33         seqscan            93.78 ms est=       176 act=       172
    none                 ext=0 conj_dep_a44           seqscan            93.93 ms est=       143 act=       144
    none                 ext=0 conj_indep_a44         seqscan            92.74 ms est=       129 act=       150
    none                 ext=0 conj_dep_a59           seqscan            92.71 ms est=       154 act=       149
    none                 ext=0 conj_indep_a59         seqscan            91.82 ms est=       154 act=       149
    none                 ext=0 conj_dep_a64           seqscan            91.76 ms est=       166 act=       140
    none                 ext=0 conj_indep_a64         seqscan            92.42 ms est=       190 act=       152
    none                 ext=0 conj_dep_a80           seqscan            92.33 ms est=       159 act=       159
    none                 ext=0 conj_indep_a80         seqscan            91.06 ms est=       169 act=       152
    btree_skew           ext=0 eq_v432                bitmapscan          0.07 ms est=       150 act=       137
    btree_skew           ext=0 eq_v1062               bitmapscan          0.04 ms est=       150 act=       143
    btree_skew           ext=0 eq_v3726               bitmapscan          0.05 ms est=       150 act=       152
    btree_skew           ext=0 eq_v5105               bitmapscan          0.06 ms est=       150 act=       163
    btree_skew           ext=0 eq_v6157               bitmapscan          0.07 ms est=       150 act=       199
    btree_skew           ext=0 eq_v6696               bitmapscan          0.05 ms est=       150 act=       148
    btree_skew           ext=0 eq_v6922               bitmapscan          0.05 ms est=       150 act=       157
    btree_skew           ext=0 eq_v8442               bitmapscan          0.04 ms est=       150 act=       105
    btree_skew           ext=0 range_1e-05            bitmapscan          0.04 ms est=       150 act=       105
    btree_skew           ext=0 range_0.0001           bitmapscan          0.06 ms est=       150 act=       150
    btree_skew           ext=0 range_0.001            bitmapscan          0.55 ms est=      1483 act=      1500
    btree_skew           ext=0 range_0.01             bitmapscan          6.17 ms est=     14917 act=     15000
    btree_skew           ext=0 range_0.05             bitmapscan         80.37 ms est=     75471 act=     75000
    btree_skew           ext=0 range_0.1              bitmapscan         88.92 ms est=    150334 act=    150000
    btree_skew           ext=0 range_0.2              bitmapscan        102.30 ms est=    300422 act=    300000
    btree_skew           ext=0 range_0.5              bitmapscan        136.35 ms est=    745407 act=    750000
    hash_skew            ext=0 eq_v432                bitmapscan          0.05 ms est=       149 act=       137
    hash_skew            ext=0 eq_v1062               bitmapscan          0.06 ms est=       149 act=       143
    hash_skew            ext=0 eq_v3726               bitmapscan          0.06 ms est=       149 act=       152
    hash_skew            ext=0 eq_v5105               bitmapscan          0.05 ms est=       149 act=       163
    hash_skew            ext=0 eq_v6157               bitmapscan          0.07 ms est=       149 act=       199
    hash_skew            ext=0 eq_v6696               bitmapscan          0.05 ms est=       149 act=       148
    hash_skew            ext=0 eq_v6922               bitmapscan          0.05 ms est=       149 act=       157
    hash_skew            ext=0 eq_v8442               bitmapscan          0.04 ms est=       149 act=       105
    brin_skew            ext=0 eq_v432                seqscan            81.38 ms est=       150 act=       137
    brin_skew            ext=0 eq_v1062               seqscan            81.93 ms est=       150 act=       143
    brin_skew            ext=0 eq_v3726               seqscan            86.72 ms est=       150 act=       152
    brin_skew            ext=0 eq_v5105               seqscan            85.36 ms est=       150 act=       163
    brin_skew            ext=0 eq_v6157               seqscan            81.50 ms est=       150 act=       199
    brin_skew            ext=0 eq_v6696               seqscan            84.30 ms est=       150 act=       148
    brin_skew            ext=0 eq_v6922               seqscan            81.02 ms est=       150 act=       157
    brin_skew            ext=0 eq_v8442               seqscan            83.48 ms est=       150 act=       105
    brin_skew            ext=0 range_1e-05            seqscan            82.22 ms est=       150 act=       105
    brin_skew            ext=0 range_0.0001           seqscan            87.02 ms est=       150 act=       150
    brin_skew            ext=0 range_0.001            seqscan            86.59 ms est=      1494 act=      1500
    brin_skew            ext=0 range_0.01             seqscan            85.96 ms est=     14795 act=     15000
    brin_skew            ext=0 range_0.05             seqscan            86.88 ms est=     75531 act=     75000
    brin_skew            ext=0 range_0.1              seqscan            87.98 ms est=    150165 act=    150000
    brin_skew            ext=0 range_0.2              seqscan            90.51 ms est=    295876 act=    300000
    brin_skew            ext=0 range_0.5              seqscan            99.26 ms est=    748157 act=    750000
    btree_a_b_separate   ext=0 conj_dep_a33           bitmapscan          2.66 ms est=       144 act=       140
    btree_a_b_separate   ext=0 conj_indep_a33         bitmapscan          2.68 ms est=       149 act=       172
    btree_a_b_separate   ext=0 conj_dep_a44           bitmapscan          2.94 ms est=       171 act=       144
    btree_a_b_separate   ext=0 conj_indep_a44         bitmapscan          2.65 ms est=       167 act=       150
    btree_a_b_separate   ext=0 conj_dep_a59           bitmapscan          2.55 ms est=       147 act=       149
    btree_a_b_separate   ext=0 conj_indep_a59         bitmapscan          3.50 ms est=       141 act=       149
    btree_a_b_separate   ext=0 conj_dep_a64           bitmapscan          2.79 ms est=       149 act=       140
    btree_a_b_separate   ext=0 conj_indep_a64         bitmapscan          2.69 ms est=       179 act=       152
    btree_a_b_separate   ext=0 conj_dep_a80           bitmapscan          2.77 ms est=       147 act=       159
    btree_a_b_separate   ext=0 conj_indep_a80         bitmapscan          2.60 ms est=       156 act=       152
    btree_ab_composite   ext=0 conj_dep_a33           bitmapscan          0.05 ms est=       157 act=       140
    btree_ab_composite   ext=0 conj_indep_a33         bitmapscan          0.08 ms est=       127 act=       172
    btree_ab_composite   ext=0 conj_dep_a44           bitmapscan          0.07 ms est=       158 act=       144
    btree_ab_composite   ext=0 conj_indep_a44         bitmapscan          0.06 ms est=       159 act=       150
    btree_ab_composite   ext=0 conj_dep_a59           bitmapscan          0.05 ms est=       135 act=       149
    btree_ab_composite   ext=0 conj_indep_a59         bitmapscan          0.05 ms est=       131 act=       149
    btree_ab_composite   ext=0 conj_dep_a64           bitmapscan          0.05 ms est=       147 act=       140
    btree_ab_composite   ext=0 conj_indep_a64         bitmapscan          0.05 ms est=       149 act=       152
    btree_ab_composite   ext=0 conj_dep_a80           bitmapscan          0.07 ms est=       136 act=       159
    btree_ab_composite   ext=0 conj_indep_a80         bitmapscan          0.07 ms est=       141 act=       152
    btree_ts             ext=0 tsrange_1e-05          indexscan           0.01 ms est=        10 act=        15
    btree_ts             ext=0 tsrange_0.0001         indexscan           0.03 ms est=       122 act=       150
    btree_ts             ext=0 tsrange_0.001          indexscan           0.24 ms est=      1392 act=      1500
    btree_ts             ext=0 tsrange_0.01           bitmapscan          4.23 ms est=     14220 act=     15000
    btree_ts             ext=0 tsrange_0.05           bitmapscan         41.30 ms est=     76523 act=     75000
    btree_ts             ext=0 tsrange_0.1            bitmapscan         88.66 ms est=    151241 act=    150000
    btree_ts             ext=0 tsrange_0.2            bitmapscan        104.00 ms est=    297050 act=    300000
    btree_ts             ext=0 tsrange_0.5            seqscan            90.72 ms est=    746868 act=    750000
    brin_ts              ext=0 tsrange_1e-05          bitmapscan          4.30 ms est=         1 act=        15
    brin_ts              ext=0 tsrange_0.0001         bitmapscan         34.71 ms est=         1 act=       150
    brin_ts              ext=0 tsrange_0.001          bitmapscan        171.42 ms est=      1397 act=      1500
    brin_ts              ext=0 tsrange_0.01           bitmapscan        175.67 ms est=     15647 act=     15000
    brin_ts              ext=0 tsrange_0.05           bitmapscan        176.68 ms est=     77010 act=     75000
    brin_ts              ext=0 tsrange_0.1            bitmapscan        173.88 ms est=    151930 act=    150000
    brin_ts              ext=0 tsrange_0.2            bitmapscan        175.45 ms est=    301907 act=    300000
    brin_ts              ext=0 tsrange_0.5            seqscan            92.75 ms est=    749787 act=    750000
    all                  ext=0 eq_v432                bitmapscan          0.06 ms est=       149 act=       137
    all                  ext=0 eq_v1062               bitmapscan          0.05 ms est=       149 act=       143
    all                  ext=0 eq_v3726               bitmapscan          0.06 ms est=       149 act=       152
    all                  ext=0 eq_v5105               bitmapscan          0.06 ms est=       149 act=       163
    all                  ext=0 eq_v6157               bitmapscan          0.06 ms est=       149 act=       199
    all                  ext=0 eq_v6696               bitmapscan          0.05 ms est=       149 act=       148
    all                  ext=0 eq_v6922               bitmapscan          0.05 ms est=       149 act=       157
    all                  ext=0 eq_v8442               bitmapscan          0.04 ms est=       149 act=       105
    all                  ext=0 range_1e-05            bitmapscan          0.08 ms est=       149 act=       105
    all                  ext=0 tsrange_1e-05          indexscan           0.01 ms est=        10 act=        15
    all                  ext=0 range_0.0001           bitmapscan          0.08 ms est=       149 act=       150
    all                  ext=0 tsrange_0.0001         indexscan           0.03 ms est=       127 act=       150
    all                  ext=0 range_0.001            indexscan           0.26 ms est=      1445 act=      1500
    all                  ext=0 tsrange_0.001          indexscan           0.26 ms est=      1446 act=      1500
    all                  ext=0 range_0.01             seqscan            89.83 ms est=     14736 act=     15000
    all                  ext=0 tsrange_0.01           bitmapscan        170.61 ms est=     14771 act=     15000
    all                  ext=0 range_0.05             seqscan            70.70 ms est=     76470 act=     75000
    all                  ext=0 tsrange_0.05           bitmapscan        170.94 ms est=     74375 act=     75000
    all                  ext=0 range_0.1              seqscan            72.53 ms est=    146837 act=    150000
    all                  ext=0 tsrange_0.1            bitmapscan        171.46 ms est=    150641 act=    150000
    all                  ext=0 range_0.2              seqscan            75.93 ms est=    297238 act=    300000
    all                  ext=0 tsrange_0.2            bitmapscan        173.95 ms est=    298711 act=    300000
    all                  ext=0 range_0.5              seqscan            84.58 ms est=    751531 act=    750000
    all                  ext=0 tsrange_0.5            seqscan            91.40 ms est=    752420 act=    750000
    all                  ext=0 conj_dep_a33           bitmapscan          0.06 ms est=       135 act=       140
    all                  ext=0 conj_indep_a33         bitmapscan          0.06 ms est=       158 act=       172
    all                  ext=0 conj_dep_a44           bitmapscan          0.05 ms est=       150 act=       144
    all                  ext=0 conj_indep_a44         bitmapscan          0.06 ms est=       155 act=       150
    all                  ext=0 conj_dep_a59           bitmapscan          0.05 ms est=       156 act=       149
    all                  ext=0 conj_indep_a59         bitmapscan          0.04 ms est=       157 act=       149
    all                  ext=0 conj_dep_a64           bitmapscan          0.07 ms est=       150 act=       140
    all                  ext=0 conj_indep_a64         bitmapscan          0.06 ms est=       163 act=       152
    all                  ext=0 conj_dep_a80           bitmapscan          0.05 ms est=       150 act=       159
    all                  ext=0 conj_indep_a80         bitmapscan          0.05 ms est=       153 act=       152
    all_no_brin          ext=0 eq_v432                bitmapscan          0.06 ms est=       150 act=       137
    all_no_brin          ext=0 eq_v1062               bitmapscan          0.06 ms est=       150 act=       143
    all_no_brin          ext=0 eq_v3726               bitmapscan          0.06 ms est=       150 act=       152
    all_no_brin          ext=0 eq_v5105               bitmapscan          0.07 ms est=       150 act=       163
    all_no_brin          ext=0 eq_v6157               bitmapscan          0.07 ms est=       150 act=       199
    all_no_brin          ext=0 eq_v6696               bitmapscan          0.05 ms est=       150 act=       148
    all_no_brin          ext=0 eq_v6922               bitmapscan          0.08 ms est=       150 act=       157
    all_no_brin          ext=0 eq_v8442               bitmapscan          0.04 ms est=       150 act=       105
    all_no_brin          ext=0 range_1e-05            bitmapscan          0.04 ms est=       150 act=       105
    all_no_brin          ext=0 tsrange_1e-05          indexscan           0.01 ms est=        10 act=        15
    all_no_brin          ext=0 range_0.0001           bitmapscan          0.05 ms est=       150 act=       150
    all_no_brin          ext=0 tsrange_0.0001         indexscan           0.03 ms est=       125 act=       150
    all_no_brin          ext=0 range_0.001            bitmapscan          0.50 ms est=      1614 act=      1500
    all_no_brin          ext=0 tsrange_0.001          indexscan           0.21 ms est=      1429 act=      1500
    all_no_brin          ext=0 range_0.01             bitmapscan          6.20 ms est=     14506 act=     15000
    all_no_brin          ext=0 tsrange_0.01           bitmapscan          4.07 ms est=     14603 act=     15000
    all_no_brin          ext=0 range_0.05             bitmapscan         84.80 ms est=     74635 act=     75000
    all_no_brin          ext=0 tsrange_0.05           bitmapscan         72.53 ms est=     75159 act=     75000
    all_no_brin          ext=0 range_0.1              bitmapscan         91.35 ms est=    149599 act=    150000
    all_no_brin          ext=0 tsrange_0.1            bitmapscan         92.27 ms est=    148645 act=    150000
    all_no_brin          ext=0 range_0.2              bitmapscan        106.01 ms est=    296964 act=    300000
    all_no_brin          ext=0 tsrange_0.2            bitmapscan        107.62 ms est=    303838 act=    300000
    all_no_brin          ext=0 range_0.5              bitmapscan        137.60 ms est=    750714 act=    750000
    all_no_brin          ext=0 tsrange_0.5            seqscan            90.91 ms est=    753719 act=    750000
    all_no_brin          ext=0 conj_dep_a33           bitmapscan          0.04 ms est=       157 act=       140
    all_no_brin          ext=0 conj_indep_a33         bitmapscan          0.06 ms est=       167 act=       172
    all_no_brin          ext=0 conj_dep_a44           bitmapscan          0.04 ms est=       155 act=       144
    all_no_brin          ext=0 conj_indep_a44         bitmapscan          0.05 ms est=       151 act=       150
    all_no_brin          ext=0 conj_dep_a59           bitmapscan          0.06 ms est=       149 act=       149
    all_no_brin          ext=0 conj_indep_a59         bitmapscan          0.07 ms est=       151 act=       149
    all_no_brin          ext=0 conj_dep_a64           bitmapscan          0.05 ms est=       144 act=       140
    all_no_brin          ext=0 conj_indep_a64         bitmapscan          0.06 ms est=       137 act=       152
    all_no_brin          ext=0 conj_dep_a80           bitmapscan          0.07 ms est=       151 act=       159
    all_no_brin          ext=0 conj_indep_a80         bitmapscan          0.07 ms est=       142 act=       152
    all                  ext=1 conj_dep_a33           bitmapscan          0.05 ms est=       149 act=       140
    all                  ext=1 conj_indep_a33         bitmapscan          0.07 ms est=       145 act=       172
    all                  ext=1 conj_dep_a44           bitmapscan          0.09 ms est=       130 act=       144
    all                  ext=1 conj_indep_a44         bitmapscan          0.10 ms est=       143 act=       150
    all                  ext=1 conj_dep_a59           bitmapscan          0.05 ms est=       129 act=       149
    all                  ext=1 conj_indep_a59         bitmapscan          0.05 ms est=       134 act=       149
    all                  ext=1 conj_dep_a64           bitmapscan          0.06 ms est=       145 act=       140
    all                  ext=1 conj_indep_a64         bitmapscan          0.06 ms est=       128 act=       152
    all                  ext=1 conj_dep_a80           bitmapscan          0.05 ms est=       148 act=       159
    all                  ext=1 conj_indep_a80         bitmapscan          0.06 ms est=       148 act=       152
    none                 ext=1 conj_dep_a33           seqscan            90.59 ms est=       146 act=       140
    none                 ext=1 conj_indep_a33         seqscan            88.89 ms est=       134 act=       172
    none                 ext=1 conj_dep_a44           seqscan            88.42 ms est=       144 act=       144
    none                 ext=1 conj_indep_a44         seqscan            87.36 ms est=       143 act=       150
    none                 ext=1 conj_dep_a59           seqscan            87.68 ms est=       157 act=       149
    none                 ext=1 conj_indep_a59         seqscan            87.77 ms est=       152 act=       149
    none                 ext=1 conj_dep_a64           seqscan            86.04 ms est=       152 act=       140
    none                 ext=1 conj_indep_a64         seqscan            84.32 ms est=       160 act=       152
    none                 ext=1 conj_dep_a80           seqscan            83.84 ms est=       139 act=       159
    none                 ext=1 conj_indep_a80         seqscan            83.28 ms est=       154 act=       152
    btree_a_b_separate   ext=1 conj_dep_a33           bitmapscan          2.42 ms est=       171 act=       140
    btree_a_b_separate   ext=1 conj_indep_a33         bitmapscan          2.41 ms est=       170 act=       172
    btree_a_b_separate   ext=1 conj_dep_a44           bitmapscan          2.39 ms est=       127 act=       144
    btree_a_b_separate   ext=1 conj_indep_a44         bitmapscan          2.65 ms est=       130 act=       150
    btree_a_b_separate   ext=1 conj_dep_a59           bitmapscan          2.50 ms est=       146 act=       149
    btree_a_b_separate   ext=1 conj_indep_a59         bitmapscan          2.34 ms est=       156 act=       149
    btree_a_b_separate   ext=1 conj_dep_a64           bitmapscan          2.33 ms est=       138 act=       140
    btree_a_b_separate   ext=1 conj_indep_a64         bitmapscan          2.40 ms est=       130 act=       152
    btree_a_b_separate   ext=1 conj_dep_a80           bitmapscan          2.43 ms est=       141 act=       159
    btree_a_b_separate   ext=1 conj_indep_a80         bitmapscan          2.36 ms est=       158 act=       152
    btree_ab_composite   ext=1 conj_dep_a33           bitmapscan          0.05 ms est=       133 act=       140
    btree_ab_composite   ext=1 conj_indep_a33         bitmapscan          0.07 ms est=       133 act=       172
    btree_ab_composite   ext=1 conj_dep_a44           bitmapscan          0.04 ms est=       130 act=       144
    btree_ab_composite   ext=1 conj_indep_a44         bitmapscan          0.05 ms est=       135 act=       150
    btree_ab_composite   ext=1 conj_dep_a59           bitmapscan          0.05 ms est=       148 act=       149
    btree_ab_composite   ext=1 conj_indep_a59         bitmapscan          0.04 ms est=       141 act=       149
    btree_ab_composite   ext=1 conj_dep_a64           bitmapscan          0.04 ms est=       155 act=       140
    btree_ab_composite   ext=1 conj_indep_a64         bitmapscan          0.07 ms est=       170 act=       152
    btree_ab_composite   ext=1 conj_dep_a80           bitmapscan          0.06 ms est=       142 act=       159
    btree_ab_composite   ext=1 conj_indep_a80         bitmapscan          0.04 ms est=       146 act=       152
  218 new measurements
  dropped t_phys05, marked complete

=== dataset phys095 ===
  generated in 2.4s -> t_phys095.csv
  loaded in 1.7s
  ts correlation: designed=0.95 realised=0.9502 pg_stats=0.9512379
  34 queries
    none                 ext=0 eq_v432                seqscan           106.74 ms est=       150 act=       137
    none                 ext=0 eq_v1062               seqscan           107.22 ms est=       150 act=       143
    none                 ext=0 eq_v3726               seqscan           106.80 ms est=       150 act=       152
    none                 ext=0 eq_v5105               seqscan           105.62 ms est=       150 act=       163
    none                 ext=0 eq_v6157               seqscan           108.07 ms est=       150 act=       199
    none                 ext=0 eq_v6696               seqscan           107.70 ms est=       150 act=       148
    none                 ext=0 eq_v6922               seqscan           106.02 ms est=       150 act=       157
    none                 ext=0 eq_v8442               seqscan           107.09 ms est=       150 act=       105
    none                 ext=0 range_1e-05            seqscan           105.64 ms est=       150 act=       105
    none                 ext=0 tsrange_1e-05          seqscan           122.52 ms est=         1 act=        15
    none                 ext=0 range_0.0001           seqscan           111.66 ms est=       150 act=       150
    none                 ext=0 tsrange_0.0001         seqscan           121.80 ms est=         1 act=       150
    none                 ext=0 range_0.001            seqscan           110.47 ms est=      1440 act=      1500
    none                 ext=0 tsrange_0.001          seqscan           121.09 ms est=      1268 act=      1500
    none                 ext=0 range_0.01             seqscan           109.00 ms est=     15342 act=     15000
    none                 ext=0 tsrange_0.01           seqscan           119.35 ms est=     15156 act=     15000
    none                 ext=0 range_0.05             seqscan           109.44 ms est=     74777 act=     75000
    none                 ext=0 tsrange_0.05           seqscan           118.47 ms est=     76044 act=     75000
    none                 ext=0 range_0.1              seqscan           110.84 ms est=    147437 act=    150000
    none                 ext=0 tsrange_0.1            seqscan           119.53 ms est=    150746 act=    150000
    none                 ext=0 range_0.2              seqscan           112.40 ms est=    294746 act=    300000
    none                 ext=0 tsrange_0.2            seqscan           119.05 ms est=    303598 act=    300000
    none                 ext=0 range_0.5              seqscan           119.19 ms est=    748363 act=    750000
    none                 ext=0 tsrange_0.5            seqscan           124.58 ms est=    749632 act=    750000
    none                 ext=0 conj_dep_a33           seqscan           102.75 ms est=       143 act=       140
    none                 ext=0 conj_indep_a33         seqscan           102.06 ms est=       156 act=       172
    none                 ext=0 conj_dep_a44           seqscan           101.55 ms est=       144 act=       144
    none                 ext=0 conj_indep_a44         seqscan           101.98 ms est=       142 act=       150
    none                 ext=0 conj_dep_a59           seqscan           100.22 ms est=       170 act=       149
    none                 ext=0 conj_indep_a59         seqscan            99.20 ms est=       167 act=       149
    none                 ext=0 conj_dep_a64           seqscan            99.28 ms est=       153 act=       140
    none                 ext=0 conj_indep_a64         seqscan            98.98 ms est=       164 act=       152
    none                 ext=0 conj_dep_a80           seqscan            98.24 ms est=       169 act=       159
    none                 ext=0 conj_indep_a80         seqscan            98.41 ms est=       169 act=       152
    btree_skew           ext=0 eq_v432                bitmapscan          0.05 ms est=       150 act=       137
    btree_skew           ext=0 eq_v1062               bitmapscan          0.04 ms est=       150 act=       143
    btree_skew           ext=0 eq_v3726               bitmapscan          0.06 ms est=       150 act=       152
    btree_skew           ext=0 eq_v5105               bitmapscan          0.07 ms est=       150 act=       163
    btree_skew           ext=0 eq_v6157               bitmapscan          0.08 ms est=       150 act=       199
    btree_skew           ext=0 eq_v6696               bitmapscan          0.05 ms est=       150 act=       148
    btree_skew           ext=0 eq_v6922               bitmapscan          0.05 ms est=       150 act=       157
    btree_skew           ext=0 eq_v8442               bitmapscan          0.04 ms est=       150 act=       105
    btree_skew           ext=0 range_1e-05            bitmapscan          0.04 ms est=       150 act=       105
    btree_skew           ext=0 range_0.0001           bitmapscan          0.07 ms est=       150 act=       150
    btree_skew           ext=0 range_0.001            bitmapscan          0.56 ms est=      1442 act=      1500
    btree_skew           ext=0 range_0.01             bitmapscan          6.10 ms est=     16078 act=     15000
    btree_skew           ext=0 range_0.05             bitmapscan         83.11 ms est=     75000 act=     75000
    btree_skew           ext=0 range_0.1              bitmapscan         92.25 ms est=    151377 act=    150000
    btree_skew           ext=0 range_0.2              bitmapscan        103.36 ms est=    300226 act=    300000
    btree_skew           ext=0 range_0.5              bitmapscan        137.83 ms est=    752315 act=    750000
    hash_skew            ext=0 eq_v432                bitmapscan          0.06 ms est=       149 act=       137
    hash_skew            ext=0 eq_v1062               bitmapscan          0.07 ms est=       149 act=       143
    hash_skew            ext=0 eq_v3726               bitmapscan          0.06 ms est=       149 act=       152
    hash_skew            ext=0 eq_v5105               bitmapscan          0.05 ms est=       149 act=       163
    hash_skew            ext=0 eq_v6157               bitmapscan          0.07 ms est=       149 act=       199
    hash_skew            ext=0 eq_v6696               bitmapscan          0.05 ms est=       149 act=       148
    hash_skew            ext=0 eq_v6922               bitmapscan          0.08 ms est=       149 act=       157
    hash_skew            ext=0 eq_v8442               bitmapscan          0.04 ms est=       149 act=       105
    brin_skew            ext=0 eq_v432                seqscan            90.25 ms est=       150 act=       137
    brin_skew            ext=0 eq_v1062               seqscan            89.84 ms est=       150 act=       143
    brin_skew            ext=0 eq_v3726               seqscan            86.11 ms est=       150 act=       152
    brin_skew            ext=0 eq_v5105               seqscan            84.69 ms est=       150 act=       163
    brin_skew            ext=0 eq_v6157               seqscan            83.36 ms est=       150 act=       199
    brin_skew            ext=0 eq_v6696               seqscan            81.94 ms est=       150 act=       148
    brin_skew            ext=0 eq_v6922               seqscan            78.51 ms est=       150 act=       157
    brin_skew            ext=0 eq_v8442               seqscan            78.77 ms est=       150 act=       105
    brin_skew            ext=0 range_1e-05            seqscan            79.79 ms est=       150 act=       105
    brin_skew            ext=0 range_0.0001           seqscan            83.33 ms est=       150 act=       150
    brin_skew            ext=0 range_0.001            seqscan            82.71 ms est=      1468 act=      1500
    brin_skew            ext=0 range_0.01             seqscan            83.12 ms est=     15188 act=     15000
    brin_skew            ext=0 range_0.05             seqscan            82.87 ms est=     75836 act=     75000
    brin_skew            ext=0 range_0.1              seqscan            84.36 ms est=    153850 act=    150000
    brin_skew            ext=0 range_0.2              seqscan            87.50 ms est=    303284 act=    300000
    brin_skew            ext=0 range_0.5              seqscan            94.56 ms est=    750369 act=    750000
    btree_a_b_separate   ext=0 conj_dep_a33           bitmapscan          2.03 ms est=       131 act=       140
    btree_a_b_separate   ext=0 conj_indep_a33         bitmapscan          2.24 ms est=       147 act=       172
    btree_a_b_separate   ext=0 conj_dep_a44           bitmapscan          2.17 ms est=       152 act=       144
    btree_a_b_separate   ext=0 conj_indep_a44         bitmapscan          1.98 ms est=       150 act=       150
    btree_a_b_separate   ext=0 conj_dep_a59           bitmapscan          2.02 ms est=       166 act=       149
    btree_a_b_separate   ext=0 conj_indep_a59         bitmapscan          2.17 ms est=       156 act=       149
    btree_a_b_separate   ext=0 conj_dep_a64           bitmapscan          2.25 ms est=       132 act=       140
    btree_a_b_separate   ext=0 conj_indep_a64         bitmapscan          2.15 ms est=       142 act=       152
    btree_a_b_separate   ext=0 conj_dep_a80           bitmapscan          2.17 ms est=       132 act=       159
    btree_a_b_separate   ext=0 conj_indep_a80         bitmapscan          2.02 ms est=       133 act=       152
    btree_ab_composite   ext=0 conj_dep_a33           bitmapscan          0.05 ms est=       143 act=       140
    btree_ab_composite   ext=0 conj_indep_a33         bitmapscan          0.06 ms est=       137 act=       172
    btree_ab_composite   ext=0 conj_dep_a44           bitmapscan          0.06 ms est=       157 act=       144
    btree_ab_composite   ext=0 conj_indep_a44         bitmapscan          0.06 ms est=       155 act=       150
    btree_ab_composite   ext=0 conj_dep_a59           bitmapscan          0.05 ms est=       134 act=       149
    btree_ab_composite   ext=0 conj_indep_a59         bitmapscan          0.05 ms est=       138 act=       149
    btree_ab_composite   ext=0 conj_dep_a64           bitmapscan          0.05 ms est=       139 act=       140
    btree_ab_composite   ext=0 conj_indep_a64         bitmapscan          0.05 ms est=       134 act=       152
    btree_ab_composite   ext=0 conj_dep_a80           bitmapscan          0.05 ms est=       155 act=       159
    btree_ab_composite   ext=0 conj_indep_a80         bitmapscan          0.07 ms est=       158 act=       152
    btree_ts             ext=0 tsrange_1e-05          indexscan           0.01 ms est=        10 act=        15
    btree_ts             ext=0 tsrange_0.0001         indexscan           0.02 ms est=       125 act=       150
    btree_ts             ext=0 tsrange_0.001          indexscan           0.12 ms est=      1426 act=      1500
    btree_ts             ext=0 tsrange_0.01           indexscan           1.14 ms est=     14565 act=     15000
    btree_ts             ext=0 tsrange_0.05           indexscan           6.13 ms est=     74466 act=     75000
    btree_ts             ext=0 tsrange_0.1            indexscan          13.65 ms est=    148740 act=    150000
    btree_ts             ext=0 tsrange_0.2            indexscan          24.34 ms est=    300916 act=    300000
    btree_ts             ext=0 tsrange_0.5            indexscan         128.64 ms est=    752113 act=    750000
    brin_ts              ext=0 tsrange_1e-05          bitmapscan          0.60 ms est=         1 act=        15
    brin_ts              ext=0 tsrange_0.0001         bitmapscan          5.33 ms est=         1 act=       150
    brin_ts              ext=0 tsrange_0.001          bitmapscan         33.90 ms est=      1305 act=      1500
    brin_ts              ext=0 tsrange_0.01           bitmapscan        172.51 ms est=     14840 act=     15000
    brin_ts              ext=0 tsrange_0.05           bitmapscan        171.70 ms est=     73215 act=     75000
    brin_ts              ext=0 tsrange_0.1            bitmapscan        169.10 ms est=    144893 act=    150000
    brin_ts              ext=0 tsrange_0.2            bitmapscan        169.72 ms est=    293050 act=    300000
    brin_ts              ext=0 tsrange_0.5            bitmapscan        171.21 ms est=    750155 act=    750000
    all                  ext=0 eq_v432                bitmapscan          0.05 ms est=       149 act=       137
    all                  ext=0 eq_v1062               bitmapscan          0.05 ms est=       149 act=       143
    all                  ext=0 eq_v3726               bitmapscan          0.06 ms est=       149 act=       152
    all                  ext=0 eq_v5105               bitmapscan          0.05 ms est=       149 act=       163
    all                  ext=0 eq_v6157               bitmapscan          0.07 ms est=       149 act=       199
    all                  ext=0 eq_v6696               bitmapscan          0.05 ms est=       149 act=       148
    all                  ext=0 eq_v6922               bitmapscan          0.07 ms est=       149 act=       157
    all                  ext=0 eq_v8442               bitmapscan          0.04 ms est=       149 act=       105
    all                  ext=0 range_1e-05            bitmapscan          0.04 ms est=       149 act=       105
    all                  ext=0 tsrange_1e-05          indexscan           0.01 ms est=        10 act=        15
    all                  ext=0 range_0.0001           bitmapscan          0.05 ms est=       149 act=       150
    all                  ext=0 tsrange_0.0001         indexscan           0.02 ms est=       131 act=       150
    all                  ext=0 range_0.001            indexscan           0.27 ms est=      1534 act=      1500
    all                  ext=0 tsrange_0.001          indexscan           0.12 ms est=      1500 act=      1500
    all                  ext=0 range_0.01             seqscan            86.92 ms est=     15676 act=     15000
    all                  ext=0 tsrange_0.01           indexscan           1.14 ms est=     15317 act=     15000
    all                  ext=0 range_0.05             seqscan            82.69 ms est=     76309 act=     75000
    all                  ext=0 tsrange_0.05           indexscan           6.43 ms est=     76253 act=     75000
    all                  ext=0 range_0.1              seqscan            81.81 ms est=    152112 act=    150000
    all                  ext=0 tsrange_0.1            indexscan          12.18 ms est=    148450 act=    150000
    all                  ext=0 range_0.2              seqscan            84.78 ms est=    301303 act=    300000
    all                  ext=0 tsrange_0.2            indexscan          24.86 ms est=    296050 act=    300000
    all                  ext=0 range_0.5              seqscan           115.20 ms est=    750702 act=    750000
    all                  ext=0 tsrange_0.5            bitmapscan        177.87 ms est=    749287 act=    750000
    all                  ext=0 conj_dep_a33           bitmapscan          0.09 ms est=       155 act=       140
    all                  ext=0 conj_indep_a33         bitmapscan          0.07 ms est=       145 act=       172
    all                  ext=0 conj_dep_a44           bitmapscan          0.05 ms est=       130 act=       144
    all                  ext=0 conj_indep_a44         bitmapscan          0.06 ms est=       130 act=       150
    all                  ext=0 conj_dep_a59           bitmapscan          0.06 ms est=       148 act=       149
    all                  ext=0 conj_indep_a59         bitmapscan          0.07 ms est=       149 act=       149
    all                  ext=0 conj_dep_a64           bitmapscan          0.06 ms est=       173 act=       140
    all                  ext=0 conj_indep_a64         bitmapscan          0.06 ms est=       159 act=       152
    all                  ext=0 conj_dep_a80           bitmapscan          0.06 ms est=       165 act=       159
    all                  ext=0 conj_indep_a80         bitmapscan          0.06 ms est=       150 act=       152
    all_no_brin          ext=0 eq_v432                bitmapscan          0.05 ms est=       150 act=       137
    all_no_brin          ext=0 eq_v1062               bitmapscan          0.05 ms est=       150 act=       143
    all_no_brin          ext=0 eq_v3726               bitmapscan          0.07 ms est=       150 act=       152
    all_no_brin          ext=0 eq_v5105               bitmapscan          0.07 ms est=       150 act=       163
    all_no_brin          ext=0 eq_v6157               bitmapscan          0.06 ms est=       150 act=       199
    all_no_brin          ext=0 eq_v6696               bitmapscan          0.06 ms est=       150 act=       148
    all_no_brin          ext=0 eq_v6922               bitmapscan          0.07 ms est=       150 act=       157
    all_no_brin          ext=0 eq_v8442               bitmapscan          0.06 ms est=       150 act=       105
    all_no_brin          ext=0 range_1e-05            bitmapscan          0.06 ms est=       150 act=       105
    all_no_brin          ext=0 tsrange_1e-05          indexscan           0.01 ms est=        11 act=        15
    all_no_brin          ext=0 range_0.0001           bitmapscan          0.06 ms est=       150 act=       150
    all_no_brin          ext=0 tsrange_0.0001         indexscan           0.02 ms est=       136 act=       150
    all_no_brin          ext=0 range_0.001            bitmapscan          0.72 ms est=      1546 act=      1500
    all_no_brin          ext=0 tsrange_0.001          indexscan           0.15 ms est=      1554 act=      1500
    all_no_brin          ext=0 range_0.01             bitmapscan          5.48 ms est=     15270 act=     15000
    all_no_brin          ext=0 tsrange_0.01           indexscan           1.10 ms est=     15871 act=     15000
    all_no_brin          ext=0 range_0.05             bitmapscan         82.74 ms est=     76030 act=     75000
    all_no_brin          ext=0 tsrange_0.05           indexscan           6.37 ms est=     75413 act=     75000
    all_no_brin          ext=0 range_0.1              bitmapscan         91.40 ms est=    152250 act=    150000
    all_no_brin          ext=0 tsrange_0.1            indexscan          12.90 ms est=    148092 act=    150000
    all_no_brin          ext=0 range_0.2              bitmapscan        105.91 ms est=    303525 act=    300000
    all_no_brin          ext=0 tsrange_0.2            indexscan          25.41 ms est=    298521 act=    300000
    all_no_brin          ext=0 range_0.5              bitmapscan        140.41 ms est=    752238 act=    750000
    all_no_brin          ext=0 tsrange_0.5            indexscan         141.48 ms est=    757537 act=    750000
    all_no_brin          ext=0 conj_dep_a33           bitmapscan          0.06 ms est=       155 act=       140
    all_no_brin          ext=0 conj_indep_a33         bitmapscan          0.08 ms est=       161 act=       172
    all_no_brin          ext=0 conj_dep_a44           bitmapscan          0.07 ms est=       142 act=       144
    all_no_brin          ext=0 conj_indep_a44         bitmapscan          0.06 ms est=       130 act=       150
    all_no_brin          ext=0 conj_dep_a59           bitmapscan          0.06 ms est=       164 act=       149
    all_no_brin          ext=0 conj_indep_a59         bitmapscan          0.05 ms est=       153 act=       149
    all_no_brin          ext=0 conj_dep_a64           bitmapscan          0.06 ms est=       131 act=       140
    all_no_brin          ext=0 conj_indep_a64         bitmapscan          0.07 ms est=       113 act=       152
    all_no_brin          ext=0 conj_dep_a80           bitmapscan          0.09 ms est=       142 act=       159
    all_no_brin          ext=0 conj_indep_a80         bitmapscan          0.07 ms est=       145 act=       152
    all                  ext=1 conj_dep_a33           bitmapscan          0.05 ms est=       170 act=       140
    all                  ext=1 conj_indep_a33         bitmapscan          0.06 ms est=       162 act=       172
    all                  ext=1 conj_dep_a44           bitmapscan          0.06 ms est=       135 act=       144
    all                  ext=1 conj_indep_a44         bitmapscan          0.06 ms est=       134 act=       150
    all                  ext=1 conj_dep_a59           bitmapscan          0.05 ms est=       156 act=       149
    all                  ext=1 conj_indep_a59         bitmapscan          0.06 ms est=       151 act=       149
    all                  ext=1 conj_dep_a64           bitmapscan          0.05 ms est=       149 act=       140
    all                  ext=1 conj_indep_a64         bitmapscan          0.05 ms est=       170 act=       152
    all                  ext=1 conj_dep_a80           bitmapscan          0.05 ms est=       138 act=       159
    all                  ext=1 conj_indep_a80         bitmapscan          0.05 ms est=       156 act=       152
    none                 ext=1 conj_dep_a33           seqscan            92.83 ms est=       129 act=       140
    none                 ext=1 conj_indep_a33         seqscan            91.60 ms est=       142 act=       172
    none                 ext=1 conj_dep_a44           seqscan            90.12 ms est=       160 act=       144
    none                 ext=1 conj_indep_a44         seqscan            90.29 ms est=       165 act=       150
    none                 ext=1 conj_dep_a59           seqscan            90.77 ms est=       162 act=       149
    none                 ext=1 conj_indep_a59         seqscan            91.26 ms est=       169 act=       149
    none                 ext=1 conj_dep_a64           seqscan            90.17 ms est=       145 act=       140
    none                 ext=1 conj_indep_a64         seqscan            91.78 ms est=       155 act=       152
    none                 ext=1 conj_dep_a80           seqscan            88.72 ms est=       146 act=       159
    none                 ext=1 conj_indep_a80         seqscan            86.31 ms est=       137 act=       152
    btree_a_b_separate   ext=1 conj_dep_a33           bitmapscan          2.20 ms est=       163 act=       140
    btree_a_b_separate   ext=1 conj_indep_a33         bitmapscan          2.27 ms est=       154 act=       172
    btree_a_b_separate   ext=1 conj_dep_a44           bitmapscan          2.22 ms est=       145 act=       144
    btree_a_b_separate   ext=1 conj_indep_a44         bitmapscan          2.24 ms est=       150 act=       150
    btree_a_b_separate   ext=1 conj_dep_a59           bitmapscan          2.23 ms est=       163 act=       149
    btree_a_b_separate   ext=1 conj_indep_a59         bitmapscan          2.17 ms est=       161 act=       149
    btree_a_b_separate   ext=1 conj_dep_a64           bitmapscan          2.26 ms est=       155 act=       140
    btree_a_b_separate   ext=1 conj_indep_a64         bitmapscan          2.23 ms est=       138 act=       152
    btree_a_b_separate   ext=1 conj_dep_a80           bitmapscan          2.26 ms est=       149 act=       159
    btree_a_b_separate   ext=1 conj_indep_a80         bitmapscan          2.36 ms est=       173 act=       152
    btree_ab_composite   ext=1 conj_dep_a33           bitmapscan          0.06 ms est=       147 act=       140
    btree_ab_composite   ext=1 conj_indep_a33         bitmapscan          0.05 ms est=       161 act=       172
    btree_ab_composite   ext=1 conj_dep_a44           bitmapscan          0.05 ms est=       157 act=       144
    btree_ab_composite   ext=1 conj_indep_a44         bitmapscan          0.05 ms est=       135 act=       150
    btree_ab_composite   ext=1 conj_dep_a59           bitmapscan          0.05 ms est=       143 act=       149
    btree_ab_composite   ext=1 conj_indep_a59         bitmapscan          0.05 ms est=       164 act=       149
    btree_ab_composite   ext=1 conj_dep_a64           bitmapscan          0.05 ms est=       120 act=       140
    btree_ab_composite   ext=1 conj_indep_a64         bitmapscan          0.06 ms est=       126 act=       152
    btree_ab_composite   ext=1 conj_dep_a80           bitmapscan          0.05 ms est=       143 act=       159
    btree_ab_composite   ext=1 conj_indep_a80         bitmapscan          0.04 ms est=       146 act=       152
  218 new measurements
  dropped t_phys095, marked complete

=== dataset phys10 ===
  generated in 2.5s -> t_phys10.csv
  loaded in 1.9s
  ts correlation: designed=1.0 realised=1.0000 pg_stats=1.0
  34 queries
    none                 ext=0 eq_v432                seqscan           108.61 ms est=       150 act=       137
    none                 ext=0 eq_v1062               seqscan           108.37 ms est=       150 act=       143
    none                 ext=0 eq_v3726               seqscan           106.67 ms est=       150 act=       152
    none                 ext=0 eq_v5105               seqscan           110.08 ms est=       150 act=       163
    none                 ext=0 eq_v6157               seqscan           103.84 ms est=       150 act=       199
    none                 ext=0 eq_v6696               seqscan           102.77 ms est=       150 act=       148
    none                 ext=0 eq_v6922               seqscan           105.28 ms est=       150 act=       157
    none                 ext=0 eq_v8442               seqscan           101.43 ms est=       150 act=       105
    none                 ext=0 range_1e-05            seqscan           100.43 ms est=       150 act=       105
    none                 ext=0 tsrange_1e-05          seqscan           117.31 ms est=         1 act=        15
    none                 ext=0 range_0.0001           seqscan           107.72 ms est=       150 act=       150
    none                 ext=0 tsrange_0.0001         seqscan           118.14 ms est=         1 act=       150
    none                 ext=0 range_0.001            seqscan           117.77 ms est=      1496 act=      1500
    none                 ext=0 tsrange_0.001          seqscan           116.78 ms est=      1222 act=      1500
    none                 ext=0 range_0.01             seqscan           106.52 ms est=     15195 act=     15000
    none                 ext=0 tsrange_0.01           seqscan           112.35 ms est=     14808 act=     15000
    none                 ext=0 range_0.05             seqscan           105.01 ms est=     75757 act=     75000
    none                 ext=0 tsrange_0.05           seqscan           118.00 ms est=     73849 act=     75000
    none                 ext=0 range_0.1              seqscan           106.12 ms est=    152076 act=    150000
    none                 ext=0 tsrange_0.1            seqscan           114.99 ms est=    151331 act=    150000
    none                 ext=0 range_0.2              seqscan           105.64 ms est=    301004 act=    300000
    none                 ext=0 tsrange_0.2            seqscan           121.92 ms est=    299230 act=    300000
    none                 ext=0 range_0.5              seqscan           116.00 ms est=    744719 act=    750000
    none                 ext=0 tsrange_0.5            seqscan           120.61 ms est=    747272 act=    750000
    none                 ext=0 conj_dep_a33           seqscan           100.82 ms est=       171 act=       140
    none                 ext=0 conj_indep_a33         seqscan            96.02 ms est=       161 act=       172
    none                 ext=0 conj_dep_a44           seqscan            96.19 ms est=       139 act=       144
    none                 ext=0 conj_indep_a44         seqscan            95.71 ms est=       169 act=       150
    none                 ext=0 conj_dep_a59           seqscan            95.69 ms est=       164 act=       149
    none                 ext=0 conj_indep_a59         seqscan            91.29 ms est=       157 act=       149
    none                 ext=0 conj_dep_a64           seqscan            91.61 ms est=       147 act=       140
    none                 ext=0 conj_indep_a64         seqscan            91.52 ms est=       141 act=       152
    none                 ext=0 conj_dep_a80           seqscan            90.19 ms est=       147 act=       159
    none                 ext=0 conj_indep_a80         seqscan            90.74 ms est=       146 act=       152
    btree_skew           ext=0 eq_v432                bitmapscan          0.06 ms est=       150 act=       137
    btree_skew           ext=0 eq_v1062               bitmapscan          0.06 ms est=       150 act=       143
    btree_skew           ext=0 eq_v3726               bitmapscan          0.07 ms est=       150 act=       152
    btree_skew           ext=0 eq_v5105               bitmapscan          0.08 ms est=       150 act=       163
    btree_skew           ext=0 eq_v6157               bitmapscan          0.06 ms est=       150 act=       199
    btree_skew           ext=0 eq_v6696               bitmapscan          0.04 ms est=       150 act=       148
    btree_skew           ext=0 eq_v6922               bitmapscan          0.05 ms est=       150 act=       157
    btree_skew           ext=0 eq_v8442               bitmapscan          0.05 ms est=       150 act=       105
    btree_skew           ext=0 range_1e-05            bitmapscan          0.06 ms est=       150 act=       105
    btree_skew           ext=0 range_0.0001           bitmapscan          0.05 ms est=       150 act=       150
    btree_skew           ext=0 range_0.001            bitmapscan          0.51 ms est=      1377 act=      1500
    btree_skew           ext=0 range_0.01             bitmapscan          5.80 ms est=     13892 act=     15000
    btree_skew           ext=0 range_0.05             bitmapscan         82.01 ms est=     73841 act=     75000
    btree_skew           ext=0 range_0.1              bitmapscan         92.58 ms est=    151042 act=    150000
    btree_skew           ext=0 range_0.2              bitmapscan        103.45 ms est=    302618 act=    300000
    btree_skew           ext=0 range_0.5              bitmapscan        138.31 ms est=    750135 act=    750000
    hash_skew            ext=0 eq_v432                bitmapscan          0.05 ms est=       150 act=       137
    hash_skew            ext=0 eq_v1062               bitmapscan          0.08 ms est=       150 act=       143
    hash_skew            ext=0 eq_v3726               bitmapscan          0.07 ms est=       150 act=       152
    hash_skew            ext=0 eq_v5105               bitmapscan          0.06 ms est=       150 act=       163
    hash_skew            ext=0 eq_v6157               bitmapscan          0.07 ms est=       150 act=       199
    hash_skew            ext=0 eq_v6696               bitmapscan          0.06 ms est=       150 act=       148
    hash_skew            ext=0 eq_v6922               bitmapscan          0.05 ms est=       150 act=       157
    hash_skew            ext=0 eq_v8442               bitmapscan          0.06 ms est=       150 act=       105
    brin_skew            ext=0 eq_v432                seqscan            84.01 ms est=       150 act=       137
    brin_skew            ext=0 eq_v1062               seqscan            81.55 ms est=       150 act=       143
    brin_skew            ext=0 eq_v3726               seqscan            82.90 ms est=       150 act=       152
    brin_skew            ext=0 eq_v5105               seqscan            80.68 ms est=       150 act=       163
    brin_skew            ext=0 eq_v6157               seqscan            79.19 ms est=       150 act=       199
    brin_skew            ext=0 eq_v6696               seqscan            79.06 ms est=       150 act=       148
    brin_skew            ext=0 eq_v6922               seqscan            79.63 ms est=       150 act=       157
    brin_skew            ext=0 eq_v8442               seqscan            78.73 ms est=       150 act=       105
    brin_skew            ext=0 range_1e-05            seqscan            80.95 ms est=       150 act=       105
    brin_skew            ext=0 range_0.0001           seqscan            84.91 ms est=       150 act=       150
    brin_skew            ext=0 range_0.001            seqscan            84.70 ms est=      1306 act=      1500
    brin_skew            ext=0 range_0.01             seqscan            83.84 ms est=     14364 act=     15000
    brin_skew            ext=0 range_0.05             seqscan            84.20 ms est=     72604 act=     75000
    brin_skew            ext=0 range_0.1              seqscan            86.97 ms est=    147770 act=    150000
    brin_skew            ext=0 range_0.2              seqscan            88.22 ms est=    293333 act=    300000
    brin_skew            ext=0 range_0.5              seqscan            97.65 ms est=    746629 act=    750000
    btree_a_b_separate   ext=0 conj_dep_a33           bitmapscan          2.28 ms est=       141 act=       140
    btree_a_b_separate   ext=0 conj_indep_a33         bitmapscan          2.33 ms est=       131 act=       172
    btree_a_b_separate   ext=0 conj_dep_a44           bitmapscan          2.29 ms est=       138 act=       144
    btree_a_b_separate   ext=0 conj_indep_a44         bitmapscan          2.24 ms est=       141 act=       150
    btree_a_b_separate   ext=0 conj_dep_a59           bitmapscan          2.24 ms est=       148 act=       149
    btree_a_b_separate   ext=0 conj_indep_a59         bitmapscan          2.24 ms est=       147 act=       149
    btree_a_b_separate   ext=0 conj_dep_a64           bitmapscan          2.29 ms est=       165 act=       140
    btree_a_b_separate   ext=0 conj_indep_a64         bitmapscan          2.26 ms est=       182 act=       152
    btree_a_b_separate   ext=0 conj_dep_a80           bitmapscan          2.23 ms est=       144 act=       159
    btree_a_b_separate   ext=0 conj_indep_a80         bitmapscan          2.27 ms est=       138 act=       152
    btree_ab_composite   ext=0 conj_dep_a33           bitmapscan          0.06 ms est=       151 act=       140
    btree_ab_composite   ext=0 conj_indep_a33         bitmapscan          0.05 ms est=       160 act=       172
    btree_ab_composite   ext=0 conj_dep_a44           bitmapscan          0.05 ms est=       157 act=       144
    btree_ab_composite   ext=0 conj_indep_a44         bitmapscan          0.05 ms est=       182 act=       150
    btree_ab_composite   ext=0 conj_dep_a59           bitmapscan          0.05 ms est=       147 act=       149
    btree_ab_composite   ext=0 conj_indep_a59         bitmapscan          0.06 ms est=       148 act=       149
    btree_ab_composite   ext=0 conj_dep_a64           bitmapscan          0.05 ms est=       131 act=       140
    btree_ab_composite   ext=0 conj_indep_a64         bitmapscan          0.06 ms est=       137 act=       152
    btree_ab_composite   ext=0 conj_dep_a80           bitmapscan          0.05 ms est=       171 act=       159
    btree_ab_composite   ext=0 conj_indep_a80         bitmapscan          0.05 ms est=       164 act=       152
    btree_ts             ext=0 tsrange_1e-05          indexscan           0.01 ms est=        11 act=        15
    btree_ts             ext=0 tsrange_0.0001         indexscan           0.02 ms est=       139 act=       150
    btree_ts             ext=0 tsrange_0.001          indexscan           0.10 ms est=      1587 act=      1500
    btree_ts             ext=0 tsrange_0.01           indexscan           0.91 ms est=     16109 act=     15000
    btree_ts             ext=0 tsrange_0.05           indexscan           4.74 ms est=     77122 act=     75000
    btree_ts             ext=0 tsrange_0.1            indexscan           9.45 ms est=    156232 act=    150000
    btree_ts             ext=0 tsrange_0.2            indexscan          18.79 ms est=    303219 act=    300000
    btree_ts             ext=0 tsrange_0.5            indexscan          47.76 ms est=    755600 act=    750000
    brin_ts              ext=0 tsrange_1e-05          bitmapscan          0.60 ms est=         1 act=        15
    brin_ts              ext=0 tsrange_0.0001         bitmapscan          0.60 ms est=         1 act=       150
    brin_ts              ext=0 tsrange_0.001          bitmapscan          0.62 ms est=      1309 act=      1500
    brin_ts              ext=0 tsrange_0.01           bitmapscan          1.25 ms est=     15965 act=     15000
    brin_ts              ext=0 tsrange_0.05           bitmapscan          5.61 ms est=     75460 act=     75000
    brin_ts              ext=0 tsrange_0.1            bitmapscan         10.50 ms est=    148074 act=    150000
    brin_ts              ext=0 tsrange_0.2            bitmapscan         21.41 ms est=    297228 act=    300000
    brin_ts              ext=0 tsrange_0.5            bitmapscan         52.44 ms est=    746332 act=    750000
    all                  ext=0 eq_v432                bitmapscan          0.04 ms est=       149 act=       137
    all                  ext=0 eq_v1062               bitmapscan          0.06 ms est=       149 act=       143
    all                  ext=0 eq_v3726               bitmapscan          0.05 ms est=       149 act=       152
    all                  ext=0 eq_v5105               bitmapscan          0.06 ms est=       149 act=       163
    all                  ext=0 eq_v6157               bitmapscan          0.07 ms est=       149 act=       199
    all                  ext=0 eq_v6696               bitmapscan          0.05 ms est=       149 act=       148
    all                  ext=0 eq_v6922               bitmapscan          0.05 ms est=       149 act=       157
    all                  ext=0 eq_v8442               bitmapscan          0.04 ms est=       149 act=       105
    all                  ext=0 range_1e-05            bitmapscan          0.04 ms est=       149 act=       105
    all                  ext=0 tsrange_1e-05          indexscan           0.01 ms est=        10 act=        15
    all                  ext=0 range_0.0001           bitmapscan          0.06 ms est=       149 act=       150
    all                  ext=0 tsrange_0.0001         indexscan           0.02 ms est=       128 act=       150
    all                  ext=0 range_0.001            indexscan           0.37 ms est=      1480 act=      1500
    all                  ext=0 tsrange_0.001          indexscan           0.11 ms est=      1460 act=      1500
    all                  ext=0 range_0.01             seqscan            89.90 ms est=     14845 act=     15000
    all                  ext=0 tsrange_0.01           indexscan           0.91 ms est=     14913 act=     15000
    all                  ext=0 range_0.05             seqscan            87.22 ms est=     75573 act=     75000
    all                  ext=0 tsrange_0.05           indexscan           4.74 ms est=     74405 act=     75000
    all                  ext=0 range_0.1              seqscan            89.01 ms est=    150161 act=    150000
    all                  ext=0 tsrange_0.1            indexscan           9.41 ms est=    149040 act=    150000
    all                  ext=0 range_0.2              seqscan            90.52 ms est=    300520 act=    300000
    all                  ext=0 tsrange_0.2            indexscan          19.10 ms est=    294304 act=    300000
    all                  ext=0 range_0.5              seqscan            90.11 ms est=    752942 act=    750000
    all                  ext=0 tsrange_0.5            bitmapscan         51.36 ms est=    746675 act=    750000
    all                  ext=0 conj_dep_a33           bitmapscan          0.04 ms est=       137 act=       140
    all                  ext=0 conj_indep_a33         bitmapscan          0.06 ms est=       127 act=       172
    all                  ext=0 conj_dep_a44           bitmapscan          0.05 ms est=       168 act=       144
    all                  ext=0 conj_indep_a44         bitmapscan          0.05 ms est=       150 act=       150
    all                  ext=0 conj_dep_a59           bitmapscan          0.06 ms est=       159 act=       149
    all                  ext=0 conj_indep_a59         bitmapscan          0.05 ms est=       168 act=       149
    all                  ext=0 conj_dep_a64           bitmapscan          0.04 ms est=       154 act=       140
    all                  ext=0 conj_indep_a64         bitmapscan          0.05 ms est=       153 act=       152
    all                  ext=0 conj_dep_a80           bitmapscan          0.06 ms est=       141 act=       159
    all                  ext=0 conj_indep_a80         bitmapscan          0.05 ms est=       154 act=       152
    all_no_brin          ext=0 eq_v432                bitmapscan          0.06 ms est=       150 act=       137
    all_no_brin          ext=0 eq_v1062               bitmapscan          0.07 ms est=       150 act=       143
    all_no_brin          ext=0 eq_v3726               bitmapscan          0.06 ms est=       150 act=       152
    all_no_brin          ext=0 eq_v5105               bitmapscan          0.07 ms est=       150 act=       163
    all_no_brin          ext=0 eq_v6157               bitmapscan          0.08 ms est=       150 act=       199
    all_no_brin          ext=0 eq_v6696               bitmapscan          0.07 ms est=       150 act=       148
    all_no_brin          ext=0 eq_v6922               bitmapscan          0.06 ms est=       150 act=       157
    all_no_brin          ext=0 eq_v8442               bitmapscan          0.04 ms est=       150 act=       105
    all_no_brin          ext=0 range_1e-05            bitmapscan          0.05 ms est=       150 act=       105
    all_no_brin          ext=0 tsrange_1e-05          indexscan           0.01 ms est=        10 act=        15
    all_no_brin          ext=0 range_0.0001           bitmapscan          0.05 ms est=       150 act=       150
    all_no_brin          ext=0 tsrange_0.0001         indexscan           0.02 ms est=       122 act=       150
    all_no_brin          ext=0 range_0.001            bitmapscan          0.62 ms est=      1320 act=      1500
    all_no_brin          ext=0 tsrange_0.001          indexscan           0.11 ms est=      1399 act=      1500
    all_no_brin          ext=0 range_0.01             bitmapscan          5.77 ms est=     13872 act=     15000
    all_no_brin          ext=0 tsrange_0.01           indexscan           0.91 ms est=     14292 act=     15000
    all_no_brin          ext=0 range_0.05             bitmapscan         81.91 ms est=     71704 act=     75000
    all_no_brin          ext=0 tsrange_0.05           indexscan           4.78 ms est=     75573 act=     75000
    all_no_brin          ext=0 range_0.1              bitmapscan         91.46 ms est=    148632 act=    150000
    all_no_brin          ext=0 tsrange_0.1            indexscan           9.43 ms est=    150033 act=    150000
    all_no_brin          ext=0 range_0.2              bitmapscan        101.19 ms est=    299009 act=    300000
    all_no_brin          ext=0 tsrange_0.2            indexscan          19.05 ms est=    297539 act=    300000
    all_no_brin          ext=0 range_0.5              bitmapscan        137.28 ms est=    759121 act=    750000
    all_no_brin          ext=0 tsrange_0.5            indexscan          47.26 ms est=    746470 act=    750000
    all_no_brin          ext=0 conj_dep_a33           bitmapscan          0.06 ms est=       141 act=       140
    all_no_brin          ext=0 conj_indep_a33         bitmapscan          0.06 ms est=       131 act=       172
    all_no_brin          ext=0 conj_dep_a44           bitmapscan          0.05 ms est=       153 act=       144
    all_no_brin          ext=0 conj_indep_a44         bitmapscan          0.05 ms est=       166 act=       150
    all_no_brin          ext=0 conj_dep_a59           bitmapscan          0.05 ms est=       153 act=       149
    all_no_brin          ext=0 conj_indep_a59         bitmapscan          0.06 ms est=       157 act=       149
    all_no_brin          ext=0 conj_dep_a64           bitmapscan          0.05 ms est=       150 act=       140
    all_no_brin          ext=0 conj_indep_a64         bitmapscan          0.08 ms est=       156 act=       152
    all_no_brin          ext=0 conj_dep_a80           bitmapscan          0.07 ms est=       155 act=       159
    all_no_brin          ext=0 conj_indep_a80         bitmapscan          0.07 ms est=       142 act=       152
    all                  ext=1 conj_dep_a33           bitmapscan          0.05 ms est=       135 act=       140
    all                  ext=1 conj_indep_a33         bitmapscan          0.07 ms est=       127 act=       172
    all                  ext=1 conj_dep_a44           bitmapscan          0.04 ms est=       138 act=       144
    all                  ext=1 conj_indep_a44         bitmapscan          0.05 ms est=       136 act=       150
    all                  ext=1 conj_dep_a59           bitmapscan          0.05 ms est=       161 act=       149
    all                  ext=1 conj_indep_a59         bitmapscan          0.05 ms est=       157 act=       149
    all                  ext=1 conj_dep_a64           bitmapscan          0.06 ms est=       149 act=       140
    all                  ext=1 conj_indep_a64         bitmapscan          0.05 ms est=       146 act=       152
    all                  ext=1 conj_dep_a80           bitmapscan          0.05 ms est=       151 act=       159
    all                  ext=1 conj_indep_a80         bitmapscan          0.05 ms est=       174 act=       152
    none                 ext=1 conj_dep_a33           seqscan            87.83 ms est=       157 act=       140
    none                 ext=1 conj_indep_a33         seqscan            85.88 ms est=       154 act=       172
    none                 ext=1 conj_dep_a44           seqscan            85.48 ms est=       149 act=       144
    none                 ext=1 conj_indep_a44         seqscan            84.33 ms est=       141 act=       150
    none                 ext=1 conj_dep_a59           seqscan            85.67 ms est=       151 act=       149
    none                 ext=1 conj_indep_a59         seqscan            84.04 ms est=       138 act=       149
    none                 ext=1 conj_dep_a64           seqscan            83.19 ms est=       159 act=       140
    none                 ext=1 conj_indep_a64         seqscan            82.72 ms est=       145 act=       152
    none                 ext=1 conj_dep_a80           seqscan            81.81 ms est=       133 act=       159
    none                 ext=1 conj_indep_a80         seqscan            81.39 ms est=       143 act=       152
    btree_a_b_separate   ext=1 conj_dep_a33           bitmapscan          2.23 ms est=       157 act=       140
    btree_a_b_separate   ext=1 conj_indep_a33         bitmapscan          2.24 ms est=       157 act=       172
    btree_a_b_separate   ext=1 conj_dep_a44           bitmapscan          2.23 ms est=       148 act=       144
    btree_a_b_separate   ext=1 conj_indep_a44         bitmapscan          2.33 ms est=       134 act=       150
    btree_a_b_separate   ext=1 conj_dep_a59           bitmapscan          2.37 ms est=       152 act=       149
    btree_a_b_separate   ext=1 conj_indep_a59         bitmapscan          2.22 ms est=       157 act=       149
    btree_a_b_separate   ext=1 conj_dep_a64           bitmapscan          2.23 ms est=       145 act=       140
    btree_a_b_separate   ext=1 conj_indep_a64         bitmapscan          2.24 ms est=       148 act=       152
    btree_a_b_separate   ext=1 conj_dep_a80           bitmapscan          2.25 ms est=       145 act=       159
    btree_a_b_separate   ext=1 conj_indep_a80         bitmapscan          2.33 ms est=       136 act=       152
    btree_ab_composite   ext=1 conj_dep_a33           bitmapscan          0.06 ms est=       136 act=       140
    btree_ab_composite   ext=1 conj_indep_a33         bitmapscan          0.06 ms est=       147 act=       172
    btree_ab_composite   ext=1 conj_dep_a44           bitmapscan          0.05 ms est=       144 act=       144
    btree_ab_composite   ext=1 conj_indep_a44         bitmapscan          0.05 ms est=       139 act=       150
    btree_ab_composite   ext=1 conj_dep_a59           bitmapscan          0.05 ms est=       152 act=       149
    btree_ab_composite   ext=1 conj_indep_a59         bitmapscan          0.04 ms est=       160 act=       149
    btree_ab_composite   ext=1 conj_dep_a64           bitmapscan          0.04 ms est=       159 act=       140
    btree_ab_composite   ext=1 conj_indep_a64         bitmapscan          0.04 ms est=       147 act=       152
    btree_ab_composite   ext=1 conj_dep_a80           bitmapscan          0.07 ms est=       126 act=       159
    btree_ab_composite   ext=1 conj_indep_a80         bitmapscan          0.05 ms est=       143 act=       152
  218 new measurements
  dropped t_phys10, marked complete

Done. Raw results: G:\codes\Ass\DTMS\research\results\raw\measurements_1500k.jsonl
