Output tag: 10m  ->  measurements_10m.jsonl
Datasets: ['baseline', 'skew05', 'skew10', 'skew15', 'dep025', 'dep05', 'dep075', 'dep10', 'phys05', 'phys095', 'phys10']  rows=10000000
Already measured: 218 records
Server: PostgreSQL 17.1 on x86_64-windows, compiled by msvc-19.41.34123, 64-bit

=== dataset baseline ===
  generated in 17.5s -> t_baseline.csv
  loaded in 12.0s
  ts correlation: designed=0.0 realised=-0.0001 pg_stats=0.003968397
  34 queries
  0 new measurements
  dropped t_baseline

=== dataset skew05 ===
  generated in 19.4s -> t_skew05.csv
  loaded in 11.5s
  ts correlation: designed=0.0 realised=-0.0004 pg_stats=-0.001152056
  34 queries
    none                 ext=0 eq_v1                  seqscan           794.64 ms est=     51668 act=     50248
    none                 ext=0 eq_v1403               seqscan           793.03 ms est=       958 act=      1336
    none                 ext=0 eq_v2838               seqscan           796.97 ms est=       958 act=       944
    none                 ext=0 eq_v3861               seqscan           793.83 ms est=       958 act=       771
    none                 ext=0 eq_v6044               seqscan           791.42 ms est=       958 act=       667
    none                 ext=0 eq_v8085               seqscan           793.83 ms est=       958 act=       597
    none                 ext=0 eq_v8326               seqscan           786.48 ms est=       958 act=       546
    none                 ext=0 eq_v9997               seqscan           800.57 ms est=       958 act=       436
    none                 ext=0 range_1e-05            seqscan           788.64 ms est=       958 act=       436
    none                 ext=0 tsrange_1e-05          seqscan           918.70 ms est=         1 act=       100
    none                 ext=0 range_0.0001           seqscan           825.26 ms est=       958 act=      1000
    none                 ext=0 tsrange_0.0001         seqscan           900.95 ms est=         1 act=      1000
    none                 ext=0 range_0.001            seqscan           813.28 ms est=      9410 act=     10000
    none                 ext=0 tsrange_0.001          seqscan           881.31 ms est=      8255 act=     10000
    none                 ext=0 range_0.01             seqscan           798.74 ms est=     93962 act=    100000
    none                 ext=0 tsrange_0.01           seqscan           874.82 ms est=     94449 act=    100000
    none                 ext=0 range_0.05             seqscan           805.98 ms est=    492672 act=    500000
    none                 ext=0 tsrange_0.05           seqscan           874.55 ms est=    500874 act=    500000
    none                 ext=0 range_0.1              seqscan           806.24 ms est=   1041089 act=   1000000
    none                 ext=0 tsrange_0.1            seqscan           885.58 ms est=    998326 act=   1000000
    none                 ext=0 range_0.2              seqscan           833.59 ms est=   2045467 act=   2000000
    none                 ext=0 tsrange_0.2            seqscan           919.67 ms est=   1977487 act=   2000000
    none                 ext=0 range_0.5              seqscan           871.01 ms est=   5025982 act=   5000000
    none                 ext=0 tsrange_0.5            seqscan           952.88 ms est=   4988978 act=   5000000
    none                 ext=0 conj_dep_a18           seqscan           781.06 ms est=      1038 act=      1013
    none                 ext=0 conj_indep_a18         seqscan           779.37 ms est=      1020 act=       948
    none                 ext=0 conj_dep_a51           seqscan           791.91 ms est=      1123 act=      1033
    none                 ext=0 conj_indep_a51         seqscan           787.55 ms est=      1202 act=       960
    none                 ext=0 conj_dep_a62           seqscan           779.07 ms est=       945 act=       986
    none                 ext=0 conj_indep_a62         seqscan           777.01 ms est=       899 act=      1011
    none                 ext=0 conj_dep_a77           seqscan           772.60 ms est=       902 act=      1008
    none                 ext=0 conj_indep_a77         seqscan           773.49 ms est=       930 act=       997
    none                 ext=0 conj_dep_a79           seqscan           771.58 ms est=      1059 act=      1018
    none                 ext=0 conj_indep_a79         seqscan           769.53 ms est=       882 act=       935
    btree_skew           ext=0 eq_v1                  bitmapscan        168.34 ms est=     50336 act=     50248
    btree_skew           ext=0 eq_v1403               bitmapscan          0.44 ms est=       954 act=      1336
    btree_skew           ext=0 eq_v2838               bitmapscan          0.32 ms est=       954 act=       944
    btree_skew           ext=0 eq_v3861               bitmapscan          0.56 ms est=       954 act=       771
    btree_skew           ext=0 eq_v6044               bitmapscan          0.21 ms est=       954 act=       667
    btree_skew           ext=0 eq_v8085               bitmapscan          0.19 ms est=       954 act=       597
    btree_skew           ext=0 eq_v8326               bitmapscan          0.19 ms est=       954 act=       546
    btree_skew           ext=0 eq_v9997               bitmapscan          0.28 ms est=       954 act=       436
    btree_skew           ext=0 range_1e-05            bitmapscan          0.13 ms est=       954 act=       436
    btree_skew           ext=0 range_0.0001           bitmapscan          0.33 ms est=       954 act=      1000
    btree_skew           ext=0 range_0.001            bitmapscan          5.11 ms est=      9627 act=     10000
    btree_skew           ext=0 range_0.01             bitmapscan        418.65 ms est=    101241 act=    100000
    btree_skew           ext=0 range_0.05             bitmapscan        945.69 ms est=    490412 act=    500000
    btree_skew           ext=0 range_0.1              bitmapscan        985.26 ms est=    986032 act=   1000000
    btree_skew           ext=0 range_0.2              seqscan           666.27 ms est=   1975027 act=   2000000
    btree_skew           ext=0 range_0.5              seqscan           751.13 ms est=   5004494 act=   5000000
    hash_skew            ext=0 eq_v1                  bitmapscan        172.72 ms est=     49335 act=     50248
    hash_skew            ext=0 eq_v1403               bitmapscan          0.50 ms est=       956 act=      1336
    hash_skew            ext=0 eq_v2838               bitmapscan          0.35 ms est=       956 act=       944
    hash_skew            ext=0 eq_v3861               bitmapscan          0.35 ms est=       956 act=       771
    hash_skew            ext=0 eq_v6044               bitmapscan          0.23 ms est=       956 act=       667
    hash_skew            ext=0 eq_v8085               bitmapscan          0.24 ms est=       956 act=       597
    hash_skew            ext=0 eq_v8326               bitmapscan          0.19 ms est=       956 act=       546
    hash_skew            ext=0 eq_v9997               bitmapscan          0.22 ms est=       956 act=       436
    brin_skew            ext=0 eq_v1                  seqscan           635.59 ms est=     49003 act=     50248
    brin_skew            ext=0 eq_v1403               seqscan           587.74 ms est=       949 act=      1336
    brin_skew            ext=0 eq_v2838               seqscan           587.17 ms est=       949 act=       944
    brin_skew            ext=0 eq_v3861               seqscan           592.88 ms est=       949 act=       771
    brin_skew            ext=0 eq_v6044               seqscan           594.04 ms est=       949 act=       667
    brin_skew            ext=0 eq_v8085               seqscan           584.67 ms est=       949 act=       597
    brin_skew            ext=0 eq_v8326               seqscan           582.49 ms est=       949 act=       546
    brin_skew            ext=0 eq_v9997               seqscan           587.88 ms est=       949 act=       436
    brin_skew            ext=0 range_1e-05            seqscan           593.11 ms est=       949 act=       436
    brin_skew            ext=0 range_0.0001           seqscan           638.23 ms est=       949 act=      1000
    brin_skew            ext=0 range_0.001            seqscan           640.68 ms est=      8565 act=     10000
    brin_skew            ext=0 range_0.01             seqscan           643.81 ms est=    102642 act=    100000
    brin_skew            ext=0 range_0.05             seqscan           652.48 ms est=    487402 act=    500000
    brin_skew            ext=0 range_0.1              seqscan           662.17 ms est=   1021405 act=   1000000
    brin_skew            ext=0 range_0.2              seqscan           679.38 ms est=   2032216 act=   2000000
    brin_skew            ext=0 range_0.5              seqscan           718.90 ms est=   5063065 act=   5000000
    btree_a_b_separate   ext=0 conj_dep_a18           bitmapscan        155.96 ms est=      1007 act=      1013
    btree_a_b_separate   ext=0 conj_indep_a18         bitmapscan        155.55 ms est=       909 act=       948
    btree_a_b_separate   ext=0 conj_dep_a51           bitmapscan        156.60 ms est=      1071 act=      1033
    btree_a_b_separate   ext=0 conj_indep_a51         bitmapscan        154.72 ms est=      1036 act=       960
    btree_a_b_separate   ext=0 conj_dep_a62           bitmapscan        155.81 ms est=      1209 act=       986
    btree_a_b_separate   ext=0 conj_indep_a62         bitmapscan        155.14 ms est=      1052 act=      1011
    btree_a_b_separate   ext=0 conj_dep_a77           bitmapscan        156.23 ms est=      1012 act=      1008
    btree_a_b_separate   ext=0 conj_indep_a77         bitmapscan        156.25 ms est=      1026 act=       997
    btree_a_b_separate   ext=0 conj_dep_a79           bitmapscan        156.07 ms est=       939 act=      1018
    btree_a_b_separate   ext=0 conj_indep_a79         bitmapscan        155.45 ms est=      1138 act=       935
    btree_ab_composite   ext=0 conj_dep_a18           bitmapscan          0.37 ms est=       950 act=      1013
    btree_ab_composite   ext=0 conj_indep_a18         bitmapscan          0.38 ms est=       928 act=       948
    btree_ab_composite   ext=0 conj_dep_a51           bitmapscan          0.63 ms est=      1032 act=      1033
    btree_ab_composite   ext=0 conj_indep_a51         bitmapscan          0.42 ms est=      1148 act=       960
    btree_ab_composite   ext=0 conj_dep_a62           bitmapscan          0.33 ms est=       958 act=       986
    btree_ab_composite   ext=0 conj_indep_a62         bitmapscan          0.46 ms est=       892 act=      1011
    btree_ab_composite   ext=0 conj_dep_a77           bitmapscan          0.37 ms est=      1028 act=      1008
    btree_ab_composite   ext=0 conj_indep_a77         bitmapscan          0.42 ms est=       831 act=       997
    btree_ab_composite   ext=0 conj_dep_a79           bitmapscan          0.35 ms est=       970 act=      1018
    btree_ab_composite   ext=0 conj_indep_a79         bitmapscan          0.39 ms est=      1013 act=       935
    btree_ts             ext=0 tsrange_1e-05          bitmapscan          0.04 ms est=        96 act=       100
    btree_ts             ext=0 tsrange_0.0001         bitmapscan          0.35 ms est=       987 act=      1000
    btree_ts             ext=0 tsrange_0.001          bitmapscan          5.72 ms est=      9606 act=     10000
    btree_ts             ext=0 tsrange_0.01           bitmapscan        437.06 ms est=     97071 act=    100000
    btree_ts             ext=0 tsrange_0.05           bitmapscan       1005.95 ms est=    489455 act=    500000
    btree_ts             ext=0 tsrange_0.1            bitmapscan       1045.16 ms est=    984140 act=   1000000
    btree_ts             ext=0 tsrange_0.2            seqscan           730.23 ms est=   1956615 act=   2000000
    btree_ts             ext=0 tsrange_0.5            seqscan           803.21 ms est=   4942415 act=   5000000
    brin_ts              ext=0 tsrange_1e-05          bitmapscan         57.37 ms est=         1 act=       100
    brin_ts              ext=0 tsrange_0.0001         bitmapscan        698.74 ms est=         1 act=      1000
    brin_ts              ext=0 tsrange_0.001          bitmapscan       1189.55 ms est=      8918 act=     10000
    brin_ts              ext=0 tsrange_0.01           seqscan           731.28 ms est=    102183 act=    100000
    brin_ts              ext=0 tsrange_0.05           seqscan           720.84 ms est=    517413 act=    500000
    brin_ts              ext=0 tsrange_0.1            seqscan           713.66 ms est=    990056 act=   1000000
    brin_ts              ext=0 tsrange_0.2            seqscan           735.53 ms est=   1981616 act=   2000000
    brin_ts              ext=0 tsrange_0.5            seqscan           794.76 ms est=   4974209 act=   5000000
    all                  ext=0 eq_v1                  indexscan         156.28 ms est=     52335 act=     50248
    all                  ext=0 eq_v1403               bitmapscan          0.43 ms est=       964 act=      1336
    all                  ext=0 eq_v2838               bitmapscan          0.31 ms est=       964 act=       944
    all                  ext=0 eq_v3861               bitmapscan          0.34 ms est=       964 act=       771
    all                  ext=0 eq_v6044               bitmapscan          0.21 ms est=       964 act=       667
    all                  ext=0 eq_v8085               bitmapscan          0.23 ms est=       964 act=       597
    all                  ext=0 eq_v8326               bitmapscan          0.21 ms est=       964 act=       546
    all                  ext=0 eq_v9997               bitmapscan          0.14 ms est=       964 act=       436
    all                  ext=0 range_1e-05            bitmapscan          0.28 ms est=       964 act=       436
    all                  ext=0 tsrange_1e-05          bitmapscan          0.05 ms est=       106 act=       100
    all                  ext=0 range_0.0001           bitmapscan          0.74 ms est=       964 act=      1000
    all                  ext=0 tsrange_0.0001         bitmapscan          0.45 ms est=      1096 act=      1000
    all                  ext=0 range_0.001            indexscan           2.50 ms est=      9876 act=     10000
    all                  ext=0 tsrange_0.001          indexscan           2.58 ms est=     10669 act=     10000
    all                  ext=0 range_0.01             seqscan           742.85 ms est=    107735 act=    100000
    all                  ext=0 tsrange_0.01           seqscan           749.34 ms est=    106857 act=    100000
    all                  ext=0 range_0.05             seqscan           654.79 ms est=    521643 act=    500000
    all                  ext=0 tsrange_0.05           seqscan           729.08 ms est=    497457 act=    500000
    all                  ext=0 range_0.1              seqscan           656.35 ms est=    973295 act=   1000000
    all                  ext=0 tsrange_0.1            seqscan           768.75 ms est=    984188 act=   1000000
    all                  ext=0 range_0.2              seqscan           694.03 ms est=   1959232 act=   2000000
    all                  ext=0 tsrange_0.2            seqscan           749.95 ms est=   1975675 act=   2000000
    all                  ext=0 range_0.5              seqscan           733.52 ms est=   4967154 act=   5000000
    all                  ext=0 tsrange_0.5            seqscan           833.87 ms est=   4994802 act=   5000000
    all                  ext=0 conj_dep_a18           bitmapscan          0.36 ms est=       998 act=      1013
    all                  ext=0 conj_indep_a18         bitmapscan          0.33 ms est=      1005 act=       948
    all                  ext=0 conj_dep_a51           bitmapscan          0.46 ms est=       895 act=      1033
    all                  ext=0 conj_indep_a51         bitmapscan          0.33 ms est=       889 act=       960
    all                  ext=0 conj_dep_a62           bitmapscan          0.34 ms est=       937 act=       986
    all                  ext=0 conj_indep_a62         bitmapscan          0.54 ms est=       994 act=      1011
    all                  ext=0 conj_dep_a77           bitmapscan          0.35 ms est=       901 act=      1008
    all                  ext=0 conj_indep_a77         bitmapscan          0.34 ms est=      1003 act=       997
    all                  ext=0 conj_dep_a79           bitmapscan          0.52 ms est=      1031 act=      1018
    all                  ext=0 conj_indep_a79         bitmapscan          0.36 ms est=      1063 act=       935
    all_no_brin          ext=0 eq_v1                  bitmapscan        168.41 ms est=     51335 act=     50248
    all_no_brin          ext=0 eq_v1403               bitmapscan          0.51 ms est=       951 act=      1336
    all_no_brin          ext=0 eq_v2838               bitmapscan          0.44 ms est=       951 act=       944
    all_no_brin          ext=0 eq_v3861               bitmapscan          0.24 ms est=       951 act=       771
    all_no_brin          ext=0 eq_v6044               bitmapscan          0.56 ms est=       951 act=       667
    all_no_brin          ext=0 eq_v8085               bitmapscan          0.21 ms est=       951 act=       597
    all_no_brin          ext=0 eq_v8326               bitmapscan          0.32 ms est=       951 act=       546
    all_no_brin          ext=0 eq_v9997               bitmapscan          0.19 ms est=       951 act=       436
    all_no_brin          ext=0 range_1e-05            bitmapscan          0.15 ms est=       951 act=       436
    all_no_brin          ext=0 tsrange_1e-05          bitmapscan          0.06 ms est=       102 act=       100
    all_no_brin          ext=0 range_0.0001           bitmapscan          0.33 ms est=       951 act=      1000
    all_no_brin          ext=0 tsrange_0.0001         bitmapscan          0.38 ms est=      1058 act=      1000
    all_no_brin          ext=0 range_0.001            bitmapscan          4.66 ms est=      9967 act=     10000
    all_no_brin          ext=0 tsrange_0.001          bitmapscan          5.05 ms est=     10299 act=     10000
    all_no_brin          ext=0 range_0.01             bitmapscan        414.54 ms est=    106680 act=    100000
    all_no_brin          ext=0 tsrange_0.01           bitmapscan        437.08 ms est=    104127 act=    100000
    all_no_brin          ext=0 range_0.05             bitmapscan        943.41 ms est=    497302 act=    500000
    all_no_brin          ext=0 tsrange_0.05           bitmapscan       1025.21 ms est=    512276 act=    500000
    all_no_brin          ext=0 range_0.1              bitmapscan        989.66 ms est=   1007203 act=   1000000
    all_no_brin          ext=0 tsrange_0.1            bitmapscan       1046.36 ms est=   1017593 act=   1000000
    all_no_brin          ext=0 range_0.2              seqscan           675.05 ms est=   1991669 act=   2000000
    all_no_brin          ext=0 tsrange_0.2            seqscan           729.57 ms est=   2007575 act=   2000000
    all_no_brin          ext=0 range_0.5              seqscan           722.67 ms est=   4989909 act=   5000000
    all_no_brin          ext=0 tsrange_0.5            seqscan           793.14 ms est=   5026899 act=   5000000
    all_no_brin          ext=0 conj_dep_a18           bitmapscan          0.46 ms est=       993 act=      1013
    all_no_brin          ext=0 conj_indep_a18         bitmapscan          0.32 ms est=      1000 act=       948
    all_no_brin          ext=0 conj_dep_a51           bitmapscan          0.36 ms est=       946 act=      1033
    all_no_brin          ext=0 conj_indep_a51         bitmapscan          0.41 ms est=       880 act=       960
    all_no_brin          ext=0 conj_dep_a62           bitmapscan          0.37 ms est=      1043 act=       986
    all_no_brin          ext=0 conj_indep_a62         bitmapscan          0.37 ms est=      1124 act=      1011
    all_no_brin          ext=0 conj_dep_a77           bitmapscan          0.39 ms est=      1023 act=      1008
    all_no_brin          ext=0 conj_indep_a77         bitmapscan          0.42 ms est=       962 act=       997
    all_no_brin          ext=0 conj_dep_a79           bitmapscan          0.35 ms est=       957 act=      1018
    all_no_brin          ext=0 conj_indep_a79         bitmapscan          0.34 ms est=      1085 act=       935
    all                  ext=1 conj_dep_a18           bitmapscan          0.45 ms est=      1064 act=      1013
    all                  ext=1 conj_indep_a18         bitmapscan          0.34 ms est=       989 act=       948
    all                  ext=1 conj_dep_a51           bitmapscan          0.38 ms est=      1058 act=      1033
    all                  ext=1 conj_indep_a51         bitmapscan          0.37 ms est=       944 act=       960
    all                  ext=1 conj_dep_a62           bitmapscan          0.36 ms est=      1102 act=       986
    all                  ext=1 conj_indep_a62         bitmapscan          0.36 ms est=      1034 act=      1011
    all                  ext=1 conj_dep_a77           bitmapscan          0.40 ms est=      1084 act=      1008
    all                  ext=1 conj_indep_a77         bitmapscan          0.36 ms est=       888 act=       997
    all                  ext=1 conj_dep_a79           bitmapscan          0.34 ms est=      1023 act=      1018
    all                  ext=1 conj_indep_a79         bitmapscan          0.31 ms est=      1064 act=       935
    none                 ext=1 conj_dep_a18           seqscan           784.43 ms est=       917 act=      1013
    none                 ext=1 conj_indep_a18         seqscan           791.48 ms est=       973 act=       948
    none                 ext=1 conj_dep_a51           seqscan           782.52 ms est=      1003 act=      1033
    none                 ext=1 conj_indep_a51         seqscan           784.44 ms est=       962 act=       960
    none                 ext=1 conj_dep_a62           seqscan           784.30 ms est=      1020 act=       986
    none                 ext=1 conj_indep_a62         seqscan           779.40 ms est=      1060 act=      1011
    none                 ext=1 conj_dep_a77           seqscan           779.40 ms est=       901 act=      1008
    none                 ext=1 conj_indep_a77         seqscan           778.87 ms est=       954 act=       997
    none                 ext=1 conj_dep_a79           seqscan           782.02 ms est=       931 act=      1018
    none                 ext=1 conj_indep_a79         seqscan           773.75 ms est=      1020 act=       935
    btree_a_b_separate   ext=1 conj_dep_a18           bitmapscan        153.86 ms est=       942 act=      1013
    btree_a_b_separate   ext=1 conj_indep_a18         bitmapscan        154.70 ms est=       997 act=       948
    btree_a_b_separate   ext=1 conj_dep_a51           bitmapscan        156.13 ms est=      1081 act=      1033
    btree_a_b_separate   ext=1 conj_indep_a51         bitmapscan        156.95 ms est=      1050 act=       960
    btree_a_b_separate   ext=1 conj_dep_a62           bitmapscan        155.35 ms est=      1120 act=       986
    btree_a_b_separate   ext=1 conj_indep_a62         bitmapscan        154.57 ms est=       954 act=      1011
    btree_a_b_separate   ext=1 conj_dep_a77           bitmapscan        151.56 ms est=       975 act=      1008
    btree_a_b_separate   ext=1 conj_indep_a77         bitmapscan        154.38 ms est=       871 act=       997
    btree_a_b_separate   ext=1 conj_dep_a79           bitmapscan        155.12 ms est=      1020 act=      1018
    btree_a_b_separate   ext=1 conj_indep_a79         bitmapscan        155.35 ms est=       938 act=       935
    btree_ab_composite   ext=1 conj_dep_a18           bitmapscan          0.35 ms est=      1217 act=      1013
    btree_ab_composite   ext=1 conj_indep_a18         bitmapscan          0.52 ms est=      1100 act=       948
    btree_ab_composite   ext=1 conj_dep_a51           bitmapscan          0.38 ms est=      1080 act=      1033
    btree_ab_composite   ext=1 conj_indep_a51         bitmapscan          0.32 ms est=      1191 act=       960
    btree_ab_composite   ext=1 conj_dep_a62           bitmapscan          0.35 ms est=       995 act=       986
    btree_ab_composite   ext=1 conj_indep_a62         bitmapscan          0.94 ms est=      1112 act=      1011
    btree_ab_composite   ext=1 conj_dep_a77           bitmapscan          0.39 ms est=      1109 act=      1008
    btree_ab_composite   ext=1 conj_indep_a77         bitmapscan          0.34 ms est=       980 act=       997
    btree_ab_composite   ext=1 conj_dep_a79           bitmapscan          0.37 ms est=       876 act=      1018
    btree_ab_composite   ext=1 conj_indep_a79         bitmapscan          0.54 ms est=       928 act=       935
  218 new measurements
  dropped t_skew05

=== dataset skew10 ===
  generated in 20.5s -> t_skew10.csv
  loaded in 13.1s
  ts correlation: designed=0.0 realised=-0.0004 pg_stats=0.0038494805
  34 queries
    none                 ext=0 eq_v1                  seqscan           800.19 ms est=   1024050 act=   1021258
    none                 ext=0 eq_v1466               seqscan           774.16 ms est=       802 act=       713
    none                 ext=0 eq_v2945               seqscan           771.21 ms est=       802 act=       358
    none                 ext=0 eq_v4270               seqscan           769.31 ms est=       802 act=       240
    none                 ext=0 eq_v5810               seqscan           776.68 ms est=       802 act=       179
    none                 ext=0 eq_v7194               seqscan           772.63 ms est=       802 act=       144
    none                 ext=0 eq_v7543               seqscan           772.37 ms est=       802 act=       120
    none                 ext=0 eq_v9984               seqscan           769.49 ms est=       802 act=        73
    none                 ext=0 range_1e-05            seqscan           789.70 ms est=       802 act=       100
    none                 ext=0 tsrange_1e-05          seqscan           922.23 ms est=         1 act=       100
    none                 ext=0 range_0.0001           seqscan           783.34 ms est=       802 act=      1000
    none                 ext=0 tsrange_0.0001         seqscan           899.90 ms est=         1 act=      1000
    none                 ext=0 range_0.001            seqscan           775.05 ms est=      8824 act=     10000
    none                 ext=0 tsrange_0.001          seqscan           883.82 ms est=      7909 act=     10000
    none                 ext=0 range_0.01             seqscan           742.37 ms est=    103382 act=    100000
    none                 ext=0 tsrange_0.01           seqscan           856.93 ms est=     94830 act=    100000
    none                 ext=0 range_0.05             seqscan           766.87 ms est=    508788 act=    500000
    none                 ext=0 tsrange_0.05           seqscan           860.36 ms est=    517240 act=    500000
    none                 ext=0 range_0.1              seqscan           773.28 ms est=   1013122 act=   1000000
    none                 ext=0 tsrange_0.1            seqscan           873.82 ms est=   1003160 act=   1000000
    none                 ext=0 range_0.2              seqscan           789.76 ms est=   2017730 act=   2000000
    none                 ext=0 tsrange_0.2            seqscan           886.93 ms est=   1990282 act=   2000000
    none                 ext=0 range_0.5              seqscan           858.46 ms est=   5008834 act=   5000000
    none                 ext=0 tsrange_0.5            seqscan           952.36 ms est=   4979475 act=   5000000
    none                 ext=0 conj_dep_a18           seqscan           781.69 ms est=       980 act=      1013
    none                 ext=0 conj_indep_a18         seqscan           760.63 ms est=      1127 act=       948
    none                 ext=0 conj_dep_a51           seqscan           762.22 ms est=      1100 act=      1033
    none                 ext=0 conj_indep_a51         seqscan           770.74 ms est=      1033 act=       960
    none                 ext=0 conj_dep_a62           seqscan           762.97 ms est=      1159 act=       986
    none                 ext=0 conj_indep_a62         seqscan           760.55 ms est=       990 act=      1011
    none                 ext=0 conj_dep_a77           seqscan           761.29 ms est=      1028 act=      1008
    none                 ext=0 conj_indep_a77         seqscan           759.18 ms est=       941 act=       997
    none                 ext=0 conj_dep_a79           seqscan           771.04 ms est=       980 act=      1018
    none                 ext=0 conj_indep_a79         seqscan           776.52 ms est=       919 act=       935
    btree_skew           ext=0 eq_v1                  bitmapscan        913.02 ms est=   1030016 act=   1021258
    btree_skew           ext=0 eq_v1466               bitmapscan          0.24 ms est=       797 act=       713
    btree_skew           ext=0 eq_v2945               bitmapscan          0.11 ms est=       797 act=       358
    btree_skew           ext=0 eq_v4270               bitmapscan          0.10 ms est=       797 act=       240
    btree_skew           ext=0 eq_v5810               bitmapscan          0.11 ms est=       797 act=       179
    btree_skew           ext=0 eq_v7194               bitmapscan          0.04 ms est=       797 act=       144
    btree_skew           ext=0 eq_v7543               bitmapscan          0.04 ms est=       797 act=       120
    btree_skew           ext=0 eq_v9984               bitmapscan          0.03 ms est=       797 act=        73
    btree_skew           ext=0 range_1e-05            bitmapscan          0.04 ms est=       797 act=       100
    btree_skew           ext=0 range_0.0001           bitmapscan          0.36 ms est=       797 act=      1000
    btree_skew           ext=0 range_0.001            bitmapscan          4.65 ms est=      9305 act=     10000
    btree_skew           ext=0 range_0.01             bitmapscan        396.52 ms est=    100493 act=    100000
    btree_skew           ext=0 range_0.05             bitmapscan        903.44 ms est=    494512 act=    500000
    btree_skew           ext=0 range_0.1              bitmapscan        939.21 ms est=    997876 act=   1000000
    btree_skew           ext=0 range_0.2              seqscan           612.29 ms est=   1990680 act=   2000000
    btree_skew           ext=0 range_0.5              seqscan           687.21 ms est=   4963655 act=   5000000
    hash_skew            ext=0 eq_v1                  seqscan           586.50 ms est=   1016050 act=   1021258
    hash_skew            ext=0 eq_v1466               bitmapscan          0.24 ms est=       811 act=       713
    hash_skew            ext=0 eq_v2945               bitmapscan          0.12 ms est=       811 act=       358
    hash_skew            ext=0 eq_v4270               bitmapscan          0.08 ms est=       811 act=       240
    hash_skew            ext=0 eq_v5810               bitmapscan          0.07 ms est=       811 act=       179
    hash_skew            ext=0 eq_v7194               bitmapscan          0.05 ms est=       811 act=       144
    hash_skew            ext=0 eq_v7543               bitmapscan          0.05 ms est=       811 act=       120
    hash_skew            ext=0 eq_v9984               bitmapscan          0.03 ms est=       811 act=        73
    brin_skew            ext=0 eq_v1                  seqscan           754.50 ms est=   1015847 act=   1021258
    brin_skew            ext=0 eq_v1466               bitmapscan       1048.36 ms est=       803 act=       713
    brin_skew            ext=0 eq_v2945               bitmapscan       1055.52 ms est=       803 act=       358
    brin_skew            ext=0 eq_v4270               bitmapscan       1049.97 ms est=       803 act=       240
    brin_skew            ext=0 eq_v5810               bitmapscan       1021.35 ms est=       803 act=       179
    brin_skew            ext=0 eq_v7194               bitmapscan       1032.25 ms est=       803 act=       144
    brin_skew            ext=0 eq_v7543               bitmapscan       1039.90 ms est=       803 act=       120
    brin_skew            ext=0 eq_v9984               bitmapscan        825.33 ms est=       803 act=        73
    brin_skew            ext=0 range_1e-05            bitmapscan       1019.49 ms est=       803 act=       100
    brin_skew            ext=0 range_0.0001           bitmapscan       1040.60 ms est=       803 act=      1000
    brin_skew            ext=0 range_0.001            bitmapscan       1058.31 ms est=      9568 act=     10000
    brin_skew            ext=0 range_0.01             bitmapscan       1035.44 ms est=     99521 act=    100000
    brin_skew            ext=0 range_0.05             seqscan           585.95 ms est=    474455 act=    500000
    brin_skew            ext=0 range_0.1              seqscan           603.70 ms est=    973351 act=   1000000
    brin_skew            ext=0 range_0.2              seqscan           612.86 ms est=   2014340 act=   2000000
    brin_skew            ext=0 range_0.5              seqscan           681.64 ms est=   5012712 act=   5000000
    btree_a_b_separate   ext=0 conj_dep_a18           bitmapscan        155.80 ms est=       988 act=      1013
    btree_a_b_separate   ext=0 conj_indep_a18         bitmapscan        154.91 ms est=      1188 act=       948
    btree_a_b_separate   ext=0 conj_dep_a51           bitmapscan        154.39 ms est=       957 act=      1033
    btree_a_b_separate   ext=0 conj_indep_a51         bitmapscan        155.02 ms est=       954 act=       960
    btree_a_b_separate   ext=0 conj_dep_a62           bitmapscan        155.14 ms est=       931 act=       986
    btree_a_b_separate   ext=0 conj_indep_a62         bitmapscan        153.71 ms est=      1052 act=      1011
    btree_a_b_separate   ext=0 conj_dep_a77           bitmapscan        153.15 ms est=       971 act=      1008
    btree_a_b_separate   ext=0 conj_indep_a77         bitmapscan        154.02 ms est=      1044 act=       997
    btree_a_b_separate   ext=0 conj_dep_a79           bitmapscan        155.23 ms est=      1057 act=      1018
    btree_a_b_separate   ext=0 conj_indep_a79         bitmapscan        155.62 ms est=       906 act=       935
    btree_ab_composite   ext=0 conj_dep_a18           bitmapscan          0.38 ms est=       969 act=      1013
    btree_ab_composite   ext=0 conj_indep_a18         bitmapscan          0.39 ms est=       976 act=       948
    btree_ab_composite   ext=0 conj_dep_a51           bitmapscan          0.35 ms est=      1061 act=      1033
    btree_ab_composite   ext=0 conj_indep_a51         bitmapscan          0.33 ms est=      1037 act=       960
    btree_ab_composite   ext=0 conj_dep_a62           bitmapscan          0.50 ms est=      1067 act=       986
    btree_ab_composite   ext=0 conj_indep_a62         bitmapscan          0.35 ms est=      1071 act=      1011
    btree_ab_composite   ext=0 conj_dep_a77           bitmapscan          0.39 ms est=      1015 act=      1008
    btree_ab_composite   ext=0 conj_indep_a77         bitmapscan          0.64 ms est=      1047 act=       997
    btree_ab_composite   ext=0 conj_dep_a79           bitmapscan          0.36 ms est=       828 act=      1018
    btree_ab_composite   ext=0 conj_indep_a79         bitmapscan          0.34 ms est=       888 act=       935
    btree_ts             ext=0 tsrange_1e-05          bitmapscan          0.04 ms est=       103 act=       100
    btree_ts             ext=0 tsrange_0.0001         bitmapscan          0.42 ms est=      1060 act=      1000
    btree_ts             ext=0 tsrange_0.001          bitmapscan          5.31 ms est=     10318 act=     10000
    btree_ts             ext=0 tsrange_0.01           bitmapscan        432.72 ms est=    104132 act=    100000
    btree_ts             ext=0 tsrange_0.05           bitmapscan        983.99 ms est=    495124 act=    500000
    btree_ts             ext=0 tsrange_0.1            bitmapscan       1044.68 ms est=    981899 act=   1000000
    btree_ts             ext=0 tsrange_0.2            seqscan           712.33 ms est=   1985064 act=   2000000
    btree_ts             ext=0 tsrange_0.5            seqscan           782.30 ms est=   4982197 act=   5000000
    brin_ts              ext=0 tsrange_1e-05          bitmapscan         58.08 ms est=         1 act=       100
    brin_ts              ext=0 tsrange_0.0001         bitmapscan        700.06 ms est=         1 act=      1000
    brin_ts              ext=0 tsrange_0.001          bitmapscan       1200.35 ms est=      8470 act=     10000
    brin_ts              ext=0 tsrange_0.01           seqscan           713.24 ms est=     98037 act=    100000
    brin_ts              ext=0 tsrange_0.05           seqscan           686.02 ms est=    498605 act=    500000
    brin_ts              ext=0 tsrange_0.1            seqscan           692.83 ms est=   1005368 act=   1000000
    brin_ts              ext=0 tsrange_0.2            seqscan           708.16 ms est=   2020853 act=   2000000
    brin_ts              ext=0 tsrange_0.5            seqscan           774.24 ms est=   4978322 act=   5000000
    all                  ext=0 eq_v1                  seqscan           692.06 ms est=   1019118 act=   1021258
    all                  ext=0 eq_v1466               bitmapscan          0.37 ms est=       810 act=       713
    all                  ext=0 eq_v2945               bitmapscan          0.13 ms est=       810 act=       358
    all                  ext=0 eq_v4270               bitmapscan          0.08 ms est=       810 act=       240
    all                  ext=0 eq_v5810               bitmapscan          0.06 ms est=       810 act=       179
    all                  ext=0 eq_v7194               bitmapscan          0.05 ms est=       810 act=       144
    all                  ext=0 eq_v7543               bitmapscan          0.04 ms est=       810 act=       120
    all                  ext=0 eq_v9984               bitmapscan          0.03 ms est=       810 act=        73
    all                  ext=0 range_1e-05            bitmapscan          0.03 ms est=       810 act=       100
    all                  ext=0 tsrange_1e-05          bitmapscan          0.04 ms est=        90 act=       100
    all                  ext=0 range_0.0001           bitmapscan          0.35 ms est=       810 act=      1000
    all                  ext=0 tsrange_0.0001         bitmapscan          0.39 ms est=       925 act=      1000
    all                  ext=0 range_0.001            indexscan           2.28 ms est=      9305 act=     10000
    all                  ext=0 tsrange_0.001          indexscan           3.13 ms est=      9010 act=     10000
    all                  ext=0 range_0.01             bitmapscan       1043.33 ms est=    100577 act=    100000
    all                  ext=0 tsrange_0.01           indexscan         464.48 ms est=     91048 act=    100000
    all                  ext=0 range_0.05             seqscan           610.21 ms est=    497175 act=    500000
    all                  ext=0 tsrange_0.05           seqscan           712.11 ms est=    493992 act=    500000
    all                  ext=0 range_0.1              seqscan           625.67 ms est=    995043 act=   1000000
    all                  ext=0 tsrange_0.1            seqscan           720.76 ms est=    957461 act=   1000000
    all                  ext=0 range_0.2              seqscan           660.12 ms est=   1995802 act=   2000000
    all                  ext=0 tsrange_0.2            seqscan           737.22 ms est=   1989208 act=   2000000
    all                  ext=0 range_0.5              seqscan           707.58 ms est=   4995429 act=   5000000
    all                  ext=0 tsrange_0.5            seqscan           790.08 ms est=   4994478 act=   5000000
    all                  ext=0 conj_dep_a18           bitmapscan          0.34 ms est=       964 act=      1013
    all                  ext=0 conj_indep_a18         bitmapscan          0.33 ms est=       841 act=       948
    all                  ext=0 conj_dep_a51           bitmapscan          0.73 ms est=      1045 act=      1033
    all                  ext=0 conj_indep_a51         bitmapscan          0.48 ms est=       991 act=       960
    all                  ext=0 conj_dep_a62           bitmapscan          0.61 ms est=       944 act=       986
    all                  ext=0 conj_indep_a62         bitmapscan          0.33 ms est=       977 act=      1011
    all                  ext=0 conj_dep_a77           bitmapscan          0.35 ms est=      1092 act=      1008
    all                  ext=0 conj_indep_a77         bitmapscan          0.73 ms est=      1011 act=       997
    all                  ext=0 conj_dep_a79           bitmapscan          0.38 ms est=       931 act=      1018
    all                  ext=0 conj_indep_a79         bitmapscan          0.32 ms est=       940 act=       935
    all_no_brin          ext=0 eq_v1                  bitmapscan        917.58 ms est=   1016615 act=   1021258
    all_no_brin          ext=0 eq_v1466               bitmapscan          0.26 ms est=       801 act=       713
    all_no_brin          ext=0 eq_v2945               bitmapscan          0.12 ms est=       801 act=       358
    all_no_brin          ext=0 eq_v4270               bitmapscan          0.07 ms est=       801 act=       240
    all_no_brin          ext=0 eq_v5810               bitmapscan          0.11 ms est=       801 act=       179
    all_no_brin          ext=0 eq_v7194               bitmapscan          0.05 ms est=       801 act=       144
    all_no_brin          ext=0 eq_v7543               bitmapscan          0.04 ms est=       801 act=       120
    all_no_brin          ext=0 eq_v9984               bitmapscan          0.03 ms est=       801 act=        73
    all_no_brin          ext=0 range_1e-05            bitmapscan          0.03 ms est=       801 act=       100
    all_no_brin          ext=0 tsrange_1e-05          bitmapscan          0.03 ms est=        99 act=       100
    all_no_brin          ext=0 range_0.0001           bitmapscan          0.33 ms est=       801 act=      1000
    all_no_brin          ext=0 tsrange_0.0001         bitmapscan          0.62 ms est=      1027 act=      1000
    all_no_brin          ext=0 range_0.001            bitmapscan          4.55 ms est=      9600 act=     10000
    all_no_brin          ext=0 tsrange_0.001          bitmapscan          5.59 ms est=     10002 act=     10000
    all_no_brin          ext=0 range_0.01             bitmapscan        397.10 ms est=     96534 act=    100000
    all_no_brin          ext=0 tsrange_0.01           bitmapscan        428.43 ms est=    101086 act=    100000
    all_no_brin          ext=0 range_0.05             bitmapscan        904.63 ms est=    512135 act=    500000
    all_no_brin          ext=0 tsrange_0.05           bitmapscan        986.33 ms est=    522340 act=    500000
    all_no_brin          ext=0 range_0.1              bitmapscan        942.26 ms est=    997030 act=   1000000
    all_no_brin          ext=0 tsrange_0.1            bitmapscan       1040.49 ms est=   1027092 act=   1000000
    all_no_brin          ext=0 range_0.2              seqscan           654.07 ms est=   2017487 act=   2000000
    all_no_brin          ext=0 tsrange_0.2            seqscan           720.78 ms est=   2066610 act=   2000000
    all_no_brin          ext=0 range_0.5              seqscan           688.38 ms est=   5003800 act=   5000000
    all_no_brin          ext=0 tsrange_0.5            seqscan           769.78 ms est=   5032867 act=   5000000
    all_no_brin          ext=0 conj_dep_a18           bitmapscan          0.33 ms est=       951 act=      1013
    all_no_brin          ext=0 conj_indep_a18         bitmapscan          0.31 ms est=      1161 act=       948
    all_no_brin          ext=0 conj_dep_a51           bitmapscan          0.45 ms est=       984 act=      1033
    all_no_brin          ext=0 conj_indep_a51         bitmapscan          0.33 ms est=      1003 act=       960
    all_no_brin          ext=0 conj_dep_a62           bitmapscan          0.35 ms est=       921 act=       986
    all_no_brin          ext=0 conj_indep_a62         bitmapscan          0.63 ms est=       918 act=      1011
    all_no_brin          ext=0 conj_dep_a77           bitmapscan          0.33 ms est=      1109 act=      1008
    all_no_brin          ext=0 conj_indep_a77         bitmapscan          0.34 ms est=      1026 act=       997
    all_no_brin          ext=0 conj_dep_a79           bitmapscan          0.42 ms est=      1041 act=      1018
    all_no_brin          ext=0 conj_indep_a79         bitmapscan          0.36 ms est=       905 act=       935
    all                  ext=1 conj_dep_a18           bitmapscan          0.38 ms est=       993 act=      1013
    all                  ext=1 conj_indep_a18         bitmapscan          0.33 ms est=       964 act=       948
    all                  ext=1 conj_dep_a51           bitmapscan          0.37 ms est=       950 act=      1033
    all                  ext=1 conj_indep_a51         bitmapscan          0.34 ms est=      1056 act=       960
    all                  ext=1 conj_dep_a62           bitmapscan          0.42 ms est=       950 act=       986
    all                  ext=1 conj_indep_a62         bitmapscan          0.33 ms est=      1010 act=      1011
    all                  ext=1 conj_dep_a77           bitmapscan          0.38 ms est=      1077 act=      1008
    all                  ext=1 conj_indep_a77         bitmapscan          0.57 ms est=      1074 act=       997
    all                  ext=1 conj_dep_a79           bitmapscan          0.47 ms est=      1138 act=      1018
    all                  ext=1 conj_indep_a79         bitmapscan          0.32 ms est=      1042 act=       935
    none                 ext=1 conj_dep_a18           seqscan           773.61 ms est=      1184 act=      1013
    none                 ext=1 conj_indep_a18         seqscan           769.33 ms est=      1134 act=       948
    none                 ext=1 conj_dep_a51           seqscan           770.95 ms est=      1047 act=      1033
    none                 ext=1 conj_indep_a51         seqscan           770.49 ms est=       928 act=       960
    none                 ext=1 conj_dep_a62           seqscan           762.73 ms est=      1123 act=       986
    none                 ext=1 conj_indep_a62         seqscan           771.72 ms est=      1145 act=      1011
    none                 ext=1 conj_dep_a77           seqscan           772.33 ms est=      1017 act=      1008
    none                 ext=1 conj_indep_a77         seqscan           768.04 ms est=       986 act=       997
    none                 ext=1 conj_dep_a79           seqscan           766.59 ms est=       924 act=      1018
    none                 ext=1 conj_indep_a79         seqscan           769.12 ms est=      1020 act=       935
    btree_a_b_separate   ext=1 conj_dep_a18           bitmapscan        152.88 ms est=      1041 act=      1013
    btree_a_b_separate   ext=1 conj_indep_a18         bitmapscan        155.86 ms est=      1067 act=       948
    btree_a_b_separate   ext=1 conj_dep_a51           bitmapscan        155.07 ms est=       925 act=      1033
    btree_a_b_separate   ext=1 conj_indep_a51         bitmapscan        153.26 ms est=      1014 act=       960
    btree_a_b_separate   ext=1 conj_dep_a62           bitmapscan        154.76 ms est=       971 act=       986
    btree_a_b_separate   ext=1 conj_indep_a62         bitmapscan        153.21 ms est=      1078 act=      1011
    btree_a_b_separate   ext=1 conj_dep_a77           bitmapscan        152.88 ms est=       931 act=      1008
    btree_a_b_separate   ext=1 conj_indep_a77         bitmapscan        152.16 ms est=       950 act=       997
    btree_a_b_separate   ext=1 conj_dep_a79           bitmapscan        152.80 ms est=      1045 act=      1018
    btree_a_b_separate   ext=1 conj_indep_a79         bitmapscan        153.81 ms est=       996 act=       935
    btree_ab_composite   ext=1 conj_dep_a18           bitmapscan          0.45 ms est=       865 act=      1013
    btree_ab_composite   ext=1 conj_indep_a18         bitmapscan          0.32 ms est=       953 act=       948
    btree_ab_composite   ext=1 conj_dep_a51           bitmapscan          0.38 ms est=      1012 act=      1033
    btree_ab_composite   ext=1 conj_indep_a51         bitmapscan          0.58 ms est=       921 act=       960
    btree_ab_composite   ext=1 conj_dep_a62           bitmapscan          0.35 ms est=       993 act=       986
    btree_ab_composite   ext=1 conj_indep_a62         bitmapscan          0.34 ms est=      1116 act=      1011
    btree_ab_composite   ext=1 conj_dep_a77           bitmapscan          0.52 ms est=      1023 act=      1008
    btree_ab_composite   ext=1 conj_indep_a77         bitmapscan          0.33 ms est=      1059 act=       997
    btree_ab_composite   ext=1 conj_dep_a79           bitmapscan          0.33 ms est=       923 act=      1018
    btree_ab_composite   ext=1 conj_indep_a79         bitmapscan          0.42 ms est=       997 act=       935
  218 new measurements
  dropped t_skew10

=== dataset skew15 ===
  generated in 19.1s -> t_skew15.csv
  loaded in 10.9s
  ts correlation: designed=0.0 realised=-0.0004 pg_stats=-0.0037022862
  34 queries
    none                 ext=0 eq_v1                  seqscan           858.42 ms est=   3886470 act=   3858213
    none                 ext=0 eq_v1444               seqscan           782.64 ms est=       657 act=        72
    none                 ext=0 eq_v2984               seqscan           789.16 ms est=       657 act=        25
    none                 ext=0 eq_v3574               seqscan           783.19 ms est=       657 act=        14
    none                 ext=0 eq_v4246               seqscan           787.74 ms est=       657 act=         9
    none                 ext=0 eq_v7747               seqscan           789.16 ms est=       657 act=         7
    none                 ext=0 eq_v9756               seqscan           783.78 ms est=       657 act=         4
    none                 ext=0 eq_v9962               seqscan           787.33 ms est=       657 act=         1
    none                 ext=0 range_1e-05            seqscan           782.19 ms est=       657 act=       100
    none                 ext=0 tsrange_1e-05          seqscan           929.04 ms est=         1 act=       100
    none                 ext=0 range_0.0001           seqscan           771.05 ms est=      1165 act=      1000
    none                 ext=0 tsrange_0.0001         seqscan           905.91 ms est=         1 act=      1000
    none                 ext=0 range_0.001            seqscan           756.62 ms est=     12453 act=     10000
    none                 ext=0 tsrange_0.001          seqscan           891.09 ms est=      7930 act=     10000
    none                 ext=0 range_0.01             seqscan           743.81 ms est=    101291 act=    100000
    none                 ext=0 tsrange_0.01           seqscan           875.67 ms est=     95790 act=    100000
    none                 ext=0 range_0.05             seqscan           746.53 ms est=    510678 act=    500000
    none                 ext=0 tsrange_0.05           seqscan           876.00 ms est=    502094 act=    500000
    none                 ext=0 range_0.1              seqscan           761.03 ms est=   1002963 act=   1000000
    none                 ext=0 tsrange_0.1            seqscan           883.92 ms est=    991768 act=   1000000
    none                 ext=0 range_0.2              seqscan           791.28 ms est=   1978844 act=   2000004
    none                 ext=0 tsrange_0.2            seqscan           908.83 ms est=   2002845 act=   2000000
    none                 ext=0 range_0.5              seqscan           870.99 ms est=   4971333 act=   5005566
    none                 ext=0 tsrange_0.5            seqscan           951.13 ms est=   5029929 act=   5000000
    none                 ext=0 conj_dep_a18           seqscan           777.27 ms est=      1013 act=      1013
    none                 ext=0 conj_indep_a18         seqscan           777.89 ms est=       960 act=       948
    none                 ext=0 conj_dep_a51           seqscan           773.03 ms est=       934 act=      1033
    none                 ext=0 conj_indep_a51         seqscan           776.51 ms est=      1009 act=       960
    none                 ext=0 conj_dep_a62           seqscan           774.01 ms est=       979 act=       986
    none                 ext=0 conj_indep_a62         seqscan           775.81 ms est=      1010 act=      1011
    none                 ext=0 conj_dep_a77           seqscan           774.88 ms est=       967 act=      1008
    none                 ext=0 conj_indep_a77         seqscan           775.01 ms est=      1130 act=       997
    none                 ext=0 conj_dep_a79           seqscan           775.89 ms est=      1007 act=      1018
    none                 ext=0 conj_indep_a79         seqscan           771.73 ms est=       995 act=       935
    btree_skew           ext=0 eq_v1                  seqscan           795.70 ms est=   3831363 act=   3858213
    btree_skew           ext=0 eq_v1444               bitmapscan          0.03 ms est=       647 act=        72
    btree_skew           ext=0 eq_v2984               bitmapscan          0.02 ms est=       647 act=        25
    btree_skew           ext=0 eq_v3574               bitmapscan          0.02 ms est=       647 act=        14
    btree_skew           ext=0 eq_v4246               bitmapscan          0.01 ms est=       647 act=         9
    btree_skew           ext=0 eq_v7747               bitmapscan          0.01 ms est=       647 act=         7
    btree_skew           ext=0 eq_v9756               bitmapscan          0.01 ms est=       647 act=         4
    btree_skew           ext=0 eq_v9962               bitmapscan          0.01 ms est=       647 act=         1
    btree_skew           ext=0 range_1e-05            bitmapscan          0.04 ms est=       647 act=       100
    btree_skew           ext=0 range_0.0001           bitmapscan          0.35 ms est=      1434 act=      1000
    btree_skew           ext=0 range_0.001            bitmapscan          4.45 ms est=     11686 act=     10000
    btree_skew           ext=0 range_0.01             bitmapscan        402.39 ms est=    105640 act=    100000
    btree_skew           ext=0 range_0.05             bitmapscan        909.73 ms est=    503867 act=    500000
    btree_skew           ext=0 range_0.1              bitmapscan        948.72 ms est=   1000737 act=   1000000
    btree_skew           ext=0 range_0.2              seqscan           607.63 ms est=   1991615 act=   2000004
    btree_skew           ext=0 range_0.5              seqscan           701.12 ms est=   5038053 act=   5005566
    hash_skew            ext=0 eq_v1                  seqscan           826.90 ms est=   3870933 act=   3858213
    hash_skew            ext=0 eq_v1444               bitmapscan          0.04 ms est=       646 act=        72
    hash_skew            ext=0 eq_v2984               bitmapscan          0.01 ms est=       646 act=        25
    hash_skew            ext=0 eq_v3574               bitmapscan          0.01 ms est=       646 act=        14
    hash_skew            ext=0 eq_v4246               bitmapscan          0.02 ms est=       646 act=         9
    hash_skew            ext=0 eq_v7747               bitmapscan          0.01 ms est=       646 act=         7
    hash_skew            ext=0 eq_v9756               bitmapscan          0.01 ms est=       646 act=         4
    hash_skew            ext=0 eq_v9962               bitmapscan          0.01 ms est=       646 act=         1
    brin_skew            ext=0 eq_v1                  seqscan           844.98 ms est=   3844395 act=   3858213
    brin_skew            ext=0 eq_v1444               bitmapscan       1051.83 ms est=       608 act=        72
    brin_skew            ext=0 eq_v2984               bitmapscan       1051.75 ms est=       608 act=        25
    brin_skew            ext=0 eq_v3574               bitmapscan       1048.17 ms est=       608 act=        14
    brin_skew            ext=0 eq_v4246               bitmapscan       1050.84 ms est=       608 act=         9
    brin_skew            ext=0 eq_v7747               bitmapscan       1047.76 ms est=       608 act=         7
    brin_skew            ext=0 eq_v9756               bitmapscan        610.50 ms est=       608 act=         4
    brin_skew            ext=0 eq_v9962               bitmapscan         54.47 ms est=       608 act=         1
    brin_skew            ext=0 range_1e-05            bitmapscan       1054.26 ms est=       608 act=       100
    brin_skew            ext=0 range_0.0001           bitmapscan       1046.77 ms est=      1415 act=      1000
    brin_skew            ext=0 range_0.001            bitmapscan       1051.30 ms est=     11598 act=     10000
    brin_skew            ext=0 range_0.01             bitmapscan       1041.14 ms est=     90596 act=    100000
    brin_skew            ext=0 range_0.05             bitmapscan       1051.27 ms est=    484725 act=    500000
    brin_skew            ext=0 range_0.1              bitmapscan       1070.58 ms est=    979659 act=   1000000
    brin_skew            ext=0 range_0.2              seqscan           628.52 ms est=   1987346 act=   2000004
    brin_skew            ext=0 range_0.5              seqscan           710.91 ms est=   5030414 act=   5005566
    btree_a_b_separate   ext=0 conj_dep_a18           bitmapscan        154.63 ms est=       986 act=      1013
    btree_a_b_separate   ext=0 conj_indep_a18         bitmapscan        155.60 ms est=       986 act=       948
    btree_a_b_separate   ext=0 conj_dep_a51           bitmapscan        158.33 ms est=      1057 act=      1033
    btree_a_b_separate   ext=0 conj_indep_a51         bitmapscan        157.35 ms est=       905 act=       960
    btree_a_b_separate   ext=0 conj_dep_a62           bitmapscan        156.12 ms est=      1084 act=       986
    btree_a_b_separate   ext=0 conj_indep_a62         bitmapscan        154.63 ms est=      1081 act=      1011
    btree_a_b_separate   ext=0 conj_dep_a77           bitmapscan        154.60 ms est=      1120 act=      1008
    btree_a_b_separate   ext=0 conj_indep_a77         bitmapscan        155.50 ms est=      1112 act=       997
    btree_a_b_separate   ext=0 conj_dep_a79           bitmapscan        154.78 ms est=       954 act=      1018
    btree_a_b_separate   ext=0 conj_indep_a79         bitmapscan        154.19 ms est=       938 act=       935
    btree_ab_composite   ext=0 conj_dep_a18           bitmapscan          0.36 ms est=      1040 act=      1013
    btree_ab_composite   ext=0 conj_indep_a18         bitmapscan          0.44 ms est=      1013 act=       948
    btree_ab_composite   ext=0 conj_dep_a51           bitmapscan          0.35 ms est=      1064 act=      1033
    btree_ab_composite   ext=0 conj_indep_a51         bitmapscan          0.34 ms est=       996 act=       960
    btree_ab_composite   ext=0 conj_dep_a62           bitmapscan          0.40 ms est=       995 act=       986
    btree_ab_composite   ext=0 conj_indep_a62         bitmapscan          0.33 ms est=      1113 act=      1011
    btree_ab_composite   ext=0 conj_dep_a77           bitmapscan          0.34 ms est=       893 act=      1008
    btree_ab_composite   ext=0 conj_indep_a77         bitmapscan          0.37 ms est=      1104 act=       997
    btree_ab_composite   ext=0 conj_dep_a79           bitmapscan          0.34 ms est=      1003 act=      1018
    btree_ab_composite   ext=0 conj_indep_a79         bitmapscan          0.62 ms est=      1017 act=       935
    btree_ts             ext=0 tsrange_1e-05          bitmapscan          0.04 ms est=        91 act=       100
    btree_ts             ext=0 tsrange_0.0001         bitmapscan          0.43 ms est=       942 act=      1000
    btree_ts             ext=0 tsrange_0.001          bitmapscan          8.13 ms est=      9170 act=     10000
    btree_ts             ext=0 tsrange_0.01           bitmapscan        438.55 ms est=     92670 act=    100000
    btree_ts             ext=0 tsrange_0.05           bitmapscan       1004.76 ms est=    497739 act=    500000
    btree_ts             ext=0 tsrange_0.1            bitmapscan       1051.01 ms est=   1011197 act=   1000000
    btree_ts             ext=0 tsrange_0.2            seqscan           735.30 ms est=   2010922 act=   2000000
    btree_ts             ext=0 tsrange_0.5            seqscan           804.07 ms est=   4981173 act=   5000000
    brin_ts              ext=0 tsrange_1e-05          seqscan           742.16 ms est=         1 act=       100
    brin_ts              ext=0 tsrange_0.0001         seqscan           702.13 ms est=         1 act=      1000
    brin_ts              ext=0 tsrange_0.001          seqscan           708.38 ms est=      8728 act=     10000
    brin_ts              ext=0 tsrange_0.01           seqscan           714.42 ms est=     98267 act=    100000
    brin_ts              ext=0 tsrange_0.05           seqscan           704.19 ms est=    485123 act=    500000
    brin_ts              ext=0 tsrange_0.1            seqscan           713.57 ms est=    974367 act=   1000000
    brin_ts              ext=0 tsrange_0.2            seqscan           739.55 ms est=   1937096 act=   2000000
    brin_ts              ext=0 tsrange_0.5            seqscan           790.29 ms est=   4928123 act=   5000000
    all                  ext=0 eq_v1                  seqscan           665.87 ms est=   3846933 act=   3858213
    all                  ext=0 eq_v1444               bitmapscan          0.04 ms est=       626 act=        72
    all                  ext=0 eq_v2984               bitmapscan          0.02 ms est=       626 act=        25
    all                  ext=0 eq_v3574               bitmapscan          0.01 ms est=       626 act=        14
    all                  ext=0 eq_v4246               bitmapscan          0.01 ms est=       626 act=         9
    all                  ext=0 eq_v7747               bitmapscan          0.01 ms est=       626 act=         7
    all                  ext=0 eq_v9756               bitmapscan          0.01 ms est=       626 act=         4
    all                  ext=0 eq_v9962               bitmapscan          0.01 ms est=       626 act=         1
    all                  ext=0 range_1e-05            bitmapscan          0.04 ms est=       626 act=       100
    all                  ext=0 tsrange_1e-05          bitmapscan          0.03 ms est=        97 act=       100
    all                  ext=0 range_0.0001           indexscan           0.17 ms est=      1340 act=      1000
    all                  ext=0 tsrange_0.0001         bitmapscan          0.38 ms est=      1000 act=      1000
    all                  ext=0 range_0.001            indexscan           1.76 ms est=     11101 act=     10000
    all                  ext=0 tsrange_0.001          indexscan           2.39 ms est=      9738 act=     10000
    all                  ext=0 range_0.01             bitmapscan        996.75 ms est=     94827 act=    100000
    all                  ext=0 tsrange_0.01           seqscan           712.91 ms est=     98413 act=    100000
    all                  ext=0 range_0.05             bitmapscan       1022.53 ms est=    510510 act=    500000
    all                  ext=0 tsrange_0.05           seqscan           686.59 ms est=    491697 act=    500000
    all                  ext=0 range_0.1              bitmapscan       1026.15 ms est=    986107 act=   1000000
    all                  ext=0 tsrange_0.1            seqscan           700.88 ms est=    982918 act=   1000000
    all                  ext=0 range_0.2              seqscan           608.51 ms est=   1988624 act=   2000004
    all                  ext=0 tsrange_0.2            seqscan           708.83 ms est=   2007320 act=   2000000
    all                  ext=0 range_0.5              seqscan           680.35 ms est=   5024231 act=   5005566
    all                  ext=0 tsrange_0.5            seqscan           763.93 ms est=   4994010 act=   5000000
    all                  ext=0 conj_dep_a18           bitmapscan          0.36 ms est=       947 act=      1013
    all                  ext=0 conj_indep_a18         bitmapscan          0.32 ms est=      1026 act=       948
    all                  ext=0 conj_dep_a51           bitmapscan          0.35 ms est=      1079 act=      1033
    all                  ext=0 conj_indep_a51         bitmapscan          0.38 ms est=       963 act=       960
    all                  ext=0 conj_dep_a62           bitmapscan          0.33 ms est=       902 act=       986
    all                  ext=0 conj_indep_a62         bitmapscan          0.36 ms est=       915 act=      1011
    all                  ext=0 conj_dep_a77           bitmapscan          0.39 ms est=       874 act=      1008
    all                  ext=0 conj_indep_a77         bitmapscan          0.33 ms est=       837 act=       997
    all                  ext=0 conj_dep_a79           bitmapscan          0.37 ms est=       970 act=      1018
    all                  ext=0 conj_indep_a79         bitmapscan          0.35 ms est=       960 act=       935
