datasets=['baseline', 'skew10', 'dep10', 'phys05', 'phys10'] rpc_levels=(4.0, 3.0, 2.0, 1.5, 1.2, 1.1, 1.0)
already done: 0

=== baseline ===
  none                 rpc=4.0   34 queries in 17.4s
  none                 rpc=3.0   34 queries in 12.6s
  none                 rpc=2.0   34 queries in 11.8s
  none                 rpc=1.5   34 queries in 10.6s
  none                 rpc=1.2   34 queries in 10.3s
  none                 rpc=1.1   34 queries in 10.3s
  none                 rpc=1.0   34 queries in 10.3s
  btree_skew           rpc=4.0   16 queries in 0.7s
  btree_skew           rpc=3.0   16 queries in 0.7s
  btree_skew           rpc=2.0   16 queries in 0.7s
  btree_skew           rpc=1.5   16 queries in 0.7s
  btree_skew           rpc=1.2   16 queries in 1.5s
  btree_skew           rpc=1.1   16 queries in 1.4s
  btree_skew           rpc=1.0   16 queries in 1.7s
  hash_skew            rpc=4.0    8 queries in 0.0s
  hash_skew            rpc=3.0    8 queries in 0.0s
  hash_skew            rpc=2.0    8 queries in 0.0s
  hash_skew            rpc=1.5    8 queries in 0.0s
  hash_skew            rpc=1.2    8 queries in 0.0s
  hash_skew            rpc=1.1    8 queries in 0.0s
  hash_skew            rpc=1.0    8 queries in 0.0s
  brin_skew            rpc=4.0   16 queries in 4.7s
  brin_skew            rpc=3.0   16 queries in 4.6s
  brin_skew            rpc=2.0   16 queries in 4.6s
  brin_skew            rpc=1.5   16 queries in 4.6s
  brin_skew            rpc=1.2   16 queries in 4.6s
  brin_skew            rpc=1.1   16 queries in 4.6s
  brin_skew            rpc=1.0   16 queries in 4.6s
  btree_a_b_separate   rpc=4.0   10 queries in 0.2s
  btree_a_b_separate   rpc=3.0   10 queries in 0.2s
  btree_a_b_separate   rpc=2.0   10 queries in 0.2s
  btree_a_b_separate   rpc=1.5   10 queries in 0.2s
  btree_a_b_separate   rpc=1.2   10 queries in 0.2s
  btree_a_b_separate   rpc=1.1   10 queries in 0.2s
  btree_a_b_separate   rpc=1.0   10 queries in 0.2s
  btree_ab_composite   rpc=4.0   10 queries in 0.0s
  btree_ab_composite   rpc=3.0   10 queries in 0.0s
  btree_ab_composite   rpc=2.0   10 queries in 0.0s
  btree_ab_composite   rpc=1.5   10 queries in 0.0s
  btree_ab_composite   rpc=1.2   10 queries in 0.0s
  btree_ab_composite   rpc=1.1   10 queries in 0.0s
  btree_ab_composite   rpc=1.0   10 queries in 0.0s
  btree_ts             rpc=4.0    8 queries in 0.8s
  btree_ts             rpc=3.0    8 queries in 0.8s
  btree_ts             rpc=2.0    8 queries in 0.9s
  btree_ts             rpc=1.5    8 queries in 0.8s
  btree_ts             rpc=1.2    8 queries in 1.5s
  btree_ts             rpc=1.1    8 queries in 1.5s
  btree_ts             rpc=1.0    8 queries in 1.8s
  brin_ts              rpc=4.0    8 queries in 2.9s
  brin_ts              rpc=3.0    8 queries in 2.9s
  brin_ts              rpc=2.0    8 queries in 2.9s
  brin_ts              rpc=1.5    8 queries in 2.9s
  brin_ts              rpc=1.2    8 queries in 2.9s
  brin_ts              rpc=1.1    8 queries in 2.9s
  brin_ts              rpc=1.0    8 queries in 2.9s
  all_no_brin          rpc=4.0   34 queries in 1.6s
  all_no_brin          rpc=3.0   34 queries in 1.6s
  all_no_brin          rpc=2.0   34 queries in 1.6s
  all_no_brin          rpc=1.5   34 queries in 1.6s
  all_no_brin          rpc=1.2   34 queries in 3.2s
  all_no_brin          rpc=1.1   34 queries in 3.2s
  all_no_brin          rpc=1.0   34 queries in 3.9s
  all                  rpc=4.0   34 queries in 3.5s
  all                  rpc=3.0   34 queries in 2.8s
  all                  rpc=2.0   34 queries in 2.8s
  all                  rpc=1.5   34 queries in 2.2s
  all                  rpc=1.2   34 queries in 3.4s
  all                  rpc=1.1   34 queries in 3.4s
  all                  rpc=1.0   34 queries in 3.4s

=== skew10 ===
  none                 rpc=4.0   34 queries in 16.0s
  none                 rpc=3.0   34 queries in 11.0s
  none                 rpc=2.0   34 queries in 10.0s
  none                 rpc=1.5   34 queries in 10.0s
  none                 rpc=1.2   34 queries in 10.0s
  none                 rpc=1.1   34 queries in 10.1s
  none                 rpc=1.0   34 queries in 10.0s
  btree_skew           rpc=4.0   16 queries in 0.8s
  btree_skew           rpc=3.0   16 queries in 0.8s
  btree_skew           rpc=2.0   16 queries in 0.8s
  btree_skew           rpc=1.5   16 queries in 0.8s
  btree_skew           rpc=1.2   16 queries in 1.4s
  btree_skew           rpc=1.1   16 queries in 1.4s
  btree_skew           rpc=1.0   16 queries in 1.7s
  hash_skew            rpc=4.0    8 queries in 0.3s
  hash_skew            rpc=3.0    8 queries in 0.1s
  hash_skew            rpc=2.0    8 queries in 0.1s
  hash_skew            rpc=1.5    8 queries in 0.1s
  hash_skew            rpc=1.2    8 queries in 0.1s
  hash_skew            rpc=1.1    8 queries in 0.1s
  hash_skew            rpc=1.0    8 queries in 0.1s
  brin_skew            rpc=4.0   16 queries in 5.7s
  brin_skew            rpc=3.0   16 queries in 5.7s
  brin_skew            rpc=2.0   16 queries in 5.7s
  brin_skew            rpc=1.5   16 queries in 5.7s
  brin_skew            rpc=1.2   16 queries in 5.7s
  brin_skew            rpc=1.1   16 queries in 5.7s
  brin_skew            rpc=1.0   16 queries in 5.7s
  btree_a_b_separate   rpc=4.0   10 queries in 0.2s
  btree_a_b_separate   rpc=3.0   10 queries in 0.2s
  btree_a_b_separate   rpc=2.0   10 queries in 0.2s
  btree_a_b_separate   rpc=1.5   10 queries in 0.1s
  btree_a_b_separate   rpc=1.2   10 queries in 0.2s
  btree_a_b_separate   rpc=1.1   10 queries in 0.1s
  btree_a_b_separate   rpc=1.0   10 queries in 0.2s
  btree_ab_composite   rpc=4.0   10 queries in 0.0s
  btree_ab_composite   rpc=3.0   10 queries in 0.0s
  btree_ab_composite   rpc=2.0   10 queries in 0.0s
  btree_ab_composite   rpc=1.5   10 queries in 0.0s
  btree_ab_composite   rpc=1.2   10 queries in 0.0s
  btree_ab_composite   rpc=1.1   10 queries in 0.0s
  btree_ab_composite   rpc=1.0   10 queries in 0.0s
  btree_ts             rpc=4.0    8 queries in 0.8s
  btree_ts             rpc=3.0    8 queries in 0.8s
  btree_ts             rpc=2.0    8 queries in 0.9s
  btree_ts             rpc=1.5    8 queries in 0.7s
  btree_ts             rpc=1.2    8 queries in 1.4s
  btree_ts             rpc=1.1    8 queries in 1.4s
  btree_ts             rpc=1.0    8 queries in 1.7s
  brin_ts              rpc=4.0    8 queries in 2.8s
  brin_ts              rpc=3.0    8 queries in 2.8s
  brin_ts              rpc=2.0    8 queries in 2.8s
  brin_ts              rpc=1.5    8 queries in 2.8s
  brin_ts              rpc=1.2    8 queries in 2.8s
  brin_ts              rpc=1.1    8 queries in 2.8s
  brin_ts              rpc=1.0    8 queries in 2.8s
  all_no_brin          rpc=4.0   34 queries in 1.7s
  all_no_brin          rpc=3.0   34 queries in 1.6s
  all_no_brin          rpc=2.0   34 queries in 1.6s
  all_no_brin          rpc=1.5   34 queries in 1.6s
  all_no_brin          rpc=1.2   34 queries in 2.9s
  all_no_brin          rpc=1.1   34 queries in 2.8s
  all_no_brin          rpc=1.0   34 queries in 3.4s
  all                  rpc=4.0   34 queries in 4.0s
  all                  rpc=3.0   34 queries in 3.1s
  all                  rpc=2.0   34 queries in 3.1s
  all                  rpc=1.5   34 queries in 2.3s
  all                  rpc=1.2   34 queries in 3.4s
  all                  rpc=1.1   34 queries in 3.4s
  all                  rpc=1.0   34 queries in 3.4s

=== dep10 ===
  none                 rpc=4.0   34 queries in 16.1s
  none                 rpc=3.0   34 queries in 12.0s
  none                 rpc=2.0   34 queries in 11.2s
  none                 rpc=1.5   34 queries in 11.0s
  none                 rpc=1.2   34 queries in 10.3s
  none                 rpc=1.1   34 queries in 10.4s
  none                 rpc=1.0   34 queries in 10.5s
  btree_skew           rpc=4.0   16 queries in 0.7s
  btree_skew           rpc=3.0   16 queries in 0.7s
  btree_skew           rpc=2.0   16 queries in 0.7s
  btree_skew           rpc=1.5   16 queries in 0.7s
  btree_skew           rpc=1.2   16 queries in 1.5s
  btree_skew           rpc=1.1   16 queries in 1.5s
  btree_skew           rpc=1.0   16 queries in 1.8s
  hash_skew            rpc=4.0    8 queries in 0.0s
  hash_skew            rpc=3.0    8 queries in 0.0s
  hash_skew            rpc=2.0    8 queries in 0.0s
  hash_skew            rpc=1.5    8 queries in 0.0s
  hash_skew            rpc=1.2    8 queries in 0.0s
  hash_skew            rpc=1.1    8 queries in 0.0s
  hash_skew            rpc=1.0    8 queries in 0.0s
  brin_skew            rpc=4.0   16 queries in 4.8s
  brin_skew            rpc=3.0   16 queries in 4.6s
  brin_skew            rpc=2.0   16 queries in 4.7s
  brin_skew            rpc=1.5   16 queries in 4.7s
  brin_skew            rpc=1.2   16 queries in 4.6s
  brin_skew            rpc=1.1   16 queries in 4.7s
  brin_skew            rpc=1.0   16 queries in 4.6s
  btree_a_b_separate   rpc=4.0   10 queries in 0.3s
  btree_a_b_separate   rpc=3.0   10 queries in 0.3s
  btree_a_b_separate   rpc=2.0   10 queries in 0.3s
  btree_a_b_separate   rpc=1.5   10 queries in 0.3s
  btree_a_b_separate   rpc=1.2   10 queries in 0.3s
  btree_a_b_separate   rpc=1.1   10 queries in 0.3s
  btree_a_b_separate   rpc=1.0   10 queries in 0.3s
  btree_ab_composite   rpc=4.0   10 queries in 0.2s
  btree_ab_composite   rpc=3.0   10 queries in 0.2s
  btree_ab_composite   rpc=2.0   10 queries in 0.2s
  btree_ab_composite   rpc=1.5   10 queries in 0.2s
  btree_ab_composite   rpc=1.2   10 queries in 0.1s
  btree_ab_composite   rpc=1.1   10 queries in 0.1s
  btree_ab_composite   rpc=1.0   10 queries in 0.1s
  btree_ts             rpc=4.0    8 queries in 0.9s
  btree_ts             rpc=3.0    8 queries in 0.9s
  btree_ts             rpc=2.0    8 queries in 0.8s
  btree_ts             rpc=1.5    8 queries in 0.8s
  btree_ts             rpc=1.2    8 queries in 1.5s
  btree_ts             rpc=1.1    8 queries in 1.5s
  btree_ts             rpc=1.0    8 queries in 1.8s
  brin_ts              rpc=4.0    8 queries in 2.9s
  brin_ts              rpc=3.0    8 queries in 2.9s
  brin_ts              rpc=2.0    8 queries in 2.9s
  brin_ts              rpc=1.5    8 queries in 2.9s
  brin_ts              rpc=1.2    8 queries in 3.0s
  brin_ts              rpc=1.1    8 queries in 2.9s
  brin_ts              rpc=1.0    8 queries in 2.9s
  all_no_brin          rpc=4.0   34 queries in 1.9s
  all_no_brin          rpc=3.0   34 queries in 1.8s
  all_no_brin          rpc=2.0   34 queries in 1.8s
  all_no_brin          rpc=1.5   34 queries in 1.7s
  all_no_brin          rpc=1.2   34 queries in 3.1s
  all_no_brin          rpc=1.1   34 queries in 3.2s
  all_no_brin          rpc=1.0   34 queries in 3.8s
  all                  rpc=4.0   34 queries in 3.9s
  all                  rpc=3.0   34 queries in 3.1s
  all                  rpc=2.0   34 queries in 3.2s
  all                  rpc=1.5   34 queries in 2.6s
  all                  rpc=1.2   34 queries in 3.9s
  all                  rpc=1.1   34 queries in 3.9s
  all                  rpc=1.0   34 queries in 3.8s

=== phys05 ===
  none                 rpc=4.0   34 queries in 16.7s
  none                 rpc=3.0   34 queries in 11.3s
  none                 rpc=2.0   34 queries in 10.4s
  none                 rpc=1.5   34 queries in 9.9s
  none                 rpc=1.2   34 queries in 9.9s
  none                 rpc=1.1   34 queries in 10.0s
  none                 rpc=1.0   34 queries in 10.0s
  btree_skew           rpc=4.0   16 queries in 0.7s
  btree_skew           rpc=3.0   16 queries in 0.7s
  btree_skew           rpc=2.0   16 queries in 0.7s
  btree_skew           rpc=1.5   16 queries in 0.7s
  btree_skew           rpc=1.2   16 queries in 1.4s
  btree_skew           rpc=1.1   16 queries in 1.4s
  btree_skew           rpc=1.0   16 queries in 1.7s
  hash_skew            rpc=4.0    8 queries in 0.0s
  hash_skew            rpc=3.0    8 queries in 0.0s
  hash_skew            rpc=2.0    8 queries in 0.0s
  hash_skew            rpc=1.5    8 queries in 0.0s
  hash_skew            rpc=1.2    8 queries in 0.0s
  hash_skew            rpc=1.1    8 queries in 0.0s
  hash_skew            rpc=1.0    8 queries in 0.0s
  brin_skew            rpc=4.0   16 queries in 5.8s
  brin_skew            rpc=3.0   16 queries in 5.8s
  brin_skew            rpc=2.0   16 queries in 5.8s
  brin_skew            rpc=1.5   16 queries in 5.9s
  brin_skew            rpc=1.2   16 queries in 5.9s
  brin_skew            rpc=1.1   16 queries in 5.9s
  brin_skew            rpc=1.0   16 queries in 5.8s
  btree_a_b_separate   rpc=4.0   10 queries in 0.2s
  btree_a_b_separate   rpc=3.0   10 queries in 0.2s
  btree_a_b_separate   rpc=2.0   10 queries in 0.2s
  btree_a_b_separate   rpc=1.5   10 queries in 0.2s
  btree_a_b_separate   rpc=1.2   10 queries in 0.2s
  btree_a_b_separate   rpc=1.1   10 queries in 0.1s
  btree_a_b_separate   rpc=1.0   10 queries in 0.2s
  btree_ab_composite   rpc=4.0   10 queries in 0.0s
  btree_ab_composite   rpc=3.0   10 queries in 0.0s
  btree_ab_composite   rpc=2.0   10 queries in 0.0s
  btree_ab_composite   rpc=1.5   10 queries in 0.0s
  btree_ab_composite   rpc=1.2   10 queries in 0.0s
  btree_ab_composite   rpc=1.1   10 queries in 0.0s
  btree_ab_composite   rpc=1.0   10 queries in 0.0s
  btree_ts             rpc=4.0    8 queries in 0.8s
  btree_ts             rpc=3.0    8 queries in 0.8s
  btree_ts             rpc=2.0    8 queries in 0.8s
  btree_ts             rpc=1.5    8 queries in 0.7s
  btree_ts             rpc=1.2    8 queries in 1.3s
  btree_ts             rpc=1.1    8 queries in 1.3s
  btree_ts             rpc=1.0    8 queries in 1.3s
  brin_ts              rpc=4.0    8 queries in 3.8s
  brin_ts              rpc=3.0    8 queries in 3.6s
  brin_ts              rpc=2.0    8 queries in 3.6s
  brin_ts              rpc=1.5    8 queries in 3.6s
  brin_ts              rpc=1.2    8 queries in 3.7s
  brin_ts              rpc=1.1    8 queries in 3.7s
  brin_ts              rpc=1.0    8 queries in 3.7s
  all_no_brin          rpc=4.0   34 queries in 1.7s
  all_no_brin          rpc=3.0   34 queries in 1.5s
  all_no_brin          rpc=2.0   34 queries in 1.5s
  all_no_brin          rpc=1.5   34 queries in 1.4s
  all_no_brin          rpc=1.2   34 queries in 2.8s
  all_no_brin          rpc=1.1   34 queries in 2.8s
  all_no_brin          rpc=1.0   34 queries in 3.2s
  all                  rpc=4.0   34 queries in 4.0s
  all                  rpc=3.0   34 queries in 3.7s
  all                  rpc=2.0   34 queries in 3.3s
  all                  rpc=1.5   34 queries in 3.1s
  all                  rpc=1.2   34 queries in 3.6s
  all                  rpc=1.1   34 queries in 3.0s
  all                  rpc=1.0   34 queries in 2.9s

=== phys10 ===
  none                 rpc=4.0   34 queries in 16.1s
