Output tag: 1250k  ->  measurements_1250k.jsonl
Datasets: ['phys05', 'phys095', 'phys10']  rows=1250000
Already measured: 0 records
Server: PostgreSQL 17.1 on x86_64-windows, compiled by msvc-19.41.34123, 64-bit

=== dataset phys05 ===
  generated in 2.1s -> t_phys05.csv
  loaded in 1.5s
  ts correlation: designed=0.5 realised=0.5003 pg_stats=0.49798948
  34 queries
    none                 ext=0 eq_v645                seqscan            99.62 ms est=       126 act=       123
    none                 ext=0 eq_v5547               seqscan            99.68 ms est=       126 act=       119
    none                 ext=0 eq_v7119               seqscan            89.31 ms est=       126 act=       113
    none                 ext=0 eq_v7559               seqscan            89.17 ms est=       126 act=       167
    none                 ext=0 eq_v8023               seqscan            88.17 ms est=       126 act=       127
    none                 ext=0 eq_v8870               seqscan            86.04 ms est=       126 act=       131
    none                 ext=0 eq_v9300               seqscan            86.55 ms est=       126 act=       137
    none                 ext=0 eq_v9310               seqscan            84.96 ms est=       126 act=        83
    none                 ext=0 range_1e-05            seqscan            85.92 ms est=       126 act=        83
    none                 ext=0 tsrange_1e-05          seqscan           102.43 ms est=         1 act=        13
    none                 ext=0 range_0.0001           seqscan            90.42 ms est=       126 act=       125
    none                 ext=0 tsrange_0.0001         seqscan            98.96 ms est=         1 act=       125
    none                 ext=0 range_0.001            seqscan            89.65 ms est=      1281 act=      1250
    none                 ext=0 tsrange_0.001          seqscan            99.81 ms est=       955 act=      1250
    none                 ext=0 range_0.01             seqscan            89.33 ms est=     12621 act=     12500
    none                 ext=0 tsrange_0.01           seqscan           100.33 ms est=     12499 act=     12500
    none                 ext=0 range_0.05             seqscan            95.59 ms est=     62299 act=     62500
    none                 ext=0 tsrange_0.05           seqscan            98.67 ms est=     62822 act=     62500
    none                 ext=0 range_0.1              seqscan            89.42 ms est=    123970 act=    125000
    none                 ext=0 tsrange_0.1            seqscan            97.42 ms est=    125611 act=    125000
    none                 ext=0 range_0.2              seqscan            91.07 ms est=    248954 act=    250000
    none                 ext=0 tsrange_0.2            seqscan            98.76 ms est=    253778 act=    250000
    none                 ext=0 range_0.5              seqscan            97.95 ms est=    624856 act=    625000
    none                 ext=0 tsrange_0.5            seqscan           104.27 ms est=    629545 act=    625000
    none                 ext=0 conj_dep_a5            seqscan            81.45 ms est=       131 act=       136
    none                 ext=0 conj_indep_a5          seqscan            86.55 ms est=       120 act=       121
    none                 ext=0 conj_dep_a41           seqscan            81.59 ms est=       134 act=       146
    none                 ext=0 conj_indep_a41         seqscan            80.68 ms est=       125 act=       121
    none                 ext=0 conj_dep_a42           seqscan            81.08 ms est=       130 act=       132
    none                 ext=0 conj_indep_a42         seqscan            80.15 ms est=       135 act=       103
    none                 ext=0 conj_dep_a45           seqscan            78.48 ms est=       117 act=       116
    none                 ext=0 conj_indep_a45         seqscan            77.99 ms est=       120 act=       141
    none                 ext=0 conj_dep_a76           seqscan            78.00 ms est=       114 act=       122
    none                 ext=0 conj_indep_a76         seqscan            76.78 ms est=       105 act=       128
    btree_skew           ext=0 eq_v645                bitmapscan          0.07 ms est=       125 act=       123
    btree_skew           ext=0 eq_v5547               bitmapscan          0.04 ms est=       125 act=       119
    btree_skew           ext=0 eq_v7119               bitmapscan          0.05 ms est=       125 act=       113
    btree_skew           ext=0 eq_v7559               bitmapscan          0.07 ms est=       125 act=       167
    btree_skew           ext=0 eq_v8023               bitmapscan          0.05 ms est=       125 act=       127
    btree_skew           ext=0 eq_v8870               bitmapscan          0.06 ms est=       125 act=       131
    btree_skew           ext=0 eq_v9300               bitmapscan          0.06 ms est=       125 act=       137
    btree_skew           ext=0 eq_v9310               bitmapscan          0.04 ms est=       125 act=        83
    btree_skew           ext=0 range_1e-05            bitmapscan          0.03 ms est=       125 act=        83
    btree_skew           ext=0 range_0.0001           bitmapscan          0.04 ms est=       125 act=       125
    btree_skew           ext=0 range_0.001            bitmapscan          0.70 ms est=      1272 act=      1250
    btree_skew           ext=0 range_0.01             bitmapscan          5.44 ms est=     13173 act=     12500
    btree_skew           ext=0 range_0.05             bitmapscan         37.17 ms est=     65314 act=     62500
    btree_skew           ext=0 range_0.1              bitmapscan         55.51 ms est=    126489 act=    125000
    btree_skew           ext=0 range_0.2              bitmapscan         64.27 ms est=    251056 act=    250000
    btree_skew           ext=0 range_0.5              bitmapscan         88.90 ms est=    629918 act=    625000
    hash_skew            ext=0 eq_v645                bitmapscan          0.05 ms est=       125 act=       123
    hash_skew            ext=0 eq_v5547               bitmapscan          0.04 ms est=       125 act=       119
    hash_skew            ext=0 eq_v7119               bitmapscan          0.04 ms est=       125 act=       113
    hash_skew            ext=0 eq_v7559               bitmapscan          0.10 ms est=       125 act=       167
    hash_skew            ext=0 eq_v8023               bitmapscan          0.07 ms est=       125 act=       127
    hash_skew            ext=0 eq_v8870               bitmapscan          0.05 ms est=       125 act=       131
    hash_skew            ext=0 eq_v9300               bitmapscan          0.06 ms est=       125 act=       137
    hash_skew            ext=0 eq_v9310               bitmapscan          0.03 ms est=       125 act=        83
    brin_skew            ext=0 eq_v645                seqscan            66.29 ms est=       125 act=       123
    brin_skew            ext=0 eq_v5547               seqscan            67.34 ms est=       125 act=       119
    brin_skew            ext=0 eq_v7119               seqscan            66.17 ms est=       125 act=       113
    brin_skew            ext=0 eq_v7559               seqscan            65.78 ms est=       125 act=       167
    brin_skew            ext=0 eq_v8023               seqscan            64.25 ms est=       125 act=       127
    brin_skew            ext=0 eq_v8870               seqscan            64.91 ms est=       125 act=       131
    brin_skew            ext=0 eq_v9300               seqscan            62.92 ms est=       125 act=       137
    brin_skew            ext=0 eq_v9310               seqscan            62.31 ms est=       125 act=        83
    brin_skew            ext=0 range_1e-05            seqscan            63.51 ms est=       125 act=        83
    brin_skew            ext=0 range_0.0001           seqscan            68.74 ms est=       125 act=       125
    brin_skew            ext=0 range_0.001            seqscan            68.46 ms est=      1280 act=      1250
    brin_skew            ext=0 range_0.01             seqscan            67.54 ms est=     13939 act=     12500
    brin_skew            ext=0 range_0.05             seqscan            68.23 ms est=     63753 act=     62500
    brin_skew            ext=0 range_0.1              seqscan            72.32 ms est=    125197 act=    125000
    brin_skew            ext=0 range_0.2              seqscan            71.01 ms est=    248066 act=    250000
    brin_skew            ext=0 range_0.5              seqscan            78.47 ms est=    622976 act=    625000
    btree_a_b_separate   ext=0 conj_dep_a5            bitmapscan          2.31 ms est=       126 act=       136
    btree_a_b_separate   ext=0 conj_indep_a5          bitmapscan          2.39 ms est=       130 act=       121
    btree_a_b_separate   ext=0 conj_dep_a41           bitmapscan          2.33 ms est=       128 act=       146
    btree_a_b_separate   ext=0 conj_indep_a41         bitmapscan          2.23 ms est=       142 act=       121
    btree_a_b_separate   ext=0 conj_dep_a42           bitmapscan          2.31 ms est=       135 act=       132
    btree_a_b_separate   ext=0 conj_indep_a42         bitmapscan          2.21 ms est=       153 act=       103
    btree_a_b_separate   ext=0 conj_dep_a45           bitmapscan          2.32 ms est=       133 act=       116
    btree_a_b_separate   ext=0 conj_indep_a45         bitmapscan          2.23 ms est=       117 act=       141
    btree_a_b_separate   ext=0 conj_dep_a76           bitmapscan          2.21 ms est=       116 act=       122
    btree_a_b_separate   ext=0 conj_indep_a76         bitmapscan          2.18 ms est=       114 act=       128
    btree_ab_composite   ext=0 conj_dep_a5            bitmapscan          0.05 ms est=       149 act=       136
    btree_ab_composite   ext=0 conj_indep_a5          bitmapscan          0.04 ms est=       146 act=       121
    btree_ab_composite   ext=0 conj_dep_a41           bitmapscan          0.05 ms est=       137 act=       146
    btree_ab_composite   ext=0 conj_indep_a41         bitmapscan          0.05 ms est=       127 act=       121
    btree_ab_composite   ext=0 conj_dep_a42           bitmapscan          0.05 ms est=       129 act=       132
    btree_ab_composite   ext=0 conj_indep_a42         bitmapscan          0.04 ms est=       136 act=       103
    btree_ab_composite   ext=0 conj_dep_a45           bitmapscan          0.04 ms est=       118 act=       116
    btree_ab_composite   ext=0 conj_indep_a45         bitmapscan          0.05 ms est=       112 act=       141
    btree_ab_composite   ext=0 conj_dep_a76           bitmapscan          0.05 ms est=       142 act=       122
    btree_ab_composite   ext=0 conj_indep_a76         bitmapscan          0.07 ms est=       120 act=       128
    btree_ts             ext=0 tsrange_1e-05          indexscan           0.01 ms est=        13 act=        13
    btree_ts             ext=0 tsrange_0.0001         indexscan           0.03 ms est=       107 act=       125
    btree_ts             ext=0 tsrange_0.001          indexscan           0.22 ms est=      1056 act=      1250
    btree_ts             ext=0 tsrange_0.01           bitmapscan          3.84 ms est=     11670 act=     12500
    btree_ts             ext=0 tsrange_0.05           bitmapscan         13.21 ms est=     60637 act=     62500
    btree_ts             ext=0 tsrange_0.1            bitmapscan         48.60 ms est=    122512 act=    125000
    btree_ts             ext=0 tsrange_0.2            bitmapscan         67.55 ms est=    246207 act=    250000
    btree_ts             ext=0 tsrange_0.5            seqscan            83.01 ms est=    624955 act=    625000
    brin_ts              ext=0 tsrange_1e-05          bitmapscan          4.78 ms est=         1 act=        13
    brin_ts              ext=0 tsrange_0.0001         bitmapscan         32.35 ms est=         1 act=       125
    brin_ts              ext=0 tsrange_0.001          bitmapscan        118.28 ms est=      1026 act=      1250
    brin_ts              ext=0 tsrange_0.01           bitmapscan        132.73 ms est=     12581 act=     12500
    brin_ts              ext=0 tsrange_0.05           bitmapscan        132.34 ms est=     61423 act=     62500
    brin_ts              ext=0 tsrange_0.1            bitmapscan        127.96 ms est=    125345 act=    125000
    brin_ts              ext=0 tsrange_0.2            bitmapscan        128.72 ms est=    250762 act=    250000
    brin_ts              ext=0 tsrange_0.5            seqscan            82.83 ms est=    620789 act=    625000
    all                  ext=0 eq_v645                bitmapscan          0.06 ms est=       125 act=       123
    all                  ext=0 eq_v5547               bitmapscan          0.08 ms est=       125 act=       119
    all                  ext=0 eq_v7119               bitmapscan          0.06 ms est=       125 act=       113
    all                  ext=0 eq_v7559               bitmapscan          0.10 ms est=       125 act=       167
    all                  ext=0 eq_v8023               bitmapscan          0.07 ms est=       125 act=       127
    all                  ext=0 eq_v8870               bitmapscan          0.06 ms est=       125 act=       131
    all                  ext=0 eq_v9300               bitmapscan          0.07 ms est=       125 act=       137
    all                  ext=0 eq_v9310               bitmapscan          0.05 ms est=       125 act=        83
    all                  ext=0 range_1e-05            bitmapscan          0.04 ms est=       125 act=        83
    all                  ext=0 tsrange_1e-05          indexscan           0.01 ms est=        14 act=        13
    all                  ext=0 range_0.0001           bitmapscan          0.06 ms est=       125 act=       125
    all                  ext=0 tsrange_0.0001         indexscan           0.06 ms est=       116 act=       125
    all                  ext=0 range_0.001            indexscan           0.24 ms est=      1293 act=      1250
    all                  ext=0 tsrange_0.001          indexscan           0.33 ms est=      1145 act=      1250
    all                  ext=0 range_0.01             seqscan            74.00 ms est=     12308 act=     12500
    all                  ext=0 tsrange_0.01           bitmapscan        148.98 ms est=     12659 act=     12500
    all                  ext=0 range_0.05             seqscan            63.07 ms est=     62638 act=     62500
    all                  ext=0 tsrange_0.05           bitmapscan        138.74 ms est=     63529 act=     62500
    all                  ext=0 range_0.1              seqscan            65.16 ms est=    127047 act=    125000
    all                  ext=0 tsrange_0.1            bitmapscan        149.80 ms est=    124832 act=    125000
    all                  ext=0 range_0.2              seqscan            67.20 ms est=    250521 act=    250000
    all                  ext=0 tsrange_0.2            bitmapscan        150.68 ms est=    249787 act=    250000
    all                  ext=0 range_0.5              seqscan            77.14 ms est=    627571 act=    625000
    all                  ext=0 tsrange_0.5            seqscan            81.91 ms est=    627540 act=    625000
    all                  ext=0 conj_dep_a5            bitmapscan          0.06 ms est=       142 act=       136
    all                  ext=0 conj_indep_a5          bitmapscan          0.04 ms est=       131 act=       121
    all                  ext=0 conj_dep_a41           bitmapscan          0.06 ms est=       120 act=       146
    all                  ext=0 conj_indep_a41         bitmapscan          0.04 ms est=       120 act=       121
    all                  ext=0 conj_dep_a42           bitmapscan          0.05 ms est=       117 act=       132
    all                  ext=0 conj_indep_a42         bitmapscan          0.04 ms est=       130 act=       103
    all                  ext=0 conj_dep_a45           bitmapscan          0.08 ms est=       135 act=       116
    all                  ext=0 conj_indep_a45         bitmapscan          0.05 ms est=       129 act=       141
    all                  ext=0 conj_dep_a76           bitmapscan          0.04 ms est=       121 act=       122
    all                  ext=0 conj_indep_a76         bitmapscan          0.04 ms est=       118 act=       128
    all_no_brin          ext=0 eq_v645                bitmapscan          0.07 ms est=       124 act=       123
    all_no_brin          ext=0 eq_v5547               bitmapscan          0.04 ms est=       124 act=       119
    all_no_brin          ext=0 eq_v7119               bitmapscan          0.05 ms est=       124 act=       113
    all_no_brin          ext=0 eq_v7559               bitmapscan          0.07 ms est=       124 act=       167
    all_no_brin          ext=0 eq_v8023               bitmapscan          0.04 ms est=       124 act=       127
    all_no_brin          ext=0 eq_v8870               bitmapscan          0.04 ms est=       124 act=       131
    all_no_brin          ext=0 eq_v9300               bitmapscan          0.08 ms est=       124 act=       137
    all_no_brin          ext=0 eq_v9310               bitmapscan          0.03 ms est=       124 act=        83
    all_no_brin          ext=0 range_1e-05            bitmapscan          0.03 ms est=       124 act=        83
    all_no_brin          ext=0 tsrange_1e-05          indexscan           0.01 ms est=        14 act=        13
    all_no_brin          ext=0 range_0.0001           bitmapscan          0.05 ms est=       124 act=       125
    all_no_brin          ext=0 tsrange_0.0001         indexscan           0.03 ms est=       123 act=       125
    all_no_brin          ext=0 range_0.001            bitmapscan          0.40 ms est=      1224 act=      1250
    all_no_brin          ext=0 tsrange_0.001          indexscan           0.18 ms est=      1219 act=      1250
    all_no_brin          ext=0 range_0.01             bitmapscan          5.49 ms est=     11916 act=     12500
    all_no_brin          ext=0 tsrange_0.01           bitmapscan          3.40 ms est=     13411 act=     12500
    all_no_brin          ext=0 range_0.05             bitmapscan         45.19 ms est=     61893 act=     62500
    all_no_brin          ext=0 tsrange_0.05           bitmapscan         13.45 ms est=     62624 act=     62500
    all_no_brin          ext=0 range_0.1              bitmapscan         81.61 ms est=    122498 act=    125000
    all_no_brin          ext=0 tsrange_0.1            bitmapscan         81.01 ms est=    123873 act=    125000
    all_no_brin          ext=0 range_0.2              bitmapscan         91.53 ms est=    249008 act=    250000
    all_no_brin          ext=0 tsrange_0.2            bitmapscan         91.16 ms est=    246861 act=    250000
    all_no_brin          ext=0 range_0.5              bitmapscan        115.30 ms est=    621605 act=    625000
    all_no_brin          ext=0 tsrange_0.5            seqscan            81.91 ms est=    618731 act=    625000
    all_no_brin          ext=0 conj_dep_a5            bitmapscan          0.06 ms est=       119 act=       136
    all_no_brin          ext=0 conj_indep_a5          bitmapscan          0.07 ms est=       144 act=       121
    all_no_brin          ext=0 conj_dep_a41           bitmapscan          0.06 ms est=       146 act=       146
    all_no_brin          ext=0 conj_indep_a41         bitmapscan          0.06 ms est=       118 act=       121
    all_no_brin          ext=0 conj_dep_a42           bitmapscan          0.05 ms est=       137 act=       132
    all_no_brin          ext=0 conj_indep_a42         bitmapscan          0.05 ms est=       123 act=       103
    all_no_brin          ext=0 conj_dep_a45           bitmapscan          0.05 ms est=       121 act=       116
    all_no_brin          ext=0 conj_indep_a45         bitmapscan          0.07 ms est=       115 act=       141
    all_no_brin          ext=0 conj_dep_a76           bitmapscan          0.06 ms est=       125 act=       122
    all_no_brin          ext=0 conj_indep_a76         bitmapscan          0.04 ms est=       112 act=       128
    all                  ext=1 conj_dep_a5            bitmapscan          0.05 ms est=       146 act=       136
    all                  ext=1 conj_indep_a5          bitmapscan          0.05 ms est=       127 act=       121
    all                  ext=1 conj_dep_a41           bitmapscan          0.05 ms est=       136 act=       146
    all                  ext=1 conj_indep_a41         bitmapscan          0.05 ms est=       138 act=       121
    all                  ext=1 conj_dep_a42           bitmapscan          0.04 ms est=       125 act=       132
    all                  ext=1 conj_indep_a42         bitmapscan          0.06 ms est=       121 act=       103
    all                  ext=1 conj_dep_a45           bitmapscan          0.05 ms est=       130 act=       116
    all                  ext=1 conj_indep_a45         bitmapscan          0.05 ms est=       123 act=       141
    all                  ext=1 conj_dep_a76           bitmapscan          0.05 ms est=       105 act=       122
    all                  ext=1 conj_indep_a76         bitmapscan          0.04 ms est=       105 act=       128
    none                 ext=1 conj_dep_a5            seqscan            74.05 ms est=       143 act=       136
    none                 ext=1 conj_indep_a5          seqscan            73.53 ms est=       145 act=       121
    none                 ext=1 conj_dep_a41           seqscan            72.52 ms est=       117 act=       146
    none                 ext=1 conj_indep_a41         seqscan            72.68 ms est=       122 act=       121
    none                 ext=1 conj_dep_a42           seqscan            72.94 ms est=       113 act=       132
    none                 ext=1 conj_indep_a42         seqscan            70.12 ms est=       123 act=       103
    none                 ext=1 conj_dep_a45           seqscan            70.68 ms est=       124 act=       116
    none                 ext=1 conj_indep_a45         seqscan            69.43 ms est=       134 act=       141
    none                 ext=1 conj_dep_a76           seqscan            71.09 ms est=       112 act=       122
    none                 ext=1 conj_indep_a76         seqscan            67.76 ms est=       120 act=       128
    btree_a_b_separate   ext=1 conj_dep_a5            bitmapscan          2.20 ms est=       120 act=       136
    btree_a_b_separate   ext=1 conj_indep_a5          bitmapscan          2.21 ms est=       119 act=       121
    btree_a_b_separate   ext=1 conj_dep_a41           bitmapscan          2.20 ms est=       124 act=       146
    btree_a_b_separate   ext=1 conj_indep_a41         bitmapscan          2.14 ms est=       128 act=       121
    btree_a_b_separate   ext=1 conj_dep_a42           bitmapscan          2.13 ms est=       123 act=       132
    btree_a_b_separate   ext=1 conj_indep_a42         bitmapscan          2.16 ms est=       115 act=       103
    btree_a_b_separate   ext=1 conj_dep_a45           bitmapscan          2.17 ms est=       127 act=       116
    btree_a_b_separate   ext=1 conj_indep_a45         bitmapscan          2.21 ms est=       145 act=       141
    btree_a_b_separate   ext=1 conj_dep_a76           bitmapscan          2.19 ms est=       138 act=       122
    btree_a_b_separate   ext=1 conj_indep_a76         bitmapscan          2.17 ms est=       132 act=       128
    btree_ab_composite   ext=1 conj_dep_a5            bitmapscan          0.06 ms est=       104 act=       136
    btree_ab_composite   ext=1 conj_indep_a5          bitmapscan          0.04 ms est=       127 act=       121
    btree_ab_composite   ext=1 conj_dep_a41           bitmapscan          0.08 ms est=       143 act=       146
    btree_ab_composite   ext=1 conj_indep_a41         bitmapscan          0.06 ms est=       126 act=       121
    btree_ab_composite   ext=1 conj_dep_a42           bitmapscan          0.06 ms est=       130 act=       132
    btree_ab_composite   ext=1 conj_indep_a42         bitmapscan          0.04 ms est=       123 act=       103
    btree_ab_composite   ext=1 conj_dep_a45           bitmapscan          0.05 ms est=       127 act=       116
    btree_ab_composite   ext=1 conj_indep_a45         bitmapscan          0.05 ms est=       143 act=       141
    btree_ab_composite   ext=1 conj_dep_a76           bitmapscan          0.06 ms est=       133 act=       122
    btree_ab_composite   ext=1 conj_indep_a76         bitmapscan          0.10 ms est=       118 act=       128
  218 new measurements
  dropped t_phys05, marked complete

=== dataset phys095 ===
  generated in 2.1s -> t_phys095.csv
  loaded in 1.5s
  ts correlation: designed=0.95 realised=0.9502 pg_stats=0.9541973
  34 queries
    none                 ext=0 eq_v645                seqscan            90.00 ms est=       125 act=       123
    none                 ext=0 eq_v5547               seqscan            89.63 ms est=       125 act=       119
    none                 ext=0 eq_v7119               seqscan            88.75 ms est=       125 act=       113
    none                 ext=0 eq_v7559               seqscan            89.49 ms est=       125 act=       167
    none                 ext=0 eq_v8023               seqscan            87.36 ms est=       125 act=       127
    none                 ext=0 eq_v8870               seqscan            86.73 ms est=       125 act=       131
    none                 ext=0 eq_v9300               seqscan            85.98 ms est=       125 act=       137
    none                 ext=0 eq_v9310               seqscan            86.91 ms est=       125 act=        83
    none                 ext=0 range_1e-05            seqscan            85.34 ms est=       125 act=        83
    none                 ext=0 tsrange_1e-05          seqscan           101.86 ms est=         1 act=        13
    none                 ext=0 range_0.0001           seqscan            93.07 ms est=       125 act=       125
    none                 ext=0 tsrange_0.0001         seqscan           101.41 ms est=         1 act=       125
    none                 ext=0 range_0.001            seqscan            90.43 ms est=      1316 act=      1250
    none                 ext=0 tsrange_0.001          seqscan            98.50 ms est=      1000 act=      1250
    none                 ext=0 range_0.01             seqscan            98.04 ms est=     12599 act=     12500
    none                 ext=0 tsrange_0.01           seqscan           100.33 ms est=     13592 act=     12500
    none                 ext=0 range_0.05             seqscan            91.18 ms est=     63235 act=     62500
    none                 ext=0 tsrange_0.05           seqscan           100.57 ms est=     63420 act=     62500
    none                 ext=0 range_0.1              seqscan            93.52 ms est=    127490 act=    125000
    none                 ext=0 tsrange_0.1            seqscan           100.68 ms est=    124892 act=    125000
    none                 ext=0 range_0.2              seqscan            91.44 ms est=    248961 act=    250000
    none                 ext=0 tsrange_0.2            seqscan            98.77 ms est=    249910 act=    250000
    none                 ext=0 range_0.5              seqscan           101.10 ms est=    621887 act=    625000
    none                 ext=0 tsrange_0.5            seqscan           104.43 ms est=    628041 act=    625000
    none                 ext=0 conj_dep_a5            seqscan            86.24 ms est=       118 act=       136
    none                 ext=0 conj_indep_a5          seqscan            83.38 ms est=       126 act=       121
    none                 ext=0 conj_dep_a41           seqscan            83.65 ms est=       116 act=       146
    none                 ext=0 conj_indep_a41         seqscan            83.34 ms est=       120 act=       121
    none                 ext=0 conj_dep_a42           seqscan            82.41 ms est=       120 act=       132
    none                 ext=0 conj_indep_a42         seqscan            81.60 ms est=       121 act=       103
    none                 ext=0 conj_dep_a45           seqscan            80.78 ms est=       122 act=       116
    none                 ext=0 conj_indep_a45         seqscan            82.30 ms est=       127 act=       141
    none                 ext=0 conj_dep_a76           seqscan            81.54 ms est=       113 act=       122
    none                 ext=0 conj_indep_a76         seqscan            84.73 ms est=       104 act=       128
    btree_skew           ext=0 eq_v645                bitmapscan          0.05 ms est=       125 act=       123
    btree_skew           ext=0 eq_v5547               bitmapscan          0.06 ms est=       125 act=       119
    btree_skew           ext=0 eq_v7119               bitmapscan          0.04 ms est=       125 act=       113
    btree_skew           ext=0 eq_v7559               bitmapscan          0.06 ms est=       125 act=       167
    btree_skew           ext=0 eq_v8023               bitmapscan          0.04 ms est=       125 act=       127
    btree_skew           ext=0 eq_v8870               bitmapscan          0.04 ms est=       125 act=       131
    btree_skew           ext=0 eq_v9300               bitmapscan          0.04 ms est=       125 act=       137
    btree_skew           ext=0 eq_v9310               bitmapscan          0.03 ms est=       125 act=        83
    btree_skew           ext=0 range_1e-05            bitmapscan          0.03 ms est=       125 act=        83
    btree_skew           ext=0 range_0.0001           bitmapscan          0.07 ms est=       125 act=       125
    btree_skew           ext=0 range_0.001            bitmapscan          0.40 ms est=      1280 act=      1250
    btree_skew           ext=0 range_0.01             bitmapscan          5.13 ms est=     11477 act=     12500
    btree_skew           ext=0 range_0.05             bitmapscan         36.41 ms est=     61640 act=     62500
    btree_skew           ext=0 range_0.1              bitmapscan         53.15 ms est=    125627 act=    125000
    btree_skew           ext=0 range_0.2              bitmapscan         77.00 ms est=    251391 act=    250000
    btree_skew           ext=0 range_0.5              bitmapscan        112.12 ms est=    632244 act=    625000
    hash_skew            ext=0 eq_v645                bitmapscan          0.04 ms est=       125 act=       123
    hash_skew            ext=0 eq_v5547               bitmapscan          0.05 ms est=       125 act=       119
    hash_skew            ext=0 eq_v7119               bitmapscan          0.05 ms est=       125 act=       113
    hash_skew            ext=0 eq_v7559               bitmapscan          0.06 ms est=       125 act=       167
    hash_skew            ext=0 eq_v8023               bitmapscan          0.05 ms est=       125 act=       127
    hash_skew            ext=0 eq_v8870               bitmapscan          0.10 ms est=       125 act=       131
    hash_skew            ext=0 eq_v9300               bitmapscan          0.05 ms est=       125 act=       137
    hash_skew            ext=0 eq_v9310               bitmapscan          0.03 ms est=       125 act=        83
    brin_skew            ext=0 eq_v645                seqscan            67.37 ms est=       125 act=       123
    brin_skew            ext=0 eq_v5547               seqscan            67.74 ms est=       125 act=       119
    brin_skew            ext=0 eq_v7119               seqscan            66.96 ms est=       125 act=       113
    brin_skew            ext=0 eq_v7559               seqscan            66.70 ms est=       125 act=       167
    brin_skew            ext=0 eq_v8023               seqscan            64.92 ms est=       125 act=       127
    brin_skew            ext=0 eq_v8870               seqscan            64.85 ms est=       125 act=       131
    brin_skew            ext=0 eq_v9300               seqscan            64.57 ms est=       125 act=       137
    brin_skew            ext=0 eq_v9310               seqscan            62.90 ms est=       125 act=        83
    brin_skew            ext=0 range_1e-05            seqscan            63.47 ms est=       125 act=        83
    brin_skew            ext=0 range_0.0001           seqscan            68.84 ms est=       125 act=       125
    brin_skew            ext=0 range_0.001            seqscan            68.88 ms est=      1161 act=      1250
    brin_skew            ext=0 range_0.01             seqscan            68.13 ms est=     12809 act=     12500
    brin_skew            ext=0 range_0.05             seqscan            67.80 ms est=     62814 act=     62500
    brin_skew            ext=0 range_0.1              seqscan            68.50 ms est=    123778 act=    125000
    brin_skew            ext=0 range_0.2              seqscan            70.29 ms est=    246399 act=    250000
    brin_skew            ext=0 range_0.5              seqscan            78.15 ms est=    626586 act=    625000
    btree_a_b_separate   ext=0 conj_dep_a5            bitmapscan          2.18 ms est=       144 act=       136
    btree_a_b_separate   ext=0 conj_indep_a5          bitmapscan          2.15 ms est=       118 act=       121
    btree_a_b_separate   ext=0 conj_dep_a41           bitmapscan          2.23 ms est=       129 act=       146
    btree_a_b_separate   ext=0 conj_indep_a41         bitmapscan          2.12 ms est=       118 act=       121
    btree_a_b_separate   ext=0 conj_dep_a42           bitmapscan          2.21 ms est=       113 act=       132
    btree_a_b_separate   ext=0 conj_indep_a42         bitmapscan          2.41 ms est=       116 act=       103
    btree_a_b_separate   ext=0 conj_dep_a45           bitmapscan          2.06 ms est=       109 act=       116
    btree_a_b_separate   ext=0 conj_indep_a45         bitmapscan          2.08 ms est=       126 act=       141
    btree_a_b_separate   ext=0 conj_dep_a76           bitmapscan          2.17 ms est=       110 act=       122
    btree_a_b_separate   ext=0 conj_indep_a76         bitmapscan          2.12 ms est=       102 act=       128
    btree_ab_composite   ext=0 conj_dep_a5            bitmapscan          0.04 ms est=       132 act=       136
    btree_ab_composite   ext=0 conj_indep_a5          bitmapscan          0.05 ms est=       124 act=       121
    btree_ab_composite   ext=0 conj_dep_a41           bitmapscan          0.05 ms est=       139 act=       146
    btree_ab_composite   ext=0 conj_indep_a41         bitmapscan          0.04 ms est=       116 act=       121
    btree_ab_composite   ext=0 conj_dep_a42           bitmapscan          0.08 ms est=       117 act=       132
    btree_ab_composite   ext=0 conj_indep_a42         bitmapscan          0.05 ms est=       115 act=       103
    btree_ab_composite   ext=0 conj_dep_a45           bitmapscan          0.05 ms est=       116 act=       116
    btree_ab_composite   ext=0 conj_indep_a45         bitmapscan          0.06 ms est=       127 act=       141
    btree_ab_composite   ext=0 conj_dep_a76           bitmapscan          0.05 ms est=       136 act=       122
    btree_ab_composite   ext=0 conj_indep_a76         bitmapscan          0.04 ms est=       133 act=       128
    btree_ts             ext=0 tsrange_1e-05          indexscan           0.01 ms est=        13 act=        13
    btree_ts             ext=0 tsrange_0.0001         indexscan           0.02 ms est=       111 act=       125
    btree_ts             ext=0 tsrange_0.001          indexscan           0.11 ms est=      1099 act=      1250
    btree_ts             ext=0 tsrange_0.01           indexscan           1.08 ms est=     12142 act=     12500
    btree_ts             ext=0 tsrange_0.05           indexscan           5.40 ms est=     61069 act=     62500
    btree_ts             ext=0 tsrange_0.1            indexscan          11.28 ms est=    125833 act=    125000
    btree_ts             ext=0 tsrange_0.2            indexscan          21.93 ms est=    250811 act=    250000
    btree_ts             ext=0 tsrange_0.5            indexscan          85.92 ms est=    627403 act=    625000
    brin_ts              ext=0 tsrange_1e-05          bitmapscan          1.16 ms est=         1 act=        13
    brin_ts              ext=0 tsrange_0.0001         bitmapscan          4.51 ms est=         1 act=       125
    brin_ts              ext=0 tsrange_0.001          bitmapscan         25.52 ms est=       943 act=      1250
    brin_ts              ext=0 tsrange_0.01           bitmapscan        116.28 ms est=     12467 act=     12500
    brin_ts              ext=0 tsrange_0.05           bitmapscan        122.53 ms est=     64180 act=     62500
    brin_ts              ext=0 tsrange_0.1            bitmapscan        124.48 ms est=    125157 act=    125000
    brin_ts              ext=0 tsrange_0.2            bitmapscan        126.92 ms est=    252115 act=    250000
    brin_ts              ext=0 tsrange_0.5            bitmapscan        126.20 ms est=    622526 act=    625000
    all                  ext=0 eq_v645                bitmapscan          0.05 ms est=       125 act=       123
    all                  ext=0 eq_v5547               bitmapscan          0.05 ms est=       125 act=       119
    all                  ext=0 eq_v7119               bitmapscan          0.04 ms est=       125 act=       113
    all                  ext=0 eq_v7559               bitmapscan          0.06 ms est=       125 act=       167
    all                  ext=0 eq_v8023               bitmapscan          0.08 ms est=       125 act=       127
    all                  ext=0 eq_v8870               bitmapscan          0.05 ms est=       125 act=       131
    all                  ext=0 eq_v9300               bitmapscan          0.05 ms est=       125 act=       137
    all                  ext=0 eq_v9310               bitmapscan          0.03 ms est=       125 act=        83
    all                  ext=0 range_1e-05            bitmapscan          0.03 ms est=       125 act=        83
    all                  ext=0 tsrange_1e-05          indexscan           0.01 ms est=        13 act=        13
    all                  ext=0 range_0.0001           bitmapscan          0.05 ms est=       125 act=       125
    all                  ext=0 tsrange_0.0001         indexscan           0.03 ms est=       111 act=       125
    all                  ext=0 range_0.001            indexscan           0.22 ms est=      1269 act=      1250
    all                  ext=0 tsrange_0.001          indexscan           0.10 ms est=      1097 act=      1250
    all                  ext=0 range_0.01             indexscan           3.50 ms est=     11585 act=     12500
    all                  ext=0 tsrange_0.01           indexscan           0.92 ms est=     12119 act=     12500
    all                  ext=0 range_0.05             seqscan            67.70 ms est=     59930 act=     62500
    all                  ext=0 tsrange_0.05           indexscan           5.89 ms est=     60549 act=     62500
    all                  ext=0 range_0.1              seqscan            68.64 ms est=    122219 act=    125000
    all                  ext=0 tsrange_0.1            indexscan          11.24 ms est=    122008 act=    125000
    all                  ext=0 range_0.2              seqscan            70.04 ms est=    244862 act=    250000
    all                  ext=0 tsrange_0.2            indexscan          22.14 ms est=    249092 act=    250000
    all                  ext=0 range_0.5              seqscan            79.75 ms est=    619226 act=    625000
    all                  ext=0 tsrange_0.5            bitmapscan        123.32 ms est=    623171 act=    625000
    all                  ext=0 conj_dep_a5            bitmapscan          0.04 ms est=       114 act=       136
    all                  ext=0 conj_indep_a5          bitmapscan          0.05 ms est=       130 act=       121
    all                  ext=0 conj_dep_a41           bitmapscan          0.05 ms est=       116 act=       146
    all                  ext=0 conj_indep_a41         bitmapscan          0.06 ms est=       126 act=       121
    all                  ext=0 conj_dep_a42           bitmapscan          0.05 ms est=       116 act=       132
    all                  ext=0 conj_indep_a42         bitmapscan          0.04 ms est=       121 act=       103
    all                  ext=0 conj_dep_a45           bitmapscan          0.04 ms est=       112 act=       116
    all                  ext=0 conj_indep_a45         bitmapscan          0.05 ms est=       112 act=       141
    all                  ext=0 conj_dep_a76           bitmapscan          0.04 ms est=       122 act=       122
    all                  ext=0 conj_indep_a76         bitmapscan          0.04 ms est=       113 act=       128
    all_no_brin          ext=0 eq_v645                bitmapscan          0.05 ms est=       126 act=       123
    all_no_brin          ext=0 eq_v5547               bitmapscan          0.06 ms est=       126 act=       119
    all_no_brin          ext=0 eq_v7119               bitmapscan          0.05 ms est=       126 act=       113
    all_no_brin          ext=0 eq_v7559               bitmapscan          0.07 ms est=       126 act=       167
    all_no_brin          ext=0 eq_v8023               bitmapscan          0.05 ms est=       126 act=       127
    all_no_brin          ext=0 eq_v8870               bitmapscan          0.04 ms est=       126 act=       131
    all_no_brin          ext=0 eq_v9300               bitmapscan          0.05 ms est=       126 act=       137
    all_no_brin          ext=0 eq_v9310               bitmapscan          0.03 ms est=       126 act=        83
    all_no_brin          ext=0 range_1e-05            bitmapscan          0.06 ms est=       126 act=        83
    all_no_brin          ext=0 tsrange_1e-05          indexscan           0.01 ms est=        13 act=        13
    all_no_brin          ext=0 range_0.0001           bitmapscan          0.05 ms est=       126 act=       125
    all_no_brin          ext=0 tsrange_0.0001         indexscan           0.02 ms est=       108 act=       125
    all_no_brin          ext=0 range_0.001            bitmapscan          0.57 ms est=      1117 act=      1250
    all_no_brin          ext=0 tsrange_0.001          indexscan           0.10 ms est=      1070 act=      1250
    all_no_brin          ext=0 range_0.01             bitmapscan          5.28 ms est=     12881 act=     12500
    all_no_brin          ext=0 tsrange_0.01           indexscan           0.92 ms est=     11822 act=     12500
    all_no_brin          ext=0 range_0.05             bitmapscan         43.35 ms est=     63196 act=     62500
    all_no_brin          ext=0 tsrange_0.05           indexscan           5.42 ms est=     63875 act=     62500
    all_no_brin          ext=0 range_0.1              bitmapscan         54.33 ms est=    124554 act=    125000
    all_no_brin          ext=0 tsrange_0.1            indexscan          11.13 ms est=    125331 act=    125000
    all_no_brin          ext=0 range_0.2              bitmapscan         68.34 ms est=    252494 act=    250000
    all_no_brin          ext=0 tsrange_0.2            indexscan          21.82 ms est=    248785 act=    250000
    all_no_brin          ext=0 range_0.5              bitmapscan         88.52 ms est=    629567 act=    625000
    all_no_brin          ext=0 tsrange_0.5            indexscan          85.32 ms est=    625843 act=    625000
    all_no_brin          ext=0 conj_dep_a5            bitmapscan          0.05 ms est=       119 act=       136
    all_no_brin          ext=0 conj_indep_a5          bitmapscan          0.04 ms est=       123 act=       121
    all_no_brin          ext=0 conj_dep_a41           bitmapscan          0.08 ms est=       129 act=       146
    all_no_brin          ext=0 conj_indep_a41         bitmapscan          0.04 ms est=       124 act=       121
    all_no_brin          ext=0 conj_dep_a42           bitmapscan          0.04 ms est=       137 act=       132
    all_no_brin          ext=0 conj_indep_a42         bitmapscan          0.04 ms est=       122 act=       103
    all_no_brin          ext=0 conj_dep_a45           bitmapscan          0.04 ms est=       126 act=       116
    all_no_brin          ext=0 conj_indep_a45         bitmapscan          0.06 ms est=       113 act=       141
    all_no_brin          ext=0 conj_dep_a76           bitmapscan          0.04 ms est=       131 act=       122
    all_no_brin          ext=0 conj_indep_a76         bitmapscan          0.06 ms est=       122 act=       128
    all                  ext=1 conj_dep_a5            bitmapscan          0.04 ms est=       117 act=       136
    all                  ext=1 conj_indep_a5          bitmapscan          0.04 ms est=       118 act=       121
    all                  ext=1 conj_dep_a41           bitmapscan          0.07 ms est=       128 act=       146
    all                  ext=1 conj_indep_a41         bitmapscan          0.06 ms est=       120 act=       121
    all                  ext=1 conj_dep_a42           bitmapscan          0.05 ms est=       130 act=       132
    all                  ext=1 conj_indep_a42         bitmapscan          0.04 ms est=       124 act=       103
    all                  ext=1 conj_dep_a45           bitmapscan          0.04 ms est=       129 act=       116
    all                  ext=1 conj_indep_a45         bitmapscan          0.05 ms est=       118 act=       141
    all                  ext=1 conj_dep_a76           bitmapscan          0.04 ms est=       111 act=       122
    all                  ext=1 conj_indep_a76         bitmapscan          0.04 ms est=       117 act=       128
    none                 ext=1 conj_dep_a5            seqscan            75.86 ms est=       118 act=       136
    none                 ext=1 conj_indep_a5          seqscan            75.69 ms est=       118 act=       121
    none                 ext=1 conj_dep_a41           seqscan            75.76 ms est=       117 act=       146
    none                 ext=1 conj_indep_a41         seqscan            72.88 ms est=       109 act=       121
    none                 ext=1 conj_dep_a42           seqscan            73.05 ms est=       118 act=       132
    none                 ext=1 conj_indep_a42         seqscan            74.12 ms est=       142 act=       103
    none                 ext=1 conj_dep_a45           seqscan            72.94 ms est=       119 act=       116
    none                 ext=1 conj_indep_a45         seqscan            71.80 ms est=       132 act=       141
    none                 ext=1 conj_dep_a76           seqscan            72.00 ms est=       118 act=       122
    none                 ext=1 conj_indep_a76         seqscan            71.44 ms est=       120 act=       128
    btree_a_b_separate   ext=1 conj_dep_a5            bitmapscan          2.17 ms est=       111 act=       136
    btree_a_b_separate   ext=1 conj_indep_a5          bitmapscan          2.13 ms est=       127 act=       121
    btree_a_b_separate   ext=1 conj_dep_a41           bitmapscan          2.28 ms est=       135 act=       146
    btree_a_b_separate   ext=1 conj_indep_a41         bitmapscan          2.12 ms est=       135 act=       121
    btree_a_b_separate   ext=1 conj_dep_a42           bitmapscan          2.19 ms est=       118 act=       132
    btree_a_b_separate   ext=1 conj_indep_a42         bitmapscan          2.16 ms est=       124 act=       103
    btree_a_b_separate   ext=1 conj_dep_a45           bitmapscan          2.09 ms est=       112 act=       116
    btree_a_b_separate   ext=1 conj_indep_a45         bitmapscan          2.07 ms est=       101 act=       141
    btree_a_b_separate   ext=1 conj_dep_a76           bitmapscan          2.06 ms est=       134 act=       122
    btree_a_b_separate   ext=1 conj_indep_a76         bitmapscan          2.10 ms est=       134 act=       128
    btree_ab_composite   ext=1 conj_dep_a5            bitmapscan          0.04 ms est=       114 act=       136
    btree_ab_composite   ext=1 conj_indep_a5          bitmapscan          0.04 ms est=       132 act=       121
    btree_ab_composite   ext=1 conj_dep_a41           bitmapscan          0.05 ms est=       147 act=       146
    btree_ab_composite   ext=1 conj_indep_a41         bitmapscan          0.05 ms est=       135 act=       121
    btree_ab_composite   ext=1 conj_dep_a42           bitmapscan          0.04 ms est=       130 act=       132
    btree_ab_composite   ext=1 conj_indep_a42         bitmapscan          0.03 ms est=       141 act=       103
    btree_ab_composite   ext=1 conj_dep_a45           bitmapscan          0.06 ms est=       119 act=       116
    btree_ab_composite   ext=1 conj_indep_a45         bitmapscan          0.05 ms est=       115 act=       141
    btree_ab_composite   ext=1 conj_dep_a76           bitmapscan          0.05 ms est=       122 act=       122
    btree_ab_composite   ext=1 conj_indep_a76         bitmapscan          0.05 ms est=       111 act=       128
  218 new measurements
  dropped t_phys095, marked complete

=== dataset phys10 ===
  generated in 2.0s -> t_phys10.csv
  loaded in 1.5s
  ts correlation: designed=1.0 realised=1.0000 pg_stats=1.0
  34 queries
    none                 ext=0 eq_v645                seqscan            88.31 ms est=       125 act=       123
    none                 ext=0 eq_v5547               seqscan            88.49 ms est=       125 act=       119
    none                 ext=0 eq_v7119               seqscan            87.22 ms est=       125 act=       113
    none                 ext=0 eq_v7559               seqscan            88.78 ms est=       125 act=       167
    none                 ext=0 eq_v8023               seqscan            86.52 ms est=       125 act=       127
    none                 ext=0 eq_v8870               seqscan            86.02 ms est=       125 act=       131
    none                 ext=0 eq_v9300               seqscan            86.26 ms est=       125 act=       137
    none                 ext=0 eq_v9310               seqscan            85.55 ms est=       125 act=        83
    none                 ext=0 range_1e-05            seqscan            84.36 ms est=       125 act=        83
    none                 ext=0 tsrange_1e-05          seqscan           100.95 ms est=         1 act=        13
    none                 ext=0 range_0.0001           seqscan            91.13 ms est=       125 act=       125
    none                 ext=0 tsrange_0.0001         seqscan           103.89 ms est=         1 act=       125
    none                 ext=0 range_0.001            seqscan            90.52 ms est=      1200 act=      1250
    none                 ext=0 tsrange_0.001          seqscan            99.12 ms est=      1008 act=      1250
    none                 ext=0 range_0.01             seqscan            92.21 ms est=     13312 act=     12500
    none                 ext=0 tsrange_0.01           seqscan            97.74 ms est=     12545 act=     12500
    none                 ext=0 range_0.05             seqscan            87.28 ms est=     62473 act=     62500
    none                 ext=0 tsrange_0.05           seqscan            96.15 ms est=     63724 act=     62500
    none                 ext=0 range_0.1              seqscan            88.41 ms est=    123936 act=    125000
    none                 ext=0 tsrange_0.1            seqscan            98.58 ms est=    126982 act=    125000
    none                 ext=0 range_0.2              seqscan            91.31 ms est=    249471 act=    250000
    none                 ext=0 tsrange_0.2            seqscan            99.59 ms est=    251090 act=    250000
    none                 ext=0 range_0.5              seqscan            95.56 ms est=    624187 act=    625000
    none                 ext=0 tsrange_0.5            seqscan           100.54 ms est=    625078 act=    625000
    none                 ext=0 conj_dep_a5            seqscan            79.12 ms est=       137 act=       136
    none                 ext=0 conj_indep_a5          seqscan            76.82 ms est=       117 act=       121
    none                 ext=0 conj_dep_a41           seqscan            75.45 ms est=       123 act=       146
    none                 ext=0 conj_indep_a41         seqscan            73.58 ms est=       119 act=       121
    none                 ext=0 conj_dep_a42           seqscan            73.44 ms est=       125 act=       132
    none                 ext=0 conj_indep_a42         seqscan            73.09 ms est=       131 act=       103
    none                 ext=0 conj_dep_a45           seqscan            72.04 ms est=       126 act=       116
    none                 ext=0 conj_indep_a45         seqscan            71.19 ms est=       108 act=       141
    none                 ext=0 conj_dep_a76           seqscan            69.98 ms est=       133 act=       122
    none                 ext=0 conj_indep_a76         seqscan            69.26 ms est=       127 act=       128
    btree_skew           ext=0 eq_v645                bitmapscan          0.04 ms est=       124 act=       123
    btree_skew           ext=0 eq_v5547               bitmapscan          0.04 ms est=       124 act=       119
    btree_skew           ext=0 eq_v7119               bitmapscan          0.04 ms est=       124 act=       113
    btree_skew           ext=0 eq_v7559               bitmapscan          0.07 ms est=       124 act=       167
    btree_skew           ext=0 eq_v8023               bitmapscan          0.05 ms est=       124 act=       127
    btree_skew           ext=0 eq_v8870               bitmapscan          0.05 ms est=       124 act=       131
    btree_skew           ext=0 eq_v9300               bitmapscan          0.04 ms est=       124 act=       137
    btree_skew           ext=0 eq_v9310               bitmapscan          0.03 ms est=       124 act=        83
    btree_skew           ext=0 range_1e-05            bitmapscan          0.03 ms est=       124 act=        83
    btree_skew           ext=0 range_0.0001           bitmapscan          0.04 ms est=       124 act=       125
    btree_skew           ext=0 range_0.001            bitmapscan          0.43 ms est=      1232 act=      1250
    btree_skew           ext=0 range_0.01             bitmapscan          5.07 ms est=     12435 act=     12500
    btree_skew           ext=0 range_0.05             bitmapscan         34.98 ms est=     63659 act=     62500
    btree_skew           ext=0 range_0.1              bitmapscan         54.24 ms est=    125972 act=    125000
    btree_skew           ext=0 range_0.2              bitmapscan         72.73 ms est=    254571 act=    250000
    btree_skew           ext=0 range_0.5              bitmapscan        109.76 ms est=    626799 act=    625000
    hash_skew            ext=0 eq_v645                bitmapscan          0.04 ms est=       125 act=       123
    hash_skew            ext=0 eq_v5547               bitmapscan          0.04 ms est=       125 act=       119
    hash_skew            ext=0 eq_v7119               bitmapscan          0.04 ms est=       125 act=       113
    hash_skew            ext=0 eq_v7559               bitmapscan          0.05 ms est=       125 act=       167
    hash_skew            ext=0 eq_v8023               bitmapscan          0.05 ms est=       125 act=       127
    hash_skew            ext=0 eq_v8870               bitmapscan          0.07 ms est=       125 act=       131
    hash_skew            ext=0 eq_v9300               bitmapscan          0.06 ms est=       125 act=       137
    hash_skew            ext=0 eq_v9310               bitmapscan          0.03 ms est=       125 act=        83
    brin_skew            ext=0 eq_v645                seqscan            61.47 ms est=       124 act=       123
    brin_skew            ext=0 eq_v5547               seqscan            59.97 ms est=       124 act=       119
    brin_skew            ext=0 eq_v7119               seqscan            60.87 ms est=       124 act=       113
    brin_skew            ext=0 eq_v7559               seqscan            58.66 ms est=       124 act=       167
    brin_skew            ext=0 eq_v8023               seqscan            58.00 ms est=       124 act=       127
    brin_skew            ext=0 eq_v8870               seqscan            57.66 ms est=       124 act=       131
    brin_skew            ext=0 eq_v9300               seqscan            56.86 ms est=       124 act=       137
    brin_skew            ext=0 eq_v9310               seqscan            56.63 ms est=       124 act=        83
    brin_skew            ext=0 range_1e-05            seqscan            56.66 ms est=       124 act=        83
    brin_skew            ext=0 range_0.0001           seqscan            62.55 ms est=       124 act=       125
    brin_skew            ext=0 range_0.001            seqscan            62.66 ms est=      1266 act=      1250
    brin_skew            ext=0 range_0.01             seqscan            60.85 ms est=     11815 act=     12500
    brin_skew            ext=0 range_0.05             seqscan            60.37 ms est=     60325 act=     62500
    brin_skew            ext=0 range_0.1              seqscan            63.40 ms est=    121386 act=    125000
    brin_skew            ext=0 range_0.2              seqscan            63.42 ms est=    246735 act=    250000
    brin_skew            ext=0 range_0.5              seqscan            71.36 ms est=    621198 act=    625000
    btree_a_b_separate   ext=0 conj_dep_a5            bitmapscan          2.27 ms est=       120 act=       136
    btree_a_b_separate   ext=0 conj_indep_a5          bitmapscan          2.27 ms est=       126 act=       121
    btree_a_b_separate   ext=0 conj_dep_a41           bitmapscan          2.14 ms est=       132 act=       146
    btree_a_b_separate   ext=0 conj_indep_a41         bitmapscan          2.16 ms est=       123 act=       121
    btree_a_b_separate   ext=0 conj_dep_a42           bitmapscan          2.19 ms est=       151 act=       132
    btree_a_b_separate   ext=0 conj_indep_a42         bitmapscan          2.15 ms est=       137 act=       103
    btree_a_b_separate   ext=0 conj_dep_a45           bitmapscan          2.06 ms est=       128 act=       116
    btree_a_b_separate   ext=0 conj_indep_a45         bitmapscan          2.05 ms est=       126 act=       141
    btree_a_b_separate   ext=0 conj_dep_a76           bitmapscan          2.08 ms est=       134 act=       122
    btree_a_b_separate   ext=0 conj_indep_a76         bitmapscan          2.03 ms est=       123 act=       128
    btree_ab_composite   ext=0 conj_dep_a5            bitmapscan          0.05 ms est=       129 act=       136
    btree_ab_composite   ext=0 conj_indep_a5          bitmapscan          0.04 ms est=       132 act=       121
    btree_ab_composite   ext=0 conj_dep_a41           bitmapscan          0.07 ms est=       128 act=       146
    btree_ab_composite   ext=0 conj_indep_a41         bitmapscan          0.04 ms est=       119 act=       121
    btree_ab_composite   ext=0 conj_dep_a42           bitmapscan          0.06 ms est=       129 act=       132
    btree_ab_composite   ext=0 conj_indep_a42         bitmapscan          0.04 ms est=       131 act=       103
    btree_ab_composite   ext=0 conj_dep_a45           bitmapscan          0.05 ms est=       110 act=       116
    btree_ab_composite   ext=0 conj_indep_a45         bitmapscan          0.05 ms est=       113 act=       141
    btree_ab_composite   ext=0 conj_dep_a76           bitmapscan          0.08 ms est=       129 act=       122
    btree_ab_composite   ext=0 conj_indep_a76         bitmapscan          0.04 ms est=       119 act=       128
    btree_ts             ext=0 tsrange_1e-05          indexscan           0.01 ms est=        14 act=        13
    btree_ts             ext=0 tsrange_0.0001         indexscan           0.01 ms est=       120 act=       125
    btree_ts             ext=0 tsrange_0.001          indexscan           0.09 ms est=      1191 act=      1250
    btree_ts             ext=0 tsrange_0.01           indexscan           0.79 ms est=     13132 act=     12500
    btree_ts             ext=0 tsrange_0.05           indexscan           3.89 ms est=     64453 act=     62500
    btree_ts             ext=0 tsrange_0.1            indexscan           7.87 ms est=    126840 act=    125000
    btree_ts             ext=0 tsrange_0.2            indexscan          15.61 ms est=    252621 act=    250000
    btree_ts             ext=0 tsrange_0.5            indexscan          39.10 ms est=    621303 act=    625000
    brin_ts              ext=0 tsrange_1e-05          bitmapscan          0.59 ms est=         1 act=        13
    brin_ts              ext=0 tsrange_0.0001         bitmapscan          0.68 ms est=         1 act=       125
    brin_ts              ext=0 tsrange_0.001          bitmapscan          0.61 ms est=      1051 act=      1250
    brin_ts              ext=0 tsrange_0.01           bitmapscan          1.24 ms est=     13075 act=     12500
    brin_ts              ext=0 tsrange_0.05           bitmapscan          4.28 ms est=     59782 act=     62500
    brin_ts              ext=0 tsrange_0.1            bitmapscan          8.64 ms est=    123971 act=    125000
    brin_ts              ext=0 tsrange_0.2            bitmapscan         17.33 ms est=    250487 act=    250000
    brin_ts              ext=0 tsrange_0.5            bitmapscan         42.92 ms est=    626740 act=    625000
    all                  ext=0 eq_v645                bitmapscan          0.04 ms est=       125 act=       123
    all                  ext=0 eq_v5547               bitmapscan          0.05 ms est=       125 act=       119
    all                  ext=0 eq_v7119               bitmapscan          0.04 ms est=       125 act=       113
    all                  ext=0 eq_v7559               bitmapscan          0.08 ms est=       125 act=       167
    all                  ext=0 eq_v8023               bitmapscan          0.04 ms est=       125 act=       127
    all                  ext=0 eq_v8870               bitmapscan          0.04 ms est=       125 act=       131
    all                  ext=0 eq_v9300               bitmapscan          0.05 ms est=       125 act=       137
    all                  ext=0 eq_v9310               bitmapscan          0.03 ms est=       125 act=        83
    all                  ext=0 range_1e-05            bitmapscan          0.03 ms est=       125 act=        83
    all                  ext=0 tsrange_1e-05          indexscan           0.01 ms est=        15 act=        13
    all                  ext=0 range_0.0001           bitmapscan          0.06 ms est=       125 act=       125
    all                  ext=0 tsrange_0.0001         indexscan           0.01 ms est=       132 act=       125
    all                  ext=0 range_0.001            indexscan           0.21 ms est=      1190 act=      1250
    all                  ext=0 tsrange_0.001          indexscan           0.09 ms est=      1309 act=      1250
    all                  ext=0 range_0.01             seqscan            62.32 ms est=     12779 act=     12500
    all                  ext=0 tsrange_0.01           indexscan           0.78 ms est=     14295 act=     12500
    all                  ext=0 range_0.05             seqscan            62.41 ms est=     64042 act=     62500
    all                  ext=0 tsrange_0.05           indexscan           3.86 ms est=     65301 act=     62500
    all                  ext=0 range_0.1              seqscan            63.81 ms est=    128290 act=    125000
    all                  ext=0 tsrange_0.1            indexscan           7.94 ms est=    126245 act=    125000
    all                  ext=0 range_0.2              seqscan            65.93 ms est=    255305 act=    250000
    all                  ext=0 tsrange_0.2            indexscan          15.56 ms est=    248330 act=    250000
    all                  ext=0 range_0.5              seqscan            73.56 ms est=    629845 act=    625000
    all                  ext=0 tsrange_0.5            bitmapscan         43.02 ms est=    625005 act=    625000
    all                  ext=0 conj_dep_a5            bitmapscan          0.04 ms est=       128 act=       136
    all                  ext=0 conj_indep_a5          bitmapscan          0.04 ms est=       133 act=       121
    all                  ext=0 conj_dep_a41           bitmapscan          0.07 ms est=       142 act=       146
    all                  ext=0 conj_indep_a41         bitmapscan          0.06 ms est=       117 act=       121
    all                  ext=0 conj_dep_a42           bitmapscan          0.04 ms est=       127 act=       132
    all                  ext=0 conj_indep_a42         bitmapscan          0.04 ms est=       131 act=       103
    all                  ext=0 conj_dep_a45           bitmapscan          0.04 ms est=       136 act=       116
    all                  ext=0 conj_indep_a45         bitmapscan          0.05 ms est=       124 act=       141
    all                  ext=0 conj_dep_a76           bitmapscan          0.04 ms est=       115 act=       122
    all                  ext=0 conj_indep_a76         bitmapscan          0.06 ms est=       119 act=       128
    all_no_brin          ext=0 eq_v645                bitmapscan          0.06 ms est=       125 act=       123
    all_no_brin          ext=0 eq_v5547               bitmapscan          0.04 ms est=       125 act=       119
    all_no_brin          ext=0 eq_v7119               bitmapscan          0.04 ms est=       125 act=       113
    all_no_brin          ext=0 eq_v7559               bitmapscan          0.09 ms est=       125 act=       167
    all_no_brin          ext=0 eq_v8023               bitmapscan          0.04 ms est=       125 act=       127
    all_no_brin          ext=0 eq_v8870               bitmapscan          0.04 ms est=       125 act=       131
    all_no_brin          ext=0 eq_v9300               bitmapscan          0.04 ms est=       125 act=       137
    all_no_brin          ext=0 eq_v9310               bitmapscan          0.03 ms est=       125 act=        83
    all_no_brin          ext=0 range_1e-05            bitmapscan          0.03 ms est=       125 act=        83
    all_no_brin          ext=0 tsrange_1e-05          indexscan           0.01 ms est=        15 act=        13
    all_no_brin          ext=0 range_0.0001           bitmapscan          0.06 ms est=       125 act=       125
    all_no_brin          ext=0 tsrange_0.0001         indexscan           0.02 ms est=       127 act=       125
    all_no_brin          ext=0 range_0.001            bitmapscan          0.41 ms est=      1179 act=      1250
    all_no_brin          ext=0 tsrange_0.001          indexscan           0.09 ms est=      1255 act=      1250
    all_no_brin          ext=0 range_0.01             bitmapscan          5.24 ms est=     12583 act=     12500
    all_no_brin          ext=0 tsrange_0.01           indexscan           0.76 ms est=     13726 act=     12500
    all_no_brin          ext=0 range_0.05             bitmapscan         42.13 ms est=     62547 act=     62500
    all_no_brin          ext=0 tsrange_0.05           indexscan           4.02 ms est=     63266 act=     62500
    all_no_brin          ext=0 range_0.1              bitmapscan         76.04 ms est=    124576 act=    125000
    all_no_brin          ext=0 tsrange_0.1            indexscan           7.86 ms est=    129128 act=    125000
    all_no_brin          ext=0 range_0.2              bitmapscan         86.18 ms est=    251375 act=    250000
    all_no_brin          ext=0 tsrange_0.2            indexscan          15.73 ms est=    256015 act=    250000
    all_no_brin          ext=0 range_0.5              bitmapscan         93.31 ms est=    622180 act=    625000
    all_no_brin          ext=0 tsrange_0.5            indexscan          39.73 ms est=    627881 act=    625000
    all_no_brin          ext=0 conj_dep_a5            bitmapscan          0.07 ms est=       135 act=       136
    all_no_brin          ext=0 conj_indep_a5          bitmapscan          0.05 ms est=       141 act=       121
    all_no_brin          ext=0 conj_dep_a41           bitmapscan          0.08 ms est=       136 act=       146
    all_no_brin          ext=0 conj_indep_a41         bitmapscan          0.05 ms est=       124 act=       121
    all_no_brin          ext=0 conj_dep_a42           bitmapscan          0.05 ms est=       138 act=       132
    all_no_brin          ext=0 conj_indep_a42         bitmapscan          0.06 ms est=       135 act=       103
    all_no_brin          ext=0 conj_dep_a45           bitmapscan          0.06 ms est=       134 act=       116
    all_no_brin          ext=0 conj_indep_a45         bitmapscan          0.06 ms est=       106 act=       141
    all_no_brin          ext=0 conj_dep_a76           bitmapscan          0.05 ms est=       112 act=       122
    all_no_brin          ext=0 conj_indep_a76         bitmapscan          0.04 ms est=       123 act=       128
    all                  ext=1 conj_dep_a5            bitmapscan          0.06 ms est=       129 act=       136
    all                  ext=1 conj_indep_a5          bitmapscan          0.05 ms est=       132 act=       121
    all                  ext=1 conj_dep_a41           bitmapscan          0.05 ms est=       131 act=       146
    all                  ext=1 conj_indep_a41         bitmapscan          0.06 ms est=       123 act=       121
    all                  ext=1 conj_dep_a42           bitmapscan          0.05 ms est=       136 act=       132
    all                  ext=1 conj_indep_a42         bitmapscan          0.03 ms est=       130 act=       103
    all                  ext=1 conj_dep_a45           bitmapscan          0.04 ms est=       125 act=       116
    all                  ext=1 conj_indep_a45         bitmapscan          0.04 ms est=       134 act=       141
    all                  ext=1 conj_dep_a76           bitmapscan          0.04 ms est=       130 act=       122
    all                  ext=1 conj_indep_a76         bitmapscan          0.06 ms est=       116 act=       128
    none                 ext=1 conj_dep_a5            seqscan            63.78 ms est=       147 act=       136
    none                 ext=1 conj_indep_a5          seqscan            68.20 ms est=       138 act=       121
    none                 ext=1 conj_dep_a41           seqscan            62.34 ms est=       118 act=       146
    none                 ext=1 conj_indep_a41         seqscan            62.36 ms est=       112 act=       121
    none                 ext=1 conj_dep_a42           seqscan            60.89 ms est=       136 act=       132
    none                 ext=1 conj_indep_a42         seqscan            59.95 ms est=       127 act=       103
    none                 ext=1 conj_dep_a45           seqscan            59.85 ms est=        98 act=       116
    none                 ext=1 conj_indep_a45         seqscan            60.76 ms est=       112 act=       141
    none                 ext=1 conj_dep_a76           seqscan            59.27 ms est=       121 act=       122
    none                 ext=1 conj_indep_a76         seqscan            58.28 ms est=       108 act=       128
    btree_a_b_separate   ext=1 conj_dep_a5            bitmapscan          1.90 ms est=       148 act=       136
    btree_a_b_separate   ext=1 conj_indep_a5          bitmapscan          1.96 ms est=       152 act=       121
    btree_a_b_separate   ext=1 conj_dep_a41           bitmapscan          2.00 ms est=       151 act=       146
    btree_a_b_separate   ext=1 conj_indep_a41         bitmapscan          1.94 ms est=       133 act=       121
    btree_a_b_separate   ext=1 conj_dep_a42           bitmapscan          2.13 ms est=       123 act=       132
    btree_a_b_separate   ext=1 conj_indep_a42         bitmapscan          2.10 ms est=       124 act=       103
    btree_a_b_separate   ext=1 conj_dep_a45           bitmapscan          2.09 ms est=       133 act=       116
    btree_a_b_separate   ext=1 conj_indep_a45         bitmapscan          2.04 ms est=       137 act=       141
    btree_a_b_separate   ext=1 conj_dep_a76           bitmapscan          2.09 ms est=       114 act=       122
    btree_a_b_separate   ext=1 conj_indep_a76         bitmapscan          2.16 ms est=       117 act=       128
    btree_ab_composite   ext=1 conj_dep_a5            bitmapscan          0.05 ms est=       137 act=       136
    btree_ab_composite   ext=1 conj_indep_a5          bitmapscan          0.05 ms est=       131 act=       121
    btree_ab_composite   ext=1 conj_dep_a41           bitmapscan          0.04 ms est=       125 act=       146
    btree_ab_composite   ext=1 conj_indep_a41         bitmapscan          0.04 ms est=       109 act=       121
    btree_ab_composite   ext=1 conj_dep_a42           bitmapscan          0.05 ms est=       130 act=       132
    btree_ab_composite   ext=1 conj_indep_a42         bitmapscan          0.03 ms est=       145 act=       103
    btree_ab_composite   ext=1 conj_dep_a45           bitmapscan          0.04 ms est=       133 act=       116
    btree_ab_composite   ext=1 conj_indep_a45         bitmapscan          0.05 ms est=       129 act=       141
    btree_ab_composite   ext=1 conj_dep_a76           bitmapscan          0.06 ms est=       122 act=       122
    btree_ab_composite   ext=1 conj_indep_a76         bitmapscan          0.05 ms est=       108 act=       128
  218 new measurements
  dropped t_phys10, marked complete

Done. Raw results: G:\codes\Ass\DTMS\research\results\raw\measurements_1250k.jsonl
