datasets=['baseline', 'skew10', 'dep10', 'phys05', 'phys10'] rpc_levels=(4.0, 3.0, 2.0, 1.5, 1.2, 1.1, 1.0)
already done: 4984

=== baseline ===

=== skew10 ===
  none                 rpc=4.0   34 queries in 16.3s
  none                 rpc=3.0   34 queries in 12.2s
  none                 rpc=2.0   34 queries in 11.4s
  none                 rpc=1.5   34 queries in 10.4s
  none                 rpc=1.2   34 queries in 10.2s
  none                 rpc=1.1   34 queries in 10.1s
  none                 rpc=1.0   34 queries in 10.1s
  btree_skew           rpc=4.0   16 queries in 0.8s
  btree_skew           rpc=3.0   16 queries in 0.8s
  btree_skew           rpc=2.0   16 queries in 0.8s
  btree_skew           rpc=1.5   16 queries in 0.8s
  btree_skew           rpc=1.2   16 queries in 1.5s
  btree_skew           rpc=1.1   16 queries in 1.5s
  btree_skew           rpc=1.0   16 queries in 1.8s
  hash_skew            rpc=4.0    8 queries in 0.3s
  hash_skew            rpc=3.0    8 queries in 0.1s
  hash_skew            rpc=2.0    8 queries in 0.1s
  hash_skew            rpc=1.5    8 queries in 0.1s
  hash_skew            rpc=1.2    8 queries in 0.1s
  hash_skew            rpc=1.1    8 queries in 0.1s
  hash_skew            rpc=1.0    8 queries in 0.1s
  brin_skew            rpc=4.0   16 queries in 5.7s
  brin_skew            rpc=3.0   16 queries in 5.7s
  brin_skew            rpc=2.0   16 queries in 5.7s
  brin_skew            rpc=1.5   16 queries in 5.7s
  brin_skew            rpc=1.2   16 queries in 5.7s
  brin_skew            rpc=1.1   16 queries in 5.7s
  brin_skew            rpc=1.0   16 queries in 5.7s
  btree_a_b_separate   rpc=4.0   10 queries in 0.2s
  btree_a_b_separate   rpc=3.0   10 queries in 0.2s
  btree_a_b_separate   rpc=2.0   10 queries in 0.2s
  btree_a_b_separate   rpc=1.5   10 queries in 0.2s
  btree_a_b_separate   rpc=1.2   10 queries in 0.2s
  btree_a_b_separate   rpc=1.1   10 queries in 0.2s
  btree_a_b_separate   rpc=1.0   10 queries in 0.2s
  btree_ab_composite   rpc=4.0   10 queries in 0.0s
  btree_ab_composite   rpc=3.0   10 queries in 0.0s
  btree_ab_composite   rpc=2.0   10 queries in 0.0s
  btree_ab_composite   rpc=1.5   10 queries in 0.0s
  btree_ab_composite   rpc=1.2   10 queries in 0.0s
  btree_ab_composite   rpc=1.1   10 queries in 0.0s
  btree_ab_composite   rpc=1.0   10 queries in 0.0s
  btree_ts             rpc=4.0    8 queries in 0.9s
  btree_ts             rpc=3.0    8 queries in 0.9s
  btree_ts             rpc=2.0    8 queries in 0.9s
  btree_ts             rpc=1.5    8 queries in 0.8s
  btree_ts             rpc=1.2    8 queries in 1.5s
  btree_ts             rpc=1.1    8 queries in 1.5s
  btree_ts             rpc=1.0    8 queries in 1.8s
  brin_ts              rpc=4.0    8 queries in 2.8s
  brin_ts              rpc=3.0    8 queries in 2.8s
  brin_ts              rpc=2.0    8 queries in 2.8s
  brin_ts              rpc=1.5    8 queries in 2.8s
  brin_ts              rpc=1.2    8 queries in 2.8s
  brin_ts              rpc=1.1    8 queries in 2.8s
  brin_ts              rpc=1.0    8 queries in 2.8s
  all_no_brin          rpc=4.0   34 queries in 1.7s
  all_no_brin          rpc=3.0   34 queries in 1.7s
  all_no_brin          rpc=2.0   34 queries in 1.7s
  all_no_brin          rpc=1.5   34 queries in 1.6s
  all_no_brin          rpc=1.2   34 queries in 3.1s
  all_no_brin          rpc=1.1   34 queries in 3.2s
  all_no_brin          rpc=1.0   34 queries in 3.7s
  all                  rpc=4.0   34 queries in 3.6s
  all                  rpc=3.0   34 queries in 3.2s
  all                  rpc=2.0   34 queries in 3.2s
  all                  rpc=1.5   34 queries in 2.4s
  all                  rpc=1.2   34 queries in 3.7s
  all                  rpc=1.1   34 queries in 3.7s
  all                  rpc=1.0   34 queries in 3.6s

=== dep10 ===

=== phys05 ===

=== phys10 ===

Done -> G:\codes\Ass\DTMS\research\results\raw\measurements_rpc.jsonl
