Output tag: 3000k  ->  measurements_3000k.jsonl
Datasets: ['phys05', 'phys095', 'phys10']  rows=3000000
Already measured: 0 records
Server: PostgreSQL 17.1 on x86_64-windows, compiled by msvc-19.41.34123, 64-bit

=== dataset phys05 ===
  generated in 4.9s -> t_phys05.csv
  loaded in 3.4s
  ts correlation: designed=0.5 realised=0.5001 pg_stats=0.49811715
  34 queries
    none                 ext=0 eq_v705                seqscan           221.82 ms est=       301 act=       297
    none                 ext=0 eq_v709                seqscan           222.04 ms est=       301 act=       310
    none                 ext=0 eq_v1541               seqscan           222.01 ms est=       301 act=       290
    none                 ext=0 eq_v1655               seqscan           227.25 ms est=       301 act=       371
    none                 ext=0 eq_v3304               seqscan           227.98 ms est=       301 act=       318
    none                 ext=0 eq_v5143               seqscan           225.80 ms est=       301 act=       239
    none                 ext=0 eq_v5250               seqscan           225.34 ms est=       301 act=       303
    none                 ext=0 eq_v9977               seqscan           222.97 ms est=       301 act=       281
    none                 ext=0 range_1e-05            seqscan           240.73 ms est=       301 act=       239
    none                 ext=0 tsrange_1e-05          seqscan           262.21 ms est=         1 act=        30
    none                 ext=0 range_0.0001           seqscan           241.19 ms est=       301 act=       300
    none                 ext=0 tsrange_0.0001         seqscan           264.69 ms est=         1 act=       300
    none                 ext=0 range_0.001            seqscan           241.18 ms est=      4179 act=      3000
    none                 ext=0 tsrange_0.001          seqscan           263.30 ms est=      2235 act=      3000
    none                 ext=0 range_0.01             seqscan           239.12 ms est=     28390 act=     30000
    none                 ext=0 tsrange_0.01           seqscan           262.26 ms est=     26053 act=     30000
    none                 ext=0 range_0.05             seqscan           238.07 ms est=    149156 act=    150000
    none                 ext=0 tsrange_0.05           seqscan           252.24 ms est=    140734 act=    150000
    none                 ext=0 range_0.1              seqscan           230.29 ms est=    301035 act=    300000
    none                 ext=0 tsrange_0.1            seqscan           248.12 ms est=    287041 act=    300000
    none                 ext=0 range_0.2              seqscan           227.60 ms est=    601928 act=    600000
    none                 ext=0 tsrange_0.2            seqscan           244.62 ms est=    590929 act=    600000
    none                 ext=0 range_0.5              seqscan           240.63 ms est=   1511587 act=   1500000
    none                 ext=0 tsrange_0.5            seqscan           258.60 ms est=   1482485 act=   1500000
    none                 ext=0 conj_dep_a36           seqscan           210.30 ms est=       314 act=       295
    none                 ext=0 conj_indep_a36         seqscan           212.34 ms est=       292 act=       310
    none                 ext=0 conj_dep_a54           seqscan           211.07 ms est=       306 act=       300
    none                 ext=0 conj_indep_a54         seqscan           212.76 ms est=       319 act=       301
    none                 ext=0 conj_dep_a71           seqscan           208.68 ms est=       290 act=       279
    none                 ext=0 conj_indep_a71         seqscan           209.37 ms est=       282 act=       301
    none                 ext=0 conj_dep_a87           seqscan           207.06 ms est=       331 act=       275
    none                 ext=0 conj_indep_a87         seqscan           211.57 ms est=       288 act=       278
    none                 ext=0 conj_dep_a96           seqscan           206.76 ms est=       303 act=       314
    none                 ext=0 conj_indep_a96         seqscan           211.77 ms est=       344 act=       313
    btree_skew           ext=0 eq_v705                bitmapscan          0.09 ms est=       299 act=       297
    btree_skew           ext=0 eq_v709                bitmapscan          0.09 ms est=       299 act=       310
    btree_skew           ext=0 eq_v1541               bitmapscan          0.10 ms est=       299 act=       290
    btree_skew           ext=0 eq_v1655               bitmapscan          0.16 ms est=       299 act=       371
    btree_skew           ext=0 eq_v3304               bitmapscan          0.15 ms est=       299 act=       318
    btree_skew           ext=0 eq_v5143               bitmapscan          0.08 ms est=       299 act=       239
    btree_skew           ext=0 eq_v5250               bitmapscan          0.11 ms est=       299 act=       303
    btree_skew           ext=0 eq_v9977               bitmapscan          0.12 ms est=       299 act=       281
    btree_skew           ext=0 range_1e-05            bitmapscan          0.08 ms est=       299 act=       239
    btree_skew           ext=0 range_0.0001           bitmapscan          0.09 ms est=       299 act=       300
    btree_skew           ext=0 range_0.001            bitmapscan          1.35 ms est=      3068 act=      3000
    btree_skew           ext=0 range_0.01             bitmapscan         78.85 ms est=     32349 act=     30000
    btree_skew           ext=0 range_0.05             bitmapscan        164.88 ms est=    152043 act=    150000
    btree_skew           ext=0 range_0.1              bitmapscan        179.45 ms est=    301813 act=    300000
    btree_skew           ext=0 range_0.2              bitmapscan        204.17 ms est=    605792 act=    600000
    btree_skew           ext=0 range_0.5              bitmapscan        274.83 ms est=   1503202 act=   1500000
    hash_skew            ext=0 eq_v705                bitmapscan          0.13 ms est=       301 act=       297
    hash_skew            ext=0 eq_v709                bitmapscan          0.10 ms est=       301 act=       310
    hash_skew            ext=0 eq_v1541               bitmapscan          0.11 ms est=       301 act=       290
    hash_skew            ext=0 eq_v1655               bitmapscan          0.20 ms est=       301 act=       371
    hash_skew            ext=0 eq_v3304               bitmapscan          0.11 ms est=       301 act=       318
    hash_skew            ext=0 eq_v5143               bitmapscan          0.09 ms est=       301 act=       239
    hash_skew            ext=0 eq_v5250               bitmapscan          0.12 ms est=       301 act=       303
    hash_skew            ext=0 eq_v9977               bitmapscan          0.10 ms est=       301 act=       281
    brin_skew            ext=0 eq_v705                bitmapscan        309.43 ms est=       299 act=       297
    brin_skew            ext=0 eq_v709                bitmapscan        307.82 ms est=       299 act=       310
    brin_skew            ext=0 eq_v1541               bitmapscan        305.34 ms est=       299 act=       290
    brin_skew            ext=0 eq_v1655               bitmapscan        307.67 ms est=       299 act=       371
    brin_skew            ext=0 eq_v3304               bitmapscan        310.59 ms est=       299 act=       318
    brin_skew            ext=0 eq_v5143               bitmapscan        311.65 ms est=       299 act=       239
    brin_skew            ext=0 eq_v5250               bitmapscan        307.66 ms est=       299 act=       303
    brin_skew            ext=0 eq_v9977               bitmapscan        306.24 ms est=       299 act=       281
    brin_skew            ext=0 range_1e-05            bitmapscan        322.96 ms est=       299 act=       239
    brin_skew            ext=0 range_0.0001           bitmapscan        326.66 ms est=       299 act=       300
    brin_skew            ext=0 range_0.001            bitmapscan        325.27 ms est=      3165 act=      3000
    brin_skew            ext=0 range_0.01             seqscan           165.93 ms est=     31861 act=     30000
    brin_skew            ext=0 range_0.05             seqscan           169.28 ms est=    148368 act=    150000
    brin_skew            ext=0 range_0.1              seqscan           169.87 ms est=    297312 act=    300000
    brin_skew            ext=0 range_0.2              seqscan           174.68 ms est=    601853 act=    600000
    brin_skew            ext=0 range_0.5              seqscan           191.81 ms est=   1510744 act=   1500000
    btree_a_b_separate   ext=0 conj_dep_a36           bitmapscan          5.19 ms est=       290 act=       295
    btree_a_b_separate   ext=0 conj_indep_a36         bitmapscan          5.18 ms est=       315 act=       310
    btree_a_b_separate   ext=0 conj_dep_a54           bitmapscan          5.19 ms est=       282 act=       300
    btree_a_b_separate   ext=0 conj_indep_a54         bitmapscan          5.29 ms est=       317 act=       301
    btree_a_b_separate   ext=0 conj_dep_a71           bitmapscan          5.34 ms est=       276 act=       279
    btree_a_b_separate   ext=0 conj_indep_a71         bitmapscan          5.27 ms est=       302 act=       301
    btree_a_b_separate   ext=0 conj_dep_a87           bitmapscan          5.23 ms est=       321 act=       275
    btree_a_b_separate   ext=0 conj_indep_a87         bitmapscan          5.13 ms est=       353 act=       278
    btree_a_b_separate   ext=0 conj_dep_a96           bitmapscan          5.07 ms est=       281 act=       314
    btree_a_b_separate   ext=0 conj_indep_a96         bitmapscan          5.05 ms est=       283 act=       313
    btree_ab_composite   ext=0 conj_dep_a36           bitmapscan          0.12 ms est=       252 act=       295
    btree_ab_composite   ext=0 conj_indep_a36         bitmapscan          0.13 ms est=       246 act=       310
    btree_ab_composite   ext=0 conj_dep_a54           bitmapscan          0.12 ms est=       307 act=       300
    btree_ab_composite   ext=0 conj_indep_a54         bitmapscan          0.13 ms est=       310 act=       301
    btree_ab_composite   ext=0 conj_dep_a71           bitmapscan          0.10 ms est=       358 act=       279
    btree_ab_composite   ext=0 conj_indep_a71         bitmapscan          0.09 ms est=       337 act=       301
    btree_ab_composite   ext=0 conj_dep_a87           bitmapscan          0.09 ms est=       278 act=       275
    btree_ab_composite   ext=0 conj_indep_a87         bitmapscan          0.09 ms est=       262 act=       278
    btree_ab_composite   ext=0 conj_dep_a96           bitmapscan          0.10 ms est=       311 act=       314
    btree_ab_composite   ext=0 conj_indep_a96         bitmapscan          0.09 ms est=       326 act=       313
    btree_ts             ext=0 tsrange_1e-05          indexscan           0.01 ms est=        37 act=        30
    btree_ts             ext=0 tsrange_0.0001         indexscan           0.06 ms est=       304 act=       300
    btree_ts             ext=0 tsrange_0.001          indexscan           0.46 ms est=      3118 act=      3000
    btree_ts             ext=0 tsrange_0.01           bitmapscan          8.59 ms est=     31032 act=     30000
    btree_ts             ext=0 tsrange_0.05           bitmapscan        147.06 ms est=    150845 act=    150000
    btree_ts             ext=0 tsrange_0.1            bitmapscan        186.50 ms est=    303940 act=    300000
    btree_ts             ext=0 tsrange_0.2            bitmapscan        216.74 ms est=    598808 act=    600000
    btree_ts             ext=0 tsrange_0.5            seqscan           212.65 ms est=   1522547 act=   1500000
    brin_ts              ext=0 tsrange_1e-05          bitmapscan          9.76 ms est=         1 act=        30
    brin_ts              ext=0 tsrange_0.0001         bitmapscan         74.97 ms est=         1 act=       300
    brin_ts              ext=0 tsrange_0.001          bitmapscan        346.34 ms est=      2568 act=      3000
    brin_ts              ext=0 tsrange_0.01           bitmapscan        337.92 ms est=     28569 act=     30000
    brin_ts              ext=0 tsrange_0.05           bitmapscan        337.84 ms est=    153306 act=    150000
    brin_ts              ext=0 tsrange_0.1            bitmapscan        348.14 ms est=    306363 act=    300000
    brin_ts              ext=0 tsrange_0.2            bitmapscan        356.56 ms est=    616839 act=    600000
    brin_ts              ext=0 tsrange_0.5            seqscan           211.06 ms est=   1513173 act=   1500000
    all                  ext=0 eq_v705                bitmapscan          0.10 ms est=       300 act=       297
    all                  ext=0 eq_v709                bitmapscan          0.10 ms est=       300 act=       310
    all                  ext=0 eq_v1541               bitmapscan          0.14 ms est=       300 act=       290
    all                  ext=0 eq_v1655               bitmapscan          0.12 ms est=       300 act=       371
    all                  ext=0 eq_v3304               bitmapscan          0.10 ms est=       300 act=       318
    all                  ext=0 eq_v5143               bitmapscan          0.09 ms est=       300 act=       239
    all                  ext=0 eq_v5250               bitmapscan          0.09 ms est=       300 act=       303
    all                  ext=0 eq_v9977               bitmapscan          0.10 ms est=       300 act=       281
    all                  ext=0 range_1e-05            bitmapscan          0.09 ms est=       300 act=       239
    all                  ext=0 tsrange_1e-05          indexscan           0.02 ms est=        37 act=        30
    all                  ext=0 range_0.0001           bitmapscan          0.09 ms est=       300 act=       300
    all                  ext=0 tsrange_0.0001         indexscan           0.05 ms est=       307 act=       300
    all                  ext=0 range_0.001            indexscan           0.58 ms est=      3075 act=      3000
    all                  ext=0 tsrange_0.001          indexscan           0.79 ms est=      3150 act=      3000
    all                  ext=0 range_0.01             seqscan           218.92 ms est=     31530 act=     30000
    all                  ext=0 tsrange_0.01           bitmapscan        356.68 ms est=     31383 act=     30000
    all                  ext=0 range_0.05             seqscan           195.37 ms est=    143829 act=    150000
    all                  ext=0 tsrange_0.05           bitmapscan        378.92 ms est=    153058 act=    150000
    all                  ext=0 range_0.1              seqscan           185.18 ms est=    291020 act=    300000
    all                  ext=0 tsrange_0.1            bitmapscan        365.77 ms est=    307126 act=    300000
    all                  ext=0 range_0.2              seqscan           195.95 ms est=    590694 act=    600000
    all                  ext=0 tsrange_0.2            bitmapscan        358.85 ms est=    600284 act=    600000
    all                  ext=0 range_0.5              seqscan           200.08 ms est=   1505505 act=   1500000
    all                  ext=0 tsrange_0.5            seqscan           211.61 ms est=   1503856 act=   1500000
    all                  ext=0 conj_dep_a36           bitmapscan          0.10 ms est=       316 act=       295
    all                  ext=0 conj_indep_a36         bitmapscan          0.10 ms est=       289 act=       310
    all                  ext=0 conj_dep_a54           bitmapscan          0.09 ms est=       353 act=       300
    all                  ext=0 conj_indep_a54         bitmapscan          0.10 ms est=       304 act=       301
    all                  ext=0 conj_dep_a71           bitmapscan          0.10 ms est=       302 act=       279
    all                  ext=0 conj_indep_a71         bitmapscan          0.11 ms est=       286 act=       301
    all                  ext=0 conj_dep_a87           bitmapscan          0.11 ms est=       293 act=       275
    all                  ext=0 conj_indep_a87         bitmapscan          0.09 ms est=       282 act=       278
    all                  ext=0 conj_dep_a96           bitmapscan          0.12 ms est=       266 act=       314
    all                  ext=0 conj_indep_a96         bitmapscan          0.10 ms est=       262 act=       313
    all_no_brin          ext=0 eq_v705                bitmapscan          0.11 ms est=       301 act=       297
    all_no_brin          ext=0 eq_v709                bitmapscan          0.12 ms est=       301 act=       310
    all_no_brin          ext=0 eq_v1541               bitmapscan          0.12 ms est=       301 act=       290
    all_no_brin          ext=0 eq_v1655               bitmapscan          0.14 ms est=       301 act=       371
    all_no_brin          ext=0 eq_v3304               bitmapscan          0.12 ms est=       301 act=       318
    all_no_brin          ext=0 eq_v5143               bitmapscan          0.09 ms est=       301 act=       239
    all_no_brin          ext=0 eq_v5250               bitmapscan          0.10 ms est=       301 act=       303
    all_no_brin          ext=0 eq_v9977               bitmapscan          0.11 ms est=       301 act=       281
    all_no_brin          ext=0 range_1e-05            bitmapscan          0.09 ms est=       301 act=       239
    all_no_brin          ext=0 tsrange_1e-05          indexscan           0.01 ms est=        38 act=        30
    all_no_brin          ext=0 range_0.0001           bitmapscan          0.10 ms est=       301 act=       300
    all_no_brin          ext=0 tsrange_0.0001         indexscan           0.05 ms est=       314 act=       300
    all_no_brin          ext=0 range_0.001            bitmapscan          1.53 ms est=      3106 act=      3000
    all_no_brin          ext=0 tsrange_0.001          indexscan           0.55 ms est=      3228 act=      3000
    all_no_brin          ext=0 range_0.01             bitmapscan         85.12 ms est=     33481 act=     30000
    all_no_brin          ext=0 tsrange_0.01           bitmapscan          8.64 ms est=     31803 act=     30000
    all_no_brin          ext=0 range_0.05             bitmapscan        166.01 ms est=    150956 act=    150000
    all_no_brin          ext=0 tsrange_0.05           bitmapscan        146.13 ms est=    146104 act=    150000
    all_no_brin          ext=0 range_0.1              bitmapscan        188.56 ms est=    303758 act=    300000
    all_no_brin          ext=0 tsrange_0.1            bitmapscan        178.13 ms est=    291704 act=    300000
    all_no_brin          ext=0 range_0.2              bitmapscan        205.94 ms est=    609950 act=    600000
    all_no_brin          ext=0 tsrange_0.2            bitmapscan        231.12 ms est=    599424 act=    600000
    all_no_brin          ext=0 range_0.5              bitmapscan        279.60 ms est=   1504963 act=   1500000
    all_no_brin          ext=0 tsrange_0.5            seqscan           206.67 ms est=   1494050 act=   1500000
    all_no_brin          ext=0 conj_dep_a36           bitmapscan          0.11 ms est=       295 act=       295
    all_no_brin          ext=0 conj_indep_a36         bitmapscan          0.13 ms est=       287 act=       310
    all_no_brin          ext=0 conj_dep_a54           bitmapscan          0.11 ms est=       326 act=       300
    all_no_brin          ext=0 conj_indep_a54         bitmapscan          0.09 ms est=       319 act=       301
    all_no_brin          ext=0 conj_dep_a71           bitmapscan          0.09 ms est=       290 act=       279
    all_no_brin          ext=0 conj_indep_a71         bitmapscan          0.10 ms est=       283 act=       301
    all_no_brin          ext=0 conj_dep_a87           bitmapscan          0.11 ms est=       265 act=       275
    all_no_brin          ext=0 conj_indep_a87         bitmapscan          0.10 ms est=       230 act=       278
    all_no_brin          ext=0 conj_dep_a96           bitmapscan          0.13 ms est=       310 act=       314
    all_no_brin          ext=0 conj_indep_a96         bitmapscan          0.13 ms est=       306 act=       313
    all                  ext=1 conj_dep_a36           bitmapscan          0.10 ms est=       291 act=       295
    all                  ext=1 conj_indep_a36         bitmapscan          0.10 ms est=       267 act=       310
    all                  ext=1 conj_dep_a54           bitmapscan          0.10 ms est=       314 act=       300
    all                  ext=1 conj_indep_a54         bitmapscan          0.13 ms est=       335 act=       301
    all                  ext=1 conj_dep_a71           bitmapscan          0.09 ms est=       319 act=       279
    all                  ext=1 conj_indep_a71         bitmapscan          0.09 ms est=       278 act=       301
    all                  ext=1 conj_dep_a87           bitmapscan          0.08 ms est=       330 act=       275
    all                  ext=1 conj_indep_a87         bitmapscan          0.11 ms est=       335 act=       278
    all                  ext=1 conj_dep_a96           bitmapscan          0.10 ms est=       250 act=       314
    all                  ext=1 conj_indep_a96         bitmapscan          0.13 ms est=       257 act=       313
    none                 ext=1 conj_dep_a36           seqscan           230.24 ms est=       292 act=       295
    none                 ext=1 conj_indep_a36         seqscan           227.20 ms est=       289 act=       310
    none                 ext=1 conj_dep_a54           seqscan           225.25 ms est=       310 act=       300
    none                 ext=1 conj_indep_a54         seqscan           225.28 ms est=       288 act=       301
    none                 ext=1 conj_dep_a71           seqscan           221.82 ms est=       290 act=       279
    none                 ext=1 conj_indep_a71         seqscan           220.34 ms est=       310 act=       301
    none                 ext=1 conj_dep_a87           seqscan           219.17 ms est=       330 act=       275
    none                 ext=1 conj_indep_a87         seqscan           219.63 ms est=       320 act=       278
    none                 ext=1 conj_dep_a96           seqscan           218.30 ms est=       257 act=       314
    none                 ext=1 conj_indep_a96         seqscan           217.30 ms est=       294 act=       313
    btree_a_b_separate   ext=1 conj_dep_a36           bitmapscan          5.01 ms est=       225 act=       295
    btree_a_b_separate   ext=1 conj_indep_a36         bitmapscan          5.02 ms est=       263 act=       310
    btree_a_b_separate   ext=1 conj_dep_a54           bitmapscan          5.12 ms est=       332 act=       300
    btree_a_b_separate   ext=1 conj_indep_a54         bitmapscan          4.99 ms est=       298 act=       301
    btree_a_b_separate   ext=1 conj_dep_a71           bitmapscan          4.97 ms est=       331 act=       279
    btree_a_b_separate   ext=1 conj_indep_a71         bitmapscan          5.12 ms est=       331 act=       301
    btree_a_b_separate   ext=1 conj_dep_a87           bitmapscan          5.16 ms est=       318 act=       275
    btree_a_b_separate   ext=1 conj_indep_a87         bitmapscan          5.04 ms est=       299 act=       278
    btree_a_b_separate   ext=1 conj_dep_a96           bitmapscan          4.94 ms est=       313 act=       314
    btree_a_b_separate   ext=1 conj_indep_a96         bitmapscan          4.89 ms est=       304 act=       313
    btree_ab_composite   ext=1 conj_dep_a36           bitmapscan          0.09 ms est=       287 act=       295
    btree_ab_composite   ext=1 conj_indep_a36         bitmapscan          0.09 ms est=       316 act=       310
    btree_ab_composite   ext=1 conj_dep_a54           bitmapscan          0.09 ms est=       298 act=       300
    btree_ab_composite   ext=1 conj_indep_a54         bitmapscan          0.09 ms est=       274 act=       301
    btree_ab_composite   ext=1 conj_dep_a71           bitmapscan          0.11 ms est=       319 act=       279
    btree_ab_composite   ext=1 conj_indep_a71         bitmapscan          0.10 ms est=       309 act=       301
    btree_ab_composite   ext=1 conj_dep_a87           bitmapscan          0.10 ms est=       315 act=       275
    btree_ab_composite   ext=1 conj_indep_a87         bitmapscan          0.08 ms est=       288 act=       278
    btree_ab_composite   ext=1 conj_dep_a96           bitmapscan          0.10 ms est=       327 act=       314
    btree_ab_composite   ext=1 conj_indep_a96         bitmapscan          0.10 ms est=       299 act=       313
  218 new measurements
  dropped t_phys05, marked complete

=== dataset phys095 ===
  generated in 4.8s -> t_phys095.csv
  loaded in 3.8s
  ts correlation: designed=0.95 realised=0.9500 pg_stats=0.9491498
  34 queries
    none                 ext=0 eq_v705                seqscan           226.72 ms est=       300 act=       297
    none                 ext=0 eq_v709                seqscan           223.25 ms est=       300 act=       310
    none                 ext=0 eq_v1541               seqscan           221.34 ms est=       300 act=       290
    none                 ext=0 eq_v1655               seqscan           223.74 ms est=       300 act=       371
    none                 ext=0 eq_v3304               seqscan           226.06 ms est=       300 act=       318
    none                 ext=0 eq_v5143               seqscan           223.01 ms est=       300 act=       239
    none                 ext=0 eq_v5250               seqscan           223.22 ms est=       300 act=       303
    none                 ext=0 eq_v9977               seqscan           226.23 ms est=       300 act=       281
    none                 ext=0 range_1e-05            seqscan           242.34 ms est=       300 act=       239
    none                 ext=0 tsrange_1e-05          seqscan           272.76 ms est=         1 act=        30
    none                 ext=0 range_0.0001           seqscan           240.31 ms est=       300 act=       300
    none                 ext=0 tsrange_0.0001         seqscan           260.62 ms est=         1 act=       300
    none                 ext=0 range_0.001            seqscan           239.38 ms est=      2790 act=      3000
    none                 ext=0 tsrange_0.001          seqscan           260.15 ms est=      2678 act=      3000
    none                 ext=0 range_0.01             seqscan           234.04 ms est=     30556 act=     30000
    none                 ext=0 tsrange_0.01           seqscan           255.98 ms est=     29828 act=     30000
    none                 ext=0 range_0.05             seqscan           237.30 ms est=    146358 act=    150000
    none                 ext=0 tsrange_0.05           seqscan           260.56 ms est=    151599 act=    150000
    none                 ext=0 range_0.1              seqscan           239.81 ms est=    299444 act=    300000
    none                 ext=0 tsrange_0.1            seqscan           260.92 ms est=    298684 act=    300000
    none                 ext=0 range_0.2              seqscan           249.43 ms est=    596665 act=    600000
    none                 ext=0 tsrange_0.2            seqscan           260.65 ms est=    612054 act=    600000
    none                 ext=0 range_0.5              seqscan           261.37 ms est=   1508472 act=   1500000
    none                 ext=0 tsrange_0.5            seqscan           273.17 ms est=   1506836 act=   1500000
    none                 ext=0 conj_dep_a36           seqscan           228.15 ms est=       353 act=       295
    none                 ext=0 conj_indep_a36         seqscan           226.15 ms est=       355 act=       310
    none                 ext=0 conj_dep_a54           seqscan           224.67 ms est=       321 act=       300
    none                 ext=0 conj_indep_a54         seqscan           224.41 ms est=       303 act=       301
    none                 ext=0 conj_dep_a71           seqscan           223.98 ms est=       303 act=       279
    none                 ext=0 conj_indep_a71         seqscan           223.32 ms est=       314 act=       301
    none                 ext=0 conj_dep_a87           seqscan           222.83 ms est=       267 act=       275
    none                 ext=0 conj_indep_a87         seqscan           224.90 ms est=       264 act=       278
    none                 ext=0 conj_dep_a96           seqscan           225.39 ms est=       243 act=       314
    none                 ext=0 conj_indep_a96         seqscan           218.68 ms est=       278 act=       313
    btree_skew           ext=0 eq_v705                bitmapscan          0.10 ms est=       299 act=       297
    btree_skew           ext=0 eq_v709                bitmapscan          0.12 ms est=       299 act=       310
    btree_skew           ext=0 eq_v1541               bitmapscan          0.10 ms est=       299 act=       290
    btree_skew           ext=0 eq_v1655               bitmapscan          0.13 ms est=       299 act=       371
    btree_skew           ext=0 eq_v3304               bitmapscan          0.10 ms est=       299 act=       318
    btree_skew           ext=0 eq_v5143               bitmapscan          0.09 ms est=       299 act=       239
    btree_skew           ext=0 eq_v5250               bitmapscan          0.11 ms est=       299 act=       303
    btree_skew           ext=0 eq_v9977               bitmapscan          0.10 ms est=       299 act=       281
    btree_skew           ext=0 range_1e-05            bitmapscan          0.07 ms est=       299 act=       239
    btree_skew           ext=0 range_0.0001           bitmapscan          0.09 ms est=       299 act=       300
    btree_skew           ext=0 range_0.001            bitmapscan          1.33 ms est=      3099 act=      3000
    btree_skew           ext=0 range_0.01             bitmapscan         77.04 ms est=     31349 act=     30000
    btree_skew           ext=0 range_0.05             bitmapscan        159.94 ms est=    148138 act=    150000
    btree_skew           ext=0 range_0.1              bitmapscan        183.14 ms est=    292058 act=    300000
    btree_skew           ext=0 range_0.2              bitmapscan        204.72 ms est=    601167 act=    600000
    btree_skew           ext=0 range_0.5              bitmapscan        270.37 ms est=   1497747 act=   1500000
    hash_skew            ext=0 eq_v705                bitmapscan          0.10 ms est=       299 act=       297
    hash_skew            ext=0 eq_v709                bitmapscan          0.10 ms est=       299 act=       310
    hash_skew            ext=0 eq_v1541               bitmapscan          0.10 ms est=       299 act=       290
    hash_skew            ext=0 eq_v1655               bitmapscan          0.15 ms est=       299 act=       371
    hash_skew            ext=0 eq_v3304               bitmapscan          0.13 ms est=       299 act=       318
    hash_skew            ext=0 eq_v5143               bitmapscan          0.09 ms est=       299 act=       239
    hash_skew            ext=0 eq_v5250               bitmapscan          0.10 ms est=       299 act=       303
    hash_skew            ext=0 eq_v9977               bitmapscan          0.09 ms est=       299 act=       281
    brin_skew            ext=0 eq_v705                bitmapscan        303.98 ms est=       300 act=       297
    brin_skew            ext=0 eq_v709                bitmapscan        307.92 ms est=       300 act=       310
    brin_skew            ext=0 eq_v1541               bitmapscan        300.13 ms est=       300 act=       290
    brin_skew            ext=0 eq_v1655               bitmapscan        308.53 ms est=       300 act=       371
    brin_skew            ext=0 eq_v3304               bitmapscan        307.11 ms est=       300 act=       318
    brin_skew            ext=0 eq_v5143               bitmapscan        305.68 ms est=       300 act=       239
    brin_skew            ext=0 eq_v5250               bitmapscan        307.49 ms est=       300 act=       303
    brin_skew            ext=0 eq_v9977               bitmapscan        304.60 ms est=       300 act=       281
    brin_skew            ext=0 range_1e-05            bitmapscan        320.31 ms est=       300 act=       239
    brin_skew            ext=0 range_0.0001           bitmapscan        319.86 ms est=       300 act=       300
    brin_skew            ext=0 range_0.001            bitmapscan        326.73 ms est=      2576 act=      3000
    brin_skew            ext=0 range_0.01             seqscan           174.82 ms est=     30895 act=     30000
    brin_skew            ext=0 range_0.05             seqscan           179.04 ms est=    147704 act=    150000
    brin_skew            ext=0 range_0.1              seqscan           181.96 ms est=    295706 act=    300000
    brin_skew            ext=0 range_0.2              seqscan           191.75 ms est=    589872 act=    600000
    brin_skew            ext=0 range_0.5              seqscan           204.99 ms est=   1488899 act=   1500000
    btree_a_b_separate   ext=0 conj_dep_a36           bitmapscan          4.81 ms est=       331 act=       295
    btree_a_b_separate   ext=0 conj_indep_a36         bitmapscan          4.87 ms est=       329 act=       310
    btree_a_b_separate   ext=0 conj_dep_a54           bitmapscan          4.90 ms est=       297 act=       300
    btree_a_b_separate   ext=0 conj_indep_a54         bitmapscan          4.72 ms est=       324 act=       301
    btree_a_b_separate   ext=0 conj_dep_a71           bitmapscan          4.84 ms est=       272 act=       279
    btree_a_b_separate   ext=0 conj_indep_a71         bitmapscan          4.96 ms est=       266 act=       301
    btree_a_b_separate   ext=0 conj_dep_a87           bitmapscan          4.79 ms est=       326 act=       275
    btree_a_b_separate   ext=0 conj_indep_a87         bitmapscan          4.71 ms est=       257 act=       278
    btree_a_b_separate   ext=0 conj_dep_a96           bitmapscan          4.37 ms est=       293 act=       314
    btree_a_b_separate   ext=0 conj_indep_a96         bitmapscan          4.89 ms est=       297 act=       313
    btree_ab_composite   ext=0 conj_dep_a36           bitmapscan          0.10 ms est=       260 act=       295
    btree_ab_composite   ext=0 conj_indep_a36         bitmapscan          0.10 ms est=       304 act=       310
    btree_ab_composite   ext=0 conj_dep_a54           bitmapscan          0.11 ms est=       277 act=       300
    btree_ab_composite   ext=0 conj_indep_a54         bitmapscan          0.12 ms est=       320 act=       301
    btree_ab_composite   ext=0 conj_dep_a71           bitmapscan          0.13 ms est=       325 act=       279
    btree_ab_composite   ext=0 conj_indep_a71         bitmapscan          0.14 ms est=       324 act=       301
    btree_ab_composite   ext=0 conj_dep_a87           bitmapscan          0.08 ms est=       328 act=       275
    btree_ab_composite   ext=0 conj_indep_a87         bitmapscan          0.10 ms est=       290 act=       278
    btree_ab_composite   ext=0 conj_dep_a96           bitmapscan          0.10 ms est=       310 act=       314
    btree_ab_composite   ext=0 conj_indep_a96         bitmapscan          0.11 ms est=       289 act=       313
    btree_ts             ext=0 tsrange_1e-05          indexscan           0.01 ms est=        37 act=        30
    btree_ts             ext=0 tsrange_0.0001         indexscan           0.03 ms est=       306 act=       300
    btree_ts             ext=0 tsrange_0.001          indexscan           0.23 ms est=      3145 act=      3000
    btree_ts             ext=0 tsrange_0.01           indexscan           2.36 ms est=     31280 act=     30000
    btree_ts             ext=0 tsrange_0.05           indexscan          12.93 ms est=    150917 act=    150000
    btree_ts             ext=0 tsrange_0.1            indexscan          41.58 ms est=    300738 act=    300000
    btree_ts             ext=0 tsrange_0.2            indexscan         162.67 ms est=    595964 act=    600000
    btree_ts             ext=0 tsrange_0.5            indexscan         422.58 ms est=   1499140 act=   1500000
    brin_ts              ext=0 tsrange_1e-05          bitmapscan          1.18 ms est=         1 act=        30
    brin_ts              ext=0 tsrange_0.0001         bitmapscan          9.88 ms est=         1 act=       300
    brin_ts              ext=0 tsrange_0.001          bitmapscan        124.85 ms est=      2666 act=      3000
    brin_ts              ext=0 tsrange_0.01           bitmapscan        350.23 ms est=     29805 act=     30000
    brin_ts              ext=0 tsrange_0.05           bitmapscan        349.04 ms est=    155639 act=    150000
    brin_ts              ext=0 tsrange_0.1            bitmapscan        348.85 ms est=    310433 act=    300000
    brin_ts              ext=0 tsrange_0.2            bitmapscan        343.59 ms est=    611951 act=    600000
    brin_ts              ext=0 tsrange_0.5            bitmapscan        346.84 ms est=   1508755 act=   1500000
    all                  ext=0 eq_v705                bitmapscan          0.11 ms est=       300 act=       297
    all                  ext=0 eq_v709                bitmapscan          0.10 ms est=       300 act=       310
    all                  ext=0 eq_v1541               bitmapscan          0.09 ms est=       300 act=       290
    all                  ext=0 eq_v1655               bitmapscan          0.15 ms est=       300 act=       371
    all                  ext=0 eq_v3304               bitmapscan          0.10 ms est=       300 act=       318
    all                  ext=0 eq_v5143               bitmapscan          0.08 ms est=       300 act=       239
    all                  ext=0 eq_v5250               bitmapscan          0.12 ms est=       300 act=       303
    all                  ext=0 eq_v9977               bitmapscan          0.09 ms est=       300 act=       281
    all                  ext=0 range_1e-05            bitmapscan          0.08 ms est=       300 act=       239
    all                  ext=0 tsrange_1e-05          indexscan           0.01 ms est=        39 act=        30
    all                  ext=0 range_0.0001           bitmapscan          0.12 ms est=       300 act=       300
    all                  ext=0 tsrange_0.0001         indexscan           0.03 ms est=       322 act=       300
    all                  ext=0 range_0.001            indexscan           0.51 ms est=      3226 act=      3000
    all                  ext=0 tsrange_0.001          indexscan           0.23 ms est=      3302 act=      3000
    all                  ext=0 range_0.01             seqscan           212.86 ms est=     32121 act=     30000
    all                  ext=0 tsrange_0.01           indexscan           2.32 ms est=     32545 act=     30000
    all                  ext=0 range_0.05             seqscan           201.35 ms est=    147446 act=    150000
    all                  ext=0 tsrange_0.05           indexscan          12.11 ms est=    144337 act=    150000
    all                  ext=0 range_0.1              seqscan           187.38 ms est=    297082 act=    300000
    all                  ext=0 tsrange_0.1            indexscan          44.30 ms est=    293507 act=    300000
    all                  ext=0 range_0.2              seqscan           218.03 ms est=    597099 act=    600000
    all                  ext=0 tsrange_0.2            indexscan         160.28 ms est=    597295 act=    600000
    all                  ext=0 range_0.5              seqscan           234.09 ms est=   1501988 act=   1500000
    all                  ext=0 tsrange_0.5            bitmapscan        350.66 ms est=   1495481 act=   1500000
    all                  ext=0 conj_dep_a36           bitmapscan          0.12 ms est=       276 act=       295
    all                  ext=0 conj_indep_a36         bitmapscan          0.12 ms est=       303 act=       310
    all                  ext=0 conj_dep_a54           bitmapscan          0.10 ms est=       289 act=       300
    all                  ext=0 conj_indep_a54         bitmapscan          0.10 ms est=       294 act=       301
    all                  ext=0 conj_dep_a71           bitmapscan          0.10 ms est=       294 act=       279
    all                  ext=0 conj_indep_a71         bitmapscan          0.10 ms est=       284 act=       301
    all                  ext=0 conj_dep_a87           bitmapscan          0.09 ms est=       253 act=       275
    all                  ext=0 conj_indep_a87         bitmapscan          0.09 ms est=       255 act=       278
    all                  ext=0 conj_dep_a96           bitmapscan          0.11 ms est=       288 act=       314
    all                  ext=0 conj_indep_a96         bitmapscan          0.15 ms est=       305 act=       313
    all_no_brin          ext=0 eq_v705                bitmapscan          0.16 ms est=       300 act=       297
    all_no_brin          ext=0 eq_v709                bitmapscan          0.10 ms est=       300 act=       310
    all_no_brin          ext=0 eq_v1541               bitmapscan          0.09 ms est=       300 act=       290
    all_no_brin          ext=0 eq_v1655               bitmapscan          0.19 ms est=       300 act=       371
    all_no_brin          ext=0 eq_v3304               bitmapscan          0.10 ms est=       300 act=       318
    all_no_brin          ext=0 eq_v5143               bitmapscan          0.09 ms est=       300 act=       239
    all_no_brin          ext=0 eq_v5250               bitmapscan          0.12 ms est=       300 act=       303
    all_no_brin          ext=0 eq_v9977               bitmapscan          0.11 ms est=       300 act=       281
    all_no_brin          ext=0 range_1e-05            bitmapscan          0.07 ms est=       300 act=       239
    all_no_brin          ext=0 tsrange_1e-05          indexscan           0.01 ms est=        38 act=        30
    all_no_brin          ext=0 range_0.0001           bitmapscan          0.10 ms est=       300 act=       300
    all_no_brin          ext=0 tsrange_0.0001         indexscan           0.03 ms est=       317 act=       300
    all_no_brin          ext=0 range_0.001            bitmapscan          1.34 ms est=      3042 act=      3000
    all_no_brin          ext=0 tsrange_0.001          indexscan           0.23 ms est=      3260 act=      3000
    all_no_brin          ext=0 range_0.01             bitmapscan         81.94 ms est=     31845 act=     30000
    all_no_brin          ext=0 tsrange_0.01           indexscan           2.36 ms est=     32313 act=     30000
    all_no_brin          ext=0 range_0.05             bitmapscan        169.00 ms est=    154756 act=    150000
    all_no_brin          ext=0 tsrange_0.05           indexscan          12.19 ms est=    151930 act=    150000
    all_no_brin          ext=0 range_0.1              bitmapscan        182.43 ms est=    306028 act=    300000
    all_no_brin          ext=0 tsrange_0.1            indexscan          42.53 ms est=    305610 act=    300000
    all_no_brin          ext=0 range_0.2              bitmapscan        208.35 ms est=    598850 act=    600000
    all_no_brin          ext=0 tsrange_0.2            indexscan         159.97 ms est=    601158 act=    600000
    all_no_brin          ext=0 range_0.5              bitmapscan        277.71 ms est=   1500719 act=   1500000
    all_no_brin          ext=0 tsrange_0.5            indexscan         436.30 ms est=   1508787 act=   1500000
    all_no_brin          ext=0 conj_dep_a36           bitmapscan          0.10 ms est=       310 act=       295
    all_no_brin          ext=0 conj_indep_a36         bitmapscan          0.10 ms est=       297 act=       310
    all_no_brin          ext=0 conj_dep_a54           bitmapscan          0.12 ms est=       317 act=       300
    all_no_brin          ext=0 conj_indep_a54         bitmapscan          0.10 ms est=       313 act=       301
    all_no_brin          ext=0 conj_dep_a71           bitmapscan          0.09 ms est=       287 act=       279
    all_no_brin          ext=0 conj_indep_a71         bitmapscan          0.09 ms est=       315 act=       301
    all_no_brin          ext=0 conj_dep_a87           bitmapscan          0.15 ms est=       328 act=       275
    all_no_brin          ext=0 conj_indep_a87         bitmapscan          0.09 ms est=       318 act=       278
    all_no_brin          ext=0 conj_dep_a96           bitmapscan          0.10 ms est=       313 act=       314
    all_no_brin          ext=0 conj_indep_a96         bitmapscan          0.16 ms est=       315 act=       313
    all                  ext=1 conj_dep_a36           bitmapscan          0.12 ms est=       336 act=       295
    all                  ext=1 conj_indep_a36         bitmapscan          0.10 ms est=       287 act=       310
    all                  ext=1 conj_dep_a54           bitmapscan          0.10 ms est=       339 act=       300
    all                  ext=1 conj_indep_a54         bitmapscan          0.10 ms est=       346 act=       301
    all                  ext=1 conj_dep_a71           bitmapscan          0.09 ms est=       320 act=       279
    all                  ext=1 conj_indep_a71         bitmapscan          0.10 ms est=       297 act=       301
    all                  ext=1 conj_dep_a87           bitmapscan          0.09 ms est=       295 act=       275
    all                  ext=1 conj_indep_a87         bitmapscan          0.10 ms est=       300 act=       278
    all                  ext=1 conj_dep_a96           bitmapscan          0.10 ms est=       275 act=       314
    all                  ext=1 conj_indep_a96         bitmapscan          0.10 ms est=       302 act=       313
    none                 ext=1 conj_dep_a36           seqscan           219.15 ms est=       261 act=       295
    none                 ext=1 conj_indep_a36         seqscan           225.57 ms est=       266 act=       310
    none                 ext=1 conj_dep_a54           seqscan           227.30 ms est=       265 act=       300
    none                 ext=1 conj_indep_a54         seqscan           221.65 ms est=       301 act=       301
    none                 ext=1 conj_dep_a71           seqscan           217.33 ms est=       300 act=       279
    none                 ext=1 conj_indep_a71         seqscan           220.72 ms est=       298 act=       301
    none                 ext=1 conj_dep_a87           seqscan           218.61 ms est=       315 act=       275
    none                 ext=1 conj_indep_a87         seqscan           216.33 ms est=       312 act=       278
    none                 ext=1 conj_dep_a96           seqscan           217.33 ms est=       324 act=       314
    none                 ext=1 conj_indep_a96         seqscan           219.04 ms est=       299 act=       313
    btree_a_b_separate   ext=1 conj_dep_a36           bitmapscan          4.44 ms est=       317 act=       295
    btree_a_b_separate   ext=1 conj_indep_a36         bitmapscan          4.76 ms est=       298 act=       310
    btree_a_b_separate   ext=1 conj_dep_a54           bitmapscan          4.58 ms est=       320 act=       300
    btree_a_b_separate   ext=1 conj_indep_a54         bitmapscan          4.91 ms est=       320 act=       301
    btree_a_b_separate   ext=1 conj_dep_a71           bitmapscan          4.54 ms est=       297 act=       279
    btree_a_b_separate   ext=1 conj_indep_a71         bitmapscan          4.53 ms est=       273 act=       301
    btree_a_b_separate   ext=1 conj_dep_a87           bitmapscan          5.08 ms est=       290 act=       275
    btree_a_b_separate   ext=1 conj_indep_a87         bitmapscan          4.46 ms est=       275 act=       278
    btree_a_b_separate   ext=1 conj_dep_a96           bitmapscan          4.70 ms est=       297 act=       314
    btree_a_b_separate   ext=1 conj_indep_a96         bitmapscan          4.42 ms est=       337 act=       313
    btree_ab_composite   ext=1 conj_dep_a36           bitmapscan          0.11 ms est=       309 act=       295
    btree_ab_composite   ext=1 conj_indep_a36         bitmapscan          0.11 ms est=       317 act=       310
    btree_ab_composite   ext=1 conj_dep_a54           bitmapscan          0.12 ms est=       308 act=       300
    btree_ab_composite   ext=1 conj_indep_a54         bitmapscan          0.12 ms est=       342 act=       301
    btree_ab_composite   ext=1 conj_dep_a71           bitmapscan          0.11 ms est=       293 act=       279
    btree_ab_composite   ext=1 conj_indep_a71         bitmapscan          0.10 ms est=       323 act=       301
    btree_ab_composite   ext=1 conj_dep_a87           bitmapscan          0.10 ms est=       289 act=       275
    btree_ab_composite   ext=1 conj_indep_a87         bitmapscan          0.08 ms est=       290 act=       278
    btree_ab_composite   ext=1 conj_dep_a96           bitmapscan          0.12 ms est=       315 act=       314
    btree_ab_composite   ext=1 conj_indep_a96         bitmapscan          0.10 ms est=       282 act=       313
  218 new measurements
  dropped t_phys095, marked complete

=== dataset phys10 ===
  generated in 4.7s -> t_phys10.csv
  loaded in 3.5s
  ts correlation: designed=1.0 realised=1.0000 pg_stats=1.0
  34 queries
    none                 ext=0 eq_v705                seqscan           229.95 ms est=       299 act=       297
    none                 ext=0 eq_v709                seqscan           223.43 ms est=       299 act=       310
    none                 ext=0 eq_v1541               seqscan           223.56 ms est=       299 act=       290
    none                 ext=0 eq_v1655               seqscan           230.61 ms est=       299 act=       371
    none                 ext=0 eq_v3304               seqscan           230.09 ms est=       299 act=       318
    none                 ext=0 eq_v5143               seqscan           224.39 ms est=       299 act=       239
    none                 ext=0 eq_v5250               seqscan           224.38 ms est=       299 act=       303
    none                 ext=0 eq_v9977               seqscan           228.85 ms est=       299 act=       281
    none                 ext=0 range_1e-05            seqscan           237.76 ms est=       299 act=       239
    none                 ext=0 tsrange_1e-05          seqscan           264.60 ms est=         1 act=        30
    none                 ext=0 range_0.0001           seqscan           239.91 ms est=       299 act=       300
    none                 ext=0 tsrange_0.0001         seqscan           262.22 ms est=         1 act=       300
    none                 ext=0 range_0.001            seqscan           239.13 ms est=      2985 act=      3000
    none                 ext=0 tsrange_0.001          seqscan           260.22 ms est=      2762 act=      3000
    none                 ext=0 range_0.01             seqscan           239.88 ms est=     32118 act=     30000
    none                 ext=0 tsrange_0.01           seqscan           258.59 ms est=     30858 act=     30000
    none                 ext=0 range_0.05             seqscan           236.38 ms est=    154180 act=    150000
    none                 ext=0 tsrange_0.05           seqscan           260.30 ms est=    157077 act=    150000
    none                 ext=0 range_0.1              seqscan           238.56 ms est=    296811 act=    300000
    none                 ext=0 tsrange_0.1            seqscan           260.19 ms est=    304455 act=    300000
    none                 ext=0 range_0.2              seqscan           245.19 ms est=    611203 act=    600000
    none                 ext=0 tsrange_0.2            seqscan           257.57 ms est=    609011 act=    600000
    none                 ext=0 range_0.5              seqscan           253.05 ms est=   1525198 act=   1500000
    none                 ext=0 tsrange_0.5            seqscan           261.89 ms est=   1516321 act=   1500000
    none                 ext=0 conj_dep_a36           seqscan           211.44 ms est=       309 act=       295
    none                 ext=0 conj_indep_a36         seqscan           208.79 ms est=       293 act=       310
    none                 ext=0 conj_dep_a54           seqscan           208.32 ms est=       309 act=       300
    none                 ext=0 conj_indep_a54         seqscan           207.74 ms est=       280 act=       301
    none                 ext=0 conj_dep_a71           seqscan           206.25 ms est=       300 act=       279
    none                 ext=0 conj_indep_a71         seqscan           206.62 ms est=       323 act=       301
    none                 ext=0 conj_dep_a87           seqscan           206.40 ms est=       303 act=       275
    none                 ext=0 conj_indep_a87         seqscan           206.07 ms est=       257 act=       278
    none                 ext=0 conj_dep_a96           seqscan           204.57 ms est=       303 act=       314
    none                 ext=0 conj_indep_a96         seqscan           206.17 ms est=       325 act=       313
    btree_skew           ext=0 eq_v705                bitmapscan          0.11 ms est=       299 act=       297
    btree_skew           ext=0 eq_v709                bitmapscan          0.11 ms est=       299 act=       310
    btree_skew           ext=0 eq_v1541               bitmapscan          0.12 ms est=       299 act=       290
    btree_skew           ext=0 eq_v1655               bitmapscan          0.18 ms est=       299 act=       371
    btree_skew           ext=0 eq_v3304               bitmapscan          0.10 ms est=       299 act=       318
    btree_skew           ext=0 eq_v5143               bitmapscan          0.09 ms est=       299 act=       239
    btree_skew           ext=0 eq_v5250               bitmapscan          0.09 ms est=       299 act=       303
    btree_skew           ext=0 eq_v9977               bitmapscan          0.09 ms est=       299 act=       281
    btree_skew           ext=0 range_1e-05            bitmapscan          0.07 ms est=       299 act=       239
    btree_skew           ext=0 range_0.0001           bitmapscan          0.09 ms est=       299 act=       300
    btree_skew           ext=0 range_0.001            bitmapscan          1.09 ms est=      2837 act=      3000
    btree_skew           ext=0 range_0.01             bitmapscan         78.00 ms est=     31440 act=     30000
    btree_skew           ext=0 range_0.05             bitmapscan        159.62 ms est=    146837 act=    150000
    btree_skew           ext=0 range_0.1              bitmapscan        177.73 ms est=    296545 act=    300000
    btree_skew           ext=0 range_0.2              bitmapscan        203.79 ms est=    607851 act=    600000
    btree_skew           ext=0 range_0.5              bitmapscan        272.22 ms est=   1499191 act=   1500000
    hash_skew            ext=0 eq_v705                bitmapscan          0.11 ms est=       300 act=       297
    hash_skew            ext=0 eq_v709                bitmapscan          0.11 ms est=       300 act=       310
    hash_skew            ext=0 eq_v1541               bitmapscan          0.10 ms est=       300 act=       290
    hash_skew            ext=0 eq_v1655               bitmapscan          0.13 ms est=       300 act=       371
    hash_skew            ext=0 eq_v3304               bitmapscan          0.14 ms est=       300 act=       318
    hash_skew            ext=0 eq_v5143               bitmapscan          0.09 ms est=       300 act=       239
    hash_skew            ext=0 eq_v5250               bitmapscan          0.12 ms est=       300 act=       303
    hash_skew            ext=0 eq_v9977               bitmapscan          0.14 ms est=       300 act=       281
    brin_skew            ext=0 eq_v705                seqscan           206.92 ms est=       299 act=       297
    brin_skew            ext=0 eq_v709                seqscan           207.51 ms est=       299 act=       310
    brin_skew            ext=0 eq_v1541               seqscan           205.84 ms est=       299 act=       290
    brin_skew            ext=0 eq_v1655               seqscan           205.88 ms est=       299 act=       371
    brin_skew            ext=0 eq_v3304               seqscan           208.36 ms est=       299 act=       318
    brin_skew            ext=0 eq_v5143               seqscan           204.73 ms est=       299 act=       239
    brin_skew            ext=0 eq_v5250               seqscan           204.80 ms est=       299 act=       303
    brin_skew            ext=0 eq_v9977               seqscan           203.11 ms est=       299 act=       281
    brin_skew            ext=0 range_1e-05            seqscan           221.16 ms est=       299 act=       239
    brin_skew            ext=0 range_0.0001           seqscan           221.01 ms est=       299 act=       300
    brin_skew            ext=0 range_0.001            seqscan           220.80 ms est=      2968 act=      3000
    brin_skew            ext=0 range_0.01             seqscan           220.77 ms est=     29119 act=     30000
    brin_skew            ext=0 range_0.05             seqscan           220.24 ms est=    149558 act=    150000
    brin_skew            ext=0 range_0.1              seqscan           223.36 ms est=    295472 act=    300000
    brin_skew            ext=0 range_0.2              seqscan           230.17 ms est=    600412 act=    600000
    brin_skew            ext=0 range_0.5              seqscan           243.68 ms est=   1498504 act=   1500000
    btree_a_b_separate   ext=0 conj_dep_a36           bitmapscan          4.60 ms est=       273 act=       295
    btree_a_b_separate   ext=0 conj_indep_a36         bitmapscan          4.65 ms est=       287 act=       310
    btree_a_b_separate   ext=0 conj_dep_a54           bitmapscan          4.54 ms est=       333 act=       300
    btree_a_b_separate   ext=0 conj_indep_a54         bitmapscan          4.78 ms est=       297 act=       301
    btree_a_b_separate   ext=0 conj_dep_a71           bitmapscan          4.69 ms est=       329 act=       279
    btree_a_b_separate   ext=0 conj_indep_a71         bitmapscan          4.43 ms est=       348 act=       301
    btree_a_b_separate   ext=0 conj_dep_a87           bitmapscan          4.50 ms est=       351 act=       275
    btree_a_b_separate   ext=0 conj_indep_a87         bitmapscan          4.72 ms est=       352 act=       278
    btree_a_b_separate   ext=0 conj_dep_a96           bitmapscan          4.71 ms est=       252 act=       314
    btree_a_b_separate   ext=0 conj_indep_a96         bitmapscan          4.43 ms est=       258 act=       313
    btree_ab_composite   ext=0 conj_dep_a36           bitmapscan          0.09 ms est=       316 act=       295
    btree_ab_composite   ext=0 conj_indep_a36         bitmapscan          0.11 ms est=       316 act=       310
    btree_ab_composite   ext=0 conj_dep_a54           bitmapscan          0.10 ms est=       269 act=       300
    btree_ab_composite   ext=0 conj_indep_a54         bitmapscan          0.09 ms est=       279 act=       301
    btree_ab_composite   ext=0 conj_dep_a71           bitmapscan          0.08 ms est=       304 act=       279
    btree_ab_composite   ext=0 conj_indep_a71         bitmapscan          0.10 ms est=       316 act=       301
    btree_ab_composite   ext=0 conj_dep_a87           bitmapscan          0.08 ms est=       284 act=       275
    btree_ab_composite   ext=0 conj_indep_a87         bitmapscan          0.13 ms est=       256 act=       278
    btree_ab_composite   ext=0 conj_dep_a96           bitmapscan          0.10 ms est=       270 act=       314
    btree_ab_composite   ext=0 conj_indep_a96         bitmapscan          0.10 ms est=       264 act=       313
    btree_ts             ext=0 tsrange_1e-05          indexscan           0.01 ms est=        32 act=        30
    btree_ts             ext=0 tsrange_0.0001         indexscan           0.03 ms est=       266 act=       300
    btree_ts             ext=0 tsrange_0.001          indexscan           0.19 ms est=      2731 act=      3000
    btree_ts             ext=0 tsrange_0.01           indexscan           1.82 ms est=     27223 act=     30000
    btree_ts             ext=0 tsrange_0.05           indexscan           9.36 ms est=    146343 act=    150000
    btree_ts             ext=0 tsrange_0.1            indexscan          18.67 ms est=    301816 act=    300000
    btree_ts             ext=0 tsrange_0.2            indexscan          37.16 ms est=    609252 act=    600000
    btree_ts             ext=0 tsrange_0.5            indexscan         179.90 ms est=   1502536 act=   1500000
    brin_ts              ext=0 tsrange_1e-05          bitmapscan          0.62 ms est=         1 act=        30
    brin_ts              ext=0 tsrange_0.0001         bitmapscan          0.62 ms est=         1 act=       300
    brin_ts              ext=0 tsrange_0.001          bitmapscan          0.62 ms est=      2198 act=      3000
    brin_ts              ext=0 tsrange_0.01           bitmapscan          2.48 ms est=     26716 act=     30000
    brin_ts              ext=0 tsrange_0.05           bitmapscan         10.59 ms est=    148193 act=    150000
    brin_ts              ext=0 tsrange_0.1            bitmapscan         21.08 ms est=    300110 act=    300000
    brin_ts              ext=0 tsrange_0.2            bitmapscan         40.83 ms est=    600543 act=    600000
    brin_ts              ext=0 tsrange_0.5            bitmapscan        176.04 ms est=   1493733 act=   1500000
    all                  ext=0 eq_v705                bitmapscan          0.13 ms est=       299 act=       297
    all                  ext=0 eq_v709                bitmapscan          0.12 ms est=       299 act=       310
    all                  ext=0 eq_v1541               bitmapscan          0.12 ms est=       299 act=       290
    all                  ext=0 eq_v1655               bitmapscan          0.16 ms est=       299 act=       371
    all                  ext=0 eq_v3304               bitmapscan          0.10 ms est=       299 act=       318
    all                  ext=0 eq_v5143               bitmapscan          0.10 ms est=       299 act=       239
    all                  ext=0 eq_v5250               bitmapscan          0.11 ms est=       299 act=       303
    all                  ext=0 eq_v9977               bitmapscan          0.09 ms est=       299 act=       281
    all                  ext=0 range_1e-05            bitmapscan          0.07 ms est=       299 act=       239
    all                  ext=0 tsrange_1e-05          indexscan           0.01 ms est=        38 act=        30
    all                  ext=0 range_0.0001           bitmapscan          0.14 ms est=       299 act=       300
    all                  ext=0 tsrange_0.0001         indexscan           0.03 ms est=       317 act=       300
    all                  ext=0 range_0.001            indexscan           0.52 ms est=      3194 act=      3000
    all                  ext=0 tsrange_0.001          indexscan           0.19 ms est=      3254 act=      3000
    all                  ext=0 range_0.01             seqscan           215.87 ms est=     31689 act=     30000
    all                  ext=0 tsrange_0.01           indexscan           1.93 ms est=     32297 act=     30000
    all                  ext=0 range_0.05             seqscan           230.13 ms est=    149800 act=    150000
    all                  ext=0 tsrange_0.05           indexscan           9.64 ms est=    153131 act=    150000
    all                  ext=0 range_0.1              seqscan           202.45 ms est=    294154 act=    300000
    all                  ext=0 tsrange_0.1            indexscan          18.74 ms est=    300283 act=    300000
    all                  ext=0 range_0.2              seqscan           204.82 ms est=    605993 act=    600000
    all                  ext=0 tsrange_0.2            indexscan          38.01 ms est=    595467 act=    600000
    all                  ext=0 range_0.5              seqscan           223.04 ms est=   1498835 act=   1500000
    all                  ext=0 tsrange_0.5            bitmapscan        177.28 ms est=   1504899 act=   1500000
    all                  ext=0 conj_dep_a36           bitmapscan          0.10 ms est=       320 act=       295
    all                  ext=0 conj_indep_a36         bitmapscan          0.11 ms est=       326 act=       310
    all                  ext=0 conj_dep_a54           bitmapscan          0.10 ms est=       326 act=       300
    all                  ext=0 conj_indep_a54         bitmapscan          0.10 ms est=       318 act=       301
    all                  ext=0 conj_dep_a71           bitmapscan          0.11 ms est=       258 act=       279
    all                  ext=0 conj_indep_a71         bitmapscan          0.09 ms est=       258 act=       301
    all                  ext=0 conj_dep_a87           bitmapscan          0.09 ms est=       326 act=       275
    all                  ext=0 conj_indep_a87         bitmapscan          0.11 ms est=       265 act=       278
    all                  ext=0 conj_dep_a96           bitmapscan          0.12 ms est=       299 act=       314
    all                  ext=0 conj_indep_a96         bitmapscan          0.11 ms est=       314 act=       313
    all_no_brin          ext=0 eq_v705                bitmapscan          0.10 ms est=       299 act=       297
    all_no_brin          ext=0 eq_v709                bitmapscan          0.10 ms est=       299 act=       310
    all_no_brin          ext=0 eq_v1541               bitmapscan          0.09 ms est=       299 act=       290
    all_no_brin          ext=0 eq_v1655               bitmapscan          0.13 ms est=       299 act=       371
    all_no_brin          ext=0 eq_v3304               bitmapscan          0.10 ms est=       299 act=       318
    all_no_brin          ext=0 eq_v5143               bitmapscan          0.08 ms est=       299 act=       239
    all_no_brin          ext=0 eq_v5250               bitmapscan          0.22 ms est=       299 act=       303
    all_no_brin          ext=0 eq_v9977               bitmapscan          0.19 ms est=       299 act=       281
    all_no_brin          ext=0 range_1e-05            bitmapscan          0.16 ms est=       299 act=       239
    all_no_brin          ext=0 tsrange_1e-05          indexscan           0.01 ms est=        36 act=        30
    all_no_brin          ext=0 range_0.0001           bitmapscan          0.23 ms est=       299 act=       300
    all_no_brin          ext=0 tsrange_0.0001         indexscan           0.03 ms est=       297 act=       300
    all_no_brin          ext=0 range_0.001            bitmapscan          1.81 ms est=      3019 act=      3000
    all_no_brin          ext=0 tsrange_0.001          indexscan           0.19 ms est=      3049 act=      3000
    all_no_brin          ext=0 range_0.01             bitmapscan         79.97 ms est=     28439 act=     30000
    all_no_brin          ext=0 tsrange_0.01           indexscan           1.87 ms est=     30414 act=     30000
    all_no_brin          ext=0 range_0.05             bitmapscan        163.88 ms est=    153005 act=    150000
    all_no_brin          ext=0 tsrange_0.05           indexscan           9.41 ms est=    152578 act=    150000
    all_no_brin          ext=0 range_0.1              bitmapscan        180.40 ms est=    311986 act=    300000
    all_no_brin          ext=0 tsrange_0.1            indexscan          18.63 ms est=    301116 act=    300000
    all_no_brin          ext=0 range_0.2              bitmapscan        207.68 ms est=    610016 act=    600000
    all_no_brin          ext=0 tsrange_0.2            indexscan          37.72 ms est=    597103 act=    600000
    all_no_brin          ext=0 range_0.5              bitmapscan        273.17 ms est=   1497390 act=   1500000
    all_no_brin          ext=0 tsrange_0.5            indexscan         180.70 ms est=   1502286 act=   1500000
    all_no_brin          ext=0 conj_dep_a36           bitmapscan          0.12 ms est=       316 act=       295
    all_no_brin          ext=0 conj_indep_a36         bitmapscan          0.10 ms est=       300 act=       310
    all_no_brin          ext=0 conj_dep_a54           bitmapscan          0.09 ms est=       285 act=       300
    all_no_brin          ext=0 conj_indep_a54         bitmapscan          0.10 ms est=       276 act=       301
    all_no_brin          ext=0 conj_dep_a71           bitmapscan          0.11 ms est=       300 act=       279
    all_no_brin          ext=0 conj_indep_a71         bitmapscan          0.10 ms est=       342 act=       301
    all_no_brin          ext=0 conj_dep_a87           bitmapscan          0.08 ms est=       300 act=       275
    all_no_brin          ext=0 conj_indep_a87         bitmapscan          0.09 ms est=       312 act=       278
    all_no_brin          ext=0 conj_dep_a96           bitmapscan          0.10 ms est=       282 act=       314
    all_no_brin          ext=0 conj_indep_a96         bitmapscan          0.10 ms est=       318 act=       313
    all                  ext=1 conj_dep_a36           bitmapscan          0.10 ms est=       301 act=       295
    all                  ext=1 conj_indep_a36         bitmapscan          0.18 ms est=       328 act=       310
    all                  ext=1 conj_dep_a54           bitmapscan          0.11 ms est=       373 act=       300
    all                  ext=1 conj_indep_a54         bitmapscan          0.11 ms est=       364 act=       301
    all                  ext=1 conj_dep_a71           bitmapscan          0.09 ms est=       339 act=       279
    all                  ext=1 conj_indep_a71         bitmapscan          0.09 ms est=       333 act=       301
    all                  ext=1 conj_dep_a87           bitmapscan          0.10 ms est=       293 act=       275
    all                  ext=1 conj_indep_a87         bitmapscan          0.09 ms est=       317 act=       278
    all                  ext=1 conj_dep_a96           bitmapscan          0.10 ms est=       295 act=       314
    all                  ext=1 conj_indep_a96         bitmapscan          0.10 ms est=       302 act=       313
    none                 ext=1 conj_dep_a36           seqscan           221.75 ms est=       333 act=       295
    none                 ext=1 conj_indep_a36         seqscan           222.17 ms est=       322 act=       310
    none                 ext=1 conj_dep_a54           seqscan           220.21 ms est=       251 act=       300
    none                 ext=1 conj_indep_a54         seqscan           218.88 ms est=       302 act=       301
    none                 ext=1 conj_dep_a71           seqscan           219.76 ms est=       309 act=       279
    none                 ext=1 conj_indep_a71         seqscan           218.95 ms est=       287 act=       301
    none                 ext=1 conj_dep_a87           seqscan           217.71 ms est=       272 act=       275
    none                 ext=1 conj_indep_a87         seqscan           221.07 ms est=       299 act=       278
    none                 ext=1 conj_dep_a96           seqscan           216.22 ms est=       296 act=       314
    none                 ext=1 conj_indep_a96         seqscan           215.28 ms est=       275 act=       313
    btree_a_b_separate   ext=1 conj_dep_a36           bitmapscan          4.37 ms est=       306 act=       295
    btree_a_b_separate   ext=1 conj_indep_a36         bitmapscan          4.82 ms est=       316 act=       310
    btree_a_b_separate   ext=1 conj_dep_a54           bitmapscan          4.46 ms est=       282 act=       300
    btree_a_b_separate   ext=1 conj_indep_a54         bitmapscan          4.81 ms est=       286 act=       301
    btree_a_b_separate   ext=1 conj_dep_a71           bitmapscan          4.50 ms est=       266 act=       279
    btree_a_b_separate   ext=1 conj_indep_a71         bitmapscan          4.59 ms est=       276 act=       301
    btree_a_b_separate   ext=1 conj_dep_a87           bitmapscan          4.71 ms est=       321 act=       275
    btree_a_b_separate   ext=1 conj_indep_a87         bitmapscan          4.35 ms est=       303 act=       278
    btree_a_b_separate   ext=1 conj_dep_a96           bitmapscan          4.87 ms est=       277 act=       314
    btree_a_b_separate   ext=1 conj_indep_a96         bitmapscan          4.51 ms est=       292 act=       313
    btree_ab_composite   ext=1 conj_dep_a36           bitmapscan          0.10 ms est=       300 act=       295
    btree_ab_composite   ext=1 conj_indep_a36         bitmapscan          0.13 ms est=       300 act=       310
    btree_ab_composite   ext=1 conj_dep_a54           bitmapscan          0.10 ms est=       308 act=       300
    btree_ab_composite   ext=1 conj_indep_a54         bitmapscan          0.09 ms est=       280 act=       301
    btree_ab_composite   ext=1 conj_dep_a71           bitmapscan          0.09 ms est=       292 act=       279
    btree_ab_composite   ext=1 conj_indep_a71         bitmapscan          0.09 ms est=       302 act=       301
    btree_ab_composite   ext=1 conj_dep_a87           bitmapscan          0.08 ms est=       296 act=       275
    btree_ab_composite   ext=1 conj_indep_a87         bitmapscan          0.08 ms est=       293 act=       278
    btree_ab_composite   ext=1 conj_dep_a96           bitmapscan          0.12 ms est=       293 act=       314
    btree_ab_composite   ext=1 conj_indep_a96         bitmapscan          0.10 ms est=       280 act=       313
  218 new measurements
  dropped t_phys10, marked complete

Done. Raw results: G:\codes\Ass\DTMS\research\results\raw\measurements_3000k.jsonl
