Output tag: 5000k  ->  measurements_5000k.jsonl
Datasets: ['phys05', 'phys095', 'phys10']  rows=5000000
Already measured: 0 records
Server: PostgreSQL 17.1 on x86_64-windows, compiled by msvc-19.41.34123, 64-bit

=== dataset phys05 ===
  generated in 8.1s -> t_phys05.csv
  loaded in 5.3s
  ts correlation: designed=0.5 realised=0.4999 pg_stats=0.49962723
  34 queries
    none                 ext=0 eq_v902                seqscan           375.19 ms est=       501 act=       513
    none                 ext=0 eq_v1138               seqscan           376.88 ms est=       501 act=       487
    none                 ext=0 eq_v1346               seqscan           377.80 ms est=       501 act=       476
    none                 ext=0 eq_v1457               seqscan           379.03 ms est=       501 act=       418
    none                 ext=0 eq_v2642               seqscan           377.11 ms est=       501 act=       496
    none                 ext=0 eq_v4944               seqscan           379.85 ms est=       501 act=       584
    none                 ext=0 eq_v8910               seqscan           379.71 ms est=       501 act=       504
    none                 ext=0 eq_v8954               seqscan           377.55 ms est=       501 act=       524
    none                 ext=0 range_1e-05            seqscan           408.99 ms est=       501 act=       418
    none                 ext=0 tsrange_1e-05          seqscan           452.19 ms est=         1 act=        50
    none                 ext=0 range_0.0001           seqscan           420.10 ms est=         3 act=       500
    none                 ext=0 tsrange_0.0001         seqscan           453.85 ms est=         1 act=       500
    none                 ext=0 range_0.001            seqscan           412.23 ms est=      4856 act=      5000
    none                 ext=0 tsrange_0.001          seqscan           438.58 ms est=      4442 act=      5000
    none                 ext=0 range_0.01             seqscan           399.35 ms est=     48345 act=     50000
    none                 ext=0 tsrange_0.01           seqscan           437.87 ms est=     51200 act=     50000
    none                 ext=0 range_0.05             seqscan           408.48 ms est=    256251 act=    250000
    none                 ext=0 tsrange_0.05           seqscan           419.73 ms est=    254281 act=    250000
    none                 ext=0 range_0.1              seqscan           387.64 ms est=    492695 act=    500000
    none                 ext=0 tsrange_0.1            seqscan           421.89 ms est=    501953 act=    500000
    none                 ext=0 range_0.2              seqscan           398.24 ms est=   1009572 act=   1000000
    none                 ext=0 tsrange_0.2            seqscan           430.64 ms est=    986698 act=   1000000
    none                 ext=0 range_0.5              seqscan           423.47 ms est=   2524978 act=   2500000
    none                 ext=0 tsrange_0.5            seqscan           449.17 ms est=   2490738 act=   2500000
    none                 ext=0 conj_dep_a48           seqscan           377.56 ms est=       527 act=       518
    none                 ext=0 conj_indep_a48         seqscan           378.58 ms est=       505 act=       538
    none                 ext=0 conj_dep_a73           seqscan           377.28 ms est=       461 act=       503
    none                 ext=0 conj_indep_a73         seqscan           371.75 ms est=       476 act=       490
    none                 ext=0 conj_dep_a79           seqscan           365.19 ms est=       527 act=       538
    none                 ext=0 conj_indep_a79         seqscan           364.82 ms est=       525 act=       514
    none                 ext=0 conj_dep_a81           seqscan           386.44 ms est=       460 act=       479
    none                 ext=0 conj_indep_a81         seqscan           379.24 ms est=       451 act=       493
    none                 ext=0 conj_dep_a83           seqscan           378.93 ms est=       474 act=       497
    none                 ext=0 conj_indep_a83         seqscan           376.95 ms est=       483 act=       497
    btree_skew           ext=0 eq_v902                bitmapscan          0.21 ms est=       497 act=       513
    btree_skew           ext=0 eq_v1138               bitmapscan          0.18 ms est=       497 act=       487
    btree_skew           ext=0 eq_v1346               bitmapscan          0.15 ms est=       497 act=       476
    btree_skew           ext=0 eq_v1457               bitmapscan          0.20 ms est=       497 act=       418
    btree_skew           ext=0 eq_v2642               bitmapscan          0.16 ms est=       497 act=       496
    btree_skew           ext=0 eq_v4944               bitmapscan          0.24 ms est=       497 act=       584
    btree_skew           ext=0 eq_v8910               bitmapscan          0.17 ms est=       497 act=       504
    btree_skew           ext=0 eq_v8954               bitmapscan          0.24 ms est=       497 act=       524
    btree_skew           ext=0 range_1e-05            bitmapscan          0.14 ms est=       497 act=       418
    btree_skew           ext=0 range_0.0001           bitmapscan          0.20 ms est=       497 act=       500
    btree_skew           ext=0 range_0.001            bitmapscan          2.48 ms est=      5114 act=      5000
    btree_skew           ext=0 range_0.01             bitmapscan        143.25 ms est=     50441 act=     50000
    btree_skew           ext=0 range_0.05             bitmapscan        414.61 ms est=    241382 act=    250000
    btree_skew           ext=0 range_0.1              bitmapscan        438.24 ms est=    505029 act=    500000
    btree_skew           ext=0 range_0.2              bitmapscan        472.37 ms est=    991023 act=   1000000
    btree_skew           ext=0 range_0.5              seqscan           348.18 ms est=   2494025 act=   2500000
    hash_skew            ext=0 eq_v902                bitmapscan          0.18 ms est=       500 act=       513
    hash_skew            ext=0 eq_v1138               bitmapscan          0.20 ms est=       500 act=       487
    hash_skew            ext=0 eq_v1346               bitmapscan          0.22 ms est=       500 act=       476
    hash_skew            ext=0 eq_v1457               bitmapscan          0.14 ms est=       500 act=       418
    hash_skew            ext=0 eq_v2642               bitmapscan          0.23 ms est=       500 act=       496
    hash_skew            ext=0 eq_v4944               bitmapscan          0.23 ms est=       500 act=       584
    hash_skew            ext=0 eq_v8910               bitmapscan          0.23 ms est=       500 act=       504
    hash_skew            ext=0 eq_v8954               bitmapscan          0.19 ms est=       500 act=       524
    brin_skew            ext=0 eq_v902                bitmapscan        524.72 ms est=       497 act=       513
    brin_skew            ext=0 eq_v1138               bitmapscan        534.87 ms est=       497 act=       487
    brin_skew            ext=0 eq_v1346               bitmapscan        540.59 ms est=       497 act=       476
    brin_skew            ext=0 eq_v1457               bitmapscan        531.32 ms est=       497 act=       418
    brin_skew            ext=0 eq_v2642               bitmapscan        513.13 ms est=       497 act=       496
    brin_skew            ext=0 eq_v4944               bitmapscan        509.00 ms est=       497 act=       584
    brin_skew            ext=0 eq_v8910               bitmapscan        511.75 ms est=       497 act=       504
    brin_skew            ext=0 eq_v8954               bitmapscan        508.35 ms est=       497 act=       524
    brin_skew            ext=0 range_1e-05            bitmapscan        542.31 ms est=       497 act=       418
    brin_skew            ext=0 range_0.0001           bitmapscan        453.28 ms est=       497 act=       500
    brin_skew            ext=0 range_0.001            bitmapscan        543.32 ms est=      4654 act=      5000
    brin_skew            ext=0 range_0.01             seqscan           292.88 ms est=     46502 act=     50000
    brin_skew            ext=0 range_0.05             seqscan           298.63 ms est=    262219 act=    250000
    brin_skew            ext=0 range_0.1              seqscan           301.39 ms est=    501498 act=    500000
    brin_skew            ext=0 range_0.2              seqscan           311.37 ms est=    995556 act=   1000000
    brin_skew            ext=0 range_0.5              seqscan           338.26 ms est=   2502127 act=   2500000
    btree_a_b_separate   ext=0 conj_dep_a48           bitmapscan          9.29 ms est=       571 act=       518
    btree_a_b_separate   ext=0 conj_indep_a48         bitmapscan          9.18 ms est=       516 act=       538
    btree_a_b_separate   ext=0 conj_dep_a73           bitmapscan          9.31 ms est=       507 act=       503
    btree_a_b_separate   ext=0 conj_indep_a73         bitmapscan          9.47 ms est=       540 act=       490
    btree_a_b_separate   ext=0 conj_dep_a79           bitmapscan          9.41 ms est=       506 act=       538
    btree_a_b_separate   ext=0 conj_indep_a79         bitmapscan          9.76 ms est=       509 act=       514
    btree_a_b_separate   ext=0 conj_dep_a81           bitmapscan          9.26 ms est=       466 act=       479
    btree_a_b_separate   ext=0 conj_indep_a81         bitmapscan          9.44 ms est=       452 act=       493
    btree_a_b_separate   ext=0 conj_dep_a83           bitmapscan          9.54 ms est=       450 act=       497
    btree_a_b_separate   ext=0 conj_indep_a83         bitmapscan          9.31 ms est=       432 act=       497
    btree_ab_composite   ext=0 conj_dep_a48           bitmapscan          0.18 ms est=       454 act=       518
    btree_ab_composite   ext=0 conj_indep_a48         bitmapscan          0.19 ms est=       413 act=       538
    btree_ab_composite   ext=0 conj_dep_a73           bitmapscan          0.19 ms est=       499 act=       503
    btree_ab_composite   ext=0 conj_indep_a73         bitmapscan          0.21 ms est=       592 act=       490
    btree_ab_composite   ext=0 conj_dep_a79           bitmapscan          0.18 ms est=       467 act=       538
    btree_ab_composite   ext=0 conj_indep_a79         bitmapscan          0.16 ms est=       476 act=       514
    btree_ab_composite   ext=0 conj_dep_a81           bitmapscan          0.15 ms est=       488 act=       479
    btree_ab_composite   ext=0 conj_indep_a81         bitmapscan          0.18 ms est=       508 act=       493
    btree_ab_composite   ext=0 conj_dep_a83           bitmapscan          0.18 ms est=       517 act=       497
    btree_ab_composite   ext=0 conj_indep_a83         bitmapscan          0.17 ms est=       570 act=       497
    btree_ts             ext=0 tsrange_1e-05          indexscan           0.02 ms est=        56 act=        50
    btree_ts             ext=0 tsrange_0.0001         indexscan           0.09 ms est=       506 act=       500
    btree_ts             ext=0 tsrange_0.001          indexscan           0.74 ms est=      5131 act=      5000
    btree_ts             ext=0 tsrange_0.01           bitmapscan         82.79 ms est=     51423 act=     50000
    btree_ts             ext=0 tsrange_0.05           bitmapscan        252.52 ms est=    254076 act=    250000
    btree_ts             ext=0 tsrange_0.1            bitmapscan        437.60 ms est=    516312 act=    500000
    btree_ts             ext=0 tsrange_0.2            bitmapscan        483.05 ms est=   1014541 act=   1000000
    btree_ts             ext=0 tsrange_0.5            seqscan           370.38 ms est=   2500992 act=   2500000
    brin_ts              ext=0 tsrange_1e-05          bitmapscan         16.13 ms est=         1 act=        50
    brin_ts              ext=0 tsrange_0.0001         bitmapscan        210.67 ms est=         1 act=       500
    brin_ts              ext=0 tsrange_0.001          bitmapscan        567.59 ms est=      4210 act=      5000
    brin_ts              ext=0 tsrange_0.01           bitmapscan        569.09 ms est=     52181 act=     50000
    brin_ts              ext=0 tsrange_0.05           bitmapscan        570.29 ms est=    258376 act=    250000
    brin_ts              ext=0 tsrange_0.1            bitmapscan        572.88 ms est=    500052 act=    500000
    brin_ts              ext=0 tsrange_0.2            bitmapscan        571.49 ms est=   1001753 act=   1000000
    brin_ts              ext=0 tsrange_0.5            seqscan           363.39 ms est=   2499719 act=   2500000
    all                  ext=0 eq_v902                bitmapscan          0.18 ms est=       499 act=       513
    all                  ext=0 eq_v1138               bitmapscan          0.16 ms est=       499 act=       487
    all                  ext=0 eq_v1346               bitmapscan          0.15 ms est=       499 act=       476
    all                  ext=0 eq_v1457               bitmapscan          0.13 ms est=       499 act=       418
    all                  ext=0 eq_v2642               bitmapscan          0.17 ms est=       499 act=       496
    all                  ext=0 eq_v4944               bitmapscan          0.18 ms est=       499 act=       584
    all                  ext=0 eq_v8910               bitmapscan          0.17 ms est=       499 act=       504
    all                  ext=0 eq_v8954               bitmapscan          0.17 ms est=       499 act=       524
    all                  ext=0 range_1e-05            bitmapscan          0.16 ms est=       499 act=       418
    all                  ext=0 tsrange_1e-05          indexscan           0.02 ms est=        51 act=        50
    all                  ext=0 range_0.0001           bitmapscan          0.21 ms est=       499 act=       500
    all                  ext=0 tsrange_0.0001         indexscan           0.09 ms est=       467 act=       500
    all                  ext=0 range_0.001            indexscan           0.94 ms est=      5213 act=      5000
    all                  ext=0 tsrange_0.001          indexscan           0.74 ms est=      4735 act=      5000
    all                  ext=0 range_0.01             bitmapscan        533.18 ms est=     51460 act=     50000
    all                  ext=0 tsrange_0.01           bitmapscan        578.18 ms est=     47492 act=     50000
    all                  ext=0 range_0.05             seqscan           304.56 ms est=    239339 act=    250000
    all                  ext=0 tsrange_0.05           bitmapscan        576.16 ms est=    255615 act=    250000
    all                  ext=0 range_0.1              seqscan           303.00 ms est=    505126 act=    500000
    all                  ext=0 tsrange_0.1            bitmapscan        573.76 ms est=    501026 act=    500000
    all                  ext=0 range_0.2              seqscan           313.12 ms est=   1003731 act=   1000000
    all                  ext=0 tsrange_0.2            bitmapscan        568.74 ms est=   1017926 act=   1000000
    all                  ext=0 range_0.5              seqscan           342.33 ms est=   2498387 act=   2500000
    all                  ext=0 tsrange_0.5            seqscan           361.86 ms est=   2522773 act=   2500000
    all                  ext=0 conj_dep_a48           bitmapscan          0.20 ms est=       472 act=       518
    all                  ext=0 conj_indep_a48         bitmapscan          0.17 ms est=       477 act=       538
    all                  ext=0 conj_dep_a73           bitmapscan          0.19 ms est=       528 act=       503
    all                  ext=0 conj_indep_a73         bitmapscan          0.18 ms est=       535 act=       490
    all                  ext=0 conj_dep_a79           bitmapscan          0.18 ms est=       454 act=       538
    all                  ext=0 conj_indep_a79         bitmapscan          0.17 ms est=       517 act=       514
    all                  ext=0 conj_dep_a81           bitmapscan          0.16 ms est=       499 act=       479
    all                  ext=0 conj_indep_a81         bitmapscan          0.17 ms est=       486 act=       493
    all                  ext=0 conj_dep_a83           bitmapscan          0.17 ms est=       525 act=       497
    all                  ext=0 conj_indep_a83         bitmapscan          0.19 ms est=       480 act=       497
    all_no_brin          ext=0 eq_v902                bitmapscan          0.16 ms est=       499 act=       513
    all_no_brin          ext=0 eq_v1138               bitmapscan          0.18 ms est=       499 act=       487
    all_no_brin          ext=0 eq_v1346               bitmapscan          0.15 ms est=       499 act=       476
    all_no_brin          ext=0 eq_v1457               bitmapscan          0.13 ms est=       499 act=       418
    all_no_brin          ext=0 eq_v2642               bitmapscan          0.18 ms est=       499 act=       496
    all_no_brin          ext=0 eq_v4944               bitmapscan          0.20 ms est=       499 act=       584
    all_no_brin          ext=0 eq_v8910               bitmapscan          0.18 ms est=       499 act=       504
    all_no_brin          ext=0 eq_v8954               bitmapscan          0.19 ms est=       499 act=       524
    all_no_brin          ext=0 range_1e-05            bitmapscan          0.15 ms est=       499 act=       418
    all_no_brin          ext=0 tsrange_1e-05          indexscan           0.01 ms est=        52 act=        50
    all_no_brin          ext=0 range_0.0001           bitmapscan          0.17 ms est=       499 act=       500
    all_no_brin          ext=0 tsrange_0.0001         indexscan           0.08 ms est=       472 act=       500
    all_no_brin          ext=0 range_0.001            bitmapscan          2.18 ms est=      5423 act=      5000
    all_no_brin          ext=0 tsrange_0.001          indexscan           0.76 ms est=      4786 act=      5000
    all_no_brin          ext=0 range_0.01             bitmapscan        134.53 ms est=     54081 act=     50000
    all_no_brin          ext=0 tsrange_0.01           bitmapscan         83.25 ms est=     48000 act=     50000
    all_no_brin          ext=0 range_0.05             bitmapscan        393.56 ms est=    243757 act=    250000
    all_no_brin          ext=0 tsrange_0.05           bitmapscan        240.44 ms est=    239617 act=    250000
    all_no_brin          ext=0 range_0.1              bitmapscan        426.12 ms est=    503795 act=    500000
    all_no_brin          ext=0 tsrange_0.1            bitmapscan        436.72 ms est=    513451 act=    500000
    all_no_brin          ext=0 range_0.2              bitmapscan        450.46 ms est=   1002557 act=   1000000
    all_no_brin          ext=0 tsrange_0.2            bitmapscan        473.38 ms est=   1017054 act=   1000000
    all_no_brin          ext=0 range_0.5              seqscan           337.70 ms est=   2489455 act=   2500000
    all_no_brin          ext=0 tsrange_0.5            seqscan           361.58 ms est=   2525419 act=   2500000
    all_no_brin          ext=0 conj_dep_a48           bitmapscan          0.18 ms est=       488 act=       518
    all_no_brin          ext=0 conj_indep_a48         bitmapscan          0.23 ms est=       472 act=       538
    all_no_brin          ext=0 conj_dep_a73           bitmapscan          0.17 ms est=       518 act=       503
    all_no_brin          ext=0 conj_indep_a73         bitmapscan          0.17 ms est=       436 act=       490
    all_no_brin          ext=0 conj_dep_a79           bitmapscan          0.23 ms est=       426 act=       538
    all_no_brin          ext=0 conj_indep_a79         bitmapscan          0.17 ms est=       451 act=       514
    all_no_brin          ext=0 conj_dep_a81           bitmapscan          0.15 ms est=       529 act=       479
    all_no_brin          ext=0 conj_indep_a81         bitmapscan          0.17 ms est=       554 act=       493
    all_no_brin          ext=0 conj_dep_a83           bitmapscan          0.16 ms est=       510 act=       497
    all_no_brin          ext=0 conj_indep_a83         bitmapscan          0.17 ms est=       461 act=       497
    all                  ext=1 conj_dep_a48           bitmapscan          0.20 ms est=       535 act=       518
    all                  ext=1 conj_indep_a48         bitmapscan          0.18 ms est=       605 act=       538
    all                  ext=1 conj_dep_a73           bitmapscan          0.19 ms est=       478 act=       503
    all                  ext=1 conj_indep_a73         bitmapscan          0.17 ms est=       486 act=       490
    all                  ext=1 conj_dep_a79           bitmapscan          0.18 ms est=       517 act=       538
    all                  ext=1 conj_indep_a79         bitmapscan          0.19 ms est=       569 act=       514
    all                  ext=1 conj_dep_a81           bitmapscan          0.19 ms est=       489 act=       479
    all                  ext=1 conj_indep_a81         bitmapscan          0.16 ms est=       473 act=       493
    all                  ext=1 conj_dep_a83           bitmapscan          0.17 ms est=       593 act=       497
    all                  ext=1 conj_indep_a83         bitmapscan          0.17 ms est=       645 act=       497
    none                 ext=1 conj_dep_a48           seqscan           381.60 ms est=       431 act=       518
    none                 ext=1 conj_indep_a48         seqscan           381.91 ms est=       493 act=       538
    none                 ext=1 conj_dep_a73           seqscan           377.93 ms est=       503 act=       503
    none                 ext=1 conj_indep_a73         seqscan           381.74 ms est=       468 act=       490
    none                 ext=1 conj_dep_a79           seqscan           378.96 ms est=       527 act=       538
    none                 ext=1 conj_indep_a79         seqscan           379.64 ms est=       450 act=       514
    none                 ext=1 conj_dep_a81           seqscan           377.94 ms est=       483 act=       479
    none                 ext=1 conj_indep_a81         seqscan           378.86 ms est=       482 act=       493
    none                 ext=1 conj_dep_a83           seqscan           381.33 ms est=       506 act=       497
    none                 ext=1 conj_indep_a83         seqscan           380.94 ms est=       517 act=       497
    btree_a_b_separate   ext=1 conj_dep_a48           bitmapscan          9.38 ms est=       456 act=       518
    btree_a_b_separate   ext=1 conj_indep_a48         bitmapscan          9.38 ms est=       496 act=       538
    btree_a_b_separate   ext=1 conj_dep_a73           bitmapscan          9.37 ms est=       610 act=       503
    btree_a_b_separate   ext=1 conj_indep_a73         bitmapscan          9.26 ms est=       588 act=       490
    btree_a_b_separate   ext=1 conj_dep_a79           bitmapscan          9.50 ms est=       521 act=       538
    btree_a_b_separate   ext=1 conj_indep_a79         bitmapscan          9.42 ms est=       557 act=       514
    btree_a_b_separate   ext=1 conj_dep_a81           bitmapscan          9.25 ms est=       516 act=       479
    btree_a_b_separate   ext=1 conj_indep_a81         bitmapscan          9.38 ms est=       588 act=       493
    btree_a_b_separate   ext=1 conj_dep_a83           bitmapscan          9.32 ms est=       548 act=       497
    btree_a_b_separate   ext=1 conj_indep_a83         bitmapscan          9.37 ms est=       553 act=       497
    btree_ab_composite   ext=1 conj_dep_a48           bitmapscan          0.15 ms est=       522 act=       518
    btree_ab_composite   ext=1 conj_indep_a48         bitmapscan          0.17 ms est=       505 act=       538
    btree_ab_composite   ext=1 conj_dep_a73           bitmapscan          0.16 ms est=       458 act=       503
    btree_ab_composite   ext=1 conj_indep_a73         bitmapscan          0.16 ms est=       501 act=       490
    btree_ab_composite   ext=1 conj_dep_a79           bitmapscan          0.16 ms est=       552 act=       538
    btree_ab_composite   ext=1 conj_indep_a79         bitmapscan          0.15 ms est=       498 act=       514
    btree_ab_composite   ext=1 conj_dep_a81           bitmapscan          0.14 ms est=       544 act=       479
    btree_ab_composite   ext=1 conj_indep_a81         bitmapscan          0.31 ms est=       527 act=       493
    btree_ab_composite   ext=1 conj_dep_a83           bitmapscan          0.15 ms est=       594 act=       497
    btree_ab_composite   ext=1 conj_indep_a83         bitmapscan          0.16 ms est=       557 act=       497
  218 new measurements
  dropped t_phys05, marked complete

=== dataset phys095 ===
  generated in 8.0s -> t_phys095.csv
  loaded in 5.8s
  ts correlation: designed=0.95 realised=0.9500 pg_stats=0.9530051
  34 queries
    none                 ext=0 eq_v902                seqscan           389.99 ms est=       500 act=       513
    none                 ext=0 eq_v1138               seqscan           386.80 ms est=       500 act=       487
    none                 ext=0 eq_v1346               seqscan           385.81 ms est=       500 act=       476
    none                 ext=0 eq_v1457               seqscan           384.18 ms est=       500 act=       418
    none                 ext=0 eq_v2642               seqscan           385.70 ms est=       500 act=       496
    none                 ext=0 eq_v4944               seqscan           382.79 ms est=       500 act=       584
    none                 ext=0 eq_v8910               seqscan           384.13 ms est=       500 act=       504
    none                 ext=0 eq_v8954               seqscan           384.32 ms est=       500 act=       524
    none                 ext=0 range_1e-05            seqscan           410.77 ms est=       500 act=       418
    none                 ext=0 tsrange_1e-05          seqscan           447.91 ms est=         1 act=        50
    none                 ext=0 range_0.0001           seqscan           411.19 ms est=       467 act=       500
    none                 ext=0 tsrange_0.0001         seqscan           445.64 ms est=         1 act=       500
    none                 ext=0 range_0.001            seqscan           410.33 ms est=      4855 act=      5000
    none                 ext=0 tsrange_0.001          seqscan           447.85 ms est=      4168 act=      5000
    none                 ext=0 range_0.01             seqscan           409.07 ms est=     48127 act=     50000
    none                 ext=0 tsrange_0.01           seqscan           443.27 ms est=     46365 act=     50000
    none                 ext=0 range_0.05             seqscan           398.83 ms est=    253237 act=    250000
    none                 ext=0 tsrange_0.05           seqscan           428.94 ms est=    239322 act=    250000
    none                 ext=0 range_0.1              seqscan           394.56 ms est=    497266 act=    500000
    none                 ext=0 tsrange_0.1            seqscan           422.94 ms est=    482553 act=    500000
    none                 ext=0 range_0.2              seqscan           399.84 ms est=   1012042 act=   1000000
    none                 ext=0 tsrange_0.2            seqscan           426.73 ms est=    990434 act=   1000000
    none                 ext=0 range_0.5              seqscan           424.72 ms est=   2514547 act=   2500000
    none                 ext=0 tsrange_0.5            seqscan           443.41 ms est=   2501501 act=   2500000
    none                 ext=0 conj_dep_a48           seqscan           369.88 ms est=       500 act=       518
    none                 ext=0 conj_indep_a48         seqscan           370.03 ms est=       500 act=       538
    none                 ext=0 conj_dep_a73           seqscan           370.34 ms est=       515 act=       503
    none                 ext=0 conj_indep_a73         seqscan           367.66 ms est=       507 act=       490
    none                 ext=0 conj_dep_a79           seqscan           372.56 ms est=       450 act=       538
    none                 ext=0 conj_indep_a79         seqscan           371.25 ms est=       507 act=       514
    none                 ext=0 conj_dep_a81           seqscan           367.59 ms est=       454 act=       479
    none                 ext=0 conj_indep_a81         seqscan           366.50 ms est=       433 act=       493
    none                 ext=0 conj_dep_a83           seqscan           368.12 ms est=       499 act=       497
    none                 ext=0 conj_indep_a83         seqscan           368.08 ms est=       451 act=       497
    btree_skew           ext=0 eq_v902                bitmapscan          0.18 ms est=       498 act=       513
    btree_skew           ext=0 eq_v1138               bitmapscan          0.18 ms est=       498 act=       487
    btree_skew           ext=0 eq_v1346               bitmapscan          0.25 ms est=       498 act=       476
    btree_skew           ext=0 eq_v1457               bitmapscan          0.14 ms est=       498 act=       418
    btree_skew           ext=0 eq_v2642               bitmapscan          0.17 ms est=       498 act=       496
    btree_skew           ext=0 eq_v4944               bitmapscan          0.19 ms est=       498 act=       584
    btree_skew           ext=0 eq_v8910               bitmapscan          0.16 ms est=       498 act=       504
    btree_skew           ext=0 eq_v8954               bitmapscan          0.18 ms est=       498 act=       524
    btree_skew           ext=0 range_1e-05            bitmapscan          0.13 ms est=       498 act=       418
    btree_skew           ext=0 range_0.0001           bitmapscan          0.16 ms est=       498 act=       500
    btree_skew           ext=0 range_0.001            bitmapscan          2.21 ms est=      4685 act=      5000
    btree_skew           ext=0 range_0.01             bitmapscan        137.59 ms est=     46733 act=     50000
    btree_skew           ext=0 range_0.05             bitmapscan        400.73 ms est=    255862 act=    250000
    btree_skew           ext=0 range_0.1              bitmapscan        431.46 ms est=    493948 act=    500000
    btree_skew           ext=0 range_0.2              bitmapscan        461.51 ms est=    997193 act=   1000000
    btree_skew           ext=0 range_0.5              seqscan           340.96 ms est=   2487802 act=   2500000
    hash_skew            ext=0 eq_v902                bitmapscan          0.18 ms est=       498 act=       513
    hash_skew            ext=0 eq_v1138               bitmapscan          0.18 ms est=       498 act=       487
    hash_skew            ext=0 eq_v1346               bitmapscan          0.17 ms est=       498 act=       476
    hash_skew            ext=0 eq_v1457               bitmapscan          0.14 ms est=       498 act=       418
    hash_skew            ext=0 eq_v2642               bitmapscan          0.18 ms est=       498 act=       496
    hash_skew            ext=0 eq_v4944               bitmapscan          0.22 ms est=       498 act=       584
    hash_skew            ext=0 eq_v8910               bitmapscan          0.19 ms est=       498 act=       504
    hash_skew            ext=0 eq_v8954               bitmapscan          0.21 ms est=       498 act=       524
    brin_skew            ext=0 eq_v902                bitmapscan        511.67 ms est=       496 act=       513
    brin_skew            ext=0 eq_v1138               bitmapscan        516.78 ms est=       496 act=       487
    brin_skew            ext=0 eq_v1346               bitmapscan        512.53 ms est=       496 act=       476
    brin_skew            ext=0 eq_v1457               bitmapscan        513.58 ms est=       496 act=       418
    brin_skew            ext=0 eq_v2642               bitmapscan        514.84 ms est=       496 act=       496
    brin_skew            ext=0 eq_v4944               bitmapscan        515.41 ms est=       496 act=       584
    brin_skew            ext=0 eq_v8910               bitmapscan        516.82 ms est=       496 act=       504
    brin_skew            ext=0 eq_v8954               bitmapscan        508.85 ms est=       496 act=       524
    brin_skew            ext=0 range_1e-05            bitmapscan        543.51 ms est=       496 act=       418
    brin_skew            ext=0 range_0.0001           bitmapscan        455.60 ms est=       477 act=       500
    brin_skew            ext=0 range_0.001            bitmapscan        545.93 ms est=      5213 act=      5000
    brin_skew            ext=0 range_0.01             seqscan           297.06 ms est=     51835 act=     50000
    brin_skew            ext=0 range_0.05             seqscan           300.02 ms est=    249981 act=    250000
    brin_skew            ext=0 range_0.1              seqscan           308.86 ms est=    497771 act=    500000
    brin_skew            ext=0 range_0.2              seqscan           314.26 ms est=   1004152 act=   1000000
    brin_skew            ext=0 range_0.5              seqscan           344.79 ms est=   2494093 act=   2500000
    btree_a_b_separate   ext=0 conj_dep_a48           bitmapscan          9.19 ms est=       520 act=       518
    btree_a_b_separate   ext=0 conj_indep_a48         bitmapscan          9.06 ms est=       441 act=       538
    btree_a_b_separate   ext=0 conj_dep_a73           bitmapscan          9.28 ms est=       569 act=       503
    btree_a_b_separate   ext=0 conj_indep_a73         bitmapscan          9.13 ms est=       524 act=       490
    btree_a_b_separate   ext=0 conj_dep_a79           bitmapscan          9.39 ms est=       518 act=       538
    btree_a_b_separate   ext=0 conj_indep_a79         bitmapscan          9.32 ms est=       558 act=       514
    btree_a_b_separate   ext=0 conj_dep_a81           bitmapscan          9.14 ms est=       534 act=       479
    btree_a_b_separate   ext=0 conj_indep_a81         bitmapscan          9.56 ms est=       539 act=       493
    btree_a_b_separate   ext=0 conj_dep_a83           bitmapscan          8.94 ms est=       618 act=       497
    btree_a_b_separate   ext=0 conj_indep_a83         bitmapscan          9.11 ms est=       555 act=       497
    btree_ab_composite   ext=0 conj_dep_a48           bitmapscan          0.18 ms est=       437 act=       518
    btree_ab_composite   ext=0 conj_indep_a48         bitmapscan          0.17 ms est=       454 act=       538
    btree_ab_composite   ext=0 conj_dep_a73           bitmapscan          0.17 ms est=       477 act=       503
    btree_ab_composite   ext=0 conj_indep_a73         bitmapscan          0.18 ms est=       494 act=       490
    btree_ab_composite   ext=0 conj_dep_a79           bitmapscan          0.17 ms est=       541 act=       538
    btree_ab_composite   ext=0 conj_indep_a79         bitmapscan          0.16 ms est=       507 act=       514
    btree_ab_composite   ext=0 conj_dep_a81           bitmapscan          0.16 ms est=       551 act=       479
    btree_ab_composite   ext=0 conj_indep_a81         bitmapscan          0.26 ms est=       501 act=       493
    btree_ab_composite   ext=0 conj_dep_a83           bitmapscan          0.17 ms est=       565 act=       497
    btree_ab_composite   ext=0 conj_indep_a83         bitmapscan          0.16 ms est=       608 act=       497
    btree_ts             ext=0 tsrange_1e-05          indexscan           0.01 ms est=        53 act=        50
    btree_ts             ext=0 tsrange_0.0001         indexscan           0.04 ms est=       481 act=       500
    btree_ts             ext=0 tsrange_0.001          indexscan           0.38 ms est=      4877 act=      5000
    btree_ts             ext=0 tsrange_0.01           indexscan           4.13 ms est=     48921 act=     50000
    btree_ts             ext=0 tsrange_0.05           indexscan          20.91 ms est=    245913 act=    250000
    btree_ts             ext=0 tsrange_0.1            indexscan         153.24 ms est=    492580 act=    500000
    btree_ts             ext=0 tsrange_0.2            indexscan         328.90 ms est=    999387 act=   1000000
    btree_ts             ext=0 tsrange_0.5            indexscan         835.86 ms est=   2475043 act=   2500000
    brin_ts              ext=0 tsrange_1e-05          bitmapscan          1.84 ms est=         1 act=        50
    brin_ts              ext=0 tsrange_0.0001         bitmapscan         15.41 ms est=         1 act=       500
    brin_ts              ext=0 tsrange_0.001          bitmapscan        222.87 ms est=      3941 act=      5000
    brin_ts              ext=0 tsrange_0.01           bitmapscan        579.85 ms est=     47183 act=     50000
    brin_ts              ext=0 tsrange_0.05           bitmapscan        580.96 ms est=    229779 act=    250000
    brin_ts              ext=0 tsrange_0.1            bitmapscan        581.96 ms est=    482078 act=    500000
    brin_ts              ext=0 tsrange_0.2            bitmapscan        578.13 ms est=    975849 act=   1000000
    brin_ts              ext=0 tsrange_0.5            bitmapscan        582.44 ms est=   2492167 act=   2500000
    all                  ext=0 eq_v902                bitmapscan          0.17 ms est=       498 act=       513
    all                  ext=0 eq_v1138               bitmapscan          0.18 ms est=       498 act=       487
    all                  ext=0 eq_v1346               bitmapscan          0.17 ms est=       498 act=       476
    all                  ext=0 eq_v1457               bitmapscan          0.13 ms est=       498 act=       418
    all                  ext=0 eq_v2642               bitmapscan          0.16 ms est=       498 act=       496
    all                  ext=0 eq_v4944               bitmapscan          0.22 ms est=       498 act=       584
    all                  ext=0 eq_v8910               bitmapscan          0.17 ms est=       498 act=       504
    all                  ext=0 eq_v8954               bitmapscan          0.17 ms est=       498 act=       524
    all                  ext=0 range_1e-05            bitmapscan          0.13 ms est=       498 act=       418
    all                  ext=0 tsrange_1e-05          indexscan           0.01 ms est=        54 act=        50
    all                  ext=0 range_0.0001           bitmapscan          0.19 ms est=       498 act=       500
    all                  ext=0 tsrange_0.0001         indexscan           0.05 ms est=       493 act=       500
    all                  ext=0 range_0.001            indexscan           0.92 ms est=      5074 act=      5000
    all                  ext=0 tsrange_0.001          indexscan           0.39 ms est=      4991 act=      5000
    all                  ext=0 range_0.01             seqscan           317.14 ms est=     50857 act=     50000
    all                  ext=0 tsrange_0.01           indexscan           4.08 ms est=     50060 act=     50000
    all                  ext=0 range_0.05             seqscan           314.25 ms est=    251982 act=    250000
    all                  ext=0 tsrange_0.05           indexscan          20.42 ms est=    246336 act=    250000
    all                  ext=0 range_0.1              seqscan           329.60 ms est=    501273 act=    500000
    all                  ext=0 tsrange_0.1            indexscan         146.97 ms est=    490563 act=    500000
    all                  ext=0 range_0.2              seqscan           411.94 ms est=   1006735 act=   1000000
    all                  ext=0 tsrange_0.2            indexscan         351.02 ms est=    995504 act=   1000000
    all                  ext=0 range_0.5              seqscan           428.08 ms est=   2520666 act=   2500000
    all                  ext=0 tsrange_0.5            bitmapscan        579.30 ms est=   2505052 act=   2500000
    all                  ext=0 conj_dep_a48           bitmapscan          0.17 ms est=       486 act=       518
    all                  ext=0 conj_indep_a48         bitmapscan          0.20 ms est=       454 act=       538
    all                  ext=0 conj_dep_a73           bitmapscan          0.17 ms est=       453 act=       503
    all                  ext=0 conj_indep_a73         bitmapscan          0.18 ms est=       520 act=       490
    all                  ext=0 conj_dep_a79           bitmapscan          0.18 ms est=       549 act=       538
    all                  ext=0 conj_indep_a79         bitmapscan          0.17 ms est=       507 act=       514
    all                  ext=0 conj_dep_a81           bitmapscan          0.18 ms est=       540 act=       479
    all                  ext=0 conj_indep_a81         bitmapscan          0.16 ms est=       513 act=       493
    all                  ext=0 conj_dep_a83           bitmapscan          0.17 ms est=       543 act=       497
    all                  ext=0 conj_indep_a83         bitmapscan          0.17 ms est=       547 act=       497
    all_no_brin          ext=0 eq_v902                bitmapscan          0.26 ms est=       500 act=       513
    all_no_brin          ext=0 eq_v1138               bitmapscan          0.19 ms est=       500 act=       487
    all_no_brin          ext=0 eq_v1346               bitmapscan          0.27 ms est=       500 act=       476
    all_no_brin          ext=0 eq_v1457               bitmapscan          0.14 ms est=       500 act=       418
    all_no_brin          ext=0 eq_v2642               bitmapscan          0.26 ms est=       500 act=       496
    all_no_brin          ext=0 eq_v4944               bitmapscan          0.25 ms est=       500 act=       584
    all_no_brin          ext=0 eq_v8910               bitmapscan          0.25 ms est=       500 act=       504
    all_no_brin          ext=0 eq_v8954               bitmapscan          0.21 ms est=       500 act=       524
    all_no_brin          ext=0 range_1e-05            bitmapscan          0.16 ms est=       500 act=       418
    all_no_brin          ext=0 tsrange_1e-05          indexscan           0.01 ms est=        56 act=        50
    all_no_brin          ext=0 range_0.0001           bitmapscan          0.22 ms est=       500 act=       500
    all_no_brin          ext=0 tsrange_0.0001         indexscan           0.05 ms est=       508 act=       500
    all_no_brin          ext=0 range_0.001            bitmapscan          2.34 ms est=      4810 act=      5000
    all_no_brin          ext=0 tsrange_0.001          indexscan           0.38 ms est=      5146 act=      5000
    all_no_brin          ext=0 range_0.01             bitmapscan        136.97 ms est=     47965 act=     50000
    all_no_brin          ext=0 tsrange_0.01           indexscan           3.92 ms est=     51719 act=     50000
    all_no_brin          ext=0 range_0.05             bitmapscan        397.47 ms est=    256959 act=    250000
    all_no_brin          ext=0 tsrange_0.05           indexscan          20.00 ms est=    257268 act=    250000
    all_no_brin          ext=0 range_0.1              bitmapscan        420.46 ms est=    502681 act=    500000
    all_no_brin          ext=0 tsrange_0.1            indexscan         148.48 ms est=    503852 act=    500000
    all_no_brin          ext=0 range_0.2              bitmapscan        454.10 ms est=   1007458 act=   1000000
    all_no_brin          ext=0 tsrange_0.2            indexscan         315.68 ms est=    992580 act=   1000000
    all_no_brin          ext=0 range_0.5              seqscan           414.23 ms est=   2524468 act=   2500000
    all_no_brin          ext=0 tsrange_0.5            indexscan         798.19 ms est=   2497957 act=   2500000
    all_no_brin          ext=0 conj_dep_a48           bitmapscan          0.19 ms est=       475 act=       518
    all_no_brin          ext=0 conj_indep_a48         bitmapscan          0.19 ms est=       428 act=       538
    all_no_brin          ext=0 conj_dep_a73           bitmapscan          0.21 ms est=       524 act=       503
    all_no_brin          ext=0 conj_indep_a73         bitmapscan          0.19 ms est=       530 act=       490
    all_no_brin          ext=0 conj_dep_a79           bitmapscan          0.18 ms est=       510 act=       538
    all_no_brin          ext=0 conj_indep_a79         bitmapscan          0.19 ms est=       477 act=       514
    all_no_brin          ext=0 conj_dep_a81           bitmapscan          0.16 ms est=       481 act=       479
    all_no_brin          ext=0 conj_indep_a81         bitmapscan          0.18 ms est=       549 act=       493
    all_no_brin          ext=0 conj_dep_a83           bitmapscan          0.17 ms est=       481 act=       497
    all_no_brin          ext=0 conj_indep_a83         bitmapscan          0.17 ms est=       532 act=       497
    all                  ext=1 conj_dep_a48           bitmapscan          0.17 ms est=       505 act=       518
    all                  ext=1 conj_indep_a48         bitmapscan          0.22 ms est=       461 act=       538
    all                  ext=1 conj_dep_a73           bitmapscan          0.19 ms est=       487 act=       503
    all                  ext=1 conj_indep_a73         bitmapscan          0.18 ms est=       443 act=       490
    all                  ext=1 conj_dep_a79           bitmapscan          0.19 ms est=       547 act=       538
    all                  ext=1 conj_indep_a79         bitmapscan          0.20 ms est=       485 act=       514
    all                  ext=1 conj_dep_a81           bitmapscan          0.17 ms est=       480 act=       479
    all                  ext=1 conj_indep_a81         bitmapscan          0.17 ms est=       493 act=       493
    all                  ext=1 conj_dep_a83           bitmapscan          0.16 ms est=       459 act=       497
    all                  ext=1 conj_indep_a83         bitmapscan          0.18 ms est=       438 act=       497
    none                 ext=1 conj_dep_a48           seqscan           374.14 ms est=       532 act=       518
    none                 ext=1 conj_indep_a48         seqscan           373.45 ms est=       507 act=       538
    none                 ext=1 conj_dep_a73           seqscan           373.76 ms est=       528 act=       503
    none                 ext=1 conj_indep_a73         seqscan           375.16 ms est=       546 act=       490
    none                 ext=1 conj_dep_a79           seqscan           374.47 ms est=       439 act=       538
    none                 ext=1 conj_indep_a79         seqscan           373.33 ms est=       469 act=       514
    none                 ext=1 conj_dep_a81           seqscan           375.19 ms est=       590 act=       479
    none                 ext=1 conj_indep_a81         seqscan           371.94 ms est=       542 act=       493
    none                 ext=1 conj_dep_a83           seqscan           369.16 ms est=       538 act=       497
    none                 ext=1 conj_indep_a83         seqscan           369.61 ms est=       540 act=       497
    btree_a_b_separate   ext=1 conj_dep_a48           bitmapscan          9.41 ms est=       482 act=       518
    btree_a_b_separate   ext=1 conj_indep_a48         bitmapscan          9.53 ms est=       507 act=       538
    btree_a_b_separate   ext=1 conj_dep_a73           bitmapscan          9.26 ms est=       561 act=       503
    btree_a_b_separate   ext=1 conj_indep_a73         bitmapscan          9.36 ms est=       492 act=       490
    btree_a_b_separate   ext=1 conj_dep_a79           bitmapscan          9.29 ms est=       508 act=       538
    btree_a_b_separate   ext=1 conj_indep_a79         bitmapscan          9.41 ms est=       510 act=       514
    btree_a_b_separate   ext=1 conj_dep_a81           bitmapscan          9.20 ms est=       446 act=       479
    btree_a_b_separate   ext=1 conj_indep_a81         bitmapscan          9.34 ms est=       492 act=       493
    btree_a_b_separate   ext=1 conj_dep_a83           bitmapscan          9.29 ms est=       477 act=       497
    btree_a_b_separate   ext=1 conj_indep_a83         bitmapscan          9.33 ms est=       487 act=       497
    btree_ab_composite   ext=1 conj_dep_a48           bitmapscan          0.20 ms est=       502 act=       518
    btree_ab_composite   ext=1 conj_indep_a48         bitmapscan          0.17 ms est=       511 act=       538
    btree_ab_composite   ext=1 conj_dep_a73           bitmapscan          0.17 ms est=       543 act=       503
    btree_ab_composite   ext=1 conj_indep_a73         bitmapscan          0.17 ms est=       544 act=       490
    btree_ab_composite   ext=1 conj_dep_a79           bitmapscan          0.18 ms est=       603 act=       538
    btree_ab_composite   ext=1 conj_indep_a79         bitmapscan          0.18 ms est=       568 act=       514
    btree_ab_composite   ext=1 conj_dep_a81           bitmapscan          0.16 ms est=       475 act=       479
    btree_ab_composite   ext=1 conj_indep_a81         bitmapscan          0.18 ms est=       515 act=       493
    btree_ab_composite   ext=1 conj_dep_a83           bitmapscan          0.17 ms est=       515 act=       497
    btree_ab_composite   ext=1 conj_indep_a83         bitmapscan          0.15 ms est=       513 act=       497
  218 new measurements
  dropped t_phys095, marked complete

=== dataset phys10 ===
  generated in 7.7s -> t_phys10.csv
  loaded in 5.8s
  ts correlation: designed=1.0 realised=1.0000 pg_stats=1.0
  34 queries
    none                 ext=0 eq_v902                seqscan           383.89 ms est=       500 act=       513
    none                 ext=0 eq_v1138               seqscan           382.34 ms est=       500 act=       487
    none                 ext=0 eq_v1346               seqscan           385.10 ms est=       500 act=       476
    none                 ext=0 eq_v1457               seqscan           374.34 ms est=       500 act=       418
    none                 ext=0 eq_v2642               seqscan           369.89 ms est=       500 act=       496
    none                 ext=0 eq_v4944               seqscan           365.17 ms est=       500 act=       584
    none                 ext=0 eq_v8910               seqscan           358.71 ms est=       500 act=       504
    none                 ext=0 eq_v8954               seqscan           355.26 ms est=       500 act=       524
    none                 ext=0 range_1e-05            seqscan           377.61 ms est=       500 act=       418
    none                 ext=0 tsrange_1e-05          seqscan           416.70 ms est=         1 act=        50
    none                 ext=0 range_0.0001           seqscan           381.90 ms est=       491 act=       500
    none                 ext=0 tsrange_0.0001         seqscan           417.63 ms est=         1 act=       500
    none                 ext=0 range_0.001            seqscan           382.71 ms est=      4511 act=      5000
    none                 ext=0 tsrange_0.001          seqscan           415.02 ms est=      4225 act=      5000
    none                 ext=0 range_0.01             seqscan           380.04 ms est=     45058 act=     50000
    none                 ext=0 tsrange_0.01           seqscan           415.12 ms est=     48094 act=     50000
    none                 ext=0 range_0.05             seqscan           381.70 ms est=    249956 act=    250000
    none                 ext=0 tsrange_0.05           seqscan           417.14 ms est=    251439 act=    250000
    none                 ext=0 range_0.1              seqscan           387.04 ms est=    490622 act=    500000
    none                 ext=0 tsrange_0.1            seqscan           420.69 ms est=    488857 act=    500000
    none                 ext=0 range_0.2              seqscan           395.55 ms est=   1006727 act=   1000000
    none                 ext=0 tsrange_0.2            seqscan           427.26 ms est=    979115 act=   1000000
    none                 ext=0 range_0.5              seqscan           424.62 ms est=   2500363 act=   2500000
    none                 ext=0 tsrange_0.5            seqscan           446.71 ms est=   2486567 act=   2500000
    none                 ext=0 conj_dep_a48           seqscan           369.48 ms est=       464 act=       518
    none                 ext=0 conj_indep_a48         seqscan           369.00 ms est=       539 act=       538
    none                 ext=0 conj_dep_a73           seqscan           368.57 ms est=       492 act=       503
    none                 ext=0 conj_indep_a73         seqscan           367.05 ms est=       516 act=       490
    none                 ext=0 conj_dep_a79           seqscan           365.42 ms est=       443 act=       538
    none                 ext=0 conj_indep_a79         seqscan           365.37 ms est=       485 act=       514
    none                 ext=0 conj_dep_a81           seqscan           363.29 ms est=       475 act=       479
    none                 ext=0 conj_indep_a81         seqscan           363.95 ms est=       486 act=       493
    none                 ext=0 conj_dep_a83           seqscan           362.72 ms est=       568 act=       497
    none                 ext=0 conj_indep_a83         seqscan           362.89 ms est=       515 act=       497
    btree_skew           ext=0 eq_v902                bitmapscan          0.17 ms est=       500 act=       513
    btree_skew           ext=0 eq_v1138               bitmapscan          0.17 ms est=       500 act=       487
    btree_skew           ext=0 eq_v1346               bitmapscan          0.18 ms est=       500 act=       476
    btree_skew           ext=0 eq_v1457               bitmapscan          0.16 ms est=       500 act=       418
    btree_skew           ext=0 eq_v2642               bitmapscan          0.16 ms est=       500 act=       496
    btree_skew           ext=0 eq_v4944               bitmapscan          0.21 ms est=       500 act=       584
    btree_skew           ext=0 eq_v8910               bitmapscan          0.17 ms est=       500 act=       504
    btree_skew           ext=0 eq_v8954               bitmapscan          0.17 ms est=       500 act=       524
    btree_skew           ext=0 range_1e-05            bitmapscan          0.13 ms est=       500 act=       418
    btree_skew           ext=0 range_0.0001           bitmapscan          0.17 ms est=       500 act=       500
    btree_skew           ext=0 range_0.001            bitmapscan          2.33 ms est=      4934 act=      5000
    btree_skew           ext=0 range_0.01             bitmapscan        134.59 ms est=     49225 act=     50000
    btree_skew           ext=0 range_0.05             bitmapscan        394.92 ms est=    251940 act=    250000
    btree_skew           ext=0 range_0.1              bitmapscan        421.59 ms est=    495300 act=    500000
    btree_skew           ext=0 range_0.2              bitmapscan        449.61 ms est=   1005877 act=   1000000
    btree_skew           ext=0 range_0.5              seqscan           337.00 ms est=   2498501 act=   2500000
    hash_skew            ext=0 eq_v902                bitmapscan          0.17 ms est=       497 act=       513
    hash_skew            ext=0 eq_v1138               bitmapscan          0.17 ms est=       497 act=       487
    hash_skew            ext=0 eq_v1346               bitmapscan          0.18 ms est=       497 act=       476
    hash_skew            ext=0 eq_v1457               bitmapscan          0.13 ms est=       497 act=       418
    hash_skew            ext=0 eq_v2642               bitmapscan          0.18 ms est=       497 act=       496
    hash_skew            ext=0 eq_v4944               bitmapscan          0.24 ms est=       497 act=       584
    hash_skew            ext=0 eq_v8910               bitmapscan          0.17 ms est=       497 act=       504
    hash_skew            ext=0 eq_v8954               bitmapscan          0.18 ms est=       497 act=       524
    brin_skew            ext=0 eq_v902                seqscan           357.66 ms est=       500 act=       513
    brin_skew            ext=0 eq_v1138               seqscan           357.82 ms est=       500 act=       487
    brin_skew            ext=0 eq_v1346               seqscan           358.08 ms est=       500 act=       476
    brin_skew            ext=0 eq_v1457               seqscan           357.27 ms est=       500 act=       418
    brin_skew            ext=0 eq_v2642               seqscan           357.08 ms est=       500 act=       496
    brin_skew            ext=0 eq_v4944               seqscan           357.89 ms est=       500 act=       584
    brin_skew            ext=0 eq_v8910               seqscan           357.70 ms est=       500 act=       504
    brin_skew            ext=0 eq_v8954               seqscan           355.11 ms est=       500 act=       524
    brin_skew            ext=0 range_1e-05            seqscan           383.27 ms est=       500 act=       418
    brin_skew            ext=0 range_0.0001           seqscan           385.68 ms est=       463 act=       500
    brin_skew            ext=0 range_0.001            seqscan           386.44 ms est=      5322 act=      5000
    brin_skew            ext=0 range_0.01             seqscan           383.05 ms est=     52347 act=     50000
    brin_skew            ext=0 range_0.05             seqscan           385.74 ms est=    251933 act=    250000
    brin_skew            ext=0 range_0.1              seqscan           389.18 ms est=    498573 act=    500000
    brin_skew            ext=0 range_0.2              seqscan           396.62 ms est=   1017169 act=   1000000
    brin_skew            ext=0 range_0.5              seqscan           426.30 ms est=   2513801 act=   2500000
    btree_a_b_separate   ext=0 conj_dep_a48           bitmapscan          9.23 ms est=       474 act=       518
    btree_a_b_separate   ext=0 conj_indep_a48         bitmapscan          8.75 ms est=       562 act=       538
    btree_a_b_separate   ext=0 conj_dep_a73           bitmapscan          8.66 ms est=       520 act=       503
    btree_a_b_separate   ext=0 conj_indep_a73         bitmapscan          8.75 ms est=       530 act=       490
    btree_a_b_separate   ext=0 conj_dep_a79           bitmapscan          8.99 ms est=       530 act=       538
    btree_a_b_separate   ext=0 conj_indep_a79         bitmapscan          8.85 ms est=       508 act=       514
    btree_a_b_separate   ext=0 conj_dep_a81           bitmapscan          8.71 ms est=       439 act=       479
    btree_a_b_separate   ext=0 conj_indep_a81         bitmapscan          9.09 ms est=       523 act=       493
    btree_a_b_separate   ext=0 conj_dep_a83           bitmapscan          8.67 ms est=       443 act=       497
    btree_a_b_separate   ext=0 conj_indep_a83         bitmapscan          8.80 ms est=       492 act=       497
    btree_ab_composite   ext=0 conj_dep_a48           bitmapscan          0.40 ms est=       469 act=       518
    btree_ab_composite   ext=0 conj_indep_a48         bitmapscan          0.19 ms est=       511 act=       538
    btree_ab_composite   ext=0 conj_dep_a73           bitmapscan          0.17 ms est=       457 act=       503
    btree_ab_composite   ext=0 conj_indep_a73         bitmapscan          0.16 ms est=       487 act=       490
    btree_ab_composite   ext=0 conj_dep_a79           bitmapscan          0.34 ms est=       503 act=       538
    btree_ab_composite   ext=0 conj_indep_a79         bitmapscan          0.18 ms est=       543 act=       514
    btree_ab_composite   ext=0 conj_dep_a81           bitmapscan          0.16 ms est=       453 act=       479
    btree_ab_composite   ext=0 conj_indep_a81         bitmapscan          0.18 ms est=       483 act=       493
    btree_ab_composite   ext=0 conj_dep_a83           bitmapscan          0.19 ms est=       497 act=       497
    btree_ab_composite   ext=0 conj_indep_a83         bitmapscan          0.16 ms est=       527 act=       497
    btree_ts             ext=0 tsrange_1e-05          indexscan           0.01 ms est=        49 act=        50
    btree_ts             ext=0 tsrange_0.0001         indexscan           0.04 ms est=       449 act=       500
    btree_ts             ext=0 tsrange_0.001          indexscan           0.32 ms est=      4551 act=      5000
    btree_ts             ext=0 tsrange_0.01           indexscan           3.05 ms est=     45646 act=     50000
    btree_ts             ext=0 tsrange_0.05           indexscan          15.48 ms est=    250812 act=    250000
    btree_ts             ext=0 tsrange_0.1            indexscan          31.12 ms est=    502201 act=    500000
    btree_ts             ext=0 tsrange_0.2            indexscan          94.36 ms est=   1004280 act=   1000000
    btree_ts             ext=0 tsrange_0.5            indexscan         302.24 ms est=   2494400 act=   2500000
    brin_ts              ext=0 tsrange_1e-05          bitmapscan          0.63 ms est=         1 act=        50
    brin_ts              ext=0 tsrange_0.0001         bitmapscan          0.63 ms est=         1 act=       500
    brin_ts              ext=0 tsrange_0.001          bitmapscan          0.67 ms est=      3923 act=      5000
    brin_ts              ext=0 tsrange_0.01           bitmapscan          3.82 ms est=     44471 act=     50000
    brin_ts              ext=0 tsrange_0.05           bitmapscan         18.38 ms est=    261867 act=    250000
    brin_ts              ext=0 tsrange_0.1            bitmapscan         33.92 ms est=    519834 act=    500000
    brin_ts              ext=0 tsrange_0.2            bitmapscan         67.59 ms est=   1016707 act=   1000000
    brin_ts              ext=0 tsrange_0.5            bitmapscan        293.09 ms est=   2526799 act=   2500000
    all                  ext=0 eq_v902                bitmapscan          0.19 ms est=       501 act=       513
    all                  ext=0 eq_v1138               bitmapscan          0.16 ms est=       501 act=       487
    all                  ext=0 eq_v1346               bitmapscan          0.17 ms est=       501 act=       476
    all                  ext=0 eq_v1457               bitmapscan          0.13 ms est=       501 act=       418
    all                  ext=0 eq_v2642               bitmapscan          0.16 ms est=       501 act=       496
    all                  ext=0 eq_v4944               bitmapscan          0.20 ms est=       501 act=       584
    all                  ext=0 eq_v8910               bitmapscan          0.16 ms est=       501 act=       504
    all                  ext=0 eq_v8954               bitmapscan          0.17 ms est=       501 act=       524
    all                  ext=0 range_1e-05            bitmapscan          0.13 ms est=       501 act=       418
    all                  ext=0 tsrange_1e-05          indexscan           0.02 ms est=        56 act=        50
    all                  ext=0 range_0.0001           bitmapscan          0.18 ms est=       501 act=       500
    all                  ext=0 tsrange_0.0001         indexscan           0.04 ms est=       513 act=       500
    all                  ext=0 range_0.001            indexscan           1.01 ms est=      5277 act=      5000
    all                  ext=0 tsrange_0.001          indexscan           0.32 ms est=      5199 act=      5000
    all                  ext=0 range_0.01             seqscan           315.99 ms est=     52855 act=     50000
    all                  ext=0 tsrange_0.01           indexscan           3.17 ms est=     52209 act=     50000
    all                  ext=0 range_0.05             seqscan           320.48 ms est=    244048 act=    250000
    all                  ext=0 tsrange_0.05           indexscan          15.56 ms est=    253533 act=    250000
    all                  ext=0 range_0.1              seqscan           321.76 ms est=    495790 act=    500000
    all                  ext=0 tsrange_0.1            indexscan          31.42 ms est=    501882 act=    500000
    all                  ext=0 range_0.2              seqscan           346.26 ms est=   1013577 act=   1000000
    all                  ext=0 tsrange_0.2            indexscan          95.53 ms est=   1006765 act=   1000000
    all                  ext=0 range_0.5              seqscan           409.64 ms est=   2499184 act=   2500000
    all                  ext=0 tsrange_0.5            indexscan         300.91 ms est=   2519178 act=   2500000
    all                  ext=0 conj_dep_a48           bitmapscan          0.20 ms est=       485 act=       518
    all                  ext=0 conj_indep_a48         bitmapscan          0.18 ms est=       478 act=       538
    all                  ext=0 conj_dep_a73           bitmapscan          0.19 ms est=       517 act=       503
    all                  ext=0 conj_indep_a73         bitmapscan          0.16 ms est=       523 act=       490
    all                  ext=0 conj_dep_a79           bitmapscan          0.17 ms est=       505 act=       538
    all                  ext=0 conj_indep_a79         bitmapscan          0.20 ms est=       517 act=       514
    all                  ext=0 conj_dep_a81           bitmapscan          0.17 ms est=       560 act=       479
    all                  ext=0 conj_indep_a81         bitmapscan          0.17 ms est=       551 act=       493
    all                  ext=0 conj_dep_a83           bitmapscan          0.19 ms est=       467 act=       497
    all                  ext=0 conj_indep_a83         bitmapscan          0.16 ms est=       512 act=       497
    all_no_brin          ext=0 eq_v902                bitmapscan          0.17 ms est=       498 act=       513
    all_no_brin          ext=0 eq_v1138               bitmapscan          0.33 ms est=       498 act=       487
    all_no_brin          ext=0 eq_v1346               bitmapscan          0.16 ms est=       498 act=       476
    all_no_brin          ext=0 eq_v1457               bitmapscan          0.23 ms est=       498 act=       418
    all_no_brin          ext=0 eq_v2642               bitmapscan          0.18 ms est=       498 act=       496
    all_no_brin          ext=0 eq_v4944               bitmapscan          0.28 ms est=       498 act=       584
    all_no_brin          ext=0 eq_v8910               bitmapscan          0.17 ms est=       498 act=       504
    all_no_brin          ext=0 eq_v8954               bitmapscan          0.35 ms est=       498 act=       524
    all_no_brin          ext=0 range_1e-05            bitmapscan          0.14 ms est=       498 act=       418
    all_no_brin          ext=0 tsrange_1e-05          indexscan           0.01 ms est=        47 act=        50
    all_no_brin          ext=0 range_0.0001           bitmapscan          0.25 ms est=       498 act=       500
    all_no_brin          ext=0 tsrange_0.0001         indexscan           0.05 ms est=       427 act=       500
    all_no_brin          ext=0 range_0.001            bitmapscan          2.30 ms est=      4326 act=      5000
    all_no_brin          ext=0 tsrange_0.001          indexscan           0.36 ms est=      4325 act=      5000
    all_no_brin          ext=0 range_0.01             bitmapscan        139.61 ms est=     42603 act=     50000
    all_no_brin          ext=0 tsrange_0.01           indexscan           3.24 ms est=     43377 act=     50000
    all_no_brin          ext=0 range_0.05             bitmapscan        405.57 ms est=    244341 act=    250000
    all_no_brin          ext=0 tsrange_0.05           indexscan          15.76 ms est=    237568 act=    250000
    all_no_brin          ext=0 range_0.1              bitmapscan        431.33 ms est=    502782 act=    500000
    all_no_brin          ext=0 tsrange_0.1            indexscan          31.50 ms est=    493701 act=    500000
    all_no_brin          ext=0 range_0.2              bitmapscan        462.45 ms est=   1012965 act=   1000000
    all_no_brin          ext=0 tsrange_0.2            indexscan         122.25 ms est=    993993 act=   1000000
    all_no_brin          ext=0 range_0.5              seqscan           415.53 ms est=   2509567 act=   2500000
    all_no_brin          ext=0 tsrange_0.5            indexscan         312.53 ms est=   2516897 act=   2500000
    all_no_brin          ext=0 conj_dep_a48           bitmapscan          0.17 ms est=       497 act=       518
    all_no_brin          ext=0 conj_indep_a48         bitmapscan          0.20 ms est=       475 act=       538
    all_no_brin          ext=0 conj_dep_a73           bitmapscan          0.17 ms est=       542 act=       503
    all_no_brin          ext=0 conj_indep_a73         bitmapscan          0.21 ms est=       540 act=       490
    all_no_brin          ext=0 conj_dep_a79           bitmapscan          0.19 ms est=       549 act=       538
    all_no_brin          ext=0 conj_indep_a79         bitmapscan          0.17 ms est=       544 act=       514
    all_no_brin          ext=0 conj_dep_a81           bitmapscan          0.24 ms est=       477 act=       479
    all_no_brin          ext=0 conj_indep_a81         bitmapscan          0.34 ms est=       487 act=       493
    all_no_brin          ext=0 conj_dep_a83           bitmapscan          0.16 ms est=       458 act=       497
    all_no_brin          ext=0 conj_indep_a83         bitmapscan          0.18 ms est=       486 act=       497
    all                  ext=1 conj_dep_a48           bitmapscan          0.17 ms est=       420 act=       518
    all                  ext=1 conj_indep_a48         bitmapscan          0.28 ms est=       387 act=       538
    all                  ext=1 conj_dep_a73           bitmapscan          0.17 ms est=       453 act=       503
    all                  ext=1 conj_indep_a73         bitmapscan          0.19 ms est=       461 act=       490
    all                  ext=1 conj_dep_a79           bitmapscan          0.18 ms est=       519 act=       538
    all                  ext=1 conj_indep_a79         bitmapscan          0.17 ms est=       461 act=       514
    all                  ext=1 conj_dep_a81           bitmapscan          0.18 ms est=       457 act=       479
    all                  ext=1 conj_indep_a81         bitmapscan          0.16 ms est=       539 act=       493
    all                  ext=1 conj_dep_a83           bitmapscan          0.19 ms est=       414 act=       497
    all                  ext=1 conj_indep_a83         bitmapscan          0.16 ms est=       459 act=       497
    none                 ext=1 conj_dep_a48           seqscan           389.20 ms est=       488 act=       518
    none                 ext=1 conj_indep_a48         seqscan           388.63 ms est=       471 act=       538
    none                 ext=1 conj_dep_a73           seqscan           388.72 ms est=       492 act=       503
    none                 ext=1 conj_indep_a73         seqscan           387.67 ms est=       433 act=       490
    none                 ext=1 conj_dep_a79           seqscan           384.30 ms est=       498 act=       538
    none                 ext=1 conj_indep_a79         seqscan           384.20 ms est=       488 act=       514
    none                 ext=1 conj_dep_a81           seqscan           381.59 ms est=       446 act=       479
    none                 ext=1 conj_indep_a81         seqscan           382.55 ms est=       509 act=       493
    none                 ext=1 conj_dep_a83           seqscan           382.08 ms est=       539 act=       497
    none                 ext=1 conj_indep_a83         seqscan           383.40 ms est=       524 act=       497
    btree_a_b_separate   ext=1 conj_dep_a48           bitmapscan          9.77 ms est=       560 act=       518
    btree_a_b_separate   ext=1 conj_indep_a48         bitmapscan          9.43 ms est=       538 act=       538
    btree_a_b_separate   ext=1 conj_dep_a73           bitmapscan          9.96 ms est=       441 act=       503
    btree_a_b_separate   ext=1 conj_indep_a73         bitmapscan          9.79 ms est=       458 act=       490
    btree_a_b_separate   ext=1 conj_dep_a79           bitmapscan         10.15 ms est=       517 act=       538
    btree_a_b_separate   ext=1 conj_indep_a79         bitmapscan          9.63 ms est=       515 act=       514
    btree_a_b_separate   ext=1 conj_dep_a81           bitmapscan          9.62 ms est=       530 act=       479
    btree_a_b_separate   ext=1 conj_indep_a81         bitmapscan          9.58 ms est=       516 act=       493
    btree_a_b_separate   ext=1 conj_dep_a83           bitmapscan          9.78 ms est=       456 act=       497
    btree_a_b_separate   ext=1 conj_indep_a83         bitmapscan          9.86 ms est=       501 act=       497
    btree_ab_composite   ext=1 conj_dep_a48           bitmapscan          0.16 ms est=       520 act=       518
    btree_ab_composite   ext=1 conj_indep_a48         bitmapscan          0.16 ms est=       542 act=       538
    btree_ab_composite   ext=1 conj_dep_a73           bitmapscan          0.15 ms est=       445 act=       503
    btree_ab_composite   ext=1 conj_indep_a73         bitmapscan          0.24 ms est=       502 act=       490
    btree_ab_composite   ext=1 conj_dep_a79           bitmapscan          0.17 ms est=       399 act=       538
    btree_ab_composite   ext=1 conj_indep_a79         bitmapscan          0.16 ms est=       494 act=       514
    btree_ab_composite   ext=1 conj_dep_a81           bitmapscan          0.14 ms est=       492 act=       479
    btree_ab_composite   ext=1 conj_indep_a81         bitmapscan          0.33 ms est=       492 act=       493
    btree_ab_composite   ext=1 conj_dep_a83           bitmapscan          0.16 ms est=       474 act=       497
    btree_ab_composite   ext=1 conj_indep_a83         bitmapscan          0.15 ms est=       499 act=       497
  218 new measurements
  dropped t_phys10, marked complete

Done. Raw results: G:\codes\Ass\DTMS\research\results\raw\measurements_5000k.jsonl
