Output tag: 2000k  ->  measurements_2000k.jsonl
Datasets: ['phys05', 'phys095', 'phys10']  rows=2000000
Already measured: 0 records
Server: PostgreSQL 17.1 on x86_64-windows, compiled by msvc-19.41.34123, 64-bit

=== dataset phys05 ===
  generated in 3.3s -> t_phys05.csv
  loaded in 2.5s
  ts correlation: designed=0.5 realised=0.4999 pg_stats=0.49985877
  34 queries
    none                 ext=0 eq_v1068               seqscan           143.99 ms est=       199 act=       208
    none                 ext=0 eq_v1149               seqscan           143.77 ms est=       199 act=       185
    none                 ext=0 eq_v4524               seqscan           143.50 ms est=       199 act=       260
    none                 ext=0 eq_v4997               seqscan           144.72 ms est=       199 act=       215
    none                 ext=0 eq_v5731               seqscan           144.31 ms est=       199 act=       202
    none                 ext=0 eq_v7192               seqscan           143.68 ms est=       199 act=       192
    none                 ext=0 eq_v8216               seqscan           145.41 ms est=       199 act=       197
    none                 ext=0 eq_v9793               seqscan           152.14 ms est=       199 act=       149
    none                 ext=0 range_1e-05            seqscan           141.02 ms est=       199 act=       149
    none                 ext=0 tsrange_1e-05          seqscan           171.34 ms est=         1 act=        20
    none                 ext=0 range_0.0001           seqscan           189.20 ms est=       199 act=       200
    none                 ext=0 tsrange_0.0001         seqscan           206.98 ms est=         1 act=       200
    none                 ext=0 range_0.001            seqscan           178.50 ms est=      2147 act=      2000
    none                 ext=0 tsrange_0.001          seqscan           176.00 ms est=      1403 act=      2000
    none                 ext=0 range_0.01             seqscan           160.31 ms est=     21044 act=     20000
    none                 ext=0 tsrange_0.01           seqscan           173.85 ms est=     16336 act=     20000
    none                 ext=0 range_0.05             seqscan           159.59 ms est=    100719 act=    100000
    none                 ext=0 tsrange_0.05           seqscan           165.49 ms est=     91537 act=    100000
    none                 ext=0 range_0.1              seqscan           152.16 ms est=    194841 act=    200000
    none                 ext=0 tsrange_0.1            seqscan           165.22 ms est=    191547 act=    200000
    none                 ext=0 range_0.2              seqscan           157.33 ms est=    397167 act=    400000
    none                 ext=0 tsrange_0.2            seqscan           167.62 ms est=    388505 act=    400000
    none                 ext=0 range_0.5              seqscan           165.68 ms est=    993172 act=   1000000
    none                 ext=0 tsrange_0.5            seqscan           179.86 ms est=    988260 act=   1000000
    none                 ext=0 conj_dep_a12           seqscan           146.99 ms est=       195 act=       220
    none                 ext=0 conj_indep_a12         seqscan           142.21 ms est=       199 act=       206
    none                 ext=0 conj_dep_a13           seqscan           142.58 ms est=       182 act=       194
    none                 ext=0 conj_indep_a13         seqscan           141.45 ms est=       187 act=       177
    none                 ext=0 conj_dep_a23           seqscan           141.36 ms est=       171 act=       203
    none                 ext=0 conj_indep_a23         seqscan           143.07 ms est=       188 act=       186
    none                 ext=0 conj_dep_a62           seqscan           139.99 ms est=       186 act=       181
    none                 ext=0 conj_indep_a62         seqscan           141.07 ms est=       182 act=       199
    none                 ext=0 conj_dep_a72           seqscan           139.61 ms est=       192 act=       200
    none                 ext=0 conj_indep_a72         seqscan           140.06 ms est=       205 act=       206
    btree_skew           ext=0 eq_v1068               bitmapscan          0.06 ms est=       200 act=       208
    btree_skew           ext=0 eq_v1149               bitmapscan          0.06 ms est=       200 act=       185
    btree_skew           ext=0 eq_v4524               bitmapscan          0.09 ms est=       200 act=       260
    btree_skew           ext=0 eq_v4997               bitmapscan          0.09 ms est=       200 act=       215
    btree_skew           ext=0 eq_v5731               bitmapscan          0.06 ms est=       200 act=       202
    btree_skew           ext=0 eq_v7192               bitmapscan          0.06 ms est=       200 act=       192
    btree_skew           ext=0 eq_v8216               bitmapscan          0.06 ms est=       200 act=       197
    btree_skew           ext=0 eq_v9793               bitmapscan          0.04 ms est=       200 act=       149
    btree_skew           ext=0 range_1e-05            bitmapscan          0.07 ms est=       200 act=       149
    btree_skew           ext=0 range_0.0001           bitmapscan          0.08 ms est=       200 act=       200
    btree_skew           ext=0 range_0.001            bitmapscan          1.05 ms est=      1891 act=      2000
    btree_skew           ext=0 range_0.01             bitmapscan         10.48 ms est=     19807 act=     20000
    btree_skew           ext=0 range_0.05             bitmapscan        109.70 ms est=    100014 act=    100000
    btree_skew           ext=0 range_0.1              bitmapscan        120.77 ms est=    200136 act=    200000
    btree_skew           ext=0 range_0.2              bitmapscan        136.26 ms est=    395188 act=    400000
    btree_skew           ext=0 range_0.5              bitmapscan        173.35 ms est=    992006 act=   1000000
    hash_skew            ext=0 eq_v1068               bitmapscan          0.08 ms est=       200 act=       208
    hash_skew            ext=0 eq_v1149               bitmapscan          0.07 ms est=       200 act=       185
    hash_skew            ext=0 eq_v4524               bitmapscan          0.11 ms est=       200 act=       260
    hash_skew            ext=0 eq_v4997               bitmapscan          0.08 ms est=       200 act=       215
    hash_skew            ext=0 eq_v5731               bitmapscan          0.06 ms est=       200 act=       202
    hash_skew            ext=0 eq_v7192               bitmapscan          0.08 ms est=       200 act=       192
    hash_skew            ext=0 eq_v8216               bitmapscan          0.07 ms est=       200 act=       197
    hash_skew            ext=0 eq_v9793               bitmapscan          0.05 ms est=       200 act=       149
    brin_skew            ext=0 eq_v1068               seqscan           127.43 ms est=       199 act=       208
    brin_skew            ext=0 eq_v1149               seqscan           127.38 ms est=       199 act=       185
    brin_skew            ext=0 eq_v4524               seqscan           125.17 ms est=       199 act=       260
    brin_skew            ext=0 eq_v4997               seqscan           124.14 ms est=       199 act=       215
    brin_skew            ext=0 eq_v5731               seqscan           123.79 ms est=       199 act=       202
    brin_skew            ext=0 eq_v7192               seqscan           123.53 ms est=       199 act=       192
    brin_skew            ext=0 eq_v8216               seqscan           123.61 ms est=       199 act=       197
    brin_skew            ext=0 eq_v9793               seqscan           122.14 ms est=       199 act=       149
    brin_skew            ext=0 range_1e-05            seqscan           121.03 ms est=       199 act=       149
    brin_skew            ext=0 range_0.0001           seqscan           133.09 ms est=       199 act=       200
    brin_skew            ext=0 range_0.001            seqscan           137.50 ms est=      2028 act=      2000
    brin_skew            ext=0 range_0.01             seqscan           134.77 ms est=     19455 act=     20000
    brin_skew            ext=0 range_0.05             seqscan           135.37 ms est=     99671 act=    100000
    brin_skew            ext=0 range_0.1              seqscan           135.39 ms est=    200109 act=    200000
    brin_skew            ext=0 range_0.2              seqscan           140.59 ms est=    402902 act=    400000
    brin_skew            ext=0 range_0.5              seqscan           151.59 ms est=    998315 act=   1000000
    btree_a_b_separate   ext=0 conj_dep_a12           bitmapscan          4.44 ms est=       212 act=       220
    btree_a_b_separate   ext=0 conj_indep_a12         bitmapscan          4.31 ms est=       200 act=       206
    btree_a_b_separate   ext=0 conj_dep_a13           bitmapscan          4.15 ms est=       198 act=       194
    btree_a_b_separate   ext=0 conj_indep_a13         bitmapscan          4.19 ms est=       197 act=       177
    btree_a_b_separate   ext=0 conj_dep_a23           bitmapscan          4.16 ms est=       205 act=       203
    btree_a_b_separate   ext=0 conj_indep_a23         bitmapscan          4.22 ms est=       213 act=       186
    btree_a_b_separate   ext=0 conj_dep_a62           bitmapscan          4.10 ms est=       174 act=       181
    btree_a_b_separate   ext=0 conj_indep_a62         bitmapscan          4.10 ms est=       184 act=       199
    btree_a_b_separate   ext=0 conj_dep_a72           bitmapscan          4.12 ms est=       196 act=       200
    btree_a_b_separate   ext=0 conj_indep_a72         bitmapscan          4.16 ms est=       212 act=       206
    btree_ab_composite   ext=0 conj_dep_a12           bitmapscan          0.07 ms est=       190 act=       220
    btree_ab_composite   ext=0 conj_indep_a12         bitmapscan          0.06 ms est=       206 act=       206
    btree_ab_composite   ext=0 conj_dep_a13           bitmapscan          0.06 ms est=       225 act=       194
    btree_ab_composite   ext=0 conj_indep_a13         bitmapscan          0.06 ms est=       231 act=       177
    btree_ab_composite   ext=0 conj_dep_a23           bitmapscan          0.08 ms est=       185 act=       203
    btree_ab_composite   ext=0 conj_indep_a23         bitmapscan          0.06 ms est=       215 act=       186
    btree_ab_composite   ext=0 conj_dep_a62           bitmapscan          0.06 ms est=       215 act=       181
    btree_ab_composite   ext=0 conj_indep_a62         bitmapscan          0.07 ms est=       199 act=       199
    btree_ab_composite   ext=0 conj_dep_a72           bitmapscan          0.06 ms est=       199 act=       200
    btree_ab_composite   ext=0 conj_indep_a72         bitmapscan          0.10 ms est=       183 act=       206
    btree_ts             ext=0 tsrange_1e-05          indexscan           0.01 ms est=        17 act=        20
    btree_ts             ext=0 tsrange_0.0001         indexscan           0.04 ms est=       210 act=       200
    btree_ts             ext=0 tsrange_0.001          indexscan           0.30 ms est=      2082 act=      2000
    btree_ts             ext=0 tsrange_0.01           bitmapscan          6.04 ms est=     20561 act=     20000
    btree_ts             ext=0 tsrange_0.05           bitmapscan         96.14 ms est=     97870 act=    100000
    btree_ts             ext=0 tsrange_0.1            bitmapscan        120.47 ms est=    196396 act=    200000
    btree_ts             ext=0 tsrange_0.2            bitmapscan        139.89 ms est=    392617 act=    400000
    btree_ts             ext=0 tsrange_0.5            seqscan           135.71 ms est=    998383 act=   1000000
    brin_ts              ext=0 tsrange_1e-05          bitmapscan          8.24 ms est=         1 act=        20
    brin_ts              ext=0 tsrange_0.0001         bitmapscan         49.97 ms est=         1 act=       200
    brin_ts              ext=0 tsrange_0.001          bitmapscan        229.36 ms est=      1662 act=      2000
    brin_ts              ext=0 tsrange_0.01           bitmapscan        230.73 ms est=     18908 act=     20000
    brin_ts              ext=0 tsrange_0.05           bitmapscan        232.72 ms est=     95253 act=    100000
    brin_ts              ext=0 tsrange_0.1            bitmapscan        226.42 ms est=    196431 act=    200000
    brin_ts              ext=0 tsrange_0.2            bitmapscan        229.12 ms est=    394406 act=    400000
    brin_ts              ext=0 tsrange_0.5            seqscan           139.15 ms est=    990944 act=   1000000
    all                  ext=0 eq_v1068               bitmapscan          0.07 ms est=       200 act=       208
    all                  ext=0 eq_v1149               bitmapscan          0.08 ms est=       200 act=       185
    all                  ext=0 eq_v4524               bitmapscan          0.12 ms est=       200 act=       260
    all                  ext=0 eq_v4997               bitmapscan          0.08 ms est=       200 act=       215
    all                  ext=0 eq_v5731               bitmapscan          0.07 ms est=       200 act=       202
    all                  ext=0 eq_v7192               bitmapscan          0.08 ms est=       200 act=       192
    all                  ext=0 eq_v8216               bitmapscan          0.08 ms est=       200 act=       197
    all                  ext=0 eq_v9793               bitmapscan          0.06 ms est=       200 act=       149
    all                  ext=0 range_1e-05            bitmapscan          0.05 ms est=       200 act=       149
    all                  ext=0 tsrange_1e-05          indexscan           0.01 ms est=        18 act=        20
    all                  ext=0 range_0.0001           bitmapscan          0.06 ms est=       200 act=       200
    all                  ext=0 tsrange_0.0001         indexscan           0.04 ms est=       212 act=       200
    all                  ext=0 range_0.001            indexscan           0.32 ms est=      2107 act=      2000
    all                  ext=0 tsrange_0.001          indexscan           0.29 ms est=      2105 act=      2000
    all                  ext=0 range_0.01             seqscan           141.48 ms est=     20572 act=     20000
    all                  ext=0 tsrange_0.01           bitmapscan        231.57 ms est=     20767 act=     20000
    all                  ext=0 range_0.05             seqscan           107.33 ms est=    101675 act=    100000
    all                  ext=0 tsrange_0.05           bitmapscan        228.16 ms est=     97936 act=    100000
    all                  ext=0 range_0.1              seqscan           110.99 ms est=    201229 act=    200000
    all                  ext=0 tsrange_0.1            bitmapscan        227.40 ms est=    197614 act=    200000
    all                  ext=0 range_0.2              seqscan           112.41 ms est=    396401 act=    400000
    all                  ext=0 tsrange_0.2            bitmapscan        228.94 ms est=    396486 act=    400000
    all                  ext=0 range_0.5              seqscan           126.97 ms est=    996977 act=   1000000
    all                  ext=0 tsrange_0.5            seqscan           135.25 ms est=    996766 act=   1000000
    all                  ext=0 conj_dep_a12           bitmapscan          0.07 ms est=       207 act=       220
    all                  ext=0 conj_indep_a12         bitmapscan          0.07 ms est=       210 act=       206
    all                  ext=0 conj_dep_a13           bitmapscan          0.07 ms est=       184 act=       194
    all                  ext=0 conj_indep_a13         bitmapscan          0.06 ms est=       199 act=       177
    all                  ext=0 conj_dep_a23           bitmapscan          0.07 ms est=       189 act=       203
    all                  ext=0 conj_indep_a23         bitmapscan          0.06 ms est=       184 act=       186
    all                  ext=0 conj_dep_a62           bitmapscan          0.06 ms est=       197 act=       181
    all                  ext=0 conj_indep_a62         bitmapscan          0.07 ms est=       194 act=       199
    all                  ext=0 conj_dep_a72           bitmapscan          0.06 ms est=       177 act=       200
    all                  ext=0 conj_indep_a72         bitmapscan          0.08 ms est=       179 act=       206
    all_no_brin          ext=0 eq_v1068               bitmapscan          0.08 ms est=       199 act=       208
    all_no_brin          ext=0 eq_v1149               bitmapscan          0.06 ms est=       199 act=       185
    all_no_brin          ext=0 eq_v4524               bitmapscan          0.09 ms est=       199 act=       260
    all_no_brin          ext=0 eq_v4997               bitmapscan          0.07 ms est=       199 act=       215
    all_no_brin          ext=0 eq_v5731               bitmapscan          0.07 ms est=       199 act=       202
    all_no_brin          ext=0 eq_v7192               bitmapscan          0.08 ms est=       199 act=       192
    all_no_brin          ext=0 eq_v8216               bitmapscan          0.07 ms est=       199 act=       197
    all_no_brin          ext=0 eq_v9793               bitmapscan          0.05 ms est=       199 act=       149
    all_no_brin          ext=0 range_1e-05            bitmapscan          0.04 ms est=       199 act=       149
    all_no_brin          ext=0 tsrange_1e-05          indexscan           0.01 ms est=        17 act=        20
    all_no_brin          ext=0 range_0.0001           bitmapscan          0.06 ms est=       199 act=       200
    all_no_brin          ext=0 tsrange_0.0001         indexscan           0.04 ms est=       207 act=       200
    all_no_brin          ext=0 range_0.001            bitmapscan          0.73 ms est=      1975 act=      2000
    all_no_brin          ext=0 tsrange_0.001          indexscan           0.29 ms est=      2054 act=      2000
    all_no_brin          ext=0 range_0.01             bitmapscan          8.80 ms est=     19414 act=     20000
    all_no_brin          ext=0 tsrange_0.01           bitmapscan          5.88 ms est=     20326 act=     20000
    all_no_brin          ext=0 range_0.05             bitmapscan        109.39 ms est=     99804 act=    100000
    all_no_brin          ext=0 tsrange_0.05           bitmapscan         97.00 ms est=    103205 act=    100000
    all_no_brin          ext=0 range_0.1              bitmapscan        120.01 ms est=    198160 act=    200000
    all_no_brin          ext=0 tsrange_0.1            bitmapscan        119.55 ms est=    206647 act=    200000
    all_no_brin          ext=0 range_0.2              bitmapscan        134.80 ms est=    395271 act=    400000
    all_no_brin          ext=0 tsrange_0.2            bitmapscan        140.63 ms est=    407262 act=    400000
    all_no_brin          ext=0 range_0.5              bitmapscan        173.47 ms est=    992968 act=   1000000
    all_no_brin          ext=0 tsrange_0.5            seqscan           132.85 ms est=   1004338 act=   1000000
    all_no_brin          ext=0 conj_dep_a12           bitmapscan          0.08 ms est=       223 act=       220
    all_no_brin          ext=0 conj_indep_a12         bitmapscan          0.07 ms est=       228 act=       206
    all_no_brin          ext=0 conj_dep_a13           bitmapscan          0.06 ms est=       166 act=       194
    all_no_brin          ext=0 conj_indep_a13         bitmapscan          0.05 ms est=       187 act=       177
    all_no_brin          ext=0 conj_dep_a23           bitmapscan          0.08 ms est=       174 act=       203
    all_no_brin          ext=0 conj_indep_a23         bitmapscan          0.08 ms est=       187 act=       186
    all_no_brin          ext=0 conj_dep_a62           bitmapscan          0.06 ms est=       213 act=       181
    all_no_brin          ext=0 conj_indep_a62         bitmapscan          0.08 ms est=       209 act=       199
    all_no_brin          ext=0 conj_dep_a72           bitmapscan          0.06 ms est=       192 act=       200
    all_no_brin          ext=0 conj_indep_a72         bitmapscan          0.06 ms est=       215 act=       206
    all                  ext=1 conj_dep_a12           bitmapscan          0.07 ms est=       188 act=       220
    all                  ext=1 conj_indep_a12         bitmapscan          0.07 ms est=       187 act=       206
    all                  ext=1 conj_dep_a13           bitmapscan          0.07 ms est=       177 act=       194
    all                  ext=1 conj_indep_a13         bitmapscan          0.07 ms est=       168 act=       177
    all                  ext=1 conj_dep_a23           bitmapscan          0.07 ms est=       207 act=       203
    all                  ext=1 conj_indep_a23         bitmapscan          0.07 ms est=       192 act=       186
    all                  ext=1 conj_dep_a62           bitmapscan          0.07 ms est=       203 act=       181
    all                  ext=1 conj_indep_a62         bitmapscan          0.07 ms est=       203 act=       199
    all                  ext=1 conj_dep_a72           bitmapscan          0.08 ms est=       190 act=       200
    all                  ext=1 conj_indep_a72         bitmapscan          0.08 ms est=       192 act=       206
    none                 ext=1 conj_dep_a12           seqscan           137.09 ms est=       181 act=       220
    none                 ext=1 conj_indep_a12         seqscan           137.12 ms est=       183 act=       206
    none                 ext=1 conj_dep_a13           seqscan           135.78 ms est=       177 act=       194
    none                 ext=1 conj_indep_a13         seqscan           136.59 ms est=       186 act=       177
    none                 ext=1 conj_dep_a23           seqscan           136.65 ms est=       182 act=       203
    none                 ext=1 conj_indep_a23         seqscan           137.35 ms est=       187 act=       186
    none                 ext=1 conj_dep_a62           seqscan           134.28 ms est=       202 act=       181
    none                 ext=1 conj_indep_a62         seqscan           134.87 ms est=       199 act=       199
    none                 ext=1 conj_dep_a72           seqscan           134.54 ms est=       203 act=       200
    none                 ext=1 conj_indep_a72         seqscan           133.52 ms est=       188 act=       206
    btree_a_b_separate   ext=1 conj_dep_a12           bitmapscan          4.01 ms est=       189 act=       220
    btree_a_b_separate   ext=1 conj_indep_a12         bitmapscan          3.98 ms est=       197 act=       206
    btree_a_b_separate   ext=1 conj_dep_a13           bitmapscan          3.91 ms est=       208 act=       194
    btree_a_b_separate   ext=1 conj_indep_a13         bitmapscan          3.90 ms est=       241 act=       177
    btree_a_b_separate   ext=1 conj_dep_a23           bitmapscan          3.67 ms est=       202 act=       203
    btree_a_b_separate   ext=1 conj_indep_a23         bitmapscan          3.44 ms est=       190 act=       186
    btree_a_b_separate   ext=1 conj_dep_a62           bitmapscan          3.60 ms est=       205 act=       181
    btree_a_b_separate   ext=1 conj_indep_a62         bitmapscan          3.51 ms est=       197 act=       199
    btree_a_b_separate   ext=1 conj_dep_a72           bitmapscan          3.63 ms est=       189 act=       200
    btree_a_b_separate   ext=1 conj_indep_a72         bitmapscan          3.56 ms est=       201 act=       206
    btree_ab_composite   ext=1 conj_dep_a12           bitmapscan          0.07 ms est=       222 act=       220
    btree_ab_composite   ext=1 conj_indep_a12         bitmapscan          0.07 ms est=       202 act=       206
    btree_ab_composite   ext=1 conj_dep_a13           bitmapscan          0.07 ms est=       200 act=       194
    btree_ab_composite   ext=1 conj_indep_a13         bitmapscan          0.09 ms est=       202 act=       177
    btree_ab_composite   ext=1 conj_dep_a23           bitmapscan          0.07 ms est=       192 act=       203
    btree_ab_composite   ext=1 conj_indep_a23         bitmapscan          0.06 ms est=       192 act=       186
    btree_ab_composite   ext=1 conj_dep_a62           bitmapscan          0.05 ms est=       202 act=       181
    btree_ab_composite   ext=1 conj_indep_a62         bitmapscan          0.06 ms est=       222 act=       199
    btree_ab_composite   ext=1 conj_dep_a72           bitmapscan          0.07 ms est=       183 act=       200
    btree_ab_composite   ext=1 conj_indep_a72         bitmapscan          0.07 ms est=       184 act=       206
  218 new measurements
  dropped t_phys05, marked complete

=== dataset phys095 ===
  generated in 3.2s -> t_phys095.csv
  loaded in 2.5s
  ts correlation: designed=0.95 realised=0.9498 pg_stats=0.9495534
  34 queries
    none                 ext=0 eq_v1068               seqscan           145.70 ms est=       199 act=       208
    none                 ext=0 eq_v1149               seqscan           146.76 ms est=       199 act=       185
    none                 ext=0 eq_v4524               seqscan           145.46 ms est=       199 act=       260
    none                 ext=0 eq_v4997               seqscan           148.01 ms est=       199 act=       215
    none                 ext=0 eq_v5731               seqscan           147.01 ms est=       199 act=       202
    none                 ext=0 eq_v7192               seqscan           144.31 ms est=       199 act=       192
    none                 ext=0 eq_v8216               seqscan           146.41 ms est=       199 act=       197
    none                 ext=0 eq_v9793               seqscan           146.66 ms est=       199 act=       149
    none                 ext=0 range_1e-05            seqscan           145.48 ms est=       199 act=       149
    none                 ext=0 tsrange_1e-05          seqscan           171.10 ms est=         1 act=        20
    none                 ext=0 range_0.0001           seqscan           157.10 ms est=       199 act=       200
    none                 ext=0 tsrange_0.0001         seqscan           171.69 ms est=         1 act=       200
    none                 ext=0 range_0.001            seqscan           154.27 ms est=      1759 act=      2000
    none                 ext=0 tsrange_0.001          seqscan           170.39 ms est=      1811 act=      2000
    none                 ext=0 range_0.01             seqscan           153.03 ms est=     18542 act=     20000
    none                 ext=0 tsrange_0.01           seqscan           169.03 ms est=     19982 act=     20000
    none                 ext=0 range_0.05             seqscan           152.69 ms est=     99229 act=    100000
    none                 ext=0 tsrange_0.05           seqscan           168.29 ms est=     98900 act=    100000
    none                 ext=0 range_0.1              seqscan           155.89 ms est=    203715 act=    200000
    none                 ext=0 tsrange_0.1            seqscan           168.68 ms est=    197048 act=    200000
    none                 ext=0 range_0.2              seqscan           156.53 ms est=    403747 act=    400000
    none                 ext=0 tsrange_0.2            seqscan           168.58 ms est=    398497 act=    400000
    none                 ext=0 range_0.5              seqscan           166.76 ms est=   1000978 act=   1000000
    none                 ext=0 tsrange_0.5            seqscan           172.53 ms est=    991207 act=   1000000
    none                 ext=0 conj_dep_a12           seqscan           140.71 ms est=       214 act=       220
    none                 ext=0 conj_indep_a12         seqscan           137.67 ms est=       209 act=       206
    none                 ext=0 conj_dep_a13           seqscan           133.42 ms est=       186 act=       194
    none                 ext=0 conj_indep_a13         seqscan           131.51 ms est=       213 act=       177
    none                 ext=0 conj_dep_a23           seqscan           128.54 ms est=       203 act=       203
    none                 ext=0 conj_indep_a23         seqscan           130.65 ms est=       208 act=       186
    none                 ext=0 conj_dep_a62           seqscan           127.18 ms est=       216 act=       181
    none                 ext=0 conj_indep_a62         seqscan           127.52 ms est=       221 act=       199
    none                 ext=0 conj_dep_a72           seqscan           127.84 ms est=       205 act=       200
    none                 ext=0 conj_indep_a72         seqscan           126.94 ms est=       187 act=       206
    btree_skew           ext=0 eq_v1068               bitmapscan          0.06 ms est=       200 act=       208
    btree_skew           ext=0 eq_v1149               bitmapscan          0.05 ms est=       200 act=       185
    btree_skew           ext=0 eq_v4524               bitmapscan          0.12 ms est=       200 act=       260
    btree_skew           ext=0 eq_v4997               bitmapscan          0.12 ms est=       200 act=       215
    btree_skew           ext=0 eq_v5731               bitmapscan          0.10 ms est=       200 act=       202
    btree_skew           ext=0 eq_v7192               bitmapscan          0.07 ms est=       200 act=       192
    btree_skew           ext=0 eq_v8216               bitmapscan          0.08 ms est=       200 act=       197
    btree_skew           ext=0 eq_v9793               bitmapscan          0.06 ms est=       200 act=       149
    btree_skew           ext=0 range_1e-05            bitmapscan          0.05 ms est=       200 act=       149
    btree_skew           ext=0 range_0.0001           bitmapscan          0.07 ms est=       200 act=       200
    btree_skew           ext=0 range_0.001            bitmapscan          0.72 ms est=      1909 act=      2000
    btree_skew           ext=0 range_0.01             bitmapscan          8.88 ms est=     19345 act=     20000
    btree_skew           ext=0 range_0.05             bitmapscan        108.10 ms est=     98240 act=    100000
    btree_skew           ext=0 range_0.1              bitmapscan        121.84 ms est=    192853 act=    200000
    btree_skew           ext=0 range_0.2              bitmapscan        132.89 ms est=    393883 act=    400000
    btree_skew           ext=0 range_0.5              bitmapscan        168.16 ms est=    991236 act=   1000000
    hash_skew            ext=0 eq_v1068               bitmapscan          0.08 ms est=       199 act=       208
    hash_skew            ext=0 eq_v1149               bitmapscan          0.06 ms est=       199 act=       185
    hash_skew            ext=0 eq_v4524               bitmapscan          0.09 ms est=       199 act=       260
    hash_skew            ext=0 eq_v4997               bitmapscan          0.08 ms est=       199 act=       215
    hash_skew            ext=0 eq_v5731               bitmapscan          0.07 ms est=       199 act=       202
    hash_skew            ext=0 eq_v7192               bitmapscan          0.07 ms est=       199 act=       192
    hash_skew            ext=0 eq_v8216               bitmapscan          0.06 ms est=       199 act=       197
    hash_skew            ext=0 eq_v9793               bitmapscan          0.05 ms est=       199 act=       149
    brin_skew            ext=0 eq_v1068               seqscan           121.09 ms est=       201 act=       208
    brin_skew            ext=0 eq_v1149               seqscan           120.43 ms est=       201 act=       185
    brin_skew            ext=0 eq_v4524               seqscan           120.62 ms est=       201 act=       260
    brin_skew            ext=0 eq_v4997               seqscan           120.14 ms est=       201 act=       215
    brin_skew            ext=0 eq_v5731               seqscan           119.08 ms est=       201 act=       202
    brin_skew            ext=0 eq_v7192               seqscan           119.09 ms est=       201 act=       192
    brin_skew            ext=0 eq_v8216               seqscan           118.59 ms est=       201 act=       197
    brin_skew            ext=0 eq_v9793               seqscan           117.69 ms est=       201 act=       149
    brin_skew            ext=0 range_1e-05            seqscan           117.01 ms est=       201 act=       149
    brin_skew            ext=0 range_0.0001           seqscan           128.79 ms est=       201 act=       200
    brin_skew            ext=0 range_0.001            seqscan           129.16 ms est=      2093 act=      2000
    brin_skew            ext=0 range_0.01             seqscan           130.77 ms est=     20884 act=     20000
    brin_skew            ext=0 range_0.05             seqscan           130.43 ms est=    100545 act=    100000
    brin_skew            ext=0 range_0.1              seqscan           134.71 ms est=    198341 act=    200000
    brin_skew            ext=0 range_0.2              seqscan           135.78 ms est=    402183 act=    400000
    brin_skew            ext=0 range_0.5              seqscan           149.74 ms est=   1003997 act=   1000000
    btree_a_b_separate   ext=0 conj_dep_a12           bitmapscan          4.37 ms est=       237 act=       220
    btree_a_b_separate   ext=0 conj_indep_a12         bitmapscan          4.13 ms est=       239 act=       206
    btree_a_b_separate   ext=0 conj_dep_a13           bitmapscan          3.94 ms est=       187 act=       194
    btree_a_b_separate   ext=0 conj_indep_a13         bitmapscan          3.97 ms est=       203 act=       177
    btree_a_b_separate   ext=0 conj_dep_a23           bitmapscan          3.90 ms est=       184 act=       203
    btree_a_b_separate   ext=0 conj_indep_a23         bitmapscan          3.93 ms est=       188 act=       186
    btree_a_b_separate   ext=0 conj_dep_a62           bitmapscan          3.91 ms est=       203 act=       181
    btree_a_b_separate   ext=0 conj_indep_a62         bitmapscan          3.90 ms est=       202 act=       199
    btree_a_b_separate   ext=0 conj_dep_a72           bitmapscan          3.92 ms est=       211 act=       200
    btree_a_b_separate   ext=0 conj_indep_a72         bitmapscan          3.94 ms est=       207 act=       206
    btree_ab_composite   ext=0 conj_dep_a12           bitmapscan          0.09 ms est=       183 act=       220
    btree_ab_composite   ext=0 conj_indep_a12         bitmapscan          0.07 ms est=       229 act=       206
    btree_ab_composite   ext=0 conj_dep_a13           bitmapscan          0.07 ms est=       236 act=       194
    btree_ab_composite   ext=0 conj_indep_a13         bitmapscan          0.06 ms est=       195 act=       177
    btree_ab_composite   ext=0 conj_dep_a23           bitmapscan          0.07 ms est=       180 act=       203
    btree_ab_composite   ext=0 conj_indep_a23         bitmapscan          0.13 ms est=       189 act=       186
    btree_ab_composite   ext=0 conj_dep_a62           bitmapscan          0.06 ms est=       233 act=       181
    btree_ab_composite   ext=0 conj_indep_a62         bitmapscan          0.07 ms est=       186 act=       199
    btree_ab_composite   ext=0 conj_dep_a72           bitmapscan          0.07 ms est=       182 act=       200
    btree_ab_composite   ext=0 conj_indep_a72         bitmapscan          0.07 ms est=       201 act=       206
    btree_ts             ext=0 tsrange_1e-05          indexscan           0.01 ms est=        17 act=        20
    btree_ts             ext=0 tsrange_0.0001         indexscan           0.02 ms est=       206 act=       200
    btree_ts             ext=0 tsrange_0.001          indexscan           0.16 ms est=      2048 act=      2000
    btree_ts             ext=0 tsrange_0.01           indexscan           1.48 ms est=     20262 act=     20000
    btree_ts             ext=0 tsrange_0.05           indexscan           8.34 ms est=    101236 act=    100000
    btree_ts             ext=0 tsrange_0.1            indexscan          17.14 ms est=    203391 act=    200000
    btree_ts             ext=0 tsrange_0.2            indexscan          80.55 ms est=    395390 act=    400000
    btree_ts             ext=0 tsrange_0.5            indexscan         234.51 ms est=   1003372 act=   1000000
    brin_ts              ext=0 tsrange_1e-05          bitmapscan          0.60 ms est=         1 act=        20
    brin_ts              ext=0 tsrange_0.0001         bitmapscan          8.99 ms est=         1 act=       200
    brin_ts              ext=0 tsrange_0.001          bitmapscan         52.18 ms est=      1883 act=      2000
    brin_ts              ext=0 tsrange_0.01           bitmapscan        227.78 ms est=     21575 act=     20000
    brin_ts              ext=0 tsrange_0.05           bitmapscan        231.57 ms est=    103054 act=    100000
    brin_ts              ext=0 tsrange_0.1            bitmapscan        233.63 ms est=    197236 act=    200000
    brin_ts              ext=0 tsrange_0.2            bitmapscan        235.01 ms est=    394578 act=    400000
    brin_ts              ext=0 tsrange_0.5            bitmapscan        240.46 ms est=    993365 act=   1000000
    all                  ext=0 eq_v1068               bitmapscan          0.09 ms est=       199 act=       208
    all                  ext=0 eq_v1149               bitmapscan          0.06 ms est=       199 act=       185
    all                  ext=0 eq_v4524               bitmapscan          0.09 ms est=       199 act=       260
    all                  ext=0 eq_v4997               bitmapscan          0.07 ms est=       199 act=       215
    all                  ext=0 eq_v5731               bitmapscan          0.08 ms est=       199 act=       202
    all                  ext=0 eq_v7192               bitmapscan          0.07 ms est=       199 act=       192
    all                  ext=0 eq_v8216               bitmapscan          0.06 ms est=       199 act=       197
    all                  ext=0 eq_v9793               bitmapscan          0.05 ms est=       199 act=       149
    all                  ext=0 range_1e-05            bitmapscan          0.05 ms est=       199 act=       149
    all                  ext=0 tsrange_1e-05          indexscan           0.01 ms est=        17 act=        20
    all                  ext=0 range_0.0001           bitmapscan          0.10 ms est=       199 act=       200
    all                  ext=0 tsrange_0.0001         indexscan           0.02 ms est=       202 act=       200
    all                  ext=0 range_0.001            indexscan           0.33 ms est=      2067 act=      2000
    all                  ext=0 tsrange_0.001          indexscan           0.16 ms est=      2008 act=      2000
    all                  ext=0 range_0.01             bitmapscan        216.44 ms est=     20745 act=     20000
    all                  ext=0 tsrange_0.01           indexscan           1.62 ms est=     19881 act=     20000
    all                  ext=0 range_0.05             seqscan           105.13 ms est=    105031 act=    100000
    all                  ext=0 tsrange_0.05           indexscan           8.25 ms est=    101256 act=    100000
    all                  ext=0 range_0.1              seqscan           111.33 ms est=    204679 act=    200000
    all                  ext=0 tsrange_0.1            indexscan          17.34 ms est=    198990 act=    200000
    all                  ext=0 range_0.2              seqscan           123.51 ms est=    403234 act=    400000
    all                  ext=0 tsrange_0.2            indexscan          84.65 ms est=    403305 act=    400000
    all                  ext=0 range_0.5              seqscan           145.50 ms est=   1010388 act=   1000000
    all                  ext=0 tsrange_0.5            bitmapscan        230.93 ms est=   1006742 act=   1000000
    all                  ext=0 conj_dep_a12           bitmapscan          0.08 ms est=       224 act=       220
    all                  ext=0 conj_indep_a12         bitmapscan          0.08 ms est=       188 act=       206
    all                  ext=0 conj_dep_a13           bitmapscan          0.06 ms est=       213 act=       194
    all                  ext=0 conj_indep_a13         bitmapscan          0.06 ms est=       204 act=       177
    all                  ext=0 conj_dep_a23           bitmapscan          0.07 ms est=       202 act=       203
    all                  ext=0 conj_indep_a23         bitmapscan          0.06 ms est=       193 act=       186
    all                  ext=0 conj_dep_a62           bitmapscan          0.06 ms est=       180 act=       181
    all                  ext=0 conj_indep_a62         bitmapscan          0.09 ms est=       214 act=       199
    all                  ext=0 conj_dep_a72           bitmapscan          0.06 ms est=       189 act=       200
    all                  ext=0 conj_indep_a72         bitmapscan          0.07 ms est=       184 act=       206
    all_no_brin          ext=0 eq_v1068               bitmapscan          0.07 ms est=       200 act=       208
    all_no_brin          ext=0 eq_v1149               bitmapscan          0.08 ms est=       200 act=       185
    all_no_brin          ext=0 eq_v4524               bitmapscan          0.12 ms est=       200 act=       260
    all_no_brin          ext=0 eq_v4997               bitmapscan          0.09 ms est=       200 act=       215
    all_no_brin          ext=0 eq_v5731               bitmapscan          0.09 ms est=       200 act=       202
    all_no_brin          ext=0 eq_v7192               bitmapscan          0.08 ms est=       200 act=       192
    all_no_brin          ext=0 eq_v8216               bitmapscan          0.08 ms est=       200 act=       197
    all_no_brin          ext=0 eq_v9793               bitmapscan          0.07 ms est=       200 act=       149
    all_no_brin          ext=0 range_1e-05            bitmapscan          0.06 ms est=       200 act=       149
    all_no_brin          ext=0 tsrange_1e-05          indexscan           0.01 ms est=        18 act=        20
    all_no_brin          ext=0 range_0.0001           bitmapscan          0.08 ms est=       200 act=       200
    all_no_brin          ext=0 tsrange_0.0001         indexscan           0.03 ms est=       218 act=       200
    all_no_brin          ext=0 range_0.001            bitmapscan          0.70 ms est=      2030 act=      2000
    all_no_brin          ext=0 tsrange_0.001          indexscan           0.16 ms est=      2164 act=      2000
    all_no_brin          ext=0 range_0.01             bitmapscan          8.46 ms est=     19453 act=     20000
    all_no_brin          ext=0 tsrange_0.01           indexscan           1.46 ms est=     21457 act=     20000
    all_no_brin          ext=0 range_0.05             bitmapscan        113.73 ms est=     98409 act=    100000
    all_no_brin          ext=0 tsrange_0.05           indexscan           8.09 ms est=    103349 act=    100000
    all_no_brin          ext=0 range_0.1              bitmapscan        122.98 ms est=    197676 act=    200000
    all_no_brin          ext=0 tsrange_0.1            indexscan          17.61 ms est=    200263 act=    200000
    all_no_brin          ext=0 range_0.2              bitmapscan        138.69 ms est=    398715 act=    400000
    all_no_brin          ext=0 tsrange_0.2            indexscan          82.72 ms est=    396705 act=    400000
    all_no_brin          ext=0 range_0.5              bitmapscan        179.83 ms est=    998863 act=   1000000
    all_no_brin          ext=0 tsrange_0.5            indexscan         235.01 ms est=    995310 act=   1000000
    all_no_brin          ext=0 conj_dep_a12           bitmapscan          0.09 ms est=       192 act=       220
    all_no_brin          ext=0 conj_indep_a12         bitmapscan          0.08 ms est=       182 act=       206
    all_no_brin          ext=0 conj_dep_a13           bitmapscan          0.06 ms est=       182 act=       194
    all_no_brin          ext=0 conj_indep_a13         bitmapscan          0.05 ms est=       196 act=       177
    all_no_brin          ext=0 conj_dep_a23           bitmapscan          0.06 ms est=       194 act=       203
    all_no_brin          ext=0 conj_indep_a23         bitmapscan          0.08 ms est=       248 act=       186
    all_no_brin          ext=0 conj_dep_a62           bitmapscan          0.06 ms est=       191 act=       181
    all_no_brin          ext=0 conj_indep_a62         bitmapscan          0.07 ms est=       203 act=       199
    all_no_brin          ext=0 conj_dep_a72           bitmapscan          0.06 ms est=       214 act=       200
    all_no_brin          ext=0 conj_indep_a72         bitmapscan          0.06 ms est=       184 act=       206
    all                  ext=1 conj_dep_a12           bitmapscan          0.09 ms est=       210 act=       220
    all                  ext=1 conj_indep_a12         bitmapscan          0.07 ms est=       200 act=       206
    all                  ext=1 conj_dep_a13           bitmapscan          0.06 ms est=       193 act=       194
    all                  ext=1 conj_indep_a13         bitmapscan          0.06 ms est=       206 act=       177
    all                  ext=1 conj_dep_a23           bitmapscan          0.06 ms est=       202 act=       203
    all                  ext=1 conj_indep_a23         bitmapscan          0.09 ms est=       169 act=       186
    all                  ext=1 conj_dep_a62           bitmapscan          0.06 ms est=       195 act=       181
    all                  ext=1 conj_indep_a62         bitmapscan          0.09 ms est=       205 act=       199
    all                  ext=1 conj_dep_a72           bitmapscan          0.06 ms est=       196 act=       200
    all                  ext=1 conj_indep_a72         bitmapscan          0.07 ms est=       198 act=       206
    none                 ext=1 conj_dep_a12           seqscan           134.92 ms est=       216 act=       220
    none                 ext=1 conj_indep_a12         seqscan           136.58 ms est=       211 act=       206
    none                 ext=1 conj_dep_a13           seqscan           138.70 ms est=       201 act=       194
    none                 ext=1 conj_indep_a13         seqscan           134.24 ms est=       218 act=       177
    none                 ext=1 conj_dep_a23           seqscan           133.47 ms est=       221 act=       203
    none                 ext=1 conj_indep_a23         seqscan           133.12 ms est=       197 act=       186
    none                 ext=1 conj_dep_a62           seqscan           132.34 ms est=       191 act=       181
    none                 ext=1 conj_indep_a62         seqscan           132.45 ms est=       196 act=       199
    none                 ext=1 conj_dep_a72           seqscan           131.91 ms est=       191 act=       200
    none                 ext=1 conj_indep_a72         seqscan           130.48 ms est=       214 act=       206
    btree_a_b_separate   ext=1 conj_dep_a12           bitmapscan          4.08 ms est=       207 act=       220
    btree_a_b_separate   ext=1 conj_indep_a12         bitmapscan          4.15 ms est=       227 act=       206
    btree_a_b_separate   ext=1 conj_dep_a13           bitmapscan          3.96 ms est=       190 act=       194
    btree_a_b_separate   ext=1 conj_indep_a13         bitmapscan          4.12 ms est=       215 act=       177
    btree_a_b_separate   ext=1 conj_dep_a23           bitmapscan          3.35 ms est=       189 act=       203
    btree_a_b_separate   ext=1 conj_indep_a23         bitmapscan          3.60 ms est=       208 act=       186
    btree_a_b_separate   ext=1 conj_dep_a62           bitmapscan          3.61 ms est=       196 act=       181
    btree_a_b_separate   ext=1 conj_indep_a62         bitmapscan          3.38 ms est=       179 act=       199
    btree_a_b_separate   ext=1 conj_dep_a72           bitmapscan          3.83 ms est=       189 act=       200
    btree_a_b_separate   ext=1 conj_indep_a72         bitmapscan          3.56 ms est=       212 act=       206
    btree_ab_composite   ext=1 conj_dep_a12           bitmapscan          0.08 ms est=       197 act=       220
    btree_ab_composite   ext=1 conj_indep_a12         bitmapscan          0.06 ms est=       209 act=       206
    btree_ab_composite   ext=1 conj_dep_a13           bitmapscan          0.07 ms est=       195 act=       194
    btree_ab_composite   ext=1 conj_indep_a13         bitmapscan          0.06 ms est=       206 act=       177
    btree_ab_composite   ext=1 conj_dep_a23           bitmapscan          0.06 ms est=       215 act=       203
    btree_ab_composite   ext=1 conj_indep_a23         bitmapscan          0.06 ms est=       199 act=       186
    btree_ab_composite   ext=1 conj_dep_a62           bitmapscan          0.06 ms est=       204 act=       181
    btree_ab_composite   ext=1 conj_indep_a62         bitmapscan          0.07 ms est=       193 act=       199
    btree_ab_composite   ext=1 conj_dep_a72           bitmapscan          0.06 ms est=       211 act=       200
    btree_ab_composite   ext=1 conj_indep_a72         bitmapscan          0.06 ms est=       228 act=       206
  218 new measurements
  dropped t_phys095, marked complete

=== dataset phys10 ===
  generated in 3.2s -> t_phys10.csv
  loaded in 2.4s
  ts correlation: designed=1.0 realised=1.0000 pg_stats=1.0
  34 queries
    none                 ext=0 eq_v1068               seqscan           145.34 ms est=       201 act=       208
    none                 ext=0 eq_v1149               seqscan           145.05 ms est=       201 act=       185
    none                 ext=0 eq_v4524               seqscan           142.44 ms est=       201 act=       260
    none                 ext=0 eq_v4997               seqscan           144.04 ms est=       201 act=       215
    none                 ext=0 eq_v5731               seqscan           144.01 ms est=       201 act=       202
    none                 ext=0 eq_v7192               seqscan           142.12 ms est=       201 act=       192
    none                 ext=0 eq_v8216               seqscan           151.78 ms est=       201 act=       197
    none                 ext=0 eq_v9793               seqscan           141.68 ms est=       201 act=       149
    none                 ext=0 range_1e-05            seqscan           139.08 ms est=       201 act=       149
    none                 ext=0 tsrange_1e-05          seqscan           165.58 ms est=         1 act=        20
    none                 ext=0 range_0.0001           seqscan           151.91 ms est=       201 act=       200
    none                 ext=0 tsrange_0.0001         seqscan           167.23 ms est=         1 act=       200
    none                 ext=0 range_0.001            seqscan           151.75 ms est=      1763 act=      2000
    none                 ext=0 tsrange_0.001          seqscan           165.35 ms est=      1803 act=      2000
    none                 ext=0 range_0.01             seqscan           150.13 ms est=     17626 act=     20000
    none                 ext=0 tsrange_0.01           seqscan           164.47 ms est=     20730 act=     20000
    none                 ext=0 range_0.05             seqscan           152.59 ms est=     95488 act=    100000
    none                 ext=0 tsrange_0.05           seqscan           167.33 ms est=     99689 act=    100000
    none                 ext=0 range_0.1              seqscan           155.70 ms est=    196290 act=    200000
    none                 ext=0 tsrange_0.1            seqscan           167.55 ms est=    201855 act=    200000
    none                 ext=0 range_0.2              seqscan           154.94 ms est=    390611 act=    400000
    none                 ext=0 tsrange_0.2            seqscan           165.47 ms est=    403280 act=    400000
    none                 ext=0 range_0.5              seqscan           165.01 ms est=    993107 act=   1000000
    none                 ext=0 tsrange_0.5            seqscan           167.61 ms est=   1003036 act=   1000000
    none                 ext=0 conj_dep_a12           seqscan           135.38 ms est=       213 act=       220
    none                 ext=0 conj_indep_a12         seqscan           131.24 ms est=       223 act=       206
    none                 ext=0 conj_dep_a13           seqscan           145.07 ms est=       185 act=       194
    none                 ext=0 conj_indep_a13         seqscan           131.40 ms est=       192 act=       177
    none                 ext=0 conj_dep_a23           seqscan           139.88 ms est=       211 act=       203
    none                 ext=0 conj_indep_a23         seqscan           129.88 ms est=       211 act=       186
    none                 ext=0 conj_dep_a62           seqscan           127.69 ms est=       208 act=       181
    none                 ext=0 conj_indep_a62         seqscan           128.53 ms est=       199 act=       199
    none                 ext=0 conj_dep_a72           seqscan           128.43 ms est=       205 act=       200
    none                 ext=0 conj_indep_a72         seqscan           127.54 ms est=       175 act=       206
    btree_skew           ext=0 eq_v1068               bitmapscan          0.07 ms est=       199 act=       208
    btree_skew           ext=0 eq_v1149               bitmapscan          0.08 ms est=       199 act=       185
    btree_skew           ext=0 eq_v4524               bitmapscan          0.10 ms est=       199 act=       260
    btree_skew           ext=0 eq_v4997               bitmapscan          0.10 ms est=       199 act=       215
    btree_skew           ext=0 eq_v5731               bitmapscan          0.09 ms est=       199 act=       202
    btree_skew           ext=0 eq_v7192               bitmapscan          0.07 ms est=       199 act=       192
    btree_skew           ext=0 eq_v8216               bitmapscan          0.08 ms est=       199 act=       197
    btree_skew           ext=0 eq_v9793               bitmapscan          0.08 ms est=       199 act=       149
    btree_skew           ext=0 range_1e-05            bitmapscan          0.06 ms est=       199 act=       149
    btree_skew           ext=0 range_0.0001           bitmapscan          0.09 ms est=       199 act=       200
    btree_skew           ext=0 range_0.001            bitmapscan          0.75 ms est=      2126 act=      2000
    btree_skew           ext=0 range_0.01             bitmapscan         10.33 ms est=     20549 act=     20000
    btree_skew           ext=0 range_0.05             bitmapscan        108.23 ms est=    100696 act=    100000
    btree_skew           ext=0 range_0.1              bitmapscan        119.19 ms est=    204971 act=    200000
    btree_skew           ext=0 range_0.2              bitmapscan        134.52 ms est=    402365 act=    400000
    btree_skew           ext=0 range_0.5              bitmapscan        174.29 ms est=   1003622 act=   1000000
    hash_skew            ext=0 eq_v1068               bitmapscan          0.07 ms est=       200 act=       208
    hash_skew            ext=0 eq_v1149               bitmapscan          0.07 ms est=       200 act=       185
    hash_skew            ext=0 eq_v4524               bitmapscan          0.11 ms est=       200 act=       260
    hash_skew            ext=0 eq_v4997               bitmapscan          0.07 ms est=       200 act=       215
    hash_skew            ext=0 eq_v5731               bitmapscan          0.07 ms est=       200 act=       202
    hash_skew            ext=0 eq_v7192               bitmapscan          0.07 ms est=       200 act=       192
    hash_skew            ext=0 eq_v8216               bitmapscan          0.08 ms est=       200 act=       197
    hash_skew            ext=0 eq_v9793               bitmapscan          0.06 ms est=       200 act=       149
    brin_skew            ext=0 eq_v1068               seqscan           121.45 ms est=       200 act=       208
    brin_skew            ext=0 eq_v1149               seqscan           124.56 ms est=       200 act=       185
    brin_skew            ext=0 eq_v4524               seqscan           124.36 ms est=       200 act=       260
    brin_skew            ext=0 eq_v4997               seqscan           122.14 ms est=       200 act=       215
    brin_skew            ext=0 eq_v5731               seqscan           122.48 ms est=       200 act=       202
    brin_skew            ext=0 eq_v7192               seqscan           119.48 ms est=       200 act=       192
    brin_skew            ext=0 eq_v8216               seqscan           120.37 ms est=       200 act=       197
    brin_skew            ext=0 eq_v9793               seqscan           119.72 ms est=       200 act=       149
    brin_skew            ext=0 range_1e-05            seqscan           120.14 ms est=       200 act=       149
    brin_skew            ext=0 range_0.0001           seqscan           132.68 ms est=       200 act=       200
    brin_skew            ext=0 range_0.001            seqscan           130.43 ms est=      2035 act=      2000
    brin_skew            ext=0 range_0.01             seqscan           131.71 ms est=     20110 act=     20000
    brin_skew            ext=0 range_0.05             seqscan           130.93 ms est=     98912 act=    100000
    brin_skew            ext=0 range_0.1              seqscan           131.62 ms est=    197834 act=    200000
    brin_skew            ext=0 range_0.2              seqscan           134.14 ms est=    400132 act=    400000
    brin_skew            ext=0 range_0.5              seqscan           144.06 ms est=    985001 act=   1000000
    btree_a_b_separate   ext=0 conj_dep_a12           bitmapscan          4.05 ms est=       184 act=       220
    btree_a_b_separate   ext=0 conj_indep_a12         bitmapscan          3.99 ms est=       182 act=       206
    btree_a_b_separate   ext=0 conj_dep_a13           bitmapscan          3.88 ms est=       184 act=       194
    btree_a_b_separate   ext=0 conj_indep_a13         bitmapscan          4.13 ms est=       190 act=       177
    btree_a_b_separate   ext=0 conj_dep_a23           bitmapscan          4.06 ms est=       218 act=       203
    btree_a_b_separate   ext=0 conj_indep_a23         bitmapscan          3.95 ms est=       222 act=       186
    btree_a_b_separate   ext=0 conj_dep_a62           bitmapscan          4.21 ms est=       182 act=       181
    btree_a_b_separate   ext=0 conj_indep_a62         bitmapscan          3.97 ms est=       184 act=       199
    btree_a_b_separate   ext=0 conj_dep_a72           bitmapscan          4.08 ms est=       192 act=       200
    btree_a_b_separate   ext=0 conj_indep_a72         bitmapscan          4.27 ms est=       216 act=       206
    btree_ab_composite   ext=0 conj_dep_a12           bitmapscan          0.09 ms est=       237 act=       220
    btree_ab_composite   ext=0 conj_indep_a12         bitmapscan          0.06 ms est=       223 act=       206
    btree_ab_composite   ext=0 conj_dep_a13           bitmapscan          0.08 ms est=       210 act=       194
    btree_ab_composite   ext=0 conj_indep_a13         bitmapscan          0.06 ms est=       205 act=       177
    btree_ab_composite   ext=0 conj_dep_a23           bitmapscan          0.07 ms est=       197 act=       203
    btree_ab_composite   ext=0 conj_indep_a23         bitmapscan          0.06 ms est=       212 act=       186
    btree_ab_composite   ext=0 conj_dep_a62           bitmapscan          0.06 ms est=       208 act=       181
    btree_ab_composite   ext=0 conj_indep_a62         bitmapscan          0.06 ms est=       220 act=       199
    btree_ab_composite   ext=0 conj_dep_a72           bitmapscan          0.06 ms est=       190 act=       200
    btree_ab_composite   ext=0 conj_indep_a72         bitmapscan          0.06 ms est=       181 act=       206
    btree_ts             ext=0 tsrange_1e-05          indexscan           0.01 ms est=        17 act=        20
    btree_ts             ext=0 tsrange_0.0001         indexscan           0.02 ms est=       200 act=       200
    btree_ts             ext=0 tsrange_0.001          indexscan           0.13 ms est=      1989 act=      2000
    btree_ts             ext=0 tsrange_0.01           indexscan           1.21 ms est=     19691 act=     20000
    btree_ts             ext=0 tsrange_0.05           indexscan           6.40 ms est=    102831 act=    100000
    btree_ts             ext=0 tsrange_0.1            indexscan          12.38 ms est=    201050 act=    200000
    btree_ts             ext=0 tsrange_0.2            indexscan          24.90 ms est=    400155 act=    400000
    btree_ts             ext=0 tsrange_0.5            indexscan          97.54 ms est=   1000599 act=   1000000
    brin_ts              ext=0 tsrange_1e-05          bitmapscan          0.60 ms est=         1 act=        20
    brin_ts              ext=0 tsrange_0.0001         bitmapscan          0.59 ms est=         1 act=       200
    brin_ts              ext=0 tsrange_0.001          bitmapscan          0.60 ms est=      1762 act=      2000
    brin_ts              ext=0 tsrange_0.01           bitmapscan          1.84 ms est=     19871 act=     20000
    brin_ts              ext=0 tsrange_0.05           bitmapscan          7.50 ms est=    102917 act=    100000
    brin_ts              ext=0 tsrange_0.1            bitmapscan         14.06 ms est=    202515 act=    200000
    brin_ts              ext=0 tsrange_0.2            bitmapscan         27.60 ms est=    401364 act=    400000
    brin_ts              ext=0 tsrange_0.5            bitmapscan         68.66 ms est=   1011302 act=   1000000
    all                  ext=0 eq_v1068               bitmapscan          0.07 ms est=       199 act=       208
    all                  ext=0 eq_v1149               bitmapscan          0.06 ms est=       199 act=       185
    all                  ext=0 eq_v4524               bitmapscan          0.11 ms est=       199 act=       260
    all                  ext=0 eq_v4997               bitmapscan          0.13 ms est=       199 act=       215
    all                  ext=0 eq_v5731               bitmapscan          0.13 ms est=       199 act=       202
    all                  ext=0 eq_v7192               bitmapscan          0.10 ms est=       199 act=       192
    all                  ext=0 eq_v8216               bitmapscan          0.09 ms est=       199 act=       197
    all                  ext=0 eq_v9793               bitmapscan          0.05 ms est=       199 act=       149
    all                  ext=0 range_1e-05            bitmapscan          0.06 ms est=       199 act=       149
    all                  ext=0 tsrange_1e-05          indexscan           0.01 ms est=        15 act=        20
    all                  ext=0 range_0.0001           bitmapscan          0.06 ms est=       199 act=       200
    all                  ext=0 tsrange_0.0001         indexscan           0.02 ms est=       181 act=       200
    all                  ext=0 range_0.001            indexscan           0.40 ms est=      1993 act=      2000
    all                  ext=0 tsrange_0.001          indexscan           0.13 ms est=      1792 act=      2000
    all                  ext=0 range_0.01             seqscan           140.09 ms est=     19537 act=     20000
    all                  ext=0 tsrange_0.01           indexscan           1.21 ms est=     17744 act=     20000
    all                  ext=0 range_0.05             seqscan           125.75 ms est=     99623 act=    100000
    all                  ext=0 tsrange_0.05           indexscan           6.27 ms est=     97988 act=    100000
    all                  ext=0 range_0.1              seqscan           121.02 ms est=    199313 act=    200000
    all                  ext=0 tsrange_0.1            indexscan          12.67 ms est=    198843 act=    200000
    all                  ext=0 range_0.2              seqscan           119.65 ms est=    399539 act=    400000
    all                  ext=0 tsrange_0.2            indexscan          25.27 ms est=    398675 act=    400000
    all                  ext=0 range_0.5              seqscan           126.72 ms est=   1006839 act=   1000000
    all                  ext=0 tsrange_0.5            bitmapscan         70.70 ms est=    994731 act=   1000000
    all                  ext=0 conj_dep_a12           bitmapscan          0.07 ms est=       213 act=       220
    all                  ext=0 conj_indep_a12         bitmapscan          0.07 ms est=       202 act=       206
    all                  ext=0 conj_dep_a13           bitmapscan          0.06 ms est=       201 act=       194
    all                  ext=0 conj_indep_a13         bitmapscan          0.06 ms est=       213 act=       177
    all                  ext=0 conj_dep_a23           bitmapscan          0.08 ms est=       194 act=       203
    all                  ext=0 conj_indep_a23         bitmapscan          0.06 ms est=       218 act=       186
    all                  ext=0 conj_dep_a62           bitmapscan          0.06 ms est=       207 act=       181
    all                  ext=0 conj_indep_a62         bitmapscan          0.06 ms est=       218 act=       199
    all                  ext=0 conj_dep_a72           bitmapscan          0.07 ms est=       187 act=       200
    all                  ext=0 conj_indep_a72         bitmapscan          0.06 ms est=       205 act=       206
    all_no_brin          ext=0 eq_v1068               bitmapscan          0.09 ms est=       200 act=       208
    all_no_brin          ext=0 eq_v1149               bitmapscan          0.06 ms est=       200 act=       185
    all_no_brin          ext=0 eq_v4524               bitmapscan          0.09 ms est=       200 act=       260
    all_no_brin          ext=0 eq_v4997               bitmapscan          0.07 ms est=       200 act=       215
    all_no_brin          ext=0 eq_v5731               bitmapscan          0.07 ms est=       200 act=       202
    all_no_brin          ext=0 eq_v7192               bitmapscan          0.10 ms est=       200 act=       192
    all_no_brin          ext=0 eq_v8216               bitmapscan          0.07 ms est=       200 act=       197
    all_no_brin          ext=0 eq_v9793               bitmapscan          0.05 ms est=       200 act=       149
    all_no_brin          ext=0 range_1e-05            bitmapscan          0.05 ms est=       200 act=       149
    all_no_brin          ext=0 tsrange_1e-05          indexscan           0.01 ms est=        17 act=        20
    all_no_brin          ext=0 range_0.0001           bitmapscan          0.06 ms est=       200 act=       200
    all_no_brin          ext=0 tsrange_0.0001         indexscan           0.02 ms est=       201 act=       200
    all_no_brin          ext=0 range_0.001            bitmapscan          0.72 ms est=      1888 act=      2000
    all_no_brin          ext=0 tsrange_0.001          indexscan           0.13 ms est=      1997 act=      2000
    all_no_brin          ext=0 range_0.01             bitmapscan         10.07 ms est=     18845 act=     20000
    all_no_brin          ext=0 tsrange_0.01           indexscan           1.24 ms est=     19768 act=     20000
    all_no_brin          ext=0 range_0.05             bitmapscan        113.53 ms est=     97374 act=    100000
    all_no_brin          ext=0 tsrange_0.05           indexscan           6.21 ms est=    104042 act=    100000
    all_no_brin          ext=0 range_0.1              bitmapscan        122.01 ms est=    201758 act=    200000
    all_no_brin          ext=0 tsrange_0.1            indexscan          13.03 ms est=    201479 act=    200000
    all_no_brin          ext=0 range_0.2              bitmapscan        138.97 ms est=    400924 act=    400000
    all_no_brin          ext=0 tsrange_0.2            indexscan          24.80 ms est=    403919 act=    400000
    all_no_brin          ext=0 range_0.5              bitmapscan        176.57 ms est=   1000584 act=   1000000
    all_no_brin          ext=0 tsrange_0.5            indexscan         121.74 ms est=   1001969 act=   1000000
    all_no_brin          ext=0 conj_dep_a12           bitmapscan          0.08 ms est=       226 act=       220
    all_no_brin          ext=0 conj_indep_a12         bitmapscan          0.06 ms est=       208 act=       206
    all_no_brin          ext=0 conj_dep_a13           bitmapscan          0.07 ms est=       205 act=       194
    all_no_brin          ext=0 conj_indep_a13         bitmapscan          0.06 ms est=       184 act=       177
    all_no_brin          ext=0 conj_dep_a23           bitmapscan          0.07 ms est=       187 act=       203
    all_no_brin          ext=0 conj_indep_a23         bitmapscan          0.07 ms est=       187 act=       186
    all_no_brin          ext=0 conj_dep_a62           bitmapscan          0.06 ms est=       202 act=       181
    all_no_brin          ext=0 conj_indep_a62         bitmapscan          0.07 ms est=       219 act=       199
    all_no_brin          ext=0 conj_dep_a72           bitmapscan          0.06 ms est=       193 act=       200
    all_no_brin          ext=0 conj_indep_a72         bitmapscan          0.08 ms est=       196 act=       206
    all                  ext=1 conj_dep_a12           bitmapscan          0.08 ms est=       197 act=       220
    all                  ext=1 conj_indep_a12         bitmapscan          0.06 ms est=       211 act=       206
    all                  ext=1 conj_dep_a13           bitmapscan          0.07 ms est=       187 act=       194
    all                  ext=1 conj_indep_a13         bitmapscan          0.07 ms est=       198 act=       177
    all                  ext=1 conj_dep_a23           bitmapscan          0.06 ms est=       176 act=       203
    all                  ext=1 conj_indep_a23         bitmapscan          0.06 ms est=       185 act=       186
    all                  ext=1 conj_dep_a62           bitmapscan          0.07 ms est=       220 act=       181
    all                  ext=1 conj_indep_a62         bitmapscan          0.06 ms est=       205 act=       199
    all                  ext=1 conj_dep_a72           bitmapscan          0.07 ms est=       209 act=       200
    all                  ext=1 conj_indep_a72         bitmapscan          0.06 ms est=       202 act=       206
    none                 ext=1 conj_dep_a12           seqscan           133.37 ms est=       225 act=       220
    none                 ext=1 conj_indep_a12         seqscan           132.15 ms est=       208 act=       206
    none                 ext=1 conj_dep_a13           seqscan           132.33 ms est=       224 act=       194
    none                 ext=1 conj_indep_a13         seqscan           130.07 ms est=       229 act=       177
    none                 ext=1 conj_dep_a23           seqscan           129.31 ms est=       229 act=       203
    none                 ext=1 conj_indep_a23         seqscan           131.50 ms est=       195 act=       186
    none                 ext=1 conj_dep_a62           seqscan           130.81 ms est=       189 act=       181
    none                 ext=1 conj_indep_a62         seqscan           129.90 ms est=       204 act=       199
    none                 ext=1 conj_dep_a72           seqscan           128.14 ms est=       213 act=       200
    none                 ext=1 conj_indep_a72         seqscan           127.72 ms est=       210 act=       206
    btree_a_b_separate   ext=1 conj_dep_a12           bitmapscan          3.52 ms est=       205 act=       220
    btree_a_b_separate   ext=1 conj_indep_a12         bitmapscan          3.58 ms est=       215 act=       206
    btree_a_b_separate   ext=1 conj_dep_a13           bitmapscan          3.69 ms est=       223 act=       194
    btree_a_b_separate   ext=1 conj_indep_a13         bitmapscan          3.42 ms est=       182 act=       177
    btree_a_b_separate   ext=1 conj_dep_a23           bitmapscan          3.37 ms est=       192 act=       203
    btree_a_b_separate   ext=1 conj_indep_a23         bitmapscan          3.42 ms est=       213 act=       186
    btree_a_b_separate   ext=1 conj_dep_a62           bitmapscan          3.40 ms est=       204 act=       181
    btree_a_b_separate   ext=1 conj_indep_a62         bitmapscan          3.56 ms est=       195 act=       199
    btree_a_b_separate   ext=1 conj_dep_a72           bitmapscan          3.53 ms est=       200 act=       200
    btree_a_b_separate   ext=1 conj_indep_a72         bitmapscan          3.49 ms est=       220 act=       206
    btree_ab_composite   ext=1 conj_dep_a12           bitmapscan          0.07 ms est=       222 act=       220
    btree_ab_composite   ext=1 conj_indep_a12         bitmapscan          0.06 ms est=       216 act=       206
    btree_ab_composite   ext=1 conj_dep_a13           bitmapscan          0.06 ms est=       211 act=       194
    btree_ab_composite   ext=1 conj_indep_a13         bitmapscan          0.06 ms est=       187 act=       177
    btree_ab_composite   ext=1 conj_dep_a23           bitmapscan          0.07 ms est=       223 act=       203
    btree_ab_composite   ext=1 conj_indep_a23         bitmapscan          0.08 ms est=       201 act=       186
    btree_ab_composite   ext=1 conj_dep_a62           bitmapscan          0.06 ms est=       197 act=       181
    btree_ab_composite   ext=1 conj_indep_a62         bitmapscan          0.06 ms est=       202 act=       199
    btree_ab_composite   ext=1 conj_dep_a72           bitmapscan          0.07 ms est=       209 act=       200
    btree_ab_composite   ext=1 conj_indep_a72         bitmapscan          0.06 ms est=       197 act=       206
  218 new measurements
  dropped t_phys10, marked complete

Done. Raw results: G:\codes\Ass\DTMS\research\results\raw\measurements_2000k.jsonl
